Microsoft (R) Macro Assembler Version 14.42.34435.0	    12/30/24 14:54:57
main.asm						     Page 1 - 1


				INCLUDE Irvine32.inc
			      C ; Include file for Irvine32.lib             (Irvine32.inc)
			      C 
			      C ;OPTION CASEMAP:NONE		; optional: make identifiers case-sensitive
			      C 
			      C INCLUDE SmallWin.inc		; MS-Windows prototypes, structures, and constants
			      C .NOLIST
			      C .LIST
			      C 
			      C INCLUDE VirtualKeys.inc
			      C ; VirtualKeys.inc
			      C .NOLIST
			      C .LIST
			      C 
			      C 
			      C .NOLIST
			      C .LIST
			      C 
				
 00000000			.data
 00000000 00000064		    floorLength DWORD 100
 00000004  00000064 [		    floor BYTE 100 DUP(0C4h)
	    C4
	   ]
 00000068 C4			    floorFix  BYTE 0C4h
				
 00000069 7C 00			    cactusTop     BYTE '|', 0    ; The top part of the cactus
 0000006B 7C 5F 7C 5F 7C	    cactusMiddle  BYTE '|', '_', '|', '_', '|', 0 ; The middle part of the cactus
	   00
 00000071 7C 00			    cactusBottom  BYTE  '|', 0    ; The bottom part of the cactus
 00000073 0050 0012		    cactus_pos    COORD <80, 18>           ; Cactus position
 00000077 00000003		    cactus_height DWORD 3                  ; Height of the cactus (3 lines)
				
 0000007B 20 20 20 20 20	    dinosaurFirstLine  BYTE '     ____', 0
	   5F 5F 5F 5F 00
 00000085 20 20 20 20 7C	    dinosaurSecondLine BYTE '    | o__| ', 0
	   20 6F 5F 5F 7C
	   20 00
 00000091 20 20 20 20 7C	    dinosaurThirdLine  BYTE '    | |_ ', 0
	   20 7C 5F 20 00
 0000009B 2F 5C 5F 5F 2F	    dinosaurFourthLine BYTE '/\__/ |- ', 0
	   20 7C 2D 20 00
 000000A5 5C 5F 5F 5F 5F	    dinosaurFifthLine  BYTE '\____/ ', 0
	   2F 20 00
 000000AD 4C 00			    dinosaurFirstLeg   BYTE 'L', 0
 000000AF 4C 00			    dinosaurSecondLeg  BYTE 'L', 0
 000000B1 2D 00			    dinosaurStep BYTE '-', 0
 000000B3 0003 000D		    dino_pos COORD <3,13> ; 起始位置
				
 000000B7 20 20 20 20 20	    dinosaurSquatFirstLine BYTE '         ____ ', 0
	   20 20 20 20 5F
	   5F 5F 5F 20 00
 000000C6 20 2F 5C 5F 5F	    dinosaurSquatSecondLine BYTE ' /\_____| o__| ', 0
	   5F 5F 5F 7C 20
	   6F 5F 5F 7C 20
	   00
 000000D6 20 5C 5F 5F 5F	    dinosaurSquatThirdLine BYTE ' \_______/ ', 0
	   5F 5F 5F 5F 2F
	   20 00
 000000E2 4C 00			    dinosaurSquatFirstLeg BYTE 'L', 0
 000000E4 4C 00			    dinosaurSquatSecondLeg BYTE 'L', 0
 000000E6 22 00			    dinosaurSquatFirstHand BYTE '"', 0
				
 000000E8 20 20 20 20 20	    title1 BYTE  '       _      _                _  _____      ', 0
	   20 20 5F 20 20
	   20 20 20 20 5F
	   20 20 20 20 20
	   20 20 20 20 20
	   20 20 20 20 20
	   20 5F 20 20 5F
	   5F 5F 5F 5F 20
	   20 20 20 20 20
	   00
 00000116 20 20 20 20 20	    title2 BYTE  '      | |    |_|   _      _   | ||  ___|     ', 0
	   20 7C 20 7C 20
	   20 20 20 7C 5F
	   7C 20 20 20 5F
	   20 20 20 20 20
	   20 5F 20 20 20
	   7C 20 7C 7C 20
	   20 5F 5F 5F 7C
	   20 20 20 20 20
	   00
 00000144 20 20 20 20 20	    title3 BYTE  '      | |     _  _| |_  _| |_ | || |___      ', 0
	   20 7C 20 7C 20
	   20 20 20 20 5F
	   20 20 5F 7C 20
	   7C 5F 20 20 5F
	   7C 20 7C 5F 20
	   7C 20 7C 7C 20
	   7C 5F 5F 5F 20
	   20 20 20 20 20
	   00
 00000172 20 20 20 20 20	    title4 BYTE  '      | |    | ||_   _||_   _|| ||  ___|     ', 0
	   20 7C 20 7C 20
	   20 20 20 7C 20
	   7C 7C 5F 20 20
	   20 5F 7C 7C 5F
	   20 20 20 5F 7C
	   7C 20 7C 7C 20
	   20 5F 5F 5F 7C
	   20 20 20 20 20
	   00
 000001A0 20 20 20 20 20	    title5 BYTE  '      | |___ | |  | |    | |  | || |___      ', 0
	   20 7C 20 7C 5F
	   5F 5F 20 7C 20
	   7C 20 20 7C 20
	   7C 20 20 20 20
	   7C 20 7C 20 20
	   7C 20 7C 7C 20
	   7C 5F 5F 5F 20
	   20 20 20 20 20
	   00
 000001CE 20 20 20 20 20	    title6 BYTE  '      |_____||_|  |_|    |_|  |_||_____|     ', 0
	   20 7C 5F 5F 5F
	   5F 5F 7C 7C 5F
	   7C 20 20 7C 5F
	   7C 20 20 20 20
	   7C 5F 7C 20 20
	   7C 5F 7C 7C 5F
	   5F 5F 5F 5F 7C
	   20 20 20 20 20
	   00
 000001FC 20 5F 5F 5F 5F	    title7 BYTE  ' _____   _                                   ', 0
	   5F 20 20 20 5F
	   20 20 20 20 20
	   20 20 20 20 20
	   20 20 20 20 20
	   20 20 20 20 20
	   20 20 20 20 20
	   20 20 20 20 20
	   20 20 20 20 20
	   00
 0000022A 7C 20 20 5F 5F	    title8 BYTE  '|  __ \ |_|                                   ', 0
	   20 5C 20 7C 5F
	   7C 20 20 20 20
	   20 20 20 20 20
	   20 20 20 20 20
	   20 20 20 20 20
	   20 20 20 20 20
	   20 20 20 20 20
	   20 20 20 20 20
	   20 00
 00000259 7C 20 7C 20 20	    title9 BYTE  '| |  | | _  _ __   ___  ___  __ _  _   _  _ _', 0
	   7C 20 7C 20 5F
	   20 20 5F 20 5F
	   5F 20 20 20 5F
	   5F 5F 20 20 5F
	   5F 5F 20 20 5F
	   5F 20 5F 20 20
	   5F 20 20 20 5F
	   20 20 5F 20 5F
	   00
 00000287 7C 20 7C 20 20	    title10 BYTE '| |  | || || |_ \ / _ \/ __|/ _` || | | || |/', 0
	   7C 20 7C 7C 20
	   7C 7C 20 7C 5F
	   20 5C 20 2F 20
	   5F 20 5C 2F 20
	   5F 5F 7C 2F 20
	   5F 60 20 7C 7C
	   20 7C 20 7C 20
	   7C 7C 20 7C 2F
	   00
 000002B5 7C 20 7C 5F 5F	    title11 BYTE '| |__| || || | | ||(_)|\__ \|(_| || | | || | ', 0
	   7C 20 7C 7C 20
	   7C 7C 20 7C 20
	   7C 20 7C 7C 28
	   5F 29 7C 5C 5F
	   5F 20 5C 7C 28
	   5F 7C 20 7C 7C
	   20 7C 20 7C 20
	   7C 7C 20 7C 20
	   00
 000002E3 7C 5F 5F 5F 5F	    title12 BYTE '|_____/ |_||_| |_|\___/|___/\__,_| \____||_| ', 0
	   5F 2F 20 7C 5F
	   7C 7C 5F 7C 20
	   7C 5F 7C 5C 5F
	   5F 5F 2F 7C 5F
	   5F 5F 2F 5C 5F
	   5F 2C 5F 7C 20
	   5C 5F 5F 5F 5F
	   7C 7C 5F 7C 20
	   00
				    
 00000311 7C 5C 00		    birdFlyUpFirstLine BYTE '|\', 0
 00000314 3C 6F 29 5F 7C	    birdFlyUpSecondLine BYTE '<o)_| \_', 0
	   20 5C 5F 00
 0000031D 5C 5F 5F 2F 00	    birdFlyUpThirdLine BYTE '\__/', 0
				
 00000322 20 20 00		    birdDeleteFirstLine BYTE '  ', 0
 00000325 3C 6F 29 5F 5F	    birdFlyDownFirstLine BYTE '<o)____', 0
	   5F 5F 00
 0000032D 5C 5F 5F 2F 20	    birdFlyDownSecondLine BYTE '\__/ ', 0
	   00
 00000333 7C 2F 00		    birdFlyDownThirdLine BYTE '|/', 0
 00000336 0032 000B		    bird_pos COORD <50, 11> ; 起始位置
 0000033A 0007			    bird_speed WORD 7 ; 鳥的速度
				
 0000033C 000A			    cactus_speed WORD 10 ;仙人掌的速度
				
 0000033E 00000000		    outputHandle DWORD 0
 00000342 00000000		    bytesWritten DWORD 0
 00000346 00000000		    count DWORD 0
 0000034A 001E 0002		    title_pos COORD <30,2>
 0000034E 0025 0000		    highscore_pos COORD <37,0>
 00000352 0039 0000		    score_pos COORD <57,0>
 00000356 002F 0002		    gameOver_pos COORD <47,2>
 0000035A 0025 0015		    intro_pos COORD <37,21>
 0000035E 002C 0004		    exit_pos COORD <44,4>
 00000362 002A 0005		    restart_pos COORD <42,5>
 00000366 002A 0013		    start_pos COORD <42,19>
 0000036A 0000 0012		    floor_pos COORD <0,18>
 0000036E 0050 0019		    xyBound COORD <80,25> ; 螢幕邊界
 00000372 00000000		    cellsWritten DWORD ?
 00000376  00000064 [		    attributes_floor WORD 100 DUP(0Fh)
	    000F
	   ]
 0000043E 0000			    velocity WORD 0  ; 速度，控制跳躍上升和下降
 00000440 0001			    gravity WORD 1   ; 重力，會讓速度每次減少 1
 00000442 00000000		    keyState DWORD 0
				
 00000446  00000064 [		    brownColor WORD 100 DUP(06h) ; 06表示棕色
	    0006
	   ]
 0000050E  00000064 [		    greenColor WORD 100 DUP(0Ah) ; 0A表示綠色
	    000A
	   ]
 000005D6  00000064 [		    redColor WORD 100 DUP(0Ch)  ; 0C表示紅色
	    000C
	   ]
 0000069E  00000064 [		    blueColor WORD 100 DUP(01h) ; 0A表示藍色
	    0001
	   ]
 00000766  00000064 [		    purpleColor WORD 100 DUP(05h) ; 05表示紫色
	    0005
	   ]
 0000082E  00000064 [		    darkBlueColor WORD 100 DUP(09h) ; 09表示深藍色
	    0009
	   ]
				
 000008F6 00000000		    score DWORD 0
 000008FA 00000000		    highscore DWORD 0
 000008FE 50 72 65 73 73	    introString BYTE "Press SPACE or UP ARROW to jump", 0
	   20 53 50 41 43
	   45 20 6F 72 20
	   55 50 20 41 52
	   52 4F 57 20 74
	   6F 20 6A 75 6D
	   70 00
 0000091E 53 63 6F 72 65	    scoreString BYTE "Score: 0000", 0
	   3A 20 30 30 30
	   30 00
 0000092A 48 69 67 68 20	    highscoreString BYTE "High Score: 0000", 0
	   53 63 6F 72 65
	   3A 20 30 30 30
	   30 00
 0000093B 47 61 6D 65 20	    gameOverMessage BYTE "Game Over!", 0
	   4F 76 65 72 21
	   00
 00000946 50 72 65 73 73	    restartMessage BYTE "Press ENTER to restart", 0
	   20 45 4E 54 45
	   52 20 74 6F 20
	   72 65 73 74 61
	   72 74 00
 0000095D 50 72 65 73 73	    startMessage BYTE "Press ENTER to start", 0
	   20 45 4E 54 45
	   52 20 74 6F 20
	   73 74 61 72 74
	   00
 00000972 45 4E 54 45 52	    enterMessage BYTE "ENTER", 0
	   00
 00000978 50 72 65 73 73	    exitMessage BYTE "Press ESC to exit", 0
	   20 45 53 43 20
	   74 6F 20 65 78
	   69 74 00
 0000098A 45 53 43 00		    escMessage BYTE "ESC", 0
 0000098E 53 50 41 43 45	    spaceMessage BYTE "SPACE", 0
	   00
 00000994 55 50 20 41 52	    upMessage BYTE "UP ARROW", 0
	   52 4F 57 00
				
 0000099D 00000000		    hConsole HANDLE ?                ; Handle to the console
 000009A1 00000000		    cursorInfo CONSOLE_CURSOR_INFO <> ; Structure to store cursor info
	   00000000
				
 = start@0			main EQU start@0
				
 00000000			.code
				    SetConsoleOutputCP PROTO STDCALL :DWORD
				    GetAsyncKeyState PROTO STDCALL :DWORD
				    Sleep PROTO STDCALL :DWORD  ; 延遲函數
				
 00000000			main PROC
				    INVOKE SetConsoleOutputCP, 437
				
				    ; 取得控制台的輸出控制
				    INVOKE GetStdHandle, STD_OUTPUT_HANDLE
 00000011  A3 0000033E R	    mov outputHandle, eax
				
				    ; 畫出初始背景
 00000016  E8 000004AD		    call DrawTitle
 0000001B  E8 00001303		    call DrawIntro
 00000020  E8 000013C5		    call DrawStartMessage
 00000025  E8 00000449		    call WaitForStart
				    ; 主迴圈
 0000002A			mainLoop:
				    ; 加入延遲，避免移動速度過快
				    INVOKE Sleep, 25  ; 延遲 75 毫秒
 00000031  FF 05 000008F6 R	    inc score
 00000037  E8 00001706		    call FormatScore
				    ;減回畫方塊所位移的2格
 0000003C  66| 83 2D		    sub dino_pos.y, 5
	   000000B5 R 05
 00000044  66| 83 2D		    sub dino_pos.x, 4
	   000000B3 R 04
 0000004C  E8 00001598		    call DrawStandLeftStepBackground
				    INVOKE Sleep, 50
 00000058  66| 83 2D		    sub dino_pos.x, 4
	   000000B3 R 04
 00000060  66| 83 2D		    sub dino_pos.y, 5
	   000000B5 R 05
 00000068  E8 000015A5		    call DrawStandRightStepBackground
 0000006D  E8 00000018		    call CheckJumpKey
 00000072  B8 00000000		    mov eax, 0
				    ; 檢查是否碰撞到仙人掌
 00000077  E8 0000017F		    call CheckCollision
 0000007C  83 F8 01		    cmp eax, 1
 0000007F  74 02		    je GameOver ; 如果碰撞到仙人掌，則遊戲結束
				    ; 如果沒有檢測到任何按鍵，則重新回到主迴圈
 00000081  EB A7		    jmp mainLoop
				
 00000083			Gameover:
 00000083  E8 00000281		    call GameOverMsg
 00000088  EB A0		    jmp mainLoop
				
				; **檢測上鍵和空白鍵的跳躍**
 0000008A			CheckJumpKey PROC
				    ; 檢測上鍵 (VK_UP)
				    INVOKE GetAsyncKeyState, VK_UP
 00000091  A9 00008000		    test eax, 8000h
 00000096  75 1D		    jnz DoJump  ; 如果按下上鍵，執行跳躍
				
				    ; 檢測空白鍵 (VK_SPACE)
				    INVOKE GetAsyncKeyState, VK_SPACE
 0000009F  A9 00008000		    test eax, 8000h
 000000A4  75 0F		    jnz DoJump  ; 如果按下空白鍵，執行跳躍
				
				    ;check down key
				    INVOKE GetAsyncKeyState, VK_DOWN
 000000AD  A9 00008000		    test eax, 8000h
 000000B2  75 0C		    jnz DoSquat  ; 如果按下下鍵，執行蹲下
 000000B4  C3			    ret
				
 000000B5			DoJump:
 000000B5  E8 0000000C		    call Jump
 000000BA  E8 00001675		    call WaitForRelease ; 等待按鍵釋放，避免重複跳躍
 000000BF  C3			    ret
				
 000000C0			DoSquat:
 000000C0  E8 000000C6		    call Squat
 000000C5  C3			    ret
 000000C6			CheckJumpKey ENDP
				
				; **跳躍的動作 (獨立出一個子程式)**
				; **跳躍的動作，加入重力效果**
 000000C6			Jump PROC
				    ; 設定初始速度
 000000C6  66| C7 05		    mov velocity, 14
	   0000043E R
	   000E
 000000CF  66| C7 05		    mov gravity, 4  ; 重力，每次更新速度時會減少
	   00000440 R
	   0004
				
 000000D8			JumpLoop:
				    ; 檢查下鍵是否被按下
				    INVOKE GetAsyncKeyState, VK_DOWN
 000000DF  A9 00008000		    test eax, 8000h
 000000E4  74 09		    jz NormalDescent  ; 如果沒有按下下鍵，使用正常重力
				    
				    ; 如果按下下鍵，加快下降速度
 000000E6  66| C7 05		    mov gravity, 10    ; 增加重力值使下降更快
	   00000440 R
	   000A
				    
 000000EF			NormalDescent:
				    ; 計算下一個位置
 000000EF  66| A1		    mov ax, velocity
	   0000043E R
 000000F5  66| 8B 1D		    mov bx, dino_pos.y
	   000000B5 R
 000000FC  66| 8B CB		    mov cx, bx        ; 保存當前位置
 000000FF  66| 2B D8		    sub bx, ax       ; 計算新的位置
				    
				    ; 檢查是否會超過地面(14)
 00000102  66| 83 FB 0E		    cmp bx, 14
 00000106  7F 45		    jg LandOnGround   ; 如果新位置會超過地面，直接著陸
				    
				    ; 如果不會超過地面，更新位置
 00000108  66| 89 1D		    mov dino_pos.y, bx
	   000000B5 R
 0000010F  66| 83 2D		    sub dino_pos.x, 4
	   000000B3 R 04
				    
				    ; 增加分數並立即更新顯示
 00000117  FF 05 000008F6 R	    inc score
 0000011D  E8 00001620		    call FormatScore
				  
				    ; 繪製更新後的背景
 00000122  E8 00001499		    call DrawBackground
				    
				    ; 模擬重力效果，速度會逐漸減少
 00000127  66| A1		    mov ax, velocity
	   0000043E R
 0000012D  66| 2B 05		    sub ax, gravity
	   00000440 R
 00000134  66| A3		    mov velocity, ax
	   0000043E R
				    
				    ; 檢查是否已經到達地面
 0000013A  66| 83 3D		    cmp dino_pos.y, 18
	   000000B5 R 12
 00000142  7D 14		    jge CheckForSquat
				    
				    ; 增加適當的延遲以控制動畫速度
				    INVOKE Sleep, 50
				    
 0000014B  EB 8B		    jmp JumpLoop
				
 0000014D			LandOnGround:
				    ; 直接設定到地面位置
 0000014D  66| C7 05		    mov dino_pos.y, 18
	   000000B5 R
	   0012
 00000156  EB 00		    jmp CheckForSquat
				
 00000158			CheckForSquat:
				    ; 檢查下鍵是否仍被按著
				    INVOKE GetAsyncKeyState, VK_DOWN
 0000015F  A9 00008000		    test eax, 8000h
 00000164  75 16		    jnz GoToSquat     ; 如果下鍵仍被按著，執行蹲下動作
				    
				    ; 如果沒有按下鍵，恢復正常站立姿勢
 00000166  66| 83 2D		    sub dino_pos.x, 4
	   000000B3 R 04
 0000016E  66| 83 2D		    sub dino_pos.y, 5
	   000000B5 R 05
 00000176  E8 00001445		    call DrawBackground
 0000017B  C3			    ret
				
 0000017C			GoToSquat:
				    ; 重置重力值為正常值
 0000017C  66| C7 05		    mov gravity, 5
	   00000440 R
	   0005
				    ; 直接跳轉到蹲下程序
 00000185  E8 00000001		    call Squat
 0000018A  C3			    ret
 0000018B			Jump ENDP
				
 0000018B			Squat PROC
				    ; 進入蹲下循環
 0000018B			SquatLoop:
				    ; 檢查下鍵是否仍然被按著
				    INVOKE GetAsyncKeyState, VK_DOWN
 00000192  A9 00008000		    test eax, 8000h
 00000197  74 4C		    jz RestoreNormalStance  ; 如果放開按鍵，恢復正常姿勢
				
				    ;INVOKE GetAsyncKeyState, VK_UP
				    ;test eax, 8000h
				    ;jnz jump
				
				    ; 如果仍在按著，繼續蹲下狀態
 00000199  66| 83 2D		    sub dino_pos.x, 7
	   000000B3 R 07
 000001A1  66| 83 2D		    sub dino_pos.y, 3
	   000000B5 R 03
 000001A9  E8 0000148D		    call DrawSquatFirstStepBackground
				    INVOKE Sleep, 50
 000001B5  66| 83 2D		    sub dino_pos.x, 7
	   000000B3 R 07
 000001BD  66| 83 2D		    sub dino_pos.y, 3
	   000000B5 R 03
 000001C5  E8 0000149A		    call DrawSquatSecondStepBackground
				    
				    ; 增加分數
 000001CA  FF 05 000008F6 R	    inc score
 000001D0  E8 0000156D		    call FormatScore
				    
				    ; 檢查碰撞
 000001D5  E8 00000021		    call CheckCollision
 000001DA  83 F8 01		    cmp eax, 1
 000001DD  0F 84 00000126	    je GameOverMsg
				    
				    ; 繼續循環
 000001E3  EB A6		    jmp SquatLoop
				
 000001E5			RestoreNormalStance:
				    ; 恢復正常姿勢
 000001E5  66| 83 2D		    sub dino_pos.x, 4
	   000000B3 R 04
 000001ED  66| 83 2D		    sub dino_pos.y, 5
	   000000B5 R 05
 000001F5  E8 000013C6		    call DrawBackground
 000001FA  C3			    ret
 000001FB			Squat ENDP
				    
 000001FB			CheckCollision PROC
				    ; 檢查是否碰撞到仙人掌
 000001FB  66| A1		    mov ax, cactus_pos.x          ; Get the cactus's x position
	   00000073 R
 00000201  66| 8B 0D		    mov cx, dino_pos.x            ; Get the dinosaur's x position
	   000000B3 R
 00000208  66| 83 C1 03		    add cx, 3                     ; Add 3 to the cactus's x position to account for its width
 0000020C  66| 2B C1		    sub ax, cx                    ; Calculate the horizontal distance between cactus and dinosaur
 0000020F  66| 83 F8 03		    cmp ax, 3                     ; If the difference is 3 or more, no collision
 00000213  7D 18		    jge DetBirdCollision          ; Jump to DetBirdCollision if no collision on x-axis
				
 00000215  66| A1		    mov ax, cactus_pos.y          ; Get the cactus's y position
	   00000075 R
 0000021B  66| 8B 0D		    mov cx, dino_pos.y            ; Get the dinosaur's y position
	   000000B5 R
 00000222  66| 2B C1		    sub ax, cx                    ; Calculate the vertical distance between cactus and dinosaur
 00000225  66| 83 F8 03		    cmp ax, 3                     ; If the difference is 3 or more, no collision
 00000229  7D 02		    jge DetBirdCollision          ; Jump to DetBirdCollision if no collision on y-axis
 0000022B  EB 21		    jmp CollisionDetected         ; Jump to CollisionDetected if collision detected
				
 0000022D			    DetBirdCollision:
				    ; 檢查與鳥的水平距離是否超出碰撞範圍
				    ;mov ax, bird_pos.x
				    ;mov cx, dino_pos.x
				    ;add cx, 5                     ; 考慮鳥的寬度
				    ;sub ax, cx                    ; 計算水平距離
				    ;cmp ax, 3
				    ;jge NoCollision               ; 如果水平距離大於等於 3，跳過垂直檢查
				
				    ; 檢查與鳥的垂直距離是否超出碰撞範圍
 0000022D  66| A1		    mov ax, bird_pos.y
	   00000338 R
 00000233  66| 8B 0D		    mov cx, dino_pos.y
	   000000B5 R
 0000023A  66| 83 C1 05		    add cx, 5                     ; 考慮鳥的高度
 0000023E  66| 2B C1		    sub ax, cx                    ; 計算垂直距離
 00000241  E8 0000003C		    call abs                      ; 取絕對值
 00000246  66| 83 F8 03		    cmp ax, 3
 0000024A  7D 30		    jge NoCollision               ; 如果垂直距離大於等於 3，跳到無碰撞
				
				    ; 如果水平和垂直距離都符合碰撞條件
 0000024C  EB 00		    jmp CollisionDetected         ; 跳到碰撞處理
				
 0000024E			    CollisionDetected:
				        ; 如果發生碰撞，檢查分數是否高於 highScore
 0000024E  A1 000008F6 R	        mov eax, score                 ; Load current score into eax
 00000253  8B 1D 000008FA R	        mov ebx, highscore             ; Load high score into ebx
 00000259  3B C3		        cmp eax, ebx                   ; Compare current score with high score
 0000025B  7E 19		        jle NoUpdateHighScore         ; Jump if current score is not greater than high score
				
				        ; 更新 high score
 0000025D  A3 000008FA R	        mov highscore, eax             ; Update high score
				
				        ; 呼叫 FormatHighScore 來顯示更新後的 high score
 00000262  E8 00001501		        call FormatHighScore
 00000267  E8 00001319		        call DrawHighScore
 0000026C  E8 000014D1		        call FormatScore
 00000271  E8 000012D4		        call DrawScore
				
 00000276			    NoUpdateHighScore:
				        ; 如果發生碰撞，返回 1，表示遊戲結束
 00000276  B8 00000001		        mov eax, 1                    ; Set eax to 1 indicating collision happened
 0000027B  C3			        ret
				
 0000027C			    NoCollision:
				        ; 如果沒有碰撞，返回 0
 0000027C  B8 00000000		        mov eax, 0                    ; Set eax to 0 indicating no collision
 00000281  C3			        ret
 00000282			CheckCollision ENDP
				
 00000282			abs PROC
 00000282  66| 83 F8 00		    cmp ax, 0
 00000286  7D 03		    jge NoNeg
 00000288  66| F7 D8		    neg ax
 0000028B			    NoNeg:
 0000028B  C3			        ret
 0000028C			abs ENDP
				
				
				; **重置遊戲變數，讓遊戲重新開始**
 0000028C			RestartGame PROC
				    ; 重置分數
 0000028C  C7 05 000008F6 R	    mov score, 0
	   00000000
 00000296  C6 05 00000925 R	    mov BYTE PTR [scoreString + 7], '0'
	   30
 0000029D  C6 05 00000926 R	    mov BYTE PTR [scoreString + 8], '0'
	   30
 000002A4  C6 05 00000927 R	    mov BYTE PTR [scoreString + 9], '0'
	   30
 000002AB  C6 05 00000928 R	    mov BYTE PTR [scoreString + 10], '0'
	   30
				    ; 重置恐龍的位置
 000002B2  66| C7 05		    mov dino_pos.x, 3     ; 起始位置 X
	   000000B3 R
	   0003
 000002BB  66| C7 05		    mov dino_pos.y, 13    ; 恐龍位置 Y（在地面上）
	   000000B5 R
	   000D
				
				    ; 重置仙人掌的位置
 000002C4  66| C7 05		    mov cactus_pos.x, 80    ; 仙人掌在螢幕右邊
	   00000073 R
	   0050
 000002CD  66| C7 05		    mov cactus_pos.y, 18    ; 仙人掌的地面高度
	   00000075 R
	   0012
				
 000002D6  66| C7 05		    mov bird_pos.x, 50
	   00000336 R
	   0032
 000002DF  66| C7 05		    mov bird_pos.y, 11
	   00000338 R
	   000B
				
				    ; 重置其他遊戲變數
 000002E8  66| C7 05		    mov velocity, 6         ; 停止恐龍的跳躍速度
	   0000043E R
	   0006
 000002F1  66| C7 05		    mov gravity, 2          ; 重力重置
	   00000440 R
	   0002
 000002FA  66| C7 05		    mov cactus_speed, 5     ; 仙人掌的速度
	   0000033C R
	   0005
				    
				    ; 重新繪製畫面
 00000303  E8 000012B8		    call DrawBackground
 00000308  C3			    ret
 00000309			RestartGame ENDP
				
				; **遊戲結束**
 00000309			GameOverMsg PROC
				    ; 顯示 "Game Over!" 訊息
				    INVOKE WriteConsoleOutputAttribute, outputHandle, ADDR redColor, 10, gameOver_pos, ADDR cellsWritten
				    INVOKE WriteConsoleOutputCharacter, outputHandle, ADDR gameOverMessage, 10, gameOver_pos, ADDR cellsWritten
				    
				    ; 顯示 "Press Enter to restart" 和 "Press Esc to exit" 訊息
				    INVOKE WriteConsoleOutputAttribute, outputHandle, ADDR attributes_floor, 17, exit_pos, ADDR cellsWritten
				    INVOKE WriteConsoleOutputCharacter, outputHandle, ADDR exitMessage, 17, exit_pos, ADDR cellsWritten
 0000037D  66| 83 05		    add exit_pos.x, 6
	   0000035E R 06
				    INVOKE WriteConsoleOutputAttribute, outputHandle, ADDR blueColor, 3, exit_pos , ADDR cellsWritten
				    INVOKE WriteConsoleOutputCharacter, outputHandle, ADDR escMessage, 3, exit_pos , ADDR cellsWritten
 000003BF  66| 83 2D		    sub exit_pos.x, 6
	   0000035E R 06
				
				    INVOKE WriteConsoleOutputAttribute, outputHandle, ADDR attributes_floor, 23, restart_pos, ADDR cellsWritten
				    INVOKE WriteConsoleOutputCharacter, outputHandle, ADDR restartMessage, 23, restart_pos, ADDR cellsWritten
 00000401  66| 83 05		    add restart_pos.x, 6
	   00000362 R 06
				    INVOKE WriteConsoleOutputAttribute, outputHandle, ADDR blueColor, 5, restart_pos , ADDR cellsWritten
				    INVOKE WriteConsoleOutputCharacter, outputHandle, ADDR enterMessage, 5, restart_pos , ADDR cellsWritten
 00000443  66| 83 2D		    sub restart_pos.x, 6
	   00000362 R 06
				    
				    ; 等待玩家按下 Enter 或 Esc 鍵
 0000044B  E8 00000001		    call WaitForEnter
 00000450  C3			    ret
 00000451			GameOverMsg ENDP
				
 00000451			WaitForEnter PROC
				    ; 檢測是否按下 Enter 或 Esc 鍵
 00000451			WaitLoop:
				    INVOKE GetAsyncKeyState, VK_RETURN
 00000458  A9 00008000		    test eax, 8000h        ; 檢查是否按下 Enter 鍵
 0000045D  0F 85 FFFFFE29	    jnz RestartGame        ; 如果按下 Enter，重啟遊戲
				
				    INVOKE GetAsyncKeyState, VK_ESCAPE
 0000046A  A9 00008000		    test eax, 8000h        ; 檢查是否按下 Esc 鍵
 0000046F  75 16		    jnz ExitGame           ; 如果按下 Esc，退出遊戲
				
 00000471  EB DE		    jmp WaitLoop           ; 如果沒有按下任何鍵，繼續等待
 00000473			WaitForEnter ENDP
				
 00000473			WaitForStart PROC
				    ; 檢測是否按下 Enter鍵
 00000473			WaitForStartLoop:
				    INVOKE GetAsyncKeyState, VK_RETURN
 0000047A  A9 00008000		    test eax, 8000h        ; 檢查是否按下 Enter 鍵
 0000047F  0F 85 FFFFFE07	    jnz RestartGame          ; 如果按下 Enter，開始遊戲
 00000485  EB EC		    jmp WaitForStartLoop   ; 如果沒有按下任何鍵，繼續等待
 00000487			WaitForStart ENDP
				
				; **結束遊戲**
 00000487			ExitGame PROC
				    ; 顯示退出訊息
				    INVOKE WriteConsoleOutputAttribute, outputHandle, ADDR attributes_floor, 40, exit_pos, ADDR cellsWritten
				    INVOKE WriteConsoleOutputCharacter, outputHandle, ADDR exitMessage, 23, exit_pos, ADDR cellsWritten
				    ; 結束程式
				    INVOKE ExitProcess, 0
 000004C8			ExitGame ENDP
				
 000004C8			DrawTitle PROC
				    INVOKE WriteConsoleOutputAttribute, outputHandle, ADDR brownColor, 100, title_pos, ADDR cellsWritten
				    INVOKE WriteConsoleOutputCharacter, outputHandle, ADDR title1, 45, title_pos, ADDR cellsWritten
 00000502  66| FF 05		    inc title_pos.y
	   0000034C R
				    INVOKE sleep, 150
				    INVOKE WriteConsoleOutputAttribute, outputHandle, ADDR brownColor, 100, title_pos, ADDR cellsWritten
				    INVOKE WriteConsoleOutputCharacter, outputHandle, ADDR title2, 45, title_pos, ADDR cellsWritten
 0000054D  66| FF 05		    inc title_pos.y
	   0000034C R
				    INVOKE sleep, 150
				    INVOKE WriteConsoleOutputAttribute, outputHandle, ADDR brownColor, 100, title_pos, ADDR cellsWritten
				    INVOKE WriteConsoleOutputCharacter, outputHandle, ADDR title3, 45, title_pos, ADDR cellsWritten
 00000598  66| FF 05		    inc title_pos.y
	   0000034C R
				    INVOKE sleep, 150
				    INVOKE WriteConsoleOutputAttribute, outputHandle, ADDR brownColor, 100, title_pos, ADDR cellsWritten
				    INVOKE WriteConsoleOutputCharacter, outputHandle, ADDR title4, 45, title_pos, ADDR cellsWritten
 000005E3  66| FF 05		    inc title_pos.y
	   0000034C R
				    INVOKE sleep, 150
				    INVOKE WriteConsoleOutputAttribute, outputHandle, ADDR brownColor, 100, title_pos, ADDR cellsWritten
				    INVOKE WriteConsoleOutputCharacter, outputHandle, ADDR title5, 45, title_pos, ADDR cellsWritten
 0000062E  66| FF 05		    inc title_pos.y
	   0000034C R
				    INVOKE sleep, 150
				    INVOKE WriteConsoleOutputAttribute, outputHandle, ADDR brownColor, 100, title_pos, ADDR cellsWritten
				    INVOKE WriteConsoleOutputCharacter, outputHandle, ADDR title6, 45, title_pos, ADDR cellsWritten
 00000679  66| FF 05		    inc title_pos.y
	   0000034C R
				    INVOKE sleep, 150
				    INVOKE WriteConsoleOutputAttribute, outputHandle, ADDR brownColor, 100, title_pos, ADDR cellsWritten
				    INVOKE WriteConsoleOutputCharacter, outputHandle, ADDR title7, 45, title_pos, ADDR cellsWritten
 000006C4  66| FF 05		    inc title_pos.y
	   0000034C R
				    INVOKE sleep, 150
				    INVOKE WriteConsoleOutputAttribute, outputHandle, ADDR brownColor, 100, title_pos, ADDR cellsWritten
				    INVOKE WriteConsoleOutputCharacter, outputHandle, ADDR title8, 45, title_pos, ADDR cellsWritten
 0000070F  66| FF 05		    inc title_pos.y
	   0000034C R
				    INVOKE sleep, 150
				    INVOKE WriteConsoleOutputAttribute, outputHandle, ADDR brownColor, 100, title_pos, ADDR cellsWritten
				    INVOKE WriteConsoleOutputCharacter, outputHandle, ADDR title9, 45, title_pos, ADDR cellsWritten
 0000075A  66| FF 05		    inc title_pos.y
	   0000034C R
				    INVOKE sleep, 150
				    INVOKE WriteConsoleOutputAttribute, outputHandle, ADDR brownColor, 100, title_pos, ADDR cellsWritten
				    INVOKE WriteConsoleOutputCharacter, outputHandle, ADDR title10, 45, title_pos, ADDR cellsWritten
 000007A5  66| FF 05		    inc title_pos.y
	   0000034C R
				    INVOKE sleep, 150
				    INVOKE WriteConsoleOutputAttribute, outputHandle, ADDR brownColor, 100, title_pos, ADDR cellsWritten
				    INVOKE WriteConsoleOutputCharacter, outputHandle, ADDR title11, 45, title_pos, ADDR cellsWritten
 000007F0  66| FF 05		    inc title_pos.y
	   0000034C R
				    INVOKE sleep, 150
				    INVOKE WriteConsoleOutputAttribute, outputHandle, ADDR brownColor, 100, title_pos, ADDR cellsWritten
				    INVOKE WriteConsoleOutputCharacter, outputHandle, ADDR title12, 45, title_pos, ADDR cellsWritten
				    INVOKE sleep, 150
 00000845  C3			    ret
 00000846			DrawTitle ENDP
				
 00000846			DrawFloor PROC
				    INVOKE WriteConsoleOutputAttribute, outputHandle, ADDR attributes_floor, floorLength, floor_pos, ADDR cellsWritten
				    INVOKE WriteConsoleOutputCharacter, outputHandle, ADDR floor, floorLength, floor_pos, ADDR cellsWritten
 00000888  C3			    ret
 00000889			DrawFloor ENDP
				
 00000889			DrawDinosaur PROC
 00000889  E8 FFFFFFB8		    call DrawFloor
				    ; Draw the dinosaur at its current position 
				    INVOKE WriteConsoleOutputAttribute, outputHandle, ADDR brownColor, 11, dino_pos, ADDR cellsWritten
				    INVOKE WriteConsoleOutputCharacter, outputHandle, ADDR dinosaurFirstLine, 11, dino_pos, ADDR cellsWritten
 000008C8  66| FF 05		    inc dino_pos.y
	   000000B5 R
				    INVOKE WriteConsoleOutputAttribute, outputHandle, ADDR brownColor, 11, dino_pos, ADDR cellsWritten
				    INVOKE WriteConsoleOutputCharacter, outputHandle, ADDR dinosaurSecondLine, 11, dino_pos, ADDR cellsWritten
 00000909  66| FF 05		    inc dino_pos.y
	   000000B5 R
				    INVOKE WriteConsoleOutputAttribute, outputHandle, ADDR brownColor, 8, dino_pos, ADDR cellsWritten
				    INVOKE WriteConsoleOutputCharacter, outputHandle, ADDR dinosaurThirdLine, 8, dino_pos, ADDR cellsWritten
 0000094A  66| FF 05		    inc dino_pos.y
	   000000B5 R
				    INVOKE WriteConsoleOutputAttribute, outputHandle, ADDR brownColor, 10, dino_pos, ADDR cellsWritten
				    INVOKE WriteConsoleOutputCharacter, outputHandle, ADDR dinosaurFourthLine, 10, dino_pos, ADDR cellsWritten
 0000098B  66| FF 05		    inc dino_pos.y
	   000000B5 R
				    INVOKE WriteConsoleOutputAttribute, outputHandle, ADDR brownColor, 8, dino_pos, ADDR cellsWritten
				    INVOKE WriteConsoleOutputCharacter, outputHandle, ADDR dinosaurFifthLine, 8, dino_pos, ADDR cellsWritten
 000009CC  66| FF 05		    inc dino_pos.y
	   000000B5 R
 000009D3  66| 83 05		    add dino_pos.x, 2
	   000000B3 R 02
				    INVOKE WriteConsoleOutputAttribute, outputHandle, ADDR brownColor, 1, dino_pos, ADDR cellsWritten
				    INVOKE WriteConsoleOutputCharacter, outputHandle, ADDR dinosaurFirstLeg, 1, dino_pos, ADDR cellsWritten
 00000A15  66| 83 05		    add dino_pos.x, 2
	   000000B3 R 02
				    INVOKE WriteConsoleOutputAttribute, outputHandle, ADDR brownColor, 1, dino_pos, ADDR cellsWritten
				    INVOKE WriteConsoleOutputCharacter, outputHandle, ADDR dinosaurSecondLeg, 1, dino_pos, ADDR cellsWritten
 00000A57  C3			    ret
 00000A58			DrawDinosaur ENDP
				
 00000A58			DrawDinosaurStandLeftStep PROC
 00000A58  E8 FFFFFDE9		    call DrawFloor
				    ; Draw the dinosaur at its current position 
				    INVOKE WriteConsoleOutputAttribute, outputHandle, ADDR brownColor, 11, dino_pos, ADDR cellsWritten
				    INVOKE WriteConsoleOutputCharacter, outputHandle, ADDR dinosaurFirstLine, 11, dino_pos, ADDR cellsWritten
 00000A97  66| FF 05		    inc dino_pos.y
	   000000B5 R
				    INVOKE WriteConsoleOutputAttribute, outputHandle, ADDR brownColor, 11, dino_pos, ADDR cellsWritten
				    INVOKE WriteConsoleOutputCharacter, outputHandle, ADDR dinosaurSecondLine, 11, dino_pos, ADDR cellsWritten
 00000AD8  66| FF 05		    inc dino_pos.y
	   000000B5 R
				    INVOKE WriteConsoleOutputAttribute, outputHandle, ADDR brownColor, 8, dino_pos, ADDR cellsWritten
				    INVOKE WriteConsoleOutputCharacter, outputHandle, ADDR dinosaurThirdLine, 8, dino_pos, ADDR cellsWritten
 00000B19  66| FF 05		    inc dino_pos.y
	   000000B5 R
				    INVOKE WriteConsoleOutputAttribute, outputHandle, ADDR brownColor, 10, dino_pos, ADDR cellsWritten
				    INVOKE WriteConsoleOutputCharacter, outputHandle, ADDR dinosaurFourthLine, 10, dino_pos, ADDR cellsWritten
 00000B5A  66| FF 05		    inc dino_pos.y
	   000000B5 R
				    INVOKE WriteConsoleOutputAttribute, outputHandle, ADDR brownColor, 8, dino_pos, ADDR cellsWritten
				    INVOKE WriteConsoleOutputCharacter, outputHandle, ADDR dinosaurFifthLine, 8, dino_pos, ADDR cellsWritten
 00000B9B  66| FF 05		    inc dino_pos.y
	   000000B5 R
 00000BA2  66| 83 05		    add dino_pos.x, 2
	   000000B3 R 02
				    INVOKE WriteConsoleOutputAttribute, outputHandle, ADDR brownColor, 1, dino_pos, ADDR cellsWritten
				    INVOKE WriteConsoleOutputCharacter, outputHandle, ADDR dinosaurFirstLeg, 1, dino_pos, ADDR cellsWritten
 00000BE4  66| 83 05		    add dino_pos.x, 2
	   000000B3 R 02
				    INVOKE WriteConsoleOutputAttribute, outputHandle, ADDR brownColor, 1, dino_pos, ADDR cellsWritten
				    INVOKE WriteConsoleOutputCharacter, outputHandle, ADDR dinosaurStep, 1, dino_pos, ADDR cellsWritten
 00000C26  C3			    ret
 00000C27			DrawDinosaurStandLeftStep ENDP
				
 00000C27			DrawDinosaurStandRightStep PROC
 00000C27  E8 FFFFFC1A		    call DrawFloor
				    ; Draw the dinosaur at its current position 
				    INVOKE WriteConsoleOutputAttribute, outputHandle, ADDR brownColor, 11, dino_pos, ADDR cellsWritten
				    INVOKE WriteConsoleOutputCharacter, outputHandle, ADDR dinosaurFirstLine, 11, dino_pos, ADDR cellsWritten
 00000C66  66| FF 05		    inc dino_pos.y
	   000000B5 R
				    INVOKE WriteConsoleOutputAttribute, outputHandle, ADDR brownColor, 11, dino_pos, ADDR cellsWritten
				    INVOKE WriteConsoleOutputCharacter, outputHandle, ADDR dinosaurSecondLine, 11, dino_pos, ADDR cellsWritten
 00000CA7  66| FF 05		    inc dino_pos.y
	   000000B5 R
				    INVOKE WriteConsoleOutputAttribute, outputHandle, ADDR brownColor, 8, dino_pos, ADDR cellsWritten
				    INVOKE WriteConsoleOutputCharacter, outputHandle, ADDR dinosaurThirdLine, 8, dino_pos, ADDR cellsWritten
 00000CE8  66| FF 05		    inc dino_pos.y
	   000000B5 R
				    INVOKE WriteConsoleOutputAttribute, outputHandle, ADDR brownColor, 10, dino_pos, ADDR cellsWritten
				    INVOKE WriteConsoleOutputCharacter, outputHandle, ADDR dinosaurFourthLine, 10, dino_pos, ADDR cellsWritten
 00000D29  66| FF 05		    inc dino_pos.y
	   000000B5 R
				    INVOKE WriteConsoleOutputAttribute, outputHandle, ADDR brownColor, 8, dino_pos, ADDR cellsWritten
				    INVOKE WriteConsoleOutputCharacter, outputHandle, ADDR dinosaurFifthLine, 8, dino_pos, ADDR cellsWritten
 00000D6A  66| FF 05		    inc dino_pos.y
	   000000B5 R
 00000D71  66| 83 05		    add dino_pos.x, 2
	   000000B3 R 02
				    INVOKE WriteConsoleOutputAttribute, outputHandle, ADDR brownColor, 1, dino_pos, ADDR cellsWritten
				    INVOKE WriteConsoleOutputCharacter, outputHandle, ADDR dinosaurStep, 1, dino_pos, ADDR cellsWritten
 00000DB3  66| 83 05		    add dino_pos.x, 2
	   000000B3 R 02
				    INVOKE WriteConsoleOutputAttribute, outputHandle, ADDR brownColor, 1, dino_pos, ADDR cellsWritten
				    INVOKE WriteConsoleOutputCharacter, outputHandle, ADDR dinosaurSecondLeg, 1, dino_pos, ADDR cellsWritten
 00000DF5  C3			    ret
 00000DF6			DrawDinosaurStandRightStep ENDP
				
 00000DF6			DrawSquatFirstStep PROC
 00000DF6  E8 FFFFFA4B		    call DrawFloor
				    ; Draw the dinosaur at its current position 
				    INVOKE WriteConsoleOutputAttribute, outputHandle, ADDR brownColor, 15, dino_pos, ADDR cellsWritten
				    INVOKE WriteConsoleOutputCharacter, outputHandle, ADDR dinosaurSquatFirstLine, 15, dino_pos, ADDR cellsWritten
 00000E35  66| FF 05		    inc dino_pos.y
	   000000B5 R
				    INVOKE WriteConsoleOutputAttribute, outputHandle, ADDR brownColor, 17, dino_pos, ADDR cellsWritten
				    INVOKE WriteConsoleOutputCharacter, outputHandle, ADDR dinosaurSquatSecondLine, 17, dino_pos, ADDR cellsWritten
 00000E76  66| FF 05		    inc dino_pos.y
	   000000B5 R
				    INVOKE WriteConsoleOutputAttribute, outputHandle, ADDR brownColor, 11, dino_pos, ADDR cellsWritten
				    INVOKE WriteConsoleOutputCharacter, outputHandle, ADDR dinosaurSquatThirdLine, 11, dino_pos, ADDR cellsWritten
 00000EB7  66| FF 05		    inc dino_pos.y
	   000000B5 R
 00000EBE  66| 83 05		    add dino_pos.x, 3
	   000000B3 R 03
				    INVOKE WriteConsoleOutputAttribute, outputHandle, ADDR brownColor, 1, dino_pos, ADDR cellsWritten
				    INVOKE WriteConsoleOutputCharacter, outputHandle, ADDR dinosaurStep, 1, dino_pos, ADDR cellsWritten
 00000F00  66| 83 05		    add dino_pos.x, 2
	   000000B3 R 02
				    INVOKE WriteConsoleOutputAttribute, outputHandle, ADDR brownColor, 1, dino_pos, ADDR cellsWritten
				    INVOKE WriteConsoleOutputCharacter, outputHandle, ADDR dinosaurSquatSecondLeg, 1, dino_pos, ADDR cellsWritten
 00000F42  66| 83 05		    add dino_pos.x, 2
	   000000B3 R 02
				    INVOKE WriteConsoleOutputAttribute, outputHandle, ADDR brownColor, 1, dino_pos, ADDR cellsWritten
				    INVOKE WriteConsoleOutputCharacter, outputHandle, ADDR dinosaurSquatFirstHand, 1, dino_pos, ADDR cellsWritten
 00000F84  C3			    ret
 00000F85			DrawSquatFirstStep ENDP
				
 00000F85			DrawSquatSecondStep PROC
 00000F85  E8 FFFFF8BC		    call DrawFloor
				    ; Draw the dinosaur at its current position 
				    INVOKE WriteConsoleOutputAttribute, outputHandle, ADDR brownColor, 15, dino_pos, ADDR cellsWritten
				    INVOKE WriteConsoleOutputCharacter, outputHandle, ADDR dinosaurSquatFirstLine, 15, dino_pos, ADDR cellsWritten
 00000FC4  66| FF 05		    inc dino_pos.y
	   000000B5 R
				    INVOKE WriteConsoleOutputAttribute, outputHandle, ADDR brownColor, 17, dino_pos, ADDR cellsWritten
				    INVOKE WriteConsoleOutputCharacter, outputHandle, ADDR dinosaurSquatSecondLine, 17, dino_pos, ADDR cellsWritten
 00001005  66| FF 05		    inc dino_pos.y
	   000000B5 R
				    INVOKE WriteConsoleOutputAttribute, outputHandle, ADDR brownColor, 11, dino_pos, ADDR cellsWritten
				    INVOKE WriteConsoleOutputCharacter, outputHandle, ADDR dinosaurSquatThirdLine, 11, dino_pos, ADDR cellsWritten
 00001046  66| FF 05		    inc dino_pos.y
	   000000B5 R
 0000104D  66| 83 05		    add dino_pos.x, 3
	   000000B3 R 03
				    INVOKE WriteConsoleOutputAttribute, outputHandle, ADDR brownColor, 1, dino_pos, ADDR cellsWritten
				    INVOKE WriteConsoleOutputCharacter, outputHandle, ADDR dinosaurSquatFirstLeg, 1, dino_pos, ADDR cellsWritten
 0000108F  66| 83 05		    add dino_pos.x, 2
	   000000B3 R 02
				    INVOKE WriteConsoleOutputAttribute, outputHandle, ADDR brownColor, 1, dino_pos, ADDR cellsWritten
				    INVOKE WriteConsoleOutputCharacter, outputHandle, ADDR dinosaurStep, 1, dino_pos, ADDR cellsWritten
 000010D1  66| 83 05		    add dino_pos.x, 2
	   000000B3 R 02
				    INVOKE WriteConsoleOutputAttribute, outputHandle, ADDR brownColor, 1, dino_pos, ADDR cellsWritten
				    INVOKE WriteConsoleOutputCharacter, outputHandle, ADDR dinosaurSquatFirstHand, 1, dino_pos, ADDR cellsWritten
 00001113  C3			    ret
 00001114			DrawSquatSecondStep ENDP
				
 00001114			DrawBirdFlyUp PROC
				    ; Draw the bird at its current position
 00001114  66| 83 05		    add bird_pos.x, 4
	   00000336 R 04
				    INVOKE WriteConsoleOutputAttribute, outputHandle, ADDR darkBlueColor, 2, bird_pos, ADDR cellsWritten
				    INVOKE WriteConsoleOutputCharacter, outputHandle, ADDR birdFlyUpFirstLine, 2, bird_pos, ADDR cellsWritten
				    ; Move down to the next line for middle part
 00001156  66| 83 2D		    sub bird_pos.x, 4
	   00000336 R 04
 0000115E  66| FF 05		    inc bird_pos.y
	   00000338 R
				    INVOKE WriteConsoleOutputAttribute, outputHandle, ADDR darkBlueColor, 8, bird_pos, ADDR cellsWritten
				    INVOKE WriteConsoleOutputCharacter, outputHandle, ADDR birdFlyUpSecondLine, 8, bird_pos, ADDR cellsWritten
				    ; Move down to the next line for bottom part
 0000119F  66| FF 05		    inc bird_pos.y
	   00000338 R
 000011A6  66| FF 05		    inc bird_pos.x
	   00000336 R
 000011AD  66| FF 05		    inc bird_pos.x
	   00000336 R
 000011B4  66| 83 05		    add bird_pos.x, 2
	   00000336 R 02
				    INVOKE WriteConsoleOutputAttribute, outputHandle, ADDR darkBlueColor, 4, bird_pos, ADDR cellsWritten
				    INVOKE WriteConsoleOutputCharacter, outputHandle, ADDR birdFlyUpThirdLine, 4, bird_pos, ADDR cellsWritten
 000011F6  66| 83 2D		    sub bird_pos.x, 2
	   00000336 R 02
 000011FE  C3			    ret
 000011FF			DrawBirdFlyUp ENDP
				
 000011FF			DrawBirdFlyDown PROC
 000011FF  66| FF 0D		    dec bird_pos.y
	   00000338 R
 00001206  66| 83 05		    add bird_pos.x, 3
	   00000336 R 03
				    INVOKE WriteConsoleOutputAttribute, outputHandle, ADDR darkBlueColor, 2, bird_pos, ADDR cellsWritten
				    INVOKE WriteConsoleOutputCharacter, outputHandle, ADDR birdDeleteFirstLine, 2, bird_pos, ADDR cellsWritten
				    ; Draw the bird at its current position
 00001248  66| 83 2D		    sub bird_pos.x, 3
	   00000336 R 03
 00001250  66| FF 05		    inc bird_pos.y
	   00000338 R
 00001257  66| FF 0D		    dec bird_pos.x
	   00000336 R
				    INVOKE WriteConsoleOutputAttribute, outputHandle, ADDR darkBlueColor, 8, bird_pos, ADDR cellsWritten
				    INVOKE WriteConsoleOutputCharacter, outputHandle, ADDR birdFlyDownFirstLine, 8, bird_pos, ADDR cellsWritten
				    ; Move down to the next line for middle part
 00001298  66| FF 05		    inc bird_pos.y
	   00000338 R
 0000129F  66| 83 05		    add bird_pos.x, 3
	   00000336 R 03
				    INVOKE WriteConsoleOutputAttribute, outputHandle, ADDR darkBlueColor, 5, bird_pos, ADDR cellsWritten
				    INVOKE WriteConsoleOutputCharacter, outputHandle, ADDR birdFlyDownSecondLine, 5, bird_pos, ADDR cellsWritten
				    ; Move down to the next line for bottom part
 000012E1  66| FF 05		    inc bird_pos.y
	   00000338 R
				    INVOKE WriteConsoleOutputAttribute, outputHandle, ADDR darkBlueColor, 2, bird_pos, ADDR cellsWritten
				    INVOKE WriteConsoleOutputCharacter, outputHandle, ADDR birdFlyDownThirdLine, 2, bird_pos, ADDR cellsWritten
 00001322  C3			    ret
 00001323			DrawBirdFlyDown ENDP
				
 00001323			DrawIntro PROC
				    INVOKE WriteConsoleOutputAttribute, outputHandle, ADDR attributes_floor, 31, intro_pos, ADDR cellsWritten
				    INVOKE WriteConsoleOutputCharacter, outputHandle, ADDR introString, 31, intro_pos, ADDR cellsWritten
 0000135D  66| 83 05		    add intro_pos.x, 6
	   0000035A R 06
				    INVOKE WriteConsoleOutputAttribute, outputHandle, ADDR purpleColor, 5, intro_pos, ADDR cellsWritten
				    INVOKE WriteConsoleOutputCharacter, outputHandle, ADDR spaceMessage, 5, intro_pos, ADDR cellsWritten
 0000139F  66| 83 05		    add intro_pos.x, 9
	   0000035A R 09
				    INVOKE WriteConsoleOutputAttribute, outputHandle, ADDR purpleColor, 8, intro_pos, ADDR cellsWritten
				    INVOKE WriteConsoleOutputCharacter, outputHandle, ADDR upMessage, 8, intro_pos, ADDR cellsWritten
 000013E1  66| 83 2D		    sub intro_pos.x, 15
	   0000035A R 0F
 000013E9  C3			    ret
 000013EA			DrawIntro ENDP
				
 000013EA			DrawStartMessage PROC
				    INVOKE WriteConsoleOutputAttribute, outputHandle, ADDR attributes_floor, 40, start_pos, ADDR cellsWritten
				    INVOKE WriteConsoleOutputCharacter, outputHandle, ADDR startMessage, 20, start_pos, ADDR cellsWritten
 00001424  66| 83 05		    add start_pos.x, 6
	   00000366 R 06
				    INVOKE WriteConsoleOutputAttribute, outputHandle, ADDR blueColor, 5, start_pos, ADDR cellsWritten
				    INVOKE WriteConsoleOutputCharacter, outputHandle, ADDR enterMessage, 5, start_pos, ADDR cellsWritten
 00001466  66| 83 2D		    sub start_pos.x, 6
	   00000366 R 06
 0000146E  C3			    ret
 0000146F			DrawStartMessage ENDP
				
 0000146F			DrawCactus PROC
				    ; Draw the cactus at its current position
				    ; Draw top part
 0000146F  66| 83 05		    add cactus_pos.x, 2
	   00000073 R 02
				    INVOKE WriteConsoleOutputAttribute, outputHandle, ADDR greenColor, 1, cactus_pos, ADDR cellsWritten
				    INVOKE WriteConsoleOutputCharacter, outputHandle, ADDR cactusTop, 1, cactus_pos, ADDR cellsWritten
 000014B1  66| 83 2D		    sub cactus_pos.x, 2
	   00000073 R 02
				
				    ; Move down to the next line for middle part
 000014B9  66| FF 05		    inc cactus_pos.y
	   00000075 R
				    INVOKE WriteConsoleOutputAttribute, outputHandle, ADDR greenColor, 5, cactus_pos, ADDR cellsWritten
				    INVOKE WriteConsoleOutputCharacter, outputHandle, ADDR cactusMiddle, 5, cactus_pos, ADDR cellsWritten
				
				    ; Move down to the next line for bottom part
 000014FA  66| FF 05		    inc cactus_pos.y
	   00000075 R
 00001501  66| FF 05		    inc cactus_pos.x
	   00000073 R
 00001508  66| FF 05		    inc cactus_pos.x
	   00000073 R
				    INVOKE WriteConsoleOutputAttribute, outputHandle, ADDR greenColor, 1, cactus_pos, ADDR cellsWritten
				    INVOKE WriteConsoleOutputCharacter, outputHandle, ADDR cactusBottom, 1, cactus_pos, ADDR cellsWritten
 00001549  C3			    ret
 0000154A			DrawCactus ENDP
				
 0000154A			DrawScore PROC
				    INVOKE WriteConsoleOutputAttribute, outputHandle, ADDR attributes_floor, 40, score_pos, ADDR cellsWritten
				    INVOKE WriteConsoleOutputCharacter, outputHandle, ADDR scoreString, 12, score_pos, ADDR cellsWritten
 00001584  C3			    ret
 00001585			DrawScore ENDP
				
 00001585			DrawHighScore PROC
				    INVOKE WriteConsoleOutputAttribute, outputHandle, ADDR attributes_floor, 40, highscore_pos, ADDR cellsWritten
				    INVOKE WriteConsoleOutputCharacter, outputHandle, ADDR highscoreString, 17, highscore_pos, ADDR cellsWritten
 000015BF  C3			    ret
 000015C0			DrawHighScore ENDP
				
				;繪製下一時刻的背景(移動仙人掌)
 000015C0			DrawBackground PROC
 000015C0  E8 00000000 E	    call Clrscr
 000015C5  E8 FFFFF27C		    call DrawFloor
 000015CA  E8 FFFFF2BA		    call DrawDinosaur
 000015CF  E8 FFFFFD4F		    call DrawIntro
 000015D4  E8 000000B4		    call MoveCactus
 000015D9  E8 000000EE		    call MoveBird
 000015DE  E8 FFFFFF67		    call DrawScore
 000015E3  E8 FFFFFF9D		    call DrawHighScore
 000015E8  C3			    ret
 000015E9			DrawBackground ENDP
				
 000015E9			DrawStandLeftStepBackground PROC
 000015E9  E8 00000000 E	    call Clrscr
 000015EE  E8 FFFFF253		    call DrawFloor
 000015F3  E8 FFFFF460		    call DrawDinosaurStandLeftStep
 000015F8  E8 FFFFFD26		    call DrawIntro
 000015FD  E8 0000008B		    call MoveCactus
 00001602  E8 000000C5		    call MoveBird
 00001607  E8 FFFFFF3E		    call DrawScore
 0000160C  E8 FFFFFF74		    call DrawHighScore
 00001611  C3			    ret
 00001612			DrawStandLeftStepBackground ENDP
				
 00001612			DrawStandRightStepBackground PROC
 00001612  E8 00000000 E	    call Clrscr
 00001617  E8 FFFFF22A		    call DrawFloor
 0000161C  E8 FFFFF606		    call DrawDinosaurStandRightStep
 00001621  E8 FFFFFCFD		    call DrawIntro
 00001626  E8 00000062		    call MoveCactus
 0000162B  E8 0000009C		    call MoveBird
 00001630  E8 FFFFFF15		    call DrawScore
 00001635  E8 FFFFFF4B		    call DrawHighScore
 0000163A  C3			    ret
 0000163B			DrawStandRightStepBackground ENDP
				
 0000163B			DrawSquatFirstStepBackground PROC
 0000163B  E8 00000000 E	    call Clrscr
 00001640  E8 FFFFF201		    call DrawFloor
 00001645  E8 FFFFF7AC		    call DrawSquatFirstStep
 0000164A  E8 FFFFFCD4		    call DrawIntro
 0000164F  E8 00000039		    call MoveCactus
 00001654  E8 00000073		    call MoveBird
 00001659  E8 FFFFFEEC		    call DrawScore
 0000165E  E8 FFFFFF22		    call DrawHighScore
 00001663  C3			    ret
 00001664			DrawSquatFirstStepBackground ENDP
				
 00001664			DrawSquatSecondStepBackground PROC
 00001664  E8 00000000 E	    call Clrscr
 00001669  E8 FFFFF1D8		    call DrawFloor
 0000166E  E8 FFFFF912		    call DrawSquatSecondStep
 00001673  E8 FFFFFCAB		    call DrawIntro
 00001678  E8 00000010		    call MoveCactus
 0000167D  E8 0000004A		    call MoveBird
 00001682  E8 FFFFFEC3		    call DrawScore
 00001687  E8 FFFFFEF9		    call DrawHighScore
 0000168C  C3			    ret
 0000168D			DrawSquatSecondStepBackground ENDP
				
				
 0000168D			MoveCactus PROC
				    ; 移動仙人掌
 0000168D  66| A1		    mov ax, cactus_speed
	   0000033C R
 00001693  66| 29 05		    sub cactus_pos.x, ax
	   00000073 R
 0000169A  66| FF 0D		    dec cactus_pos.y
	   00000075 R
 000016A1  66| FF 0D		    dec cactus_pos.y
	   00000075 R
 000016A8  E8 FFFFFDC2		    call DrawCactus
				    ; 如果仙人掌越過螢幕邊界，則重新生成
 000016AD  66| 83 3D		    cmp cactus_pos.x, 0
	   00000073 R 00
				
 000016B5  7C 01		    jl resetCactus
 000016B7  C3			    ret
				
 000016B8			resetCactus:
 000016B8  B8 00000033		    mov eax, 51           
 000016BD  E8 00000000 E	    call RandomRange
 000016C2  83 C0 32		    add eax, 50           
 000016C5  66| A3		    mov cactus_pos.x, ax  ; 重新生成仙人掌位置
	   00000073 R
 000016CB  C3			    ret
 000016CC			MoveCactus ENDP
				
				
 000016CC			MoveBird PROC
				    ; 移動小鳥
 000016CC  66| A1		    mov ax, bird_speed
	   0000033A R
 000016D2  66| 29 05		    sub bird_pos.x, ax
	   00000336 R
 000016D9  66| 83 2D		    sub bird_pos.y, 3
	   00000338 R 03
 000016E1  E8 FFFFFA2E		    call DrawBirdFlyUp
				    INVOKE Sleep, 50
 000016ED  66| 83 2D		    sub bird_pos.y, 1
	   00000338 R 01
 000016F5  66| 83 2D		    sub bird_pos.x, 1
	   00000336 R 01
 000016FD  E8 FFFFFAFD		    call DrawBirdFlyDown
				    ; 如果小鳥越過螢幕邊界，則重新生成
 00001702  66| 83 3D		    cmp bird_pos.x, 0
	   00000336 R 00
 0000170A  7C 01		    jl resetBird
 0000170C  C3			    ret
				
 0000170D			    resetBird:
 0000170D  B8 00000029		    mov eax, 41           
 00001712  E8 00000000 E	    call RandomRange
 00001717  83 C0 46		    add eax, 70 
 0000171A  66| A3		    mov bird_pos.x, ax ; 重新生成小鳥
	   00000336 R
				
 00001720  B8 0000000B		    mov eax, 11           ; 隨機數範圍 0~20
 00001725  E8 00000000 E	    call RandomRange
 0000172A  83 C0 05		    add eax, 5           ; 將範圍轉換為 10~30
 0000172D  66| A3		    mov bird_pos.y, ax    ; 重新生成小鳥 y 坐標
	   00000338 R
				
 00001733  C3			    ret
 00001734			MoveBird ENDP
				
				; 等待按鍵釋放
 00001734			WaitForRelease PROC
				    ; ecx = 虛擬鍵的代碼
 00001734			WaitLoop:
				    INVOKE GetAsyncKeyState, ecx
 0000173A  A9 00008000		    test eax, 8000h
 0000173F  75 F3		    jnz WaitLoop ; 如果還在按著按鍵，繼續等待
 00001741  C3			    ret
 00001742			WaitForRelease ENDP
				
 00001742			FormatScore PROC
 00001742  A1 000008F6 R	    mov eax, score
 00001747  B9 0000000A		    mov ecx, 10
 0000174C  BF 00000929 R	    mov edi, OFFSET scoreString + 11
 00001751  C6 07 00		    mov BYTE PTR [edi], 0
 00001754  BA 00000000		    mov edx, 0
 00001759			    L1:
 00001759  33 D2		    xor edx, edx
 0000175B  F7 F1		        div ecx
 0000175D  80 C2 30		        add dl, '0'
 00001760  4F			        dec edi
 00001761  88 17		        mov BYTE PTR [edi], dl
 00001763  85 C0		        test eax, eax
 00001765  75 F2		        jnz L1
 00001767  C3			    ret
 00001768			FormatScore ENDP
				
 00001768			FormatHighScore PROC
 00001768  A1 000008FA R	    mov eax, highscore
 0000176D  B9 0000000A		    mov ecx, 10
 00001772  BF 0000093A R	    mov edi, OFFSET highscoreString + 16
 00001777  C6 07 00		    mov BYTE PTR [edi], 0
 0000177A  BA 00000000		    mov edx, 0
 0000177F			    L1:
 0000177F  33 D2		    xor edx, edx
 00001781  F7 F1		        div ecx
 00001783  80 C2 30		        add dl, '0'
 00001786  4F			        dec edi
 00001787  88 17		        mov BYTE PTR [edi], dl
 00001789  85 C0		        test eax, eax
 0000178B  75 F2		        jnz L1
 0000178D  C3			    ret
 0000178E			FormatHighScore ENDP
				
 0000178E			main ENDP
				END main
Microsoft (R) Macro Assembler Version 14.42.34435.0	    12/30/24 14:54:57
main.asm						     Symbols 2 - 1




Structures and Unions:

                N a m e                  Size
                                         Offset      Type

CONSOLE_CURSOR_INFO  . . . . . .	 00000008
  dwSize . . . . . . . . . . . .	 00000000	 DWord
  bVisible . . . . . . . . . . .	 00000004	 DWord
CONSOLE_SCREEN_BUFFER_INFO . . .	 00000016
  dwSize . . . . . . . . . . . .	 00000000	 DWord
  dwCursorPosition . . . . . . .	 00000004	 DWord
  wAttributes  . . . . . . . . .	 00000008	 Word
  srWindow . . . . . . . . . . .	 0000000A	 QWord
  dwMaximumWindowSize  . . . . .	 00000012	 DWord
COORD  . . . . . . . . . . . . .	 00000004
  X  . . . . . . . . . . . . . .	 00000000	 Word
  Y  . . . . . . . . . . . . . .	 00000002	 Word
FILETIME . . . . . . . . . . . .	 00000008
  loDateTime . . . . . . . . . .	 00000000	 DWord
  hiDateTime . . . . . . . . . .	 00000004	 DWord
FOCUS_EVENT_RECORD . . . . . . .	 00000004
  bSetFocus  . . . . . . . . . .	 00000000	 DWord
FPU_ENVIRON  . . . . . . . . . .	 0000001C
  controlWord  . . . . . . . . .	 00000000	 Word
  statusWord . . . . . . . . . .	 00000004	 Word
  tagWord  . . . . . . . . . . .	 00000008	 Word
  instrPointerOffset . . . . . .	 0000000C	 DWord
  instrPointerSelector . . . . .	 00000010	 DWord
  operandPointerOffset . . . . .	 00000014	 DWord
  operandPointerSelector . . . .	 00000018	 Word
INPUT_RECORD . . . . . . . . . .	 00000014
  EventType  . . . . . . . . . .	 00000000	 Word
  Event  . . . . . . . . . . . .	 00000004	 XmmWord
  bKeyDown . . . . . . . . . . .	 00000000	 DWord
  wRepeatCount . . . . . . . . .	 00000004	 Word
  wVirtualKeyCode  . . . . . . .	 00000006	 Word
  wVirtualScanCode . . . . . . .	 00000008	 Word
  uChar  . . . . . . . . . . . .	 0000000A	 Word
  UnicodeChar  . . . . . . . . .	 00000000	 Word
  AsciiChar  . . . . . . . . . .	 00000000	 Byte
  dwControlKeyState  . . . . . .	 0000000C	 DWord
  dwMousePosition  . . . . . . .	 00000000	 DWord
  dwButtonState  . . . . . . . .	 00000004	 DWord
  dwMouseControlKeyState . . . .	 00000008	 DWord
  dwEventFlags . . . . . . . . .	 0000000C	 DWord
  dwSize . . . . . . . . . . . .	 00000000	 DWord
  dwCommandId  . . . . . . . . .	 00000000	 DWord
  bSetFocus  . . . . . . . . . .	 00000000	 DWord
KEY_EVENT_RECORD . . . . . . . .	 00000010
  bKeyDown . . . . . . . . . . .	 00000000	 DWord
  wRepeatCount . . . . . . . . .	 00000004	 Word
  wVirtualKeyCode  . . . . . . .	 00000006	 Word
  wVirtualScanCode . . . . . . .	 00000008	 Word
  uChar  . . . . . . . . . . . .	 0000000A	 Word
  UnicodeChar  . . . . . . . . .	 00000000	 Word
  AsciiChar  . . . . . . . . . .	 00000000	 Byte
  dwControlKeyState  . . . . . .	 0000000C	 DWord
MENU_EVENT_RECORD  . . . . . . .	 00000004
  dwCommandId  . . . . . . . . .	 00000000	 DWord
MOUSE_EVENT_RECORD . . . . . . .	 00000010
  dwMousePosition  . . . . . . .	 00000000	 DWord
  dwButtonState  . . . . . . . .	 00000004	 DWord
  dwMouseControlKeyState . . . .	 00000008	 DWord
  dwEventFlags . . . . . . . . .	 0000000C	 DWord
SMALL_RECT . . . . . . . . . . .	 00000008
  Left . . . . . . . . . . . . .	 00000000	 Word
  Top  . . . . . . . . . . . . .	 00000002	 Word
  Right  . . . . . . . . . . . .	 00000004	 Word
  Bottom . . . . . . . . . . . .	 00000006	 Word
SYSTEMTIME . . . . . . . . . . .	 00000010
  wYear  . . . . . . . . . . . .	 00000000	 Word
  wMonth . . . . . . . . . . . .	 00000002	 Word
  wDayOfWeek . . . . . . . . . .	 00000004	 Word
  wDay . . . . . . . . . . . . .	 00000006	 Word
  wHour  . . . . . . . . . . . .	 00000008	 Word
  wMinute  . . . . . . . . . . .	 0000000A	 Word
  wSecond  . . . . . . . . . . .	 0000000C	 Word
  wMilliseconds  . . . . . . . .	 0000000E	 Word
WINDOW_BUFFER_SIZE_RECORD  . . .	 00000004
  dwSize . . . . . . . . . . . .	 00000000	 DWord


Segments and Groups:

                N a m e                 Size     Length   Align   Combine Class

FLAT . . . . . . . . . . . . . .	GROUP
STACK  . . . . . . . . . . . . .	32 Bit	 00001000 Para	  Stack	  'STACK'	 
_DATA  . . . . . . . . . . . . .	32 Bit	 000009A9 Para	  Public  'DATA'	
_TEXT  . . . . . . . . . . . . .	32 Bit	 0000178E Para	  Public  'CODE'	


Procedures, parameters, and locals:

                N a m e                 Type     Value    Attr

CheckCollision . . . . . . . . .	P Near	 000001FB _TEXT	Length= 00000087 Public STDCALL
  DetBirdCollision . . . . . . .	L Near	 0000022D _TEXT	
  CollisionDetected  . . . . . .	L Near	 0000024E _TEXT	
  NoUpdateHighScore  . . . . . .	L Near	 00000276 _TEXT	
  NoCollision  . . . . . . . . .	L Near	 0000027C _TEXT	
CheckJumpKey . . . . . . . . . .	P Near	 0000008A _TEXT	Length= 0000003C Public STDCALL
  DoJump . . . . . . . . . . . .	L Near	 000000B5 _TEXT	
  DoSquat  . . . . . . . . . . .	L Near	 000000C0 _TEXT	
CloseFile  . . . . . . . . . . .	P Near	 00000000 FLAT	Length= 00000000 External STDCALL
CloseHandle  . . . . . . . . . .	P Near	 00000000 FLAT	Length= 00000000 External STDCALL
Clrscr . . . . . . . . . . . . .	P Near	 00000000 FLAT	Length= 00000000 External STDCALL
CreateFileA  . . . . . . . . . .	P Near	 00000000 FLAT	Length= 00000000 External STDCALL
CreateOutputFile . . . . . . . .	P Near	 00000000 FLAT	Length= 00000000 External STDCALL
Crlf . . . . . . . . . . . . . .	P Near	 00000000 FLAT	Length= 00000000 External STDCALL
Delay  . . . . . . . . . . . . .	P Near	 00000000 FLAT	Length= 00000000 External STDCALL
DrawBackground . . . . . . . . .	P Near	 000015C0 _TEXT	Length= 00000029 Public STDCALL
DrawBirdFlyDown  . . . . . . . .	P Near	 000011FF _TEXT	Length= 00000124 Public STDCALL
DrawBirdFlyUp  . . . . . . . . .	P Near	 00001114 _TEXT	Length= 000000EB Public STDCALL
DrawCactus . . . . . . . . . . .	P Near	 0000146F _TEXT	Length= 000000DB Public STDCALL
DrawDinosaurStandLeftStep  . . .	P Near	 00000A58 _TEXT	Length= 000001CF Public STDCALL
DrawDinosaurStandRightStep . . .	P Near	 00000C27 _TEXT	Length= 000001CF Public STDCALL
DrawDinosaur . . . . . . . . . .	P Near	 00000889 _TEXT	Length= 000001CF Public STDCALL
DrawFloor  . . . . . . . . . . .	P Near	 00000846 _TEXT	Length= 00000043 Public STDCALL
DrawHighScore  . . . . . . . . .	P Near	 00001585 _TEXT	Length= 0000003B Public STDCALL
DrawIntro  . . . . . . . . . . .	P Near	 00001323 _TEXT	Length= 000000C7 Public STDCALL
DrawScore  . . . . . . . . . . .	P Near	 0000154A _TEXT	Length= 0000003B Public STDCALL
DrawSquatFirstStepBackground . .	P Near	 0000163B _TEXT	Length= 00000029 Public STDCALL
DrawSquatFirstStep . . . . . . .	P Near	 00000DF6 _TEXT	Length= 0000018F Public STDCALL
DrawSquatSecondStepBackground  .	P Near	 00001664 _TEXT	Length= 00000029 Public STDCALL
DrawSquatSecondStep  . . . . . .	P Near	 00000F85 _TEXT	Length= 0000018F Public STDCALL
DrawStandLeftStepBackground  . .	P Near	 000015E9 _TEXT	Length= 00000029 Public STDCALL
DrawStandRightStepBackground . .	P Near	 00001612 _TEXT	Length= 00000029 Public STDCALL
DrawStartMessage . . . . . . . .	P Near	 000013EA _TEXT	Length= 00000085 Public STDCALL
DrawTitle  . . . . . . . . . . .	P Near	 000004C8 _TEXT	Length= 0000037E Public STDCALL
DumpMem  . . . . . . . . . . . .	P Near	 00000000 FLAT	Length= 00000000 External STDCALL
DumpRegs . . . . . . . . . . . .	P Near	 00000000 FLAT	Length= 00000000 External STDCALL
ExitGame . . . . . . . . . . . .	P Near	 00000487 _TEXT	Length= 00000041 Public STDCALL
ExitProcess  . . . . . . . . . .	P Near	 00000000 FLAT	Length= 00000000 External STDCALL
FileTimeToDosDateTime  . . . . .	P Near	 00000000 FLAT	Length= 00000000 External STDCALL
FileTimeToSystemTime . . . . . .	P Near	 00000000 FLAT	Length= 00000000 External STDCALL
FlushConsoleInputBuffer  . . . .	P Near	 00000000 FLAT	Length= 00000000 External STDCALL
FormatHighScore  . . . . . . . .	P Near	 00001768 _TEXT	Length= 00000026 Public STDCALL
  L1 . . . . . . . . . . . . . .	L Near	 0000177F _TEXT	
FormatMessageA . . . . . . . . .	P Near	 00000000 FLAT	Length= 00000000 External STDCALL
FormatScore  . . . . . . . . . .	P Near	 00001742 _TEXT	Length= 00000026 Public STDCALL
  L1 . . . . . . . . . . . . . .	L Near	 00001759 _TEXT	
GameOverMsg  . . . . . . . . . .	P Near	 00000309 _TEXT	Length= 00000148 Public STDCALL
GetAsyncKeyState . . . . . . . .	P Near	 00000000 FLAT	Length= 00000000 External STDCALL
GetCommandLineA  . . . . . . . .	P Near	 00000000 FLAT	Length= 00000000 External STDCALL
GetCommandTail . . . . . . . . .	P Near	 00000000 FLAT	Length= 00000000 External STDCALL
GetConsoleCP . . . . . . . . . .	P Near	 00000000 FLAT	Length= 00000000 External STDCALL
GetConsoleCursorInfo . . . . . .	P Near	 00000000 FLAT	Length= 00000000 External STDCALL
GetConsoleMode . . . . . . . . .	P Near	 00000000 FLAT	Length= 00000000 External STDCALL
GetConsoleScreenBufferInfo . . .	P Near	 00000000 FLAT	Length= 00000000 External STDCALL
GetDateTime  . . . . . . . . . .	P Near	 00000000 FLAT	Length= 00000000 External STDCALL
GetFileTime  . . . . . . . . . .	P Near	 00000000 FLAT	Length= 00000000 External STDCALL
GetKeyState  . . . . . . . . . .	P Near	 00000000 FLAT	Length= 00000000 External STDCALL
GetLastError . . . . . . . . . .	P Near	 00000000 FLAT	Length= 00000000 External STDCALL
GetLocalTime . . . . . . . . . .	P Near	 00000000 FLAT	Length= 00000000 External STDCALL
GetMaxXY . . . . . . . . . . . .	P Near	 00000000 FLAT	Length= 00000000 External STDCALL
GetMseconds  . . . . . . . . . .	P Near	 00000000 FLAT	Length= 00000000 External STDCALL
GetNumberOfConsoleInputEvents  .	P Near	 00000000 FLAT	Length= 00000000 External STDCALL
GetProcessHeap . . . . . . . . .	P Near	 00000000 FLAT	Length= 00000000 External STDCALL
GetStdHandle . . . . . . . . . .	P Near	 00000000 FLAT	Length= 00000000 External STDCALL
GetSystemTime  . . . . . . . . .	P Near	 00000000 FLAT	Length= 00000000 External STDCALL
GetTextColor . . . . . . . . . .	P Near	 00000000 FLAT	Length= 00000000 External STDCALL
GetTickCount . . . . . . . . . .	P Near	 00000000 FLAT	Length= 00000000 External STDCALL
Gotoxy . . . . . . . . . . . . .	P Near	 00000000 FLAT	Length= 00000000 External STDCALL
HeapAlloc  . . . . . . . . . . .	P Near	 00000000 FLAT	Length= 00000000 External STDCALL
HeapCreate . . . . . . . . . . .	P Near	 00000000 FLAT	Length= 00000000 External STDCALL
HeapDestroy  . . . . . . . . . .	P Near	 00000000 FLAT	Length= 00000000 External STDCALL
HeapFree . . . . . . . . . . . .	P Near	 00000000 FLAT	Length= 00000000 External STDCALL
HeapSize . . . . . . . . . . . .	P Near	 00000000 FLAT	Length= 00000000 External STDCALL
IsDigit  . . . . . . . . . . . .	P Near	 00000000 FLAT	Length= 00000000 External STDCALL
Jump . . . . . . . . . . . . . .	P Near	 000000C6 _TEXT	Length= 000000C5 Public STDCALL
  JumpLoop . . . . . . . . . . .	L Near	 000000D8 _TEXT	
  NormalDescent  . . . . . . . .	L Near	 000000EF _TEXT	
  LandOnGround . . . . . . . . .	L Near	 0000014D _TEXT	
  CheckForSquat  . . . . . . . .	L Near	 00000158 _TEXT	
  GoToSquat  . . . . . . . . . .	L Near	 0000017C _TEXT	
LocalFree  . . . . . . . . . . .	P Near	 00000000 FLAT	Length= 00000000 External STDCALL
MessageBoxA  . . . . . . . . . .	P Near	 00000000 FLAT	Length= 00000000 External STDCALL
MoveBird . . . . . . . . . . . .	P Near	 000016CC _TEXT	Length= 00000068 Public STDCALL
  resetBird  . . . . . . . . . .	L Near	 0000170D _TEXT	
MoveCactus . . . . . . . . . . .	P Near	 0000168D _TEXT	Length= 0000003F Public STDCALL
  resetCactus  . . . . . . . . .	L Near	 000016B8 _TEXT	
MsgBoxAsk  . . . . . . . . . . .	P Near	 00000000 FLAT	Length= 00000000 External STDCALL
MsgBox . . . . . . . . . . . . .	P Near	 00000000 FLAT	Length= 00000000 External STDCALL
OpenInputFile  . . . . . . . . .	P Near	 00000000 FLAT	Length= 00000000 External STDCALL
ParseDecimal32 . . . . . . . . .	P Near	 00000000 FLAT	Length= 00000000 External STDCALL
ParseInteger32 . . . . . . . . .	P Near	 00000000 FLAT	Length= 00000000 External STDCALL
PeekConsoleInputA  . . . . . . .	P Near	 00000000 FLAT	Length= 00000000 External STDCALL
Random32 . . . . . . . . . . . .	P Near	 00000000 FLAT	Length= 00000000 External STDCALL
RandomRange  . . . . . . . . . .	P Near	 00000000 FLAT	Length= 00000000 External STDCALL
Randomize  . . . . . . . . . . .	P Near	 00000000 FLAT	Length= 00000000 External STDCALL
ReadChar . . . . . . . . . . . .	P Near	 00000000 FLAT	Length= 00000000 External STDCALL
ReadConsoleA . . . . . . . . . .	P Near	 00000000 FLAT	Length= 00000000 External STDCALL
ReadConsoleInputA  . . . . . . .	P Near	 00000000 FLAT	Length= 00000000 External STDCALL
ReadDec  . . . . . . . . . . . .	P Near	 00000000 FLAT	Length= 00000000 External STDCALL
ReadFile . . . . . . . . . . . .	P Near	 00000000 FLAT	Length= 00000000 External STDCALL
ReadFloat  . . . . . . . . . . .	P Near	 00000000 FLAT	Length= 00000000 External STDCALL
ReadFromFile . . . . . . . . . .	P Near	 00000000 FLAT	Length= 00000000 External STDCALL
ReadHex  . . . . . . . . . . . .	P Near	 00000000 FLAT	Length= 00000000 External STDCALL
ReadInt  . . . . . . . . . . . .	P Near	 00000000 FLAT	Length= 00000000 External STDCALL
ReadKeyFlush . . . . . . . . . .	P Near	 00000000 FLAT	Length= 00000000 External STDCALL
ReadKey  . . . . . . . . . . . .	P Near	 00000000 FLAT	Length= 00000000 External STDCALL
ReadString . . . . . . . . . . .	P Near	 00000000 FLAT	Length= 00000000 External STDCALL
RestartGame  . . . . . . . . . .	P Near	 0000028C _TEXT	Length= 0000007D Public STDCALL
SetConsoleCursorInfo . . . . . .	P Near	 00000000 FLAT	Length= 00000000 External STDCALL
SetConsoleCursorPosition . . . .	P Near	 00000000 FLAT	Length= 00000000 External STDCALL
SetConsoleMode . . . . . . . . .	P Near	 00000000 FLAT	Length= 00000000 External STDCALL
SetConsoleOutputCP . . . . . . .	P Near	 00000000 FLAT	Length= 00000000 External STDCALL
SetConsoleScreenBufferSize . . .	P Near	 00000000 FLAT	Length= 00000000 External STDCALL
SetConsoleTextAttribute  . . . .	P Near	 00000000 FLAT	Length= 00000000 External STDCALL
SetConsoleTitleA . . . . . . . .	P Near	 00000000 FLAT	Length= 00000000 External STDCALL
SetConsoleWindowInfo . . . . . .	P Near	 00000000 FLAT	Length= 00000000 External STDCALL
SetFilePointer . . . . . . . . .	P Near	 00000000 FLAT	Length= 00000000 External STDCALL
SetLocalTime . . . . . . . . . .	P Near	 00000000 FLAT	Length= 00000000 External STDCALL
SetTextColor . . . . . . . . . .	P Near	 00000000 FLAT	Length= 00000000 External STDCALL
ShowFPUStack . . . . . . . . . .	P Near	 00000000 FLAT	Length= 00000000 External STDCALL
Sleep  . . . . . . . . . . . . .	P Near	 00000000 FLAT	Length= 00000000 External STDCALL
Squat  . . . . . . . . . . . . .	P Near	 0000018B _TEXT	Length= 00000070 Public STDCALL
  SquatLoop  . . . . . . . . . .	L Near	 0000018B _TEXT	
  RestoreNormalStance  . . . . .	L Near	 000001E5 _TEXT	
StrLength  . . . . . . . . . . .	P Near	 00000000 FLAT	Length= 00000000 External STDCALL
Str_compare  . . . . . . . . . .	P Near	 00000000 FLAT	Length= 00000000 External STDCALL
Str_copy . . . . . . . . . . . .	P Near	 00000000 FLAT	Length= 00000000 External STDCALL
Str_length . . . . . . . . . . .	P Near	 00000000 FLAT	Length= 00000000 External STDCALL
Str_trim . . . . . . . . . . . .	P Near	 00000000 FLAT	Length= 00000000 External STDCALL
Str_ucase  . . . . . . . . . . .	P Near	 00000000 FLAT	Length= 00000000 External STDCALL
SystemTimeToFileTime . . . . . .	P Near	 00000000 FLAT	Length= 00000000 External STDCALL
WaitForEnter . . . . . . . . . .	P Near	 00000451 _TEXT	Length= 00000022 Public STDCALL
  WaitLoop . . . . . . . . . . .	L Near	 00000451 _TEXT	
WaitForRelease . . . . . . . . .	P Near	 00001734 _TEXT	Length= 0000000E Public STDCALL
  WaitLoop . . . . . . . . . . .	L Near	 00001734 _TEXT	
WaitForStart . . . . . . . . . .	P Near	 00000473 _TEXT	Length= 00000014 Public STDCALL
  WaitForStartLoop . . . . . . .	L Near	 00000473 _TEXT	
WaitMsg  . . . . . . . . . . . .	P Near	 00000000 FLAT	Length= 00000000 External STDCALL
WriteBinB  . . . . . . . . . . .	P Near	 00000000 FLAT	Length= 00000000 External STDCALL
WriteBin . . . . . . . . . . . .	P Near	 00000000 FLAT	Length= 00000000 External STDCALL
WriteChar  . . . . . . . . . . .	P Near	 00000000 FLAT	Length= 00000000 External STDCALL
WriteConsoleA  . . . . . . . . .	P Near	 00000000 FLAT	Length= 00000000 External STDCALL
WriteConsoleOutputAttribute  . .	P Near	 00000000 FLAT	Length= 00000000 External STDCALL
WriteConsoleOutputCharacterA . .	P Near	 00000000 FLAT	Length= 00000000 External STDCALL
WriteDec . . . . . . . . . . . .	P Near	 00000000 FLAT	Length= 00000000 External STDCALL
WriteFile  . . . . . . . . . . .	P Near	 00000000 FLAT	Length= 00000000 External STDCALL
WriteFloat . . . . . . . . . . .	P Near	 00000000 FLAT	Length= 00000000 External STDCALL
WriteHexB  . . . . . . . . . . .	P Near	 00000000 FLAT	Length= 00000000 External STDCALL
WriteHex . . . . . . . . . . . .	P Near	 00000000 FLAT	Length= 00000000 External STDCALL
WriteInt . . . . . . . . . . . .	P Near	 00000000 FLAT	Length= 00000000 External STDCALL
WriteStackFrameName  . . . . . .	P Near	 00000000 FLAT	Length= 00000000 External STDCALL
WriteStackFrame  . . . . . . . .	P Near	 00000000 FLAT	Length= 00000000 External STDCALL
WriteString  . . . . . . . . . .	P Near	 00000000 FLAT	Length= 00000000 External STDCALL
WriteToFile  . . . . . . . . . .	P Near	 00000000 FLAT	Length= 00000000 External STDCALL
WriteWindowsMsg  . . . . . . . .	P Near	 00000000 FLAT	Length= 00000000 External STDCALL
abs  . . . . . . . . . . . . . .	P Near	 00000282 _TEXT	Length= 0000000A Public STDCALL
  NoNeg  . . . . . . . . . . . .	L Near	 0000028B _TEXT	
printf . . . . . . . . . . . . .	P Near	 00000000 FLAT	Length= 00000000 External C
scanf  . . . . . . . . . . . . .	P Near	 00000000 FLAT	Length= 00000000 External C
start@0  . . . . . . . . . . . .	P Near	 00000000 _TEXT	Length= 0000178E Public STDCALL
  mainLoop . . . . . . . . . . .	L Near	 0000002A _TEXT	
  Gameover . . . . . . . . . . .	L Near	 00000083 _TEXT	
wsprintfA  . . . . . . . . . . .	P Near	 00000000 FLAT	Length= 00000000 External C


Symbols:

                N a m e                 Type     Value    Attr

@CodeSize  . . . . . . . . . . .	Number	 00000000h   
@DataSize  . . . . . . . . . . .	Number	 00000000h   
@Interface . . . . . . . . . . .	Number	 00000003h   
@Model . . . . . . . . . . . . .	Number	 00000007h   
@code  . . . . . . . . . . . . .	Text   	 _TEXT
@data  . . . . . . . . . . . . .	Text   	 FLAT
@fardata?  . . . . . . . . . . .	Text   	 FLAT
@fardata . . . . . . . . . . . .	Text   	 FLAT
@stack . . . . . . . . . . . . .	Text   	 FLAT
ALT_MASK . . . . . . . . . . . .	Number	 00000003h   
CAPSLOCK_ON  . . . . . . . . . .	Number	 00000080h   
CREATE_ALWAYS  . . . . . . . . .	Number	 00000002h   
CREATE_NEW . . . . . . . . . . .	Number	 00000001h   
CTRL_MASK  . . . . . . . . . . .	Number	 0000000Ch   
CreateFile . . . . . . . . . . .	Text   	 CreateFileA
DO_NOT_SHARE . . . . . . . . . .	Number	 00000000h   
ENABLE_ECHO_INPUT  . . . . . . .	Number	 00000004h   
ENABLE_LINE_INPUT  . . . . . . .	Number	 00000002h   
ENABLE_MOUSE_INPUT . . . . . . .	Number	 00000010h   
ENABLE_PROCESSED_INPUT . . . . .	Number	 00000001h   
ENABLE_PROCESSED_OUTPUT  . . . .	Number	 00000001h   
ENABLE_WINDOW_INPUT  . . . . . .	Number	 00000008h   
ENABLE_WRAP_AT_EOL_OUTPUT  . . .	Number	 00000002h   
ENHANCED_KEY . . . . . . . . . .	Number	 00000100h   
FALSE  . . . . . . . . . . . . .	Number	 00000000h   
FILE_APPEND_DATA . . . . . . . .	Number	 00000004h   
FILE_ATTRIBUTE_ARCHIVE . . . . .	Number	 00000020h   
FILE_ATTRIBUTE_COMPRESSED  . . .	Number	 00000800h   
FILE_ATTRIBUTE_DEVICE  . . . . .	Number	 00000040h   
FILE_ATTRIBUTE_DIRECTORY . . . .	Number	 00000010h   
FILE_ATTRIBUTE_ENCRYPTED . . . .	Number	 00004000h   
FILE_ATTRIBUTE_HIDDEN  . . . . .	Number	 00000002h   
FILE_ATTRIBUTE_NORMAL  . . . . .	Number	 00000080h   
FILE_ATTRIBUTE_NOT_CONTENT_INDEXED .	Number	 00002000h   
FILE_ATTRIBUTE_OFFLINE . . . . .	Number	 00001000h   
FILE_ATTRIBUTE_READONLY  . . . .	Number	 00000001h   
FILE_ATTRIBUTE_REPARSE_POINT . .	Number	 00000400h   
FILE_ATTRIBUTE_SPARSE_FILE . . .	Number	 00000200h   
FILE_ATTRIBUTE_SYSTEM  . . . . .	Number	 00000004h   
FILE_ATTRIBUTE_TEMPORARY . . . .	Number	 00000100h   
FILE_BEGIN . . . . . . . . . . .	Number	 00000000h   
FILE_CURRENT . . . . . . . . . .	Number	 00000001h   
FILE_DELETE_CHILD  . . . . . . .	Number	 00000040h   
FILE_END . . . . . . . . . . . .	Number	 00000002h   
FILE_READ_DATA . . . . . . . . .	Number	 00000001h   
FILE_SHARE_DELETE  . . . . . . .	Number	 00000004h   
FILE_SHARE_READ  . . . . . . . .	Number	 00000001h   
FILE_SHARE_WRITE . . . . . . . .	Number	 00000002h   
FILE_WRITE_DATA  . . . . . . . .	Number	 00000002h   
FOCUS_EVENT  . . . . . . . . . .	Number	 00000010h   
FORMAT_MESSAGE_ALLOCATE_BUFFER .	Number	 00000100h   
FORMAT_MESSAGE_FROM_SYSTEM . . .	Number	 00001000h   
FormatMessage  . . . . . . . . .	Text   	 FormatMessageA
GENERIC_ALL  . . . . . . . . . .	Number	 10000000h   
GENERIC_EXECUTE  . . . . . . . .	Number	 20000000h   
GENERIC_READ . . . . . . . . . .	Number	 -80000000h   
GENERIC_WRITE  . . . . . . . . .	Number	 40000000h   
GetCommandLine . . . . . . . . .	Text   	 GetCommandLineA
HANDLE . . . . . . . . . . . . .	Text   	 DWORD
HEAP_GENERATE_EXCEPTIONS . . . .	Number	 00000004h   
HEAP_GROWABLE  . . . . . . . . .	Number	 00000002h   
HEAP_NO_SERIALIZE  . . . . . . .	Number	 00000001h   
HEAP_REALLOC_IN_PLACE_ONLY . . .	Number	 00000010h   
HEAP_ZERO_MEMORY . . . . . . . .	Number	 00000008h   
IDABORT  . . . . . . . . . . . .	Number	 00000003h   
IDCANCEL . . . . . . . . . . . .	Number	 00000002h   
IDCLOSE  . . . . . . . . . . . .	Number	 00000008h   
IDCONTINUE . . . . . . . . . . .	Number	 0000000Bh   
IDHELP . . . . . . . . . . . . .	Number	 00000009h   
IDIGNORE . . . . . . . . . . . .	Number	 00000005h   
IDNO . . . . . . . . . . . . . .	Number	 00000007h   
IDOK . . . . . . . . . . . . . .	Number	 00000001h   
IDRETRY  . . . . . . . . . . . .	Number	 00000004h   
IDTIMEOUT  . . . . . . . . . . .	Number	 00007D00h   
IDTRYAGAIN . . . . . . . . . . .	Number	 0000000Ah   
IDYES  . . . . . . . . . . . . .	Number	 00000006h   
INVALID_HANDLE_VALUE . . . . . .	Number	 -00000001h   
KBDOWN_FLAG  . . . . . . . . . .	Number	 00000001h   
KEY_EVENT  . . . . . . . . . . .	Number	 00000001h   
KEY_MASKS  . . . . . . . . . . .	Number	 0000001Fh   
LEFT_ALT_PRESSED . . . . . . . .	Number	 00000002h   
LEFT_CTRL_PRESSED  . . . . . . .	Number	 00000008h   
MB_ABORTRETRYIGNORE  . . . . . .	Number	 00000002h   
MB_APPLMODAL . . . . . . . . . .	Number	 00000000h   
MB_CANCELTRYCONTINUE . . . . . .	Number	 00000006h   
MB_DEFBUTTON1  . . . . . . . . .	Number	 00000000h   
MB_DEFBUTTON2  . . . . . . . . .	Number	 00000100h   
MB_DEFBUTTON3  . . . . . . . . .	Number	 00000200h   
MB_DEFBUTTON4  . . . . . . . . .	Number	 00000300h   
MB_HELP  . . . . . . . . . . . .	Number	 00004000h   
MB_ICONASTERISK  . . . . . . . .	Number	 00000040h   
MB_ICONERROR . . . . . . . . . .	Number	 00000010h   
MB_ICONEXCLAMATION . . . . . . .	Number	 00000030h   
MB_ICONHAND  . . . . . . . . . .	Number	 00000010h   
MB_ICONINFORMATION . . . . . . .	Number	 00000040h   
MB_ICONQUESTION  . . . . . . . .	Number	 00000020h   
MB_ICONSTOP  . . . . . . . . . .	Number	 00000010h   
MB_ICONWARNING . . . . . . . . .	Number	 00000030h   
MB_OKCANCEL  . . . . . . . . . .	Number	 00000001h   
MB_OK  . . . . . . . . . . . . .	Number	 00000000h   
MB_RETRYCANCEL . . . . . . . . .	Number	 00000005h   
MB_SYSTEMMODAL . . . . . . . . .	Number	 00001000h   
MB_TASKMODAL . . . . . . . . . .	Number	 00002000h   
MB_USERICON  . . . . . . . . . .	Number	 00000080h   
MB_YESNOCANCEL . . . . . . . . .	Number	 00000003h   
MB_YESNO . . . . . . . . . . . .	Number	 00000004h   
MENU_EVENT . . . . . . . . . . .	Number	 00000008h   
MOUSE_EVENT  . . . . . . . . . .	Number	 00000002h   
MessageBox . . . . . . . . . . .	Text   	 MessageBoxA
NULL . . . . . . . . . . . . . .	Number	 00000000h   
NUMLOCK_ON . . . . . . . . . . .	Number	 00000020h   
OPEN_ALWAYS  . . . . . . . . . .	Number	 00000004h   
OPEN_EXISTING  . . . . . . . . .	Number	 00000003h   
PeekConsoleInput . . . . . . . .	Text   	 PeekConsoleInputA
RIGHT_ALT_PRESSED  . . . . . . .	Number	 00000001h   
RIGHT_CTRL_PRESSED . . . . . . .	Number	 00000004h   
ReadConsoleInput . . . . . . . .	Text   	 ReadConsoleInputA
ReadConsole  . . . . . . . . . .	Text   	 ReadConsoleA
SCROLLLOCK_ON  . . . . . . . . .	Number	 00000040h   
SHIFT_MASK . . . . . . . . . . .	Number	 00000010h   
SHIFT_PRESSED  . . . . . . . . .	Number	 00000010h   
STD_ERROR_HANDLE . . . . . . . .	Number	 -0000000Ch   
STD_INPUT_HANDLE . . . . . . . .	Number	 -0000000Ah   
STD_OUTPUT_HANDLE  . . . . . . .	Number	 -0000000Bh   
SetConsoleTitle  . . . . . . . .	Text   	 SetConsoleTitleA
TAB  . . . . . . . . . . . . . .	Number	 00000009h   
TRUE . . . . . . . . . . . . . .	Number	 00000001h   
TRUNCATE_EXISTING  . . . . . . .	Number	 00000005h   
VK_11  . . . . . . . . . . . . .	Number	 000000BDh   
VK_12  . . . . . . . . . . . . .	Number	 000000BBh   
VK_ADD . . . . . . . . . . . . .	Number	 0000006Bh   
VK_BACK  . . . . . . . . . . . .	Number	 00000008h   
VK_CANCEL  . . . . . . . . . . .	Number	 00000003h   
VK_CAPITAL . . . . . . . . . . .	Number	 00000014h   
VK_CLEAR . . . . . . . . . . . .	Number	 0000000Ch   
VK_CONTROL . . . . . . . . . . .	Number	 00000011h   
VK_DECIMAL . . . . . . . . . . .	Number	 0000006Eh   
VK_DELETE  . . . . . . . . . . .	Number	 0000002Eh   
VK_DIVIDE  . . . . . . . . . . .	Number	 0000006Fh   
VK_DOWN  . . . . . . . . . . . .	Number	 00000028h   
VK_END . . . . . . . . . . . . .	Number	 00000023h   
VK_ESCAPE  . . . . . . . . . . .	Number	 0000001Bh   
VK_EXECUTE . . . . . . . . . . .	Number	 0000002Bh   
VK_F10 . . . . . . . . . . . . .	Number	 00000079h   
VK_F11 . . . . . . . . . . . . .	Number	 0000007Ah   
VK_F12 . . . . . . . . . . . . .	Number	 0000007Bh   
VK_F13 . . . . . . . . . . . . .	Number	 0000007Ch   
VK_F14 . . . . . . . . . . . . .	Number	 0000007Dh   
VK_F15 . . . . . . . . . . . . .	Number	 0000007Eh   
VK_F16 . . . . . . . . . . . . .	Number	 0000007Fh   
VK_F17 . . . . . . . . . . . . .	Number	 00000080h   
VK_F18 . . . . . . . . . . . . .	Number	 00000081h   
VK_F19 . . . . . . . . . . . . .	Number	 00000082h   
VK_F1  . . . . . . . . . . . . .	Number	 00000070h   
VK_F20 . . . . . . . . . . . . .	Number	 00000083h   
VK_F21 . . . . . . . . . . . . .	Number	 00000084h   
VK_F22 . . . . . . . . . . . . .	Number	 00000085h   
VK_F23 . . . . . . . . . . . . .	Number	 00000086h   
VK_F24 . . . . . . . . . . . . .	Number	 00000087h   
VK_F2  . . . . . . . . . . . . .	Number	 00000071h   
VK_F3  . . . . . . . . . . . . .	Number	 00000072h   
VK_F4  . . . . . . . . . . . . .	Number	 00000073h   
VK_F5  . . . . . . . . . . . . .	Number	 00000074h   
VK_F6  . . . . . . . . . . . . .	Number	 00000075h   
VK_F7  . . . . . . . . . . . . .	Number	 00000076h   
VK_F8  . . . . . . . . . . . . .	Number	 00000077h   
VK_F9  . . . . . . . . . . . . .	Number	 00000078h   
VK_HELP  . . . . . . . . . . . .	Number	 0000002Fh   
VK_HOME  . . . . . . . . . . . .	Number	 00000024h   
VK_INSERT  . . . . . . . . . . .	Number	 0000002Dh   
VK_LBUTTON . . . . . . . . . . .	Number	 00000001h   
VK_LCONTROL  . . . . . . . . . .	Number	 000000A2h   
VK_LEFT  . . . . . . . . . . . .	Number	 00000025h   
VK_LMENU . . . . . . . . . . . .	Number	 000000A4h   
VK_LSHIFT  . . . . . . . . . . .	Number	 000000A0h   
VK_MENU  . . . . . . . . . . . .	Number	 00000012h   
VK_MULTIPLY  . . . . . . . . . .	Number	 0000006Ah   
VK_NEXT  . . . . . . . . . . . .	Number	 00000022h   
VK_NUMLOCK . . . . . . . . . . .	Number	 00000090h   
VK_NUMPAD0 . . . . . . . . . . .	Number	 00000060h   
VK_NUMPAD1 . . . . . . . . . . .	Number	 00000061h   
VK_NUMPAD2 . . . . . . . . . . .	Number	 00000062h   
VK_NUMPAD3 . . . . . . . . . . .	Number	 00000063h   
VK_NUMPAD4 . . . . . . . . . . .	Number	 00000064h   
VK_NUMPAD5 . . . . . . . . . . .	Number	 00000065h   
VK_NUMPAD6 . . . . . . . . . . .	Number	 00000066h   
VK_NUMPAD7 . . . . . . . . . . .	Number	 00000067h   
VK_NUMPAD8 . . . . . . . . . . .	Number	 00000068h   
VK_NUMPAD9 . . . . . . . . . . .	Number	 00000069h   
VK_PAUSE . . . . . . . . . . . .	Number	 00000013h   
VK_PRINT . . . . . . . . . . . .	Number	 0000002Ah   
VK_PRIOR . . . . . . . . . . . .	Number	 00000021h   
VK_RBUTTON . . . . . . . . . . .	Number	 00000002h   
VK_RCONTROL  . . . . . . . . . .	Number	 000000A3h   
VK_RETURN  . . . . . . . . . . .	Number	 0000000Dh   
VK_RIGHT . . . . . . . . . . . .	Number	 00000027h   
VK_RMENU . . . . . . . . . . . .	Number	 000000A5h   
VK_RSHIFT  . . . . . . . . . . .	Number	 000000A1h   
VK_SCROLL  . . . . . . . . . . .	Number	 00000091h   
VK_SEPARATER . . . . . . . . . .	Number	 0000006Ch   
VK_SHIFT . . . . . . . . . . . .	Number	 00000010h   
VK_SNAPSHOT  . . . . . . . . . .	Number	 0000002Ch   
VK_SPACE . . . . . . . . . . . .	Number	 00000020h   
VK_SUBTRACT  . . . . . . . . . .	Number	 0000006Dh   
VK_TAB . . . . . . . . . . . . .	Number	 00000009h   
VK_UP  . . . . . . . . . . . . .	Number	 00000026h   
WINDOW_BUFFER_SIZE_EVENT . . . .	Number	 00000004h   
WriteConsoleOutputCharacter  . .	Text   	 WriteConsoleOutputCharacterA
WriteConsole . . . . . . . . . .	Text   	 WriteConsoleA
attributes_floor . . . . . . . .	Word	 00000376 _DATA	
birdDeleteFirstLine  . . . . . .	Byte	 00000322 _DATA	
birdFlyDownFirstLine . . . . . .	Byte	 00000325 _DATA	
birdFlyDownSecondLine  . . . . .	Byte	 0000032D _DATA	
birdFlyDownThirdLine . . . . . .	Byte	 00000333 _DATA	
birdFlyUpFirstLine . . . . . . .	Byte	 00000311 _DATA	
birdFlyUpSecondLine  . . . . . .	Byte	 00000314 _DATA	
birdFlyUpThirdLine . . . . . . .	Byte	 0000031D _DATA	
bird_pos . . . . . . . . . . . .	COORD	 00000336 _DATA	
bird_speed . . . . . . . . . . .	Word	 0000033A _DATA	
black  . . . . . . . . . . . . .	Number	 00000000h   
blueColor  . . . . . . . . . . .	Word	 0000069E _DATA	
blue . . . . . . . . . . . . . .	Number	 00000001h   
brownColor . . . . . . . . . . .	Word	 00000446 _DATA	
brown  . . . . . . . . . . . . .	Number	 00000006h   
bytesWritten . . . . . . . . . .	DWord	 00000342 _DATA	
cactusBottom . . . . . . . . . .	Byte	 00000071 _DATA	
cactusMiddle . . . . . . . . . .	Byte	 0000006B _DATA	
cactusTop  . . . . . . . . . . .	Byte	 00000069 _DATA	
cactus_height  . . . . . . . . .	DWord	 00000077 _DATA	
cactus_pos . . . . . . . . . . .	COORD	 00000073 _DATA	
cactus_speed . . . . . . . . . .	Word	 0000033C _DATA	
cellsWritten . . . . . . . . . .	DWord	 00000372 _DATA	
count  . . . . . . . . . . . . .	DWord	 00000346 _DATA	
cursorInfo . . . . . . . . . . .	CONSOLE_CURSOR_INFO  000009A1 _DATA	
cyan . . . . . . . . . . . . . .	Number	 00000003h   
darkBlueColor  . . . . . . . . .	Word	 0000082E _DATA	
dino_pos . . . . . . . . . . . .	COORD	 000000B3 _DATA	
dinosaurFifthLine  . . . . . . .	Byte	 000000A5 _DATA	
dinosaurFirstLeg . . . . . . . .	Byte	 000000AD _DATA	
dinosaurFirstLine  . . . . . . .	Byte	 0000007B _DATA	
dinosaurFourthLine . . . . . . .	Byte	 0000009B _DATA	
dinosaurSecondLeg  . . . . . . .	Byte	 000000AF _DATA	
dinosaurSecondLine . . . . . . .	Byte	 00000085 _DATA	
dinosaurSquatFirstHand . . . . .	Byte	 000000E6 _DATA	
dinosaurSquatFirstLeg  . . . . .	Byte	 000000E2 _DATA	
dinosaurSquatFirstLine . . . . .	Byte	 000000B7 _DATA	
dinosaurSquatSecondLeg . . . . .	Byte	 000000E4 _DATA	
dinosaurSquatSecondLine  . . . .	Byte	 000000C6 _DATA	
dinosaurSquatThirdLine . . . . .	Byte	 000000D6 _DATA	
dinosaurStep . . . . . . . . . .	Byte	 000000B1 _DATA	
dinosaurThirdLine  . . . . . . .	Byte	 00000091 _DATA	
enterMessage . . . . . . . . . .	Byte	 00000972 _DATA	
escMessage . . . . . . . . . . .	Byte	 0000098A _DATA	
exitMessage  . . . . . . . . . .	Byte	 00000978 _DATA	
exit_pos . . . . . . . . . . . .	COORD	 0000035E _DATA	
exit . . . . . . . . . . . . . .	Text   	 INVOKE ExitProcess,0
floorFix . . . . . . . . . . . .	Byte	 00000068 _DATA	
floorLength  . . . . . . . . . .	DWord	 00000000 _DATA	
floor_pos  . . . . . . . . . . .	COORD	 0000036A _DATA	
floor  . . . . . . . . . . . . .	Byte	 00000004 _DATA	
gameOverMessage  . . . . . . . .	Byte	 0000093B _DATA	
gameOver_pos . . . . . . . . . .	COORD	 00000356 _DATA	
gravity  . . . . . . . . . . . .	Word	 00000440 _DATA	
gray . . . . . . . . . . . . . .	Number	 00000008h   
greenColor . . . . . . . . . . .	Word	 0000050E _DATA	
green  . . . . . . . . . . . . .	Number	 00000002h   
hConsole . . . . . . . . . . . .	DWord	 0000099D _DATA	
highscoreString  . . . . . . . .	Byte	 0000092A _DATA	
highscore_pos  . . . . . . . . .	COORD	 0000034E _DATA	
highscore  . . . . . . . . . . .	DWord	 000008FA _DATA	
introString  . . . . . . . . . .	Byte	 000008FE _DATA	
intro_pos  . . . . . . . . . . .	COORD	 0000035A _DATA	
keyState . . . . . . . . . . . .	DWord	 00000442 _DATA	
lightBlue  . . . . . . . . . . .	Number	 00000009h   
lightCyan  . . . . . . . . . . .	Number	 0000000Bh   
lightGray  . . . . . . . . . . .	Number	 00000007h   
lightGreen . . . . . . . . . . .	Number	 0000000Ah   
lightMagenta . . . . . . . . . .	Number	 0000000Dh   
lightRed . . . . . . . . . . . .	Number	 0000000Ch   
magenta  . . . . . . . . . . . .	Number	 00000005h   
main . . . . . . . . . . . . . .	Text   	 start@0
outputHandle . . . . . . . . . .	DWord	 0000033E _DATA	
purpleColor  . . . . . . . . . .	Word	 00000766 _DATA	
redColor . . . . . . . . . . . .	Word	 000005D6 _DATA	
red  . . . . . . . . . . . . . .	Number	 00000004h   
restartMessage . . . . . . . . .	Byte	 00000946 _DATA	
restart_pos  . . . . . . . . . .	COORD	 00000362 _DATA	
scoreString  . . . . . . . . . .	Byte	 0000091E _DATA	
score_pos  . . . . . . . . . . .	COORD	 00000352 _DATA	
score  . . . . . . . . . . . . .	DWord	 000008F6 _DATA	
spaceMessage . . . . . . . . . .	Byte	 0000098E _DATA	
startMessage . . . . . . . . . .	Byte	 0000095D _DATA	
start_pos  . . . . . . . . . . .	COORD	 00000366 _DATA	
title10  . . . . . . . . . . . .	Byte	 00000287 _DATA	
title11  . . . . . . . . . . . .	Byte	 000002B5 _DATA	
title12  . . . . . . . . . . . .	Byte	 000002E3 _DATA	
title1 . . . . . . . . . . . . .	Byte	 000000E8 _DATA	
title2 . . . . . . . . . . . . .	Byte	 00000116 _DATA	
title3 . . . . . . . . . . . . .	Byte	 00000144 _DATA	
title4 . . . . . . . . . . . . .	Byte	 00000172 _DATA	
title5 . . . . . . . . . . . . .	Byte	 000001A0 _DATA	
title6 . . . . . . . . . . . . .	Byte	 000001CE _DATA	
title7 . . . . . . . . . . . . .	Byte	 000001FC _DATA	
title8 . . . . . . . . . . . . .	Byte	 0000022A _DATA	
title9 . . . . . . . . . . . . .	Byte	 00000259 _DATA	
title_pos  . . . . . . . . . . .	COORD	 0000034A _DATA	
upMessage  . . . . . . . . . . .	Byte	 00000994 _DATA	
velocity . . . . . . . . . . . .	Word	 0000043E _DATA	
white  . . . . . . . . . . . . .	Number	 0000000Fh   
wsprintf . . . . . . . . . . . .	Text   	 wsprintfA
xyBound  . . . . . . . . . . . .	COORD	 0000036E _DATA	
yellow . . . . . . . . . . . . .	Number	 0000000Eh   

	   0 Warnings
	   0 Errors
