Microsoft (R) Macro Assembler Version 14.42.34435.0	    12/30/24 00:30:53
main.asm						     Page 1 - 1


				INCLUDE Irvine32.inc
			      C ; Include file for Irvine32.lib             (Irvine32.inc)
			      C 
			      C ;OPTION CASEMAP:NONE		; optional: make identifiers case-sensitive
			      C 
			      C INCLUDE SmallWin.inc		; MS-Windows prototypes, structures, and constants
			      C .NOLIST
			      C .LIST
			      C 
			      C INCLUDE VirtualKeys.inc
			      C ; VirtualKeys.inc
			      C .NOLIST
			      C .LIST
			      C 
			      C 
			      C .NOLIST
			      C .LIST
			      C 

 00000000			.data
 00000000 00000064		    floorLength DWORD 100
 00000004  00000064 [		    floor BYTE 100 DUP(0C4h)
	    C4
	   ]
 00000068 C4			    floorFix  BYTE 0C4h
 = 00000003			    BoxWidth  = 3
 = 00000003			    BoxHeight = 3

 00000069 DA			    boxTop    BYTE 0DAh, (BoxWidth - 2) DUP(0C4h), 0BFh
	   00000001 [
	    C4
	   ] BF
 0000006C B3			    boxBody   BYTE 0B3h, (BoxWidth - 2) DUP(' '), 0B3h
	   00000001 [
	    20
	   ] B3
 0000006F C0			    boxBottom BYTE 0C0h, (BoxWidth - 2) DUP(0C4h), 0D9h
	   00000001 [
	    C4
	   ] D9

 00000072 20 20 7C 20 00	    cactusTop     BYTE '  ', '|', ' ', 0    ; The top part of the cactus
 00000077 7C 5F 7C 5F 7C	    cactusMiddle  BYTE '|', '_', '|', '_', '|', 0 ; The middle part of the cactus
	   00
 0000007D 7C 00			    cactusBottom  BYTE  '|', 0    ; The bottom part of the cactus
 0000007F 0025 0010		    cactus_pos    COORD <37, 16>           ; Cactus position
 00000083 00000003		    cactus_height DWORD 3                  ; Height of the cactus (3 lines)

 00000087 20 20 20 20 20	    dinosaurFirstLine  BYTE '     ____', 0
	   5F 5F 5F 5F 00
 00000091 20 20 20 20 7C	    dinosaurSecondLine BYTE '    | o__| ', 0
	   20 6F 5F 5F 7C
	   20 00
 0000009D 20 20 20 20 7C	    dinosaurThirdLine  BYTE '    | |_ ', 0
	   20 7C 5F 20 00
 000000A7 2F 5C 5F 5F 2F	    dinosaurFourthLine BYTE '/\__/ |- ', 0
	   20 7C 2D 20 00
 000000B1 5C 5F 5F 5F 5F	    dinosaurFifthLine  BYTE '\____/ ', 0
	   2F 20 00
 000000B9 4C 00			    dinosaurFirstLeg   BYTE 'L', 0
 000000BB 4C 00			    dinosaurSecondLeg  BYTE 'L', 0
 000000BD 0003 000D		    dino_pos COORD <3,13> ; 起始位置
 000000C1 20 20 20 20 20	    title1 BYTE  '       _      _                _  _____      ', 0
	   20 20 5F 20 20
	   20 20 20 20 5F
	   20 20 20 20 20
	   20 20 20 20 20
	   20 20 20 20 20
	   20 5F 20 20 5F
	   5F 5F 5F 5F 20
	   20 20 20 20 20
	   00
 000000EF 20 20 20 20 20	    title2 BYTE  '      | |    |_|   _      _   | ||  ___|     ', 0
	   20 7C 20 7C 20
	   20 20 20 7C 5F
	   7C 20 20 20 5F
	   20 20 20 20 20
	   20 5F 20 20 20
	   7C 20 7C 7C 20
	   20 5F 5F 5F 7C
	   20 20 20 20 20
	   00
 0000011D 20 20 20 20 20	    title3 BYTE  '      | |     _  _| |_  _| |_ | || |___      ', 0
	   20 7C 20 7C 20
	   20 20 20 20 5F
	   20 20 5F 7C 20
	   7C 5F 20 20 5F
	   7C 20 7C 5F 20
	   7C 20 7C 7C 20
	   7C 5F 5F 5F 20
	   20 20 20 20 20
	   00
 0000014B 20 20 20 20 20	    title4 BYTE  '      | |    | ||_   _||_   _|| ||  ___|     ', 0
	   20 7C 20 7C 20
	   20 20 20 7C 20
	   7C 7C 5F 20 20
	   20 5F 7C 7C 5F
	   20 20 20 5F 7C
	   7C 20 7C 7C 20
	   20 5F 5F 5F 7C
	   20 20 20 20 20
	   00
 00000179 20 20 20 20 20	    title5 BYTE  '      | |___ | |  | |    | |  | || |___      ', 0
	   20 7C 20 7C 5F
	   5F 5F 20 7C 20
	   7C 20 20 7C 20
	   7C 20 20 20 20
	   7C 20 7C 20 20
	   7C 20 7C 7C 20
	   7C 5F 5F 5F 20
	   20 20 20 20 20
	   00
 000001A7 20 20 20 20 20	    title6 BYTE  '      |_____||_|  |_|    |_|  |_||_____|     ', 0
	   20 7C 5F 5F 5F
	   5F 5F 7C 7C 5F
	   7C 20 20 7C 5F
	   7C 20 20 20 20
	   7C 5F 7C 20 20
	   7C 5F 7C 7C 5F
	   5F 5F 5F 5F 7C
	   20 20 20 20 20
	   00
 000001D5 20 5F 5F 5F 5F	    title7 BYTE  ' _____   _                                   ', 0
	   5F 20 20 20 5F
	   20 20 20 20 20
	   20 20 20 20 20
	   20 20 20 20 20
	   20 20 20 20 20
	   20 20 20 20 20
	   20 20 20 20 20
	   20 20 20 20 20
	   00
 00000203 7C 20 20 5F 5F	    title8 BYTE  '|  __ \ |_|                                   ', 0
	   20 5C 20 7C 5F
	   7C 20 20 20 20
	   20 20 20 20 20
	   20 20 20 20 20
	   20 20 20 20 20
	   20 20 20 20 20
	   20 20 20 20 20
	   20 20 20 20 20
	   20 00
 00000232 7C 20 7C 20 20	    title9 BYTE  '| |  | | _  _ __   ___  ___  __ _  _   _  _ _', 0
	   7C 20 7C 20 5F
	   20 20 5F 20 5F
	   5F 20 20 20 5F
	   5F 5F 20 20 5F
	   5F 5F 20 20 5F
	   5F 20 5F 20 20
	   5F 20 20 20 5F
	   20 20 5F 20 5F
	   00
 00000260 7C 20 7C 20 20	    title10 BYTE '| |  | || || |_ \ / _ \/ __|/ _` || | | || |/', 0
	   7C 20 7C 7C 20
	   7C 7C 20 7C 5F
	   20 5C 20 2F 20
	   5F 20 5C 2F 20
	   5F 5F 7C 2F 20
	   5F 60 20 7C 7C
	   20 7C 20 7C 20
	   7C 7C 20 7C 2F
	   00
 0000028E 7C 20 7C 5F 5F	    title11 BYTE '| |__| || || | | ||(_)|\__ \|(_| || | | || | ', 0
	   7C 20 7C 7C 20
	   7C 7C 20 7C 20
	   7C 20 7C 7C 28
	   5F 29 7C 5C 5F
	   5F 20 5C 7C 28
	   5F 7C 20 7C 7C
	   20 7C 20 7C 20
	   7C 7C 20 7C 20
	   00
 000002BC 7C 5F 5F 5F 5F	    title12 BYTE '|_____/ |_||_| |_|\___/|___/\__,_| \____||_| ', 0
	   5F 2F 20 7C 5F
	   7C 7C 5F 7C 20
	   7C 5F 7C 5C 5F
	   5F 5F 2F 7C 5F
	   5F 5F 2F 5C 5F
	   5F 2C 5F 7C 20
	   5C 5F 5F 5F 5F
	   7C 7C 5F 7C 20
	   00


 000002EA 2D 00			    dinosaurStep BYTE '-', 0
				    
 000002EC 20 20 20 20 20	    dinosaurSquatFirstLine BYTE '         ____ ', 0
	   20 20 20 20 5F
	   5F 5F 5F 20 00
 000002FB 20 2F 5C 5F 5F	    dinosaurSquatSecondLine BYTE ' /\_____| o__| ', 0
	   5F 5F 5F 7C 20
	   6F 5F 5F 7C 20
	   00
 0000030B 20 5C 5F 5F 5F	    dinosaurSquatThirdLine BYTE ' \_______/ ', 0
	   5F 5F 5F 5F 2F
	   20 00
 00000317 4C 00			    dinosaurSquatFirstLeg BYTE 'L', 0
 00000319 4C 00			    dinosaurSquatSecondLeg BYTE 'L', 0
 0000031B 22 00			    dinosaurSquatFirstHand BYTE '"', 0

 0000031D 0005			    cactus_speed WORD 5 ; 仙人掌的速度
 0000031F 00000000		    outputHandle DWORD 0
 00000323 00000000		    bytesWritten DWORD 0
 00000327 00000000		    count DWORD 0
 0000032B 001E 0002		    title_pos COORD <30,2>
 0000032F 0025 0000		    highscore_pos COORD <37,0>
 00000333 0039 0000		    score_pos COORD <57,0>
 00000337 002F 0002		    gameOver_pos COORD <47,2>
 0000033B 0025 0015		    intro_pos COORD <37,21>
 0000033F 002C 0004		    exit_pos COORD <44,4>
 00000343 002A 0005		    restart_pos COORD <42,5>
 00000347 002A 0013		    start_pos COORD <42,19>
 0000034B 0000 0012		    floor_pos COORD <0,18>
 0000034F 0050 0019		    xyBound COORD <80,25> ; 螢幕邊界
 00000353 00000000		    cellsWritten DWORD ?
 00000357  00000064 [		    attributes_floor WORD 100 DUP(0Fh)
	    000F
	   ]
 0000041F 0000			    velocity WORD 0  ; 速度，控制跳躍上升和下降
 00000421 0001			    gravity WORD 1   ; 重力，會讓速度每次減少 1
 00000423 00000000		    keyState DWORD 0

 00000427  00000064 [		    brownColor WORD 100 DUP(06h) ; 06表示棕色
	    0006
	   ]
 000004EF  00000064 [		    greenColor WORD 100 DUP(0Ah) ; 0A表示綠色
	    000A
	   ]
 000005B7  00000064 [		    redColor WORD 100 DUP(0Ch)  ; 0C表示紅色
	    000C
	   ]
 0000067F  00000064 [		    blueColor WORD 100 DUP(01h) ; 0A表示藍色
	    0001
	   ]
 00000747  00000064 [		    purpleColor WORD 100 DUP(05h) ; 05表示紫色
	    0005
	   ]

 0000080F 00000000		    score DWORD 0
 00000813 00000000		    highscore DWORD 0
 00000817 50 72 65 73 73	    introString BYTE "Press SPACE or UP ARROW to jump", 0
	   20 53 50 41 43
	   45 20 6F 72 20
	   55 50 20 41 52
	   52 4F 57 20 74
	   6F 20 6A 75 6D
	   70 00
 00000837 53 63 6F 72 65	    scoreString BYTE "Score: 0000", 0
	   3A 20 30 30 30
	   30 00
 00000843 48 69 67 68 20	    highscoreString BYTE "High Score: 0000", 0
	   53 63 6F 72 65
	   3A 20 30 30 30
	   30 00
 00000854 47 61 6D 65 20	    gameOverMessage BYTE "Game Over!", 0
	   4F 76 65 72 21
	   00
 0000085F 50 72 65 73 73	    restartMessage BYTE "Press ENTER to restart", 0
	   20 45 4E 54 45
	   52 20 74 6F 20
	   72 65 73 74 61
	   72 74 00
 00000876 50 72 65 73 73	    startMessage BYTE "Press ENTER to start", 0
	   20 45 4E 54 45
	   52 20 74 6F 20
	   73 74 61 72 74
	   00
 0000088B 45 4E 54 45 52	    enterMessage BYTE "ENTER", 0
	   00
 00000891 50 72 65 73 73	    exitMessage BYTE "Press ESC to exit", 0
	   20 45 53 43 20
	   74 6F 20 65 78
	   69 74 00
 000008A3 45 53 43 00		    escMessage BYTE "ESC", 0
 000008A7 53 50 41 43 45	    spaceMessage BYTE "SPACE", 0
	   00
 000008AD 55 50 20 41 52	    upMessage BYTE "UP ARROW", 0
	   52 4F 57 00

 000008B6 00000000		    hConsole HANDLE ?                ; Handle to the console
 000008BA 00000000		    cursorInfo CONSOLE_CURSOR_INFO <> ; Structure to store cursor info
	   00000000

 = start@0			main EQU start@0

 00000000			.code
				    SetConsoleOutputCP PROTO STDCALL :DWORD
				    GetAsyncKeyState PROTO STDCALL :DWORD
				    Sleep PROTO STDCALL :DWORD  ; 延遲函數

 00000000			main PROC
				    INVOKE SetConsoleOutputCP, 437

				    ; 取得控制台的輸出控制
				    INVOKE GetStdHandle, STD_OUTPUT_HANDLE
 00000011  A3 0000031F R	    mov outputHandle, eax

				    ; 畫出初始背景
				    ;call DrawDinosaur
 00000016  E8 000010FE		    call DrawTitle
 0000001B  E8 00000D1F		    call DrawIntro
 00000020  E8 00000DE1		    call DrawStartMessage
 00000025  E8 000003F2		    call WaitForStart
				    ; 主迴圈
 0000002A			mainLoop:
				    ; 加入延遲，避免移動速度過快
				    INVOKE Sleep, 75  ; 延遲 75 毫秒
 00000031  FF 05 0000080F R	    inc score
 00000037  E8 00001091		    call FormatScore
				    ;減回畫方塊所位移的2格
 0000003C  66| 83 2D		    sub dino_pos.y, 5
	   000000BF R 05
 00000044  66| 83 2D		    sub dino_pos.x, 4
	   000000BD R 04
 0000004C  E8 00000F9F		    call DrawStandLeftStepBackground
				    INVOKE Sleep, 100
 00000058  66| 83 2D		    sub dino_pos.x, 4
	   000000BD R 04
 00000060  66| 83 2D		    sub dino_pos.y, 5
	   000000BF R 05
 00000068  E8 00000FA7		    call DrawStandRightStepBackground
 0000006D  E8 00000018		    call CheckJumpKey
 00000072  B8 00000000		    mov eax, 0
				    ; 檢查是否碰撞到仙人掌
 00000077  E8 00000171		    call CheckCollision
 0000007C  83 F8 01		    cmp eax, 1
 0000007F  74 02		    je GameOver ; 如果碰撞到仙人掌，則遊戲結束
				    ; 如果沒有檢測到任何按鍵，則重新回到主迴圈
 00000081  EB A7		    jmp mainLoop

 00000083			Gameover:
 00000083  E8 0000022A		    call GameOverMsg
 00000088  EB A0		    jmp mainLoop

				; **檢測上鍵和空白鍵的跳躍**
 0000008A			CheckJumpKey PROC
				    ; 檢測上鍵 (VK_UP)
				    INVOKE GetAsyncKeyState, VK_UP
 00000091  A9 00008000		    test eax, 8000h
 00000096  75 1D		    jnz DoJump  ; 如果按下上鍵，執行跳躍

				    ; 檢測空白鍵 (VK_SPACE)
				    INVOKE GetAsyncKeyState, VK_SPACE
 0000009F  A9 00008000		    test eax, 8000h
 000000A4  75 0F		    jnz DoJump  ; 如果按下空白鍵，執行跳躍

				    ;check down key
				    INVOKE GetAsyncKeyState, VK_DOWN
 000000AD  A9 00008000		    test eax, 8000h
 000000B2  75 0C		    jnz DoSquat  ; 如果按下下鍵，執行蹲下
 000000B4  C3			    ret

 000000B5			DoJump:
 000000B5  E8 0000000C		    call Jump
 000000BA  E8 00001000		    call WaitForRelease ; 等待按鍵釋放，避免重複跳躍
 000000BF  C3			    ret

 000000C0			DoSquat:
 000000C0  E8 000000B1		    call Squat
 000000C5  C3			    ret
 000000C6			CheckJumpKey ENDP

				; **跳躍的動作 (獨立出一個子程式)**
				; **跳躍的動作，加入重力效果**
 000000C6			Jump PROC
				    ; 設定初始速度 (例如速度 6 可以測試跳得多高)
 000000C6  66| C7 05		    mov velocity, 12
	   0000041F R
	   000C
 000000CF  66| C7 05		    mov gravity, 3  ; 重力，每次更新速度時會減少
	   00000421 R
	   0003

 000000D8			JumpLoop:
				    ; 檢查下鍵是否被按下
				    INVOKE GetAsyncKeyState, VK_DOWN
 000000DF  A9 00008000		    test eax, 8000h
 000000E4  74 09		    jz NormalDescent  ; 如果沒有按下下鍵，使用正常重力
				    
				    ; 如果按下下鍵，加快下降速度
 000000E6  66| C7 05		    mov gravity, 7    ; 增加重力值使下降更快
	   00000421 R
	   0007
				    
 000000EF			NormalDescent:
				    ; 更新 Y 座標，模擬向上和向下運動
 000000EF  66| A1		    mov ax, velocity
	   0000041F R
 000000F5  66| 29 05		    sub dino_pos.y, ax  ; y = y - velocity
	   000000BF R
 000000FC  66| 83 2D		    sub dino_pos.x, 4
	   000000BD R 04
				    
				    ; 更新成下一時刻的畫面
 00000104  E8 00000EC3		    call DrawBackground
				    ;繼續增加score
 00000109  FF 05 0000080F R	    inc score
 0000010F  E8 00000FB9		    call FormatScore
				    
				    ; 模擬重力效果，速度會逐漸減少
 00000114  66| A1		    mov ax, velocity      ; Load velocity into AX
	   0000041F R
 0000011A  66| 2B 05		    sub ax, gravity       ; Add gravity to velocity
	   00000421 R
 00000121  66| A3		    mov velocity, ax      ; Store updated velocity back to memory
	   0000041F R
				    
				    ; 檢查恐龍是否已經回到地面
 00000127  66| 83 3D		    cmp dino_pos.y, 13  ; 假設地面 y 座標為 11
	   000000BF R 0D
 0000012F  7D 09		    jge CheckForSquat    ; 如果 y >= 11，檢查是否需要蹲下
				    
				    ; 延遲，讓動作不會太快
				    INVOKE Sleep, 100
 00000138  EB 9E		    jmp JumpLoop  ; 繼續下一幀

 0000013A			CheckForSquat:
				    ; 確保恐龍回到地面位置
 0000013A  66| C7 05		    mov dino_pos.y, 18
	   000000BF R
	   0012
				    ; 檢查下鍵是否仍被按著
				    INVOKE GetAsyncKeyState, VK_DOWN
 0000014A  A9 00008000		    test eax, 8000h
 0000014F  75 16		    jnz GoToSquat       ; 如果下鍵仍被按著，執行蹲下動作
				    
				    ; 如果沒有按下鍵，恢復正常站立姿勢
 00000151  66| 83 2D		    sub dino_pos.x, 4
	   000000BD R 04
 00000159  66| 83 2D		    sub dino_pos.y, 5
	   000000BF R 05
 00000161  E8 00000E66		    call DrawBackground
 00000166  C3			    ret

 00000167			GoToSquat:
				    ; 重置重力值為正常值
 00000167  66| C7 05		    mov gravity, 3
	   00000421 R
	   0003
				    ; 直接跳轉到蹲下程序
 00000170  E8 00000001		    call Squat
 00000175  C3			    ret
 00000176			Jump ENDP

 00000176			Squat PROC
				    ; 進入蹲下循環
 00000176			SquatLoop:
				    ; 檢查下鍵是否仍然被按著
				    INVOKE GetAsyncKeyState, VK_DOWN
 0000017D  A9 00008000		    test eax, 8000h
 00000182  74 53		    jz RestoreNormalStance  ; 如果放開按鍵，恢復正常姿勢

				    ;INVOKE GetAsyncKeyState, VK_UP
				    ;test eax, 8000h
				    ;jnz jump

				    ; 如果仍在按著，繼續蹲下狀態
 00000184  66| 83 2D		    sub dino_pos.x, 7
	   000000BD R 07
 0000018C  66| 83 2D		    sub dino_pos.y, 3
	   000000BF R 03
 00000194  E8 00000E9F		    call DrawSquatFirstStepBackground
				    INVOKE Sleep, 100
 000001A0  66| 83 2D		    sub dino_pos.x, 7
	   000000BD R 07
 000001A8  66| 83 2D		    sub dino_pos.y, 3
	   000000BF R 03
 000001B0  E8 00000EA7		    call DrawSquatSecondStepBackground
				    
				    ; 增加分數
 000001B5  FF 05 0000080F R	    inc score
 000001BB  E8 00000F0D		    call FormatScore
				    
				    ; 檢查碰撞
 000001C0  E8 00000028		    call CheckCollision
 000001C5  83 F8 01		    cmp eax, 1
 000001C8  0F 84 000000E4	    je GameOverMsg
				    
				    ; 添加適當的延遲
				    INVOKE Sleep, 75
				    
				    ; 繼續循環
 000001D5  EB 9F		    jmp SquatLoop

 000001D7			RestoreNormalStance:
				    ; 恢復正常姿勢
 000001D7  66| 83 2D		    sub dino_pos.x, 4
	   000000BD R 04
 000001DF  66| 83 2D		    sub dino_pos.y, 5
	   000000BF R 05
 000001E7  E8 00000DE0		    call DrawBackground
 000001EC  C3			    ret
 000001ED			Squat ENDP
				    
 000001ED			CheckCollision PROC
				    ; 檢查是否碰撞到仙人掌
 000001ED  66| A1		    mov ax, cactus_pos.x          ; Get the cactus's x position
	   0000007F R
 000001F3  66| 8B 0D		    mov cx, dino_pos.x         ; Get the dinosaur's x position
	   000000BD R
 000001FA  66| 83 E8 01		    sub ax, 1
 000001FE  66| 2B C1		    sub ax, cx                    ; Calculate the horizontal distance between cactus and dinosaur
 00000201  66| 83 F8 03		    cmp ax, 3                     ; If the difference is 3 or more, no collision
 00000205  7D 3A		    jge NoCollision               ; Jump to NoCollision if no collision on x-axis

 00000207  66| A1		    mov ax, cactus_pos.y          ; Get the cactus's y position
	   00000081 R
 0000020D  66| 8B 0D		    mov cx, dino_pos.y         ; Get the dinosaur's y position
	   000000BF R
 00000214  66| 2B C1		    sub ax, cx                    ; Calculate the vertical distance between cactus and dinosaur
 00000217  66| 83 F8 03		    cmp ax, 3                     ; If the difference is 3 or more, no collision
 0000021B  7D 24		    jge NoCollision               ; Jump to NoCollision if no collision on y-axis

				    ; 如果發生碰撞，檢查分數是否高於 highScore
 0000021D  A1 0000080F R	    mov eax, score                 ; Load current score into eax
 00000222  8B 1D 00000813 R	    mov ebx, highscore             ; Load high score into ebx
 00000228  3B C3		    cmp eax, ebx                   ; Compare current score with high score
 0000022A  7E 0F		    jle NoUpdateHighScore         ; Jump if current score is not greater than high score

				    ; 更新 high score
 0000022C  A3 00000813 R	    mov highscore, eax             ; Update high score

				    ; 呼叫 FormatHighScore 來顯示更新後的 high score
 00000231  E8 00000EBD		    call FormatHighScore
 00000236  E8 00000D56		    call DrawHighScore

 0000023B			NoUpdateHighScore:
				    ; 如果發生碰撞，返回 1，表示遊戲結束
 0000023B  B8 00000001		    mov eax, 1                    ; Set eax to 1 indicating collision happened
 00000240  C3			    ret

 00000241			NoCollision:
				    ; 如果沒有碰撞，返回 0
 00000241  B8 00000000		    mov eax, 0                    ; Set eax to 0 indicating no collision
 00000246  C3			    ret
 00000247			CheckCollision ENDP


				; **重置遊戲變數，讓遊戲重新開始**
 00000247			RestartGame PROC
				    ; 重置分數
 00000247  C7 05 0000080F R	    mov score, 0
	   00000000
 00000251  C6 05 0000083E R	    mov BYTE PTR [scoreString + 7], '0'
	   30
 00000258  C6 05 0000083F R	    mov BYTE PTR [scoreString + 8], '0'
	   30
 0000025F  C6 05 00000840 R	    mov BYTE PTR [scoreString + 9], '0'
	   30
 00000266  C6 05 00000841 R	    mov BYTE PTR [scoreString + 10], '0'
	   30
				    ; 重置恐龍的位置
 0000026D  66| C7 05		    mov dino_pos.x, 3     ; 起始位置 X
	   000000BD R
	   0003
 00000276  66| C7 05		    mov dino_pos.y, 13    ; 恐龍位置 Y（在地面上）
	   000000BF R
	   000D

				    ; 重置仙人掌的位置
 0000027F  66| C7 05		    mov cactus_pos.x, 70    ; 仙人掌在螢幕右邊
	   0000007F R
	   0046
 00000288  66| C7 05		    mov cactus_pos.y, 18    ; 仙人掌的地面高度
	   00000081 R
	   0012

				    ; 重置其他遊戲變數
 00000291  66| C7 05		    mov velocity, 6         ; 停止恐龍的跳躍速度
	   0000041F R
	   0006
 0000029A  66| C7 05		    mov gravity, 2          ; 重力重置
	   00000421 R
	   0002
 000002A3  66| C7 05		    mov cactus_speed, 5     ; 仙人掌的速度
	   0000031D R
	   0005
				    
				    ; 重新繪製畫面
 000002AC  E8 00000D1B		    call DrawBackground
 000002B1  C3			    ret
 000002B2			RestartGame ENDP

				; **遊戲結束**
 000002B2			GameOverMsg PROC
				    ; 顯示 "Game Over!" 訊息
				    INVOKE WriteConsoleOutputAttribute, outputHandle, ADDR redColor, 10, gameOver_pos, ADDR cellsWritten
				    INVOKE WriteConsoleOutputCharacter, outputHandle, ADDR gameOverMessage, 10, gameOver_pos, ADDR cellsWritten
				    
				    ; 顯示 "Press Enter to restart" 和 "Press Esc to exit" 訊息
				    INVOKE WriteConsoleOutputAttribute, outputHandle, ADDR attributes_floor, 17, exit_pos, ADDR cellsWritten
				    INVOKE WriteConsoleOutputCharacter, outputHandle, ADDR exitMessage, 17, exit_pos, ADDR cellsWritten
 00000326  66| 83 05		    add exit_pos.x, 6
	   0000033F R 06
				    INVOKE WriteConsoleOutputAttribute, outputHandle, ADDR blueColor, 3, exit_pos , ADDR cellsWritten
				    INVOKE WriteConsoleOutputCharacter, outputHandle, ADDR escMessage, 3, exit_pos , ADDR cellsWritten
 00000368  66| 83 2D		    sub exit_pos.x, 6
	   0000033F R 06

				    INVOKE WriteConsoleOutputAttribute, outputHandle, ADDR attributes_floor, 23, restart_pos, ADDR cellsWritten
				    INVOKE WriteConsoleOutputCharacter, outputHandle, ADDR restartMessage, 23, restart_pos, ADDR cellsWritten
 000003AA  66| 83 05		    add restart_pos.x, 6
	   00000343 R 06
				    INVOKE WriteConsoleOutputAttribute, outputHandle, ADDR blueColor, 5, restart_pos , ADDR cellsWritten
				    INVOKE WriteConsoleOutputCharacter, outputHandle, ADDR enterMessage, 5, restart_pos , ADDR cellsWritten
 000003EC  66| 83 2D		    sub restart_pos.x, 6
	   00000343 R 06
				    
				    ; 等待玩家按下 Enter 或 Esc 鍵
 000003F4  E8 00000001		    call WaitForEnter
 000003F9  C3			    ret
 000003FA			GameOverMsg ENDP

 000003FA			WaitForEnter PROC
				    ; 檢測是否按下 Enter 或 Esc 鍵
 000003FA			WaitLoop:
				    INVOKE GetAsyncKeyState, VK_RETURN
 00000401  A9 00008000		    test eax, 8000h        ; 檢查是否按下 Enter 鍵
 00000406  0F 85 FFFFFE3B	    jnz RestartGame        ; 如果按下 Enter，重啟遊戲

				    INVOKE GetAsyncKeyState, VK_ESCAPE
 00000413  A9 00008000		    test eax, 8000h        ; 檢查是否按下 Esc 鍵
 00000418  75 16		    jnz ExitGame           ; 如果按下 Esc，退出遊戲

 0000041A  EB DE		    jmp WaitLoop           ; 如果沒有按下任何鍵，繼續等待
 0000041C			WaitForEnter ENDP
 0000041C			WaitForStart PROC
				    ; 檢測是否按下 Enter鍵
 0000041C			WaitForStartLoop:
				    INVOKE GetAsyncKeyState, VK_RETURN
 00000423  A9 00008000		    test eax, 8000h        ; 檢查是否按下 Enter 鍵
 00000428  0F 85 FFFFFE19	    jnz RestartGame          ; 如果按下 Enter，開始遊戲
 0000042E  EB EC		    jmp WaitForStartLoop   ; 如果沒有按下任何鍵，繼續等待
 00000430			WaitForStart ENDP
				; **結束遊戲**
 00000430			ExitGame PROC
				    ; 顯示退出訊息
				    INVOKE WriteConsoleOutputAttribute, outputHandle, ADDR attributes_floor, 40, exit_pos, ADDR cellsWritten
				    INVOKE WriteConsoleOutputCharacter, outputHandle, ADDR exitMessage, 23, exit_pos, ADDR cellsWritten
				    ; 結束程式
				    INVOKE ExitProcess, 0
 00000471			ExitGame ENDP

 00000471			DrawFloor PROC
				    INVOKE WriteConsoleOutputAttribute, outputHandle, ADDR attributes_floor, floorLength, floor_pos, ADDR cellsWritten
				    INVOKE WriteConsoleOutputCharacter, outputHandle, ADDR floor, floorLength, floor_pos, ADDR cellsWritten
 000004B3  C3			    ret
 000004B4			DrawFloor ENDP

 000004B4			DrawDinosaur PROC
 000004B4  E8 FFFFFFB8		    call DrawFloor
				    ; Draw the dinosaur at its current position 
				    INVOKE WriteConsoleOutputAttribute, outputHandle, ADDR brownColor, 11, dino_pos, ADDR cellsWritten
				    INVOKE WriteConsoleOutputCharacter, outputHandle, ADDR dinosaurFirstLine, 11, dino_pos, ADDR cellsWritten
 000004F3  66| FF 05		    inc dino_pos.y
	   000000BF R
				    INVOKE WriteConsoleOutputAttribute, outputHandle, ADDR brownColor, 11, dino_pos, ADDR cellsWritten
				    INVOKE WriteConsoleOutputCharacter, outputHandle, ADDR dinosaurSecondLine, 11, dino_pos, ADDR cellsWritten
 00000534  66| FF 05		    inc dino_pos.y
	   000000BF R
				    INVOKE WriteConsoleOutputAttribute, outputHandle, ADDR brownColor, 8, dino_pos, ADDR cellsWritten
				    INVOKE WriteConsoleOutputCharacter, outputHandle, ADDR dinosaurThirdLine, 8, dino_pos, ADDR cellsWritten
 00000575  66| FF 05		    inc dino_pos.y
	   000000BF R
				    INVOKE WriteConsoleOutputAttribute, outputHandle, ADDR brownColor, 10, dino_pos, ADDR cellsWritten
				    INVOKE WriteConsoleOutputCharacter, outputHandle, ADDR dinosaurFourthLine, 10, dino_pos, ADDR cellsWritten
 000005B6  66| FF 05		    inc dino_pos.y
	   000000BF R
				    INVOKE WriteConsoleOutputAttribute, outputHandle, ADDR brownColor, 8, dino_pos, ADDR cellsWritten
				    INVOKE WriteConsoleOutputCharacter, outputHandle, ADDR dinosaurFifthLine, 8, dino_pos, ADDR cellsWritten
 000005F7  66| FF 05		    inc dino_pos.y
	   000000BF R
 000005FE  66| 83 05		    add dino_pos.x, 2
	   000000BD R 02
				    INVOKE WriteConsoleOutputAttribute, outputHandle, ADDR brownColor, 1, dino_pos, ADDR cellsWritten
				    INVOKE WriteConsoleOutputCharacter, outputHandle, ADDR dinosaurFirstLeg, 1, dino_pos, ADDR cellsWritten
 00000640  66| 83 05		    add dino_pos.x, 2
	   000000BD R 02
				    INVOKE WriteConsoleOutputAttribute, outputHandle, ADDR brownColor, 1, dino_pos, ADDR cellsWritten
				    INVOKE WriteConsoleOutputCharacter, outputHandle, ADDR dinosaurSecondLeg, 1, dino_pos, ADDR cellsWritten
 00000682  C3			    ret
 00000683			DrawDinosaur ENDP

 00000683			DrawDinosaurStandLeftStep PROC
 00000683  E8 FFFFFDE9		    call DrawFloor
				    ; Draw the dinosaur at its current position 
				    INVOKE WriteConsoleOutputAttribute, outputHandle, ADDR brownColor, 11, dino_pos, ADDR cellsWritten
				    INVOKE WriteConsoleOutputCharacter, outputHandle, ADDR dinosaurFirstLine, 11, dino_pos, ADDR cellsWritten
 000006C2  66| FF 05		    inc dino_pos.y
	   000000BF R
				    INVOKE WriteConsoleOutputAttribute, outputHandle, ADDR brownColor, 11, dino_pos, ADDR cellsWritten
				    INVOKE WriteConsoleOutputCharacter, outputHandle, ADDR dinosaurSecondLine, 11, dino_pos, ADDR cellsWritten
 00000703  66| FF 05		    inc dino_pos.y
	   000000BF R
				    INVOKE WriteConsoleOutputAttribute, outputHandle, ADDR brownColor, 8, dino_pos, ADDR cellsWritten
				    INVOKE WriteConsoleOutputCharacter, outputHandle, ADDR dinosaurThirdLine, 8, dino_pos, ADDR cellsWritten
 00000744  66| FF 05		    inc dino_pos.y
	   000000BF R
				    INVOKE WriteConsoleOutputAttribute, outputHandle, ADDR brownColor, 10, dino_pos, ADDR cellsWritten
				    INVOKE WriteConsoleOutputCharacter, outputHandle, ADDR dinosaurFourthLine, 10, dino_pos, ADDR cellsWritten
 00000785  66| FF 05		    inc dino_pos.y
	   000000BF R
				    INVOKE WriteConsoleOutputAttribute, outputHandle, ADDR brownColor, 8, dino_pos, ADDR cellsWritten
				    INVOKE WriteConsoleOutputCharacter, outputHandle, ADDR dinosaurFifthLine, 8, dino_pos, ADDR cellsWritten
 000007C6  66| FF 05		    inc dino_pos.y
	   000000BF R
 000007CD  66| 83 05		    add dino_pos.x, 2
	   000000BD R 02
				    INVOKE WriteConsoleOutputAttribute, outputHandle, ADDR brownColor, 1, dino_pos, ADDR cellsWritten
				    INVOKE WriteConsoleOutputCharacter, outputHandle, ADDR dinosaurFirstLeg, 1, dino_pos, ADDR cellsWritten
 0000080F  66| 83 05		    add dino_pos.x, 2
	   000000BD R 02
				    INVOKE WriteConsoleOutputAttribute, outputHandle, ADDR brownColor, 1, dino_pos, ADDR cellsWritten
				    INVOKE WriteConsoleOutputCharacter, outputHandle, ADDR dinosaurStep, 1, dino_pos, ADDR cellsWritten
 00000851  C3			    ret
 00000852			DrawDinosaurStandLeftStep ENDP

 00000852			DrawDinosaurStandRightStep PROC
 00000852  E8 FFFFFC1A		    call DrawFloor
				    ; Draw the dinosaur at its current position 
				    INVOKE WriteConsoleOutputAttribute, outputHandle, ADDR brownColor, 11, dino_pos, ADDR cellsWritten
				    INVOKE WriteConsoleOutputCharacter, outputHandle, ADDR dinosaurFirstLine, 11, dino_pos, ADDR cellsWritten
 00000891  66| FF 05		    inc dino_pos.y
	   000000BF R
				    INVOKE WriteConsoleOutputAttribute, outputHandle, ADDR brownColor, 11, dino_pos, ADDR cellsWritten
				    INVOKE WriteConsoleOutputCharacter, outputHandle, ADDR dinosaurSecondLine, 11, dino_pos, ADDR cellsWritten
 000008D2  66| FF 05		    inc dino_pos.y
	   000000BF R
				    INVOKE WriteConsoleOutputAttribute, outputHandle, ADDR brownColor, 8, dino_pos, ADDR cellsWritten
				    INVOKE WriteConsoleOutputCharacter, outputHandle, ADDR dinosaurThirdLine, 8, dino_pos, ADDR cellsWritten
 00000913  66| FF 05		    inc dino_pos.y
	   000000BF R
				    INVOKE WriteConsoleOutputAttribute, outputHandle, ADDR brownColor, 10, dino_pos, ADDR cellsWritten
				    INVOKE WriteConsoleOutputCharacter, outputHandle, ADDR dinosaurFourthLine, 10, dino_pos, ADDR cellsWritten
 00000954  66| FF 05		    inc dino_pos.y
	   000000BF R
				    INVOKE WriteConsoleOutputAttribute, outputHandle, ADDR brownColor, 8, dino_pos, ADDR cellsWritten
				    INVOKE WriteConsoleOutputCharacter, outputHandle, ADDR dinosaurFifthLine, 8, dino_pos, ADDR cellsWritten
 00000995  66| FF 05		    inc dino_pos.y
	   000000BF R
 0000099C  66| 83 05		    add dino_pos.x, 2
	   000000BD R 02
				    INVOKE WriteConsoleOutputAttribute, outputHandle, ADDR brownColor, 1, dino_pos, ADDR cellsWritten
				    INVOKE WriteConsoleOutputCharacter, outputHandle, ADDR dinosaurStep, 1, dino_pos, ADDR cellsWritten
 000009DE  66| 83 05		    add dino_pos.x, 2
	   000000BD R 02
				    INVOKE WriteConsoleOutputAttribute, outputHandle, ADDR brownColor, 1, dino_pos, ADDR cellsWritten
				    INVOKE WriteConsoleOutputCharacter, outputHandle, ADDR dinosaurSecondLeg, 1, dino_pos, ADDR cellsWritten
 00000A20  C3			    ret
 00000A21			DrawDinosaurStandRightStep ENDP

 00000A21			DrawSquatFirstStep PROC
 00000A21  E8 FFFFFA4B		    call DrawFloor
				    ; Draw the dinosaur at its current position 
				    INVOKE WriteConsoleOutputAttribute, outputHandle, ADDR brownColor, 15, dino_pos, ADDR cellsWritten
				    INVOKE WriteConsoleOutputCharacter, outputHandle, ADDR dinosaurSquatFirstLine, 15, dino_pos, ADDR cellsWritten
 00000A60  66| FF 05		    inc dino_pos.y
	   000000BF R
				    INVOKE WriteConsoleOutputAttribute, outputHandle, ADDR brownColor, 17, dino_pos, ADDR cellsWritten
				    INVOKE WriteConsoleOutputCharacter, outputHandle, ADDR dinosaurSquatSecondLine, 17, dino_pos, ADDR cellsWritten
 00000AA1  66| FF 05		    inc dino_pos.y
	   000000BF R
				    INVOKE WriteConsoleOutputAttribute, outputHandle, ADDR brownColor, 11, dino_pos, ADDR cellsWritten
				    INVOKE WriteConsoleOutputCharacter, outputHandle, ADDR dinosaurSquatThirdLine, 11, dino_pos, ADDR cellsWritten
 00000AE2  66| FF 05		    inc dino_pos.y
	   000000BF R
 00000AE9  66| 83 05		    add dino_pos.x, 3
	   000000BD R 03
				    INVOKE WriteConsoleOutputAttribute, outputHandle, ADDR brownColor, 1, dino_pos, ADDR cellsWritten
				    INVOKE WriteConsoleOutputCharacter, outputHandle, ADDR dinosaurStep, 1, dino_pos, ADDR cellsWritten
 00000B2B  66| 83 05		    add dino_pos.x, 2
	   000000BD R 02
				    INVOKE WriteConsoleOutputAttribute, outputHandle, ADDR brownColor, 1, dino_pos, ADDR cellsWritten
				    INVOKE WriteConsoleOutputCharacter, outputHandle, ADDR dinosaurSquatSecondLeg, 1, dino_pos, ADDR cellsWritten
 00000B6D  66| 83 05		    add dino_pos.x, 2
	   000000BD R 02
				    INVOKE WriteConsoleOutputAttribute, outputHandle, ADDR brownColor, 1, dino_pos, ADDR cellsWritten
				    INVOKE WriteConsoleOutputCharacter, outputHandle, ADDR dinosaurSquatFirstHand, 1, dino_pos, ADDR cellsWritten
 00000BAF  C3			    ret
 00000BB0			DrawSquatFirstStep ENDP

 00000BB0			DrawSquatSecondStep PROC
 00000BB0  E8 FFFFF8BC		    call DrawFloor
				    ; Draw the dinosaur at its current position 
				    INVOKE WriteConsoleOutputAttribute, outputHandle, ADDR brownColor, 15, dino_pos, ADDR cellsWritten
				    INVOKE WriteConsoleOutputCharacter, outputHandle, ADDR dinosaurSquatFirstLine, 15, dino_pos, ADDR cellsWritten
 00000BEF  66| FF 05		    inc dino_pos.y
	   000000BF R
				    INVOKE WriteConsoleOutputAttribute, outputHandle, ADDR brownColor, 17, dino_pos, ADDR cellsWritten
				    INVOKE WriteConsoleOutputCharacter, outputHandle, ADDR dinosaurSquatSecondLine, 17, dino_pos, ADDR cellsWritten
 00000C30  66| FF 05		    inc dino_pos.y
	   000000BF R
				    INVOKE WriteConsoleOutputAttribute, outputHandle, ADDR brownColor, 11, dino_pos, ADDR cellsWritten
				    INVOKE WriteConsoleOutputCharacter, outputHandle, ADDR dinosaurSquatThirdLine, 11, dino_pos, ADDR cellsWritten
 00000C71  66| FF 05		    inc dino_pos.y
	   000000BF R
 00000C78  66| 83 05		    add dino_pos.x, 3
	   000000BD R 03
				    INVOKE WriteConsoleOutputAttribute, outputHandle, ADDR brownColor, 1, dino_pos, ADDR cellsWritten
				    INVOKE WriteConsoleOutputCharacter, outputHandle, ADDR dinosaurSquatFirstLeg, 1, dino_pos, ADDR cellsWritten
 00000CBA  66| 83 05		    add dino_pos.x, 2
	   000000BD R 02
				    INVOKE WriteConsoleOutputAttribute, outputHandle, ADDR brownColor, 1, dino_pos, ADDR cellsWritten
				    INVOKE WriteConsoleOutputCharacter, outputHandle, ADDR dinosaurStep, 1, dino_pos, ADDR cellsWritten
 00000CFC  66| 83 05		    add dino_pos.x, 2
	   000000BD R 02
				    INVOKE WriteConsoleOutputAttribute, outputHandle, ADDR brownColor, 1, dino_pos, ADDR cellsWritten
				    INVOKE WriteConsoleOutputCharacter, outputHandle, ADDR dinosaurSquatFirstHand, 1, dino_pos, ADDR cellsWritten
 00000D3E  C3			    ret
 00000D3F			DrawSquatSecondStep ENDP

 00000D3F			DrawIntro PROC
				    INVOKE WriteConsoleOutputAttribute, outputHandle, ADDR attributes_floor, 31, intro_pos, ADDR cellsWritten
				    INVOKE WriteConsoleOutputCharacter, outputHandle, ADDR introString, 31, intro_pos, ADDR cellsWritten
 00000D79  66| 83 05		    add intro_pos.x, 6
	   0000033B R 06
				    INVOKE WriteConsoleOutputAttribute, outputHandle, ADDR purpleColor, 5, intro_pos, ADDR cellsWritten
				    INVOKE WriteConsoleOutputCharacter, outputHandle, ADDR spaceMessage, 5, intro_pos, ADDR cellsWritten
 00000DBB  66| 83 05		    add intro_pos.x, 9
	   0000033B R 09
				    INVOKE WriteConsoleOutputAttribute, outputHandle, ADDR purpleColor, 8, intro_pos, ADDR cellsWritten
				    INVOKE WriteConsoleOutputCharacter, outputHandle, ADDR upMessage, 8, intro_pos, ADDR cellsWritten
 00000DFD  66| 83 2D		    sub intro_pos.x, 15
	   0000033B R 0F
 00000E05  C3			    ret
 00000E06			DrawIntro ENDP
 00000E06			DrawStartMessage PROC
				    INVOKE WriteConsoleOutputAttribute, outputHandle, ADDR attributes_floor, 40, start_pos, ADDR cellsWritten
				    INVOKE WriteConsoleOutputCharacter, outputHandle, ADDR startMessage, 20, start_pos, ADDR cellsWritten
 00000E40  66| 83 05		    add start_pos.x, 6
	   00000347 R 06
				    INVOKE WriteConsoleOutputAttribute, outputHandle, ADDR blueColor, 5, start_pos, ADDR cellsWritten
				    INVOKE WriteConsoleOutputCharacter, outputHandle, ADDR enterMessage, 5, start_pos, ADDR cellsWritten
 00000E82  66| 83 2D		    sub start_pos.x, 6
	   00000347 R 06
 00000E8A  C3			    ret
 00000E8B			DrawStartMessage ENDP

 00000E8B			DrawCactus PROC
				    ; Draw the cactus at its current position
				    ; Draw top part
				    INVOKE WriteConsoleOutputAttribute, outputHandle, ADDR greenColor, 3, cactus_pos, ADDR cellsWritten
				    INVOKE WriteConsoleOutputCharacter, outputHandle, ADDR cactusTop, 3, cactus_pos, ADDR cellsWritten

				    ; Move down to the next line for middle part
 00000EC5  66| FF 05		    inc cactus_pos.y
	   00000081 R
				    INVOKE WriteConsoleOutputAttribute, outputHandle, ADDR greenColor, 6, cactus_pos, ADDR cellsWritten
				    INVOKE WriteConsoleOutputCharacter, outputHandle, ADDR cactusMiddle, 6, cactus_pos, ADDR cellsWritten

				    ; Move down to the next line for bottom part
 00000F06  66| FF 05		    inc cactus_pos.y
	   00000081 R
 00000F0D  66| FF 05		    inc cactus_pos.x
	   0000007F R
 00000F14  66| FF 05		    inc cactus_pos.x
	   0000007F R
				    INVOKE WriteConsoleOutputAttribute, outputHandle, ADDR greenColor, 1, cactus_pos, ADDR cellsWritten
				    INVOKE WriteConsoleOutputCharacter, outputHandle, ADDR cactusBottom, 1, cactus_pos, ADDR cellsWritten
 00000F55  C3			    ret
 00000F56			DrawCactus ENDP

 00000F56			DrawScore PROC
				    INVOKE WriteConsoleOutputAttribute, outputHandle, ADDR attributes_floor, 40, score_pos, ADDR cellsWritten
				    INVOKE WriteConsoleOutputCharacter, outputHandle, ADDR scoreString, 12, score_pos, ADDR cellsWritten
 00000F90  C3			    ret
 00000F91			DrawScore ENDP

 00000F91			DrawHighScore PROC
				    INVOKE WriteConsoleOutputAttribute, outputHandle, ADDR attributes_floor, 40, highscore_pos, ADDR cellsWritten
				    INVOKE WriteConsoleOutputCharacter, outputHandle, ADDR highscoreString, 17, highscore_pos, ADDR cellsWritten
 00000FCB  C3			    ret
 00000FCC			DrawHighScore ENDP

				;繪製下一時刻的背景(移動仙人掌)
 00000FCC			DrawBackground PROC
 00000FCC  E8 00000000 E	    call Clrscr
 00000FD1  E8 FFFFF49B		    call DrawFloor
 00000FD6  E8 FFFFF4D9		    call DrawDinosaur
 00000FDB  E8 FFFFFD5F		    call DrawIntro
 00000FE0  E8 0000009B		    call MoveCactus
 00000FE5  E8 FFFFFF6C		    call DrawScore
 00000FEA  E8 FFFFFFA2		    call DrawHighScore
 00000FEF  C3			    ret
 00000FF0			DrawBackground ENDP

 00000FF0			DrawStandLeftStepBackground PROC
 00000FF0  E8 00000000 E	    call Clrscr
 00000FF5  E8 FFFFF477		    call DrawFloor
 00000FFA  E8 FFFFF684		    call DrawDinosaurStandLeftStep
 00000FFF  E8 FFFFFD3B		    call DrawIntro
 00001004  E8 00000077		    call MoveCactus
 00001009  E8 FFFFFF48		    call DrawScore
 0000100E  E8 FFFFFF7E		    call DrawHighScore
 00001013  C3			    ret
 00001014			DrawStandLeftStepBackground ENDP

 00001014			DrawStandRightStepBackground PROC
 00001014  E8 00000000 E	    call Clrscr
 00001019  E8 FFFFF453		    call DrawFloor
 0000101E  E8 FFFFF82F		    call DrawDinosaurStandRightStep
 00001023  E8 FFFFFD17		    call DrawIntro
 00001028  E8 00000053		    call MoveCactus
 0000102D  E8 FFFFFF24		    call DrawScore
 00001032  E8 FFFFFF5A		    call DrawHighScore
 00001037  C3			    ret
 00001038			DrawStandRightStepBackground ENDP

 00001038			DrawSquatFirstStepBackground PROC
 00001038  E8 00000000 E	    call Clrscr
 0000103D  E8 FFFFF42F		    call DrawFloor
 00001042  E8 FFFFF9DA		    call DrawSquatFirstStep
 00001047  E8 FFFFFCF3		    call DrawIntro
 0000104C  E8 0000002F		    call MoveCactus
 00001051  E8 FFFFFF00		    call DrawScore
 00001056  E8 FFFFFF36		    call DrawHighScore
 0000105B  C3			    ret
 0000105C			DrawSquatFirstStepBackground ENDP

 0000105C			DrawSquatSecondStepBackground PROC
 0000105C  E8 00000000 E	    call Clrscr
 00001061  E8 FFFFF40B		    call DrawFloor
 00001066  E8 FFFFFB45		    call DrawSquatSecondStep
 0000106B  E8 FFFFFCCF		    call DrawIntro
 00001070  E8 0000000B		    call MoveCactus
 00001075  E8 FFFFFEDC		    call DrawScore
 0000107A  E8 FFFFFF12		    call DrawHighScore
 0000107F  C3			    ret
 00001080			DrawSquatSecondStepBackground ENDP


 00001080			MoveCactus PROC
				    ; 移動仙人掌
 00001080  66| A1		    mov ax, cactus_speed
	   0000031D R
 00001086  66| 29 05		    sub cactus_pos.x, ax
	   0000007F R
 0000108D  66| FF 0D		    dec cactus_pos.y
	   00000081 R
 00001094  66| FF 0D		    dec cactus_pos.y
	   00000081 R
 0000109B  E8 FFFFFDEB		    call DrawCactus
				    ; 如果仙人掌越過螢幕邊界，則重新生成
 000010A0  66| 83 3D		    cmp cactus_pos.x, 0
	   0000007F R 00

 000010A8  7C 01		    jl resetCactus
 000010AA  C3			    ret

 000010AB			resetCactus:
 000010AB  B8 00000014		    mov eax, 20
 000010B0  E8 00000000 E	    call RandomRange
 000010B5  83 C0 32		    add eax, 50
 000010B8  66| A3		    mov cactus_pos.x, ax ; 重新生成仙人掌
	   0000007F R
 000010BE  C3			    ret
 000010BF			MoveCactus ENDP

				; 等待按鍵釋放
 000010BF			WaitForRelease PROC
				    ; ecx = 虛擬鍵的代碼
 000010BF			WaitLoop:
				    INVOKE GetAsyncKeyState, ecx
 000010C5  A9 00008000		    test eax, 8000h
 000010CA  75 F3		    jnz WaitLoop ; 如果還在按著按鍵，繼續等待
 000010CC  C3			    ret
 000010CD			WaitForRelease ENDP

 000010CD			FormatScore PROC
 000010CD  A1 0000080F R	    mov eax, score
 000010D2  B9 0000000A		    mov ecx, 10
 000010D7  BF 00000842 R	    mov edi, OFFSET scoreString + 11
 000010DC  C6 07 00		    mov BYTE PTR [edi], 0
 000010DF  BA 00000000		    mov edx, 0
 000010E4			    L1:
 000010E4  33 D2		    xor edx, edx
 000010E6  F7 F1		        div ecx
 000010E8  80 C2 30		        add dl, '0'
 000010EB  4F			        dec edi
 000010EC  88 17		        mov BYTE PTR [edi], dl
 000010EE  85 C0		        test eax, eax
 000010F0  75 F2		        jnz L1
 000010F2  C3			    ret
 000010F3			FormatScore ENDP

 000010F3			FormatHighScore PROC
 000010F3  A1 00000813 R	    mov eax, highscore
 000010F8  B9 0000000A		    mov ecx, 10
 000010FD  BF 00000853 R	    mov edi, OFFSET highscoreString + 16
 00001102  C6 07 00		    mov BYTE PTR [edi], 0
 00001105  BA 00000000		    mov edx, 0
 0000110A			    L1:
 0000110A  33 D2		    xor edx, edx
 0000110C  F7 F1		        div ecx
 0000110E  80 C2 30		        add dl, '0'
 00001111  4F			        dec edi
 00001112  88 17		        mov BYTE PTR [edi], dl
 00001114  85 C0		        test eax, eax
 00001116  75 F2		        jnz L1
 00001118  C3			    ret
 00001119			FormatHighScore ENDP
 00001119			DrawTitle PROC
				    INVOKE WriteConsoleOutputAttribute, outputHandle, ADDR brownColor, 100, title_pos, ADDR cellsWritten
				    INVOKE WriteConsoleOutputCharacter, outputHandle, ADDR title1, 45, title_pos, ADDR cellsWritten
 00001153  66| FF 05		    inc title_pos.y
	   0000032D R
				    INVOKE sleep, 150
				    INVOKE WriteConsoleOutputAttribute, outputHandle, ADDR brownColor, 100, title_pos, ADDR cellsWritten
				    INVOKE WriteConsoleOutputCharacter, outputHandle, ADDR title2, 45, title_pos, ADDR cellsWritten
 0000119E  66| FF 05		    inc title_pos.y
	   0000032D R
				    INVOKE sleep, 150
				    INVOKE WriteConsoleOutputAttribute, outputHandle, ADDR brownColor, 100, title_pos, ADDR cellsWritten
				    INVOKE WriteConsoleOutputCharacter, outputHandle, ADDR title3, 45, title_pos, ADDR cellsWritten
 000011E9  66| FF 05		    inc title_pos.y
	   0000032D R
				    INVOKE sleep, 150
				    INVOKE WriteConsoleOutputAttribute, outputHandle, ADDR brownColor, 100, title_pos, ADDR cellsWritten
				    INVOKE WriteConsoleOutputCharacter, outputHandle, ADDR title4, 45, title_pos, ADDR cellsWritten
 00001234  66| FF 05		    inc title_pos.y
	   0000032D R
				    INVOKE sleep, 150
				    INVOKE WriteConsoleOutputAttribute, outputHandle, ADDR brownColor, 100, title_pos, ADDR cellsWritten
				    INVOKE WriteConsoleOutputCharacter, outputHandle, ADDR title5, 45, title_pos, ADDR cellsWritten
 0000127F  66| FF 05		    inc title_pos.y
	   0000032D R
				    INVOKE sleep, 150
				    INVOKE WriteConsoleOutputAttribute, outputHandle, ADDR brownColor, 100, title_pos, ADDR cellsWritten
				    INVOKE WriteConsoleOutputCharacter, outputHandle, ADDR title6, 45, title_pos, ADDR cellsWritten
 000012CA  66| FF 05		    inc title_pos.y
	   0000032D R
				    INVOKE sleep, 150
				    INVOKE WriteConsoleOutputAttribute, outputHandle, ADDR brownColor, 100, title_pos, ADDR cellsWritten
				    INVOKE WriteConsoleOutputCharacter, outputHandle, ADDR title7, 45, title_pos, ADDR cellsWritten
 00001315  66| FF 05		    inc title_pos.y
	   0000032D R
				    INVOKE sleep, 150
				    INVOKE WriteConsoleOutputAttribute, outputHandle, ADDR brownColor, 100, title_pos, ADDR cellsWritten
				    INVOKE WriteConsoleOutputCharacter, outputHandle, ADDR title8, 45, title_pos, ADDR cellsWritten
 00001360  66| FF 05		    inc title_pos.y
	   0000032D R
				    INVOKE sleep, 150
				    INVOKE WriteConsoleOutputAttribute, outputHandle, ADDR brownColor, 100, title_pos, ADDR cellsWritten
				    INVOKE WriteConsoleOutputCharacter, outputHandle, ADDR title9, 45, title_pos, ADDR cellsWritten
 000013AB  66| FF 05		    inc title_pos.y
	   0000032D R
				    INVOKE sleep, 150
				    INVOKE WriteConsoleOutputAttribute, outputHandle, ADDR brownColor, 100, title_pos, ADDR cellsWritten
				    INVOKE WriteConsoleOutputCharacter, outputHandle, ADDR title10, 45, title_pos, ADDR cellsWritten
 000013F6  66| FF 05		    inc title_pos.y
	   0000032D R
				    INVOKE sleep, 150
				    INVOKE WriteConsoleOutputAttribute, outputHandle, ADDR brownColor, 100, title_pos, ADDR cellsWritten
				    INVOKE WriteConsoleOutputCharacter, outputHandle, ADDR title11, 45, title_pos, ADDR cellsWritten
 00001441  66| FF 05		    inc title_pos.y
	   0000032D R
				    INVOKE sleep, 150
				    INVOKE WriteConsoleOutputAttribute, outputHandle, ADDR brownColor, 100, title_pos, ADDR cellsWritten
				    INVOKE WriteConsoleOutputCharacter, outputHandle, ADDR title12, 45, title_pos, ADDR cellsWritten
				    INVOKE sleep, 150
 00001496  C3			    ret
 00001497			DrawTitle ENDP
 00001497			main ENDP
				END main
Microsoft (R) Macro Assembler Version 14.42.34435.0	    12/30/24 00:30:53
main.asm						     Symbols 2 - 1




Structures and Unions:

                N a m e                  Size
                                         Offset      Type

CONSOLE_CURSOR_INFO  . . . . . .	 00000008
  dwSize . . . . . . . . . . . .	 00000000	 DWord
  bVisible . . . . . . . . . . .	 00000004	 DWord
CONSOLE_SCREEN_BUFFER_INFO . . .	 00000016
  dwSize . . . . . . . . . . . .	 00000000	 DWord
  dwCursorPosition . . . . . . .	 00000004	 DWord
  wAttributes  . . . . . . . . .	 00000008	 Word
  srWindow . . . . . . . . . . .	 0000000A	 QWord
  dwMaximumWindowSize  . . . . .	 00000012	 DWord
COORD  . . . . . . . . . . . . .	 00000004
  X  . . . . . . . . . . . . . .	 00000000	 Word
  Y  . . . . . . . . . . . . . .	 00000002	 Word
FILETIME . . . . . . . . . . . .	 00000008
  loDateTime . . . . . . . . . .	 00000000	 DWord
  hiDateTime . . . . . . . . . .	 00000004	 DWord
FOCUS_EVENT_RECORD . . . . . . .	 00000004
  bSetFocus  . . . . . . . . . .	 00000000	 DWord
FPU_ENVIRON  . . . . . . . . . .	 0000001C
  controlWord  . . . . . . . . .	 00000000	 Word
  statusWord . . . . . . . . . .	 00000004	 Word
  tagWord  . . . . . . . . . . .	 00000008	 Word
  instrPointerOffset . . . . . .	 0000000C	 DWord
  instrPointerSelector . . . . .	 00000010	 DWord
  operandPointerOffset . . . . .	 00000014	 DWord
  operandPointerSelector . . . .	 00000018	 Word
INPUT_RECORD . . . . . . . . . .	 00000014
  EventType  . . . . . . . . . .	 00000000	 Word
  Event  . . . . . . . . . . . .	 00000004	 XmmWord
  bKeyDown . . . . . . . . . . .	 00000000	 DWord
  wRepeatCount . . . . . . . . .	 00000004	 Word
  wVirtualKeyCode  . . . . . . .	 00000006	 Word
  wVirtualScanCode . . . . . . .	 00000008	 Word
  uChar  . . . . . . . . . . . .	 0000000A	 Word
  UnicodeChar  . . . . . . . . .	 00000000	 Word
  AsciiChar  . . . . . . . . . .	 00000000	 Byte
  dwControlKeyState  . . . . . .	 0000000C	 DWord
  dwMousePosition  . . . . . . .	 00000000	 DWord
  dwButtonState  . . . . . . . .	 00000004	 DWord
  dwMouseControlKeyState . . . .	 00000008	 DWord
  dwEventFlags . . . . . . . . .	 0000000C	 DWord
  dwSize . . . . . . . . . . . .	 00000000	 DWord
  dwCommandId  . . . . . . . . .	 00000000	 DWord
  bSetFocus  . . . . . . . . . .	 00000000	 DWord
KEY_EVENT_RECORD . . . . . . . .	 00000010
  bKeyDown . . . . . . . . . . .	 00000000	 DWord
  wRepeatCount . . . . . . . . .	 00000004	 Word
  wVirtualKeyCode  . . . . . . .	 00000006	 Word
  wVirtualScanCode . . . . . . .	 00000008	 Word
  uChar  . . . . . . . . . . . .	 0000000A	 Word
  UnicodeChar  . . . . . . . . .	 00000000	 Word
  AsciiChar  . . . . . . . . . .	 00000000	 Byte
  dwControlKeyState  . . . . . .	 0000000C	 DWord
MENU_EVENT_RECORD  . . . . . . .	 00000004
  dwCommandId  . . . . . . . . .	 00000000	 DWord
MOUSE_EVENT_RECORD . . . . . . .	 00000010
  dwMousePosition  . . . . . . .	 00000000	 DWord
  dwButtonState  . . . . . . . .	 00000004	 DWord
  dwMouseControlKeyState . . . .	 00000008	 DWord
  dwEventFlags . . . . . . . . .	 0000000C	 DWord
SMALL_RECT . . . . . . . . . . .	 00000008
  Left . . . . . . . . . . . . .	 00000000	 Word
  Top  . . . . . . . . . . . . .	 00000002	 Word
  Right  . . . . . . . . . . . .	 00000004	 Word
  Bottom . . . . . . . . . . . .	 00000006	 Word
SYSTEMTIME . . . . . . . . . . .	 00000010
  wYear  . . . . . . . . . . . .	 00000000	 Word
  wMonth . . . . . . . . . . . .	 00000002	 Word
  wDayOfWeek . . . . . . . . . .	 00000004	 Word
  wDay . . . . . . . . . . . . .	 00000006	 Word
  wHour  . . . . . . . . . . . .	 00000008	 Word
  wMinute  . . . . . . . . . . .	 0000000A	 Word
  wSecond  . . . . . . . . . . .	 0000000C	 Word
  wMilliseconds  . . . . . . . .	 0000000E	 Word
WINDOW_BUFFER_SIZE_RECORD  . . .	 00000004
  dwSize . . . . . . . . . . . .	 00000000	 DWord


Segments and Groups:

                N a m e                 Size     Length   Align   Combine Class

FLAT . . . . . . . . . . . . . .	GROUP
STACK  . . . . . . . . . . . . .	32 Bit	 00001000 Para	  Stack	  'STACK'	 
_DATA  . . . . . . . . . . . . .	32 Bit	 000008C2 Para	  Public  'DATA'	
_TEXT  . . . . . . . . . . . . .	32 Bit	 00001497 Para	  Public  'CODE'	


Procedures, parameters, and locals:

                N a m e                 Type     Value    Attr

CheckCollision . . . . . . . . .	P Near	 000001ED _TEXT	Length= 0000005A Public STDCALL
  NoUpdateHighScore  . . . . . .	L Near	 0000023B _TEXT	
  NoCollision  . . . . . . . . .	L Near	 00000241 _TEXT	
CheckJumpKey . . . . . . . . . .	P Near	 0000008A _TEXT	Length= 0000003C Public STDCALL
  DoJump . . . . . . . . . . . .	L Near	 000000B5 _TEXT	
  DoSquat  . . . . . . . . . . .	L Near	 000000C0 _TEXT	
CloseFile  . . . . . . . . . . .	P Near	 00000000 FLAT	Length= 00000000 External STDCALL
CloseHandle  . . . . . . . . . .	P Near	 00000000 FLAT	Length= 00000000 External STDCALL
Clrscr . . . . . . . . . . . . .	P Near	 00000000 FLAT	Length= 00000000 External STDCALL
CreateFileA  . . . . . . . . . .	P Near	 00000000 FLAT	Length= 00000000 External STDCALL
CreateOutputFile . . . . . . . .	P Near	 00000000 FLAT	Length= 00000000 External STDCALL
Crlf . . . . . . . . . . . . . .	P Near	 00000000 FLAT	Length= 00000000 External STDCALL
Delay  . . . . . . . . . . . . .	P Near	 00000000 FLAT	Length= 00000000 External STDCALL
DrawBackground . . . . . . . . .	P Near	 00000FCC _TEXT	Length= 00000024 Public STDCALL
DrawCactus . . . . . . . . . . .	P Near	 00000E8B _TEXT	Length= 000000CB Public STDCALL
DrawDinosaurStandLeftStep  . . .	P Near	 00000683 _TEXT	Length= 000001CF Public STDCALL
DrawDinosaurStandRightStep . . .	P Near	 00000852 _TEXT	Length= 000001CF Public STDCALL
DrawDinosaur . . . . . . . . . .	P Near	 000004B4 _TEXT	Length= 000001CF Public STDCALL
DrawFloor  . . . . . . . . . . .	P Near	 00000471 _TEXT	Length= 00000043 Public STDCALL
DrawHighScore  . . . . . . . . .	P Near	 00000F91 _TEXT	Length= 0000003B Public STDCALL
DrawIntro  . . . . . . . . . . .	P Near	 00000D3F _TEXT	Length= 000000C7 Public STDCALL
DrawScore  . . . . . . . . . . .	P Near	 00000F56 _TEXT	Length= 0000003B Public STDCALL
DrawSquatFirstStepBackground . .	P Near	 00001038 _TEXT	Length= 00000024 Public STDCALL
DrawSquatFirstStep . . . . . . .	P Near	 00000A21 _TEXT	Length= 0000018F Public STDCALL
DrawSquatSecondStepBackground  .	P Near	 0000105C _TEXT	Length= 00000024 Public STDCALL
DrawSquatSecondStep  . . . . . .	P Near	 00000BB0 _TEXT	Length= 0000018F Public STDCALL
DrawStandLeftStepBackground  . .	P Near	 00000FF0 _TEXT	Length= 00000024 Public STDCALL
DrawStandRightStepBackground . .	P Near	 00001014 _TEXT	Length= 00000024 Public STDCALL
DrawStartMessage . . . . . . . .	P Near	 00000E06 _TEXT	Length= 00000085 Public STDCALL
DrawTitle  . . . . . . . . . . .	P Near	 00001119 _TEXT	Length= 0000037E Public STDCALL
DumpMem  . . . . . . . . . . . .	P Near	 00000000 FLAT	Length= 00000000 External STDCALL
DumpRegs . . . . . . . . . . . .	P Near	 00000000 FLAT	Length= 00000000 External STDCALL
ExitGame . . . . . . . . . . . .	P Near	 00000430 _TEXT	Length= 00000041 Public STDCALL
ExitProcess  . . . . . . . . . .	P Near	 00000000 FLAT	Length= 00000000 External STDCALL
FileTimeToDosDateTime  . . . . .	P Near	 00000000 FLAT	Length= 00000000 External STDCALL
FileTimeToSystemTime . . . . . .	P Near	 00000000 FLAT	Length= 00000000 External STDCALL
FlushConsoleInputBuffer  . . . .	P Near	 00000000 FLAT	Length= 00000000 External STDCALL
FormatHighScore  . . . . . . . .	P Near	 000010F3 _TEXT	Length= 00000026 Public STDCALL
  L1 . . . . . . . . . . . . . .	L Near	 0000110A _TEXT	
FormatMessageA . . . . . . . . .	P Near	 00000000 FLAT	Length= 00000000 External STDCALL
FormatScore  . . . . . . . . . .	P Near	 000010CD _TEXT	Length= 00000026 Public STDCALL
  L1 . . . . . . . . . . . . . .	L Near	 000010E4 _TEXT	
GameOverMsg  . . . . . . . . . .	P Near	 000002B2 _TEXT	Length= 00000148 Public STDCALL
GetAsyncKeyState . . . . . . . .	P Near	 00000000 FLAT	Length= 00000000 External STDCALL
GetCommandLineA  . . . . . . . .	P Near	 00000000 FLAT	Length= 00000000 External STDCALL
GetCommandTail . . . . . . . . .	P Near	 00000000 FLAT	Length= 00000000 External STDCALL
GetConsoleCP . . . . . . . . . .	P Near	 00000000 FLAT	Length= 00000000 External STDCALL
GetConsoleCursorInfo . . . . . .	P Near	 00000000 FLAT	Length= 00000000 External STDCALL
GetConsoleMode . . . . . . . . .	P Near	 00000000 FLAT	Length= 00000000 External STDCALL
GetConsoleScreenBufferInfo . . .	P Near	 00000000 FLAT	Length= 00000000 External STDCALL
GetDateTime  . . . . . . . . . .	P Near	 00000000 FLAT	Length= 00000000 External STDCALL
GetFileTime  . . . . . . . . . .	P Near	 00000000 FLAT	Length= 00000000 External STDCALL
GetKeyState  . . . . . . . . . .	P Near	 00000000 FLAT	Length= 00000000 External STDCALL
GetLastError . . . . . . . . . .	P Near	 00000000 FLAT	Length= 00000000 External STDCALL
GetLocalTime . . . . . . . . . .	P Near	 00000000 FLAT	Length= 00000000 External STDCALL
GetMaxXY . . . . . . . . . . . .	P Near	 00000000 FLAT	Length= 00000000 External STDCALL
GetMseconds  . . . . . . . . . .	P Near	 00000000 FLAT	Length= 00000000 External STDCALL
GetNumberOfConsoleInputEvents  .	P Near	 00000000 FLAT	Length= 00000000 External STDCALL
GetProcessHeap . . . . . . . . .	P Near	 00000000 FLAT	Length= 00000000 External STDCALL
GetStdHandle . . . . . . . . . .	P Near	 00000000 FLAT	Length= 00000000 External STDCALL
GetSystemTime  . . . . . . . . .	P Near	 00000000 FLAT	Length= 00000000 External STDCALL
GetTextColor . . . . . . . . . .	P Near	 00000000 FLAT	Length= 00000000 External STDCALL
GetTickCount . . . . . . . . . .	P Near	 00000000 FLAT	Length= 00000000 External STDCALL
Gotoxy . . . . . . . . . . . . .	P Near	 00000000 FLAT	Length= 00000000 External STDCALL
HeapAlloc  . . . . . . . . . . .	P Near	 00000000 FLAT	Length= 00000000 External STDCALL
HeapCreate . . . . . . . . . . .	P Near	 00000000 FLAT	Length= 00000000 External STDCALL
HeapDestroy  . . . . . . . . . .	P Near	 00000000 FLAT	Length= 00000000 External STDCALL
HeapFree . . . . . . . . . . . .	P Near	 00000000 FLAT	Length= 00000000 External STDCALL
HeapSize . . . . . . . . . . . .	P Near	 00000000 FLAT	Length= 00000000 External STDCALL
IsDigit  . . . . . . . . . . . .	P Near	 00000000 FLAT	Length= 00000000 External STDCALL
Jump . . . . . . . . . . . . . .	P Near	 000000C6 _TEXT	Length= 000000B0 Public STDCALL
  JumpLoop . . . . . . . . . . .	L Near	 000000D8 _TEXT	
  NormalDescent  . . . . . . . .	L Near	 000000EF _TEXT	
  CheckForSquat  . . . . . . . .	L Near	 0000013A _TEXT	
  GoToSquat  . . . . . . . . . .	L Near	 00000167 _TEXT	
LocalFree  . . . . . . . . . . .	P Near	 00000000 FLAT	Length= 00000000 External STDCALL
MessageBoxA  . . . . . . . . . .	P Near	 00000000 FLAT	Length= 00000000 External STDCALL
MoveCactus . . . . . . . . . . .	P Near	 00001080 _TEXT	Length= 0000003F Public STDCALL
  resetCactus  . . . . . . . . .	L Near	 000010AB _TEXT	
MsgBoxAsk  . . . . . . . . . . .	P Near	 00000000 FLAT	Length= 00000000 External STDCALL
MsgBox . . . . . . . . . . . . .	P Near	 00000000 FLAT	Length= 00000000 External STDCALL
OpenInputFile  . . . . . . . . .	P Near	 00000000 FLAT	Length= 00000000 External STDCALL
ParseDecimal32 . . . . . . . . .	P Near	 00000000 FLAT	Length= 00000000 External STDCALL
ParseInteger32 . . . . . . . . .	P Near	 00000000 FLAT	Length= 00000000 External STDCALL
PeekConsoleInputA  . . . . . . .	P Near	 00000000 FLAT	Length= 00000000 External STDCALL
Random32 . . . . . . . . . . . .	P Near	 00000000 FLAT	Length= 00000000 External STDCALL
RandomRange  . . . . . . . . . .	P Near	 00000000 FLAT	Length= 00000000 External STDCALL
Randomize  . . . . . . . . . . .	P Near	 00000000 FLAT	Length= 00000000 External STDCALL
ReadChar . . . . . . . . . . . .	P Near	 00000000 FLAT	Length= 00000000 External STDCALL
ReadConsoleA . . . . . . . . . .	P Near	 00000000 FLAT	Length= 00000000 External STDCALL
ReadConsoleInputA  . . . . . . .	P Near	 00000000 FLAT	Length= 00000000 External STDCALL
ReadDec  . . . . . . . . . . . .	P Near	 00000000 FLAT	Length= 00000000 External STDCALL
ReadFile . . . . . . . . . . . .	P Near	 00000000 FLAT	Length= 00000000 External STDCALL
ReadFloat  . . . . . . . . . . .	P Near	 00000000 FLAT	Length= 00000000 External STDCALL
ReadFromFile . . . . . . . . . .	P Near	 00000000 FLAT	Length= 00000000 External STDCALL
ReadHex  . . . . . . . . . . . .	P Near	 00000000 FLAT	Length= 00000000 External STDCALL
ReadInt  . . . . . . . . . . . .	P Near	 00000000 FLAT	Length= 00000000 External STDCALL
ReadKeyFlush . . . . . . . . . .	P Near	 00000000 FLAT	Length= 00000000 External STDCALL
ReadKey  . . . . . . . . . . . .	P Near	 00000000 FLAT	Length= 00000000 External STDCALL
ReadString . . . . . . . . . . .	P Near	 00000000 FLAT	Length= 00000000 External STDCALL
RestartGame  . . . . . . . . . .	P Near	 00000247 _TEXT	Length= 0000006B Public STDCALL
SetConsoleCursorInfo . . . . . .	P Near	 00000000 FLAT	Length= 00000000 External STDCALL
SetConsoleCursorPosition . . . .	P Near	 00000000 FLAT	Length= 00000000 External STDCALL
SetConsoleMode . . . . . . . . .	P Near	 00000000 FLAT	Length= 00000000 External STDCALL
SetConsoleOutputCP . . . . . . .	P Near	 00000000 FLAT	Length= 00000000 External STDCALL
SetConsoleScreenBufferSize . . .	P Near	 00000000 FLAT	Length= 00000000 External STDCALL
SetConsoleTextAttribute  . . . .	P Near	 00000000 FLAT	Length= 00000000 External STDCALL
SetConsoleTitleA . . . . . . . .	P Near	 00000000 FLAT	Length= 00000000 External STDCALL
SetConsoleWindowInfo . . . . . .	P Near	 00000000 FLAT	Length= 00000000 External STDCALL
SetFilePointer . . . . . . . . .	P Near	 00000000 FLAT	Length= 00000000 External STDCALL
SetLocalTime . . . . . . . . . .	P Near	 00000000 FLAT	Length= 00000000 External STDCALL
SetTextColor . . . . . . . . . .	P Near	 00000000 FLAT	Length= 00000000 External STDCALL
ShowFPUStack . . . . . . . . . .	P Near	 00000000 FLAT	Length= 00000000 External STDCALL
Sleep  . . . . . . . . . . . . .	P Near	 00000000 FLAT	Length= 00000000 External STDCALL
Squat  . . . . . . . . . . . . .	P Near	 00000176 _TEXT	Length= 00000077 Public STDCALL
  SquatLoop  . . . . . . . . . .	L Near	 00000176 _TEXT	
  RestoreNormalStance  . . . . .	L Near	 000001D7 _TEXT	
StrLength  . . . . . . . . . . .	P Near	 00000000 FLAT	Length= 00000000 External STDCALL
Str_compare  . . . . . . . . . .	P Near	 00000000 FLAT	Length= 00000000 External STDCALL
Str_copy . . . . . . . . . . . .	P Near	 00000000 FLAT	Length= 00000000 External STDCALL
Str_length . . . . . . . . . . .	P Near	 00000000 FLAT	Length= 00000000 External STDCALL
Str_trim . . . . . . . . . . . .	P Near	 00000000 FLAT	Length= 00000000 External STDCALL
Str_ucase  . . . . . . . . . . .	P Near	 00000000 FLAT	Length= 00000000 External STDCALL
SystemTimeToFileTime . . . . . .	P Near	 00000000 FLAT	Length= 00000000 External STDCALL
WaitForEnter . . . . . . . . . .	P Near	 000003FA _TEXT	Length= 00000022 Public STDCALL
  WaitLoop . . . . . . . . . . .	L Near	 000003FA _TEXT	
WaitForRelease . . . . . . . . .	P Near	 000010BF _TEXT	Length= 0000000E Public STDCALL
  WaitLoop . . . . . . . . . . .	L Near	 000010BF _TEXT	
WaitForStart . . . . . . . . . .	P Near	 0000041C _TEXT	Length= 00000014 Public STDCALL
  WaitForStartLoop . . . . . . .	L Near	 0000041C _TEXT	
WaitMsg  . . . . . . . . . . . .	P Near	 00000000 FLAT	Length= 00000000 External STDCALL
WriteBinB  . . . . . . . . . . .	P Near	 00000000 FLAT	Length= 00000000 External STDCALL
WriteBin . . . . . . . . . . . .	P Near	 00000000 FLAT	Length= 00000000 External STDCALL
WriteChar  . . . . . . . . . . .	P Near	 00000000 FLAT	Length= 00000000 External STDCALL
WriteConsoleA  . . . . . . . . .	P Near	 00000000 FLAT	Length= 00000000 External STDCALL
WriteConsoleOutputAttribute  . .	P Near	 00000000 FLAT	Length= 00000000 External STDCALL
WriteConsoleOutputCharacterA . .	P Near	 00000000 FLAT	Length= 00000000 External STDCALL
WriteDec . . . . . . . . . . . .	P Near	 00000000 FLAT	Length= 00000000 External STDCALL
WriteFile  . . . . . . . . . . .	P Near	 00000000 FLAT	Length= 00000000 External STDCALL
WriteFloat . . . . . . . . . . .	P Near	 00000000 FLAT	Length= 00000000 External STDCALL
WriteHexB  . . . . . . . . . . .	P Near	 00000000 FLAT	Length= 00000000 External STDCALL
WriteHex . . . . . . . . . . . .	P Near	 00000000 FLAT	Length= 00000000 External STDCALL
WriteInt . . . . . . . . . . . .	P Near	 00000000 FLAT	Length= 00000000 External STDCALL
WriteStackFrameName  . . . . . .	P Near	 00000000 FLAT	Length= 00000000 External STDCALL
WriteStackFrame  . . . . . . . .	P Near	 00000000 FLAT	Length= 00000000 External STDCALL
WriteString  . . . . . . . . . .	P Near	 00000000 FLAT	Length= 00000000 External STDCALL
WriteToFile  . . . . . . . . . .	P Near	 00000000 FLAT	Length= 00000000 External STDCALL
WriteWindowsMsg  . . . . . . . .	P Near	 00000000 FLAT	Length= 00000000 External STDCALL
printf . . . . . . . . . . . . .	P Near	 00000000 FLAT	Length= 00000000 External C
scanf  . . . . . . . . . . . . .	P Near	 00000000 FLAT	Length= 00000000 External C
start@0  . . . . . . . . . . . .	P Near	 00000000 _TEXT	Length= 00001497 Public STDCALL
  mainLoop . . . . . . . . . . .	L Near	 0000002A _TEXT	
  Gameover . . . . . . . . . . .	L Near	 00000083 _TEXT	
wsprintfA  . . . . . . . . . . .	P Near	 00000000 FLAT	Length= 00000000 External C


Symbols:

                N a m e                 Type     Value    Attr

@CodeSize  . . . . . . . . . . .	Number	 00000000h   
@DataSize  . . . . . . . . . . .	Number	 00000000h   
@Interface . . . . . . . . . . .	Number	 00000003h   
@Model . . . . . . . . . . . . .	Number	 00000007h   
@code  . . . . . . . . . . . . .	Text   	 _TEXT
@data  . . . . . . . . . . . . .	Text   	 FLAT
@fardata?  . . . . . . . . . . .	Text   	 FLAT
@fardata . . . . . . . . . . . .	Text   	 FLAT
@stack . . . . . . . . . . . . .	Text   	 FLAT
ALT_MASK . . . . . . . . . . . .	Number	 00000003h   
BoxHeight  . . . . . . . . . . .	Number	 00000003h   
BoxWidth . . . . . . . . . . . .	Number	 00000003h   
CAPSLOCK_ON  . . . . . . . . . .	Number	 00000080h   
CREATE_ALWAYS  . . . . . . . . .	Number	 00000002h   
CREATE_NEW . . . . . . . . . . .	Number	 00000001h   
CTRL_MASK  . . . . . . . . . . .	Number	 0000000Ch   
CreateFile . . . . . . . . . . .	Text   	 CreateFileA
DO_NOT_SHARE . . . . . . . . . .	Number	 00000000h   
ENABLE_ECHO_INPUT  . . . . . . .	Number	 00000004h   
ENABLE_LINE_INPUT  . . . . . . .	Number	 00000002h   
ENABLE_MOUSE_INPUT . . . . . . .	Number	 00000010h   
ENABLE_PROCESSED_INPUT . . . . .	Number	 00000001h   
ENABLE_PROCESSED_OUTPUT  . . . .	Number	 00000001h   
ENABLE_WINDOW_INPUT  . . . . . .	Number	 00000008h   
ENABLE_WRAP_AT_EOL_OUTPUT  . . .	Number	 00000002h   
ENHANCED_KEY . . . . . . . . . .	Number	 00000100h   
FALSE  . . . . . . . . . . . . .	Number	 00000000h   
FILE_APPEND_DATA . . . . . . . .	Number	 00000004h   
FILE_ATTRIBUTE_ARCHIVE . . . . .	Number	 00000020h   
FILE_ATTRIBUTE_COMPRESSED  . . .	Number	 00000800h   
FILE_ATTRIBUTE_DEVICE  . . . . .	Number	 00000040h   
FILE_ATTRIBUTE_DIRECTORY . . . .	Number	 00000010h   
FILE_ATTRIBUTE_ENCRYPTED . . . .	Number	 00004000h   
FILE_ATTRIBUTE_HIDDEN  . . . . .	Number	 00000002h   
FILE_ATTRIBUTE_NORMAL  . . . . .	Number	 00000080h   
FILE_ATTRIBUTE_NOT_CONTENT_INDEXED .	Number	 00002000h   
FILE_ATTRIBUTE_OFFLINE . . . . .	Number	 00001000h   
FILE_ATTRIBUTE_READONLY  . . . .	Number	 00000001h   
FILE_ATTRIBUTE_REPARSE_POINT . .	Number	 00000400h   
FILE_ATTRIBUTE_SPARSE_FILE . . .	Number	 00000200h   
FILE_ATTRIBUTE_SYSTEM  . . . . .	Number	 00000004h   
FILE_ATTRIBUTE_TEMPORARY . . . .	Number	 00000100h   
FILE_BEGIN . . . . . . . . . . .	Number	 00000000h   
FILE_CURRENT . . . . . . . . . .	Number	 00000001h   
FILE_DELETE_CHILD  . . . . . . .	Number	 00000040h   
FILE_END . . . . . . . . . . . .	Number	 00000002h   
FILE_READ_DATA . . . . . . . . .	Number	 00000001h   
FILE_SHARE_DELETE  . . . . . . .	Number	 00000004h   
FILE_SHARE_READ  . . . . . . . .	Number	 00000001h   
FILE_SHARE_WRITE . . . . . . . .	Number	 00000002h   
FILE_WRITE_DATA  . . . . . . . .	Number	 00000002h   
FOCUS_EVENT  . . . . . . . . . .	Number	 00000010h   
FORMAT_MESSAGE_ALLOCATE_BUFFER .	Number	 00000100h   
FORMAT_MESSAGE_FROM_SYSTEM . . .	Number	 00001000h   
FormatMessage  . . . . . . . . .	Text   	 FormatMessageA
GENERIC_ALL  . . . . . . . . . .	Number	 10000000h   
GENERIC_EXECUTE  . . . . . . . .	Number	 20000000h   
GENERIC_READ . . . . . . . . . .	Number	 -80000000h   
GENERIC_WRITE  . . . . . . . . .	Number	 40000000h   
GetCommandLine . . . . . . . . .	Text   	 GetCommandLineA
HANDLE . . . . . . . . . . . . .	Text   	 DWORD
HEAP_GENERATE_EXCEPTIONS . . . .	Number	 00000004h   
HEAP_GROWABLE  . . . . . . . . .	Number	 00000002h   
HEAP_NO_SERIALIZE  . . . . . . .	Number	 00000001h   
HEAP_REALLOC_IN_PLACE_ONLY . . .	Number	 00000010h   
HEAP_ZERO_MEMORY . . . . . . . .	Number	 00000008h   
IDABORT  . . . . . . . . . . . .	Number	 00000003h   
IDCANCEL . . . . . . . . . . . .	Number	 00000002h   
IDCLOSE  . . . . . . . . . . . .	Number	 00000008h   
IDCONTINUE . . . . . . . . . . .	Number	 0000000Bh   
IDHELP . . . . . . . . . . . . .	Number	 00000009h   
IDIGNORE . . . . . . . . . . . .	Number	 00000005h   
IDNO . . . . . . . . . . . . . .	Number	 00000007h   
IDOK . . . . . . . . . . . . . .	Number	 00000001h   
IDRETRY  . . . . . . . . . . . .	Number	 00000004h   
IDTIMEOUT  . . . . . . . . . . .	Number	 00007D00h   
IDTRYAGAIN . . . . . . . . . . .	Number	 0000000Ah   
IDYES  . . . . . . . . . . . . .	Number	 00000006h   
INVALID_HANDLE_VALUE . . . . . .	Number	 -00000001h   
KBDOWN_FLAG  . . . . . . . . . .	Number	 00000001h   
KEY_EVENT  . . . . . . . . . . .	Number	 00000001h   
KEY_MASKS  . . . . . . . . . . .	Number	 0000001Fh   
LEFT_ALT_PRESSED . . . . . . . .	Number	 00000002h   
LEFT_CTRL_PRESSED  . . . . . . .	Number	 00000008h   
MB_ABORTRETRYIGNORE  . . . . . .	Number	 00000002h   
MB_APPLMODAL . . . . . . . . . .	Number	 00000000h   
MB_CANCELTRYCONTINUE . . . . . .	Number	 00000006h   
MB_DEFBUTTON1  . . . . . . . . .	Number	 00000000h   
MB_DEFBUTTON2  . . . . . . . . .	Number	 00000100h   
MB_DEFBUTTON3  . . . . . . . . .	Number	 00000200h   
MB_DEFBUTTON4  . . . . . . . . .	Number	 00000300h   
MB_HELP  . . . . . . . . . . . .	Number	 00004000h   
MB_ICONASTERISK  . . . . . . . .	Number	 00000040h   
MB_ICONERROR . . . . . . . . . .	Number	 00000010h   
MB_ICONEXCLAMATION . . . . . . .	Number	 00000030h   
MB_ICONHAND  . . . . . . . . . .	Number	 00000010h   
MB_ICONINFORMATION . . . . . . .	Number	 00000040h   
MB_ICONQUESTION  . . . . . . . .	Number	 00000020h   
MB_ICONSTOP  . . . . . . . . . .	Number	 00000010h   
MB_ICONWARNING . . . . . . . . .	Number	 00000030h   
MB_OKCANCEL  . . . . . . . . . .	Number	 00000001h   
MB_OK  . . . . . . . . . . . . .	Number	 00000000h   
MB_RETRYCANCEL . . . . . . . . .	Number	 00000005h   
MB_SYSTEMMODAL . . . . . . . . .	Number	 00001000h   
MB_TASKMODAL . . . . . . . . . .	Number	 00002000h   
MB_USERICON  . . . . . . . . . .	Number	 00000080h   
MB_YESNOCANCEL . . . . . . . . .	Number	 00000003h   
MB_YESNO . . . . . . . . . . . .	Number	 00000004h   
MENU_EVENT . . . . . . . . . . .	Number	 00000008h   
MOUSE_EVENT  . . . . . . . . . .	Number	 00000002h   
MessageBox . . . . . . . . . . .	Text   	 MessageBoxA
NULL . . . . . . . . . . . . . .	Number	 00000000h   
NUMLOCK_ON . . . . . . . . . . .	Number	 00000020h   
OPEN_ALWAYS  . . . . . . . . . .	Number	 00000004h   
OPEN_EXISTING  . . . . . . . . .	Number	 00000003h   
PeekConsoleInput . . . . . . . .	Text   	 PeekConsoleInputA
RIGHT_ALT_PRESSED  . . . . . . .	Number	 00000001h   
RIGHT_CTRL_PRESSED . . . . . . .	Number	 00000004h   
ReadConsoleInput . . . . . . . .	Text   	 ReadConsoleInputA
ReadConsole  . . . . . . . . . .	Text   	 ReadConsoleA
SCROLLLOCK_ON  . . . . . . . . .	Number	 00000040h   
SHIFT_MASK . . . . . . . . . . .	Number	 00000010h   
SHIFT_PRESSED  . . . . . . . . .	Number	 00000010h   
STD_ERROR_HANDLE . . . . . . . .	Number	 -0000000Ch   
STD_INPUT_HANDLE . . . . . . . .	Number	 -0000000Ah   
STD_OUTPUT_HANDLE  . . . . . . .	Number	 -0000000Bh   
SetConsoleTitle  . . . . . . . .	Text   	 SetConsoleTitleA
TAB  . . . . . . . . . . . . . .	Number	 00000009h   
TRUE . . . . . . . . . . . . . .	Number	 00000001h   
TRUNCATE_EXISTING  . . . . . . .	Number	 00000005h   
VK_11  . . . . . . . . . . . . .	Number	 000000BDh   
VK_12  . . . . . . . . . . . . .	Number	 000000BBh   
VK_ADD . . . . . . . . . . . . .	Number	 0000006Bh   
VK_BACK  . . . . . . . . . . . .	Number	 00000008h   
VK_CANCEL  . . . . . . . . . . .	Number	 00000003h   
VK_CAPITAL . . . . . . . . . . .	Number	 00000014h   
VK_CLEAR . . . . . . . . . . . .	Number	 0000000Ch   
VK_CONTROL . . . . . . . . . . .	Number	 00000011h   
VK_DECIMAL . . . . . . . . . . .	Number	 0000006Eh   
VK_DELETE  . . . . . . . . . . .	Number	 0000002Eh   
VK_DIVIDE  . . . . . . . . . . .	Number	 0000006Fh   
VK_DOWN  . . . . . . . . . . . .	Number	 00000028h   
VK_END . . . . . . . . . . . . .	Number	 00000023h   
VK_ESCAPE  . . . . . . . . . . .	Number	 0000001Bh   
VK_EXECUTE . . . . . . . . . . .	Number	 0000002Bh   
VK_F10 . . . . . . . . . . . . .	Number	 00000079h   
VK_F11 . . . . . . . . . . . . .	Number	 0000007Ah   
VK_F12 . . . . . . . . . . . . .	Number	 0000007Bh   
VK_F13 . . . . . . . . . . . . .	Number	 0000007Ch   
VK_F14 . . . . . . . . . . . . .	Number	 0000007Dh   
VK_F15 . . . . . . . . . . . . .	Number	 0000007Eh   
VK_F16 . . . . . . . . . . . . .	Number	 0000007Fh   
VK_F17 . . . . . . . . . . . . .	Number	 00000080h   
VK_F18 . . . . . . . . . . . . .	Number	 00000081h   
VK_F19 . . . . . . . . . . . . .	Number	 00000082h   
VK_F1  . . . . . . . . . . . . .	Number	 00000070h   
VK_F20 . . . . . . . . . . . . .	Number	 00000083h   
VK_F21 . . . . . . . . . . . . .	Number	 00000084h   
VK_F22 . . . . . . . . . . . . .	Number	 00000085h   
VK_F23 . . . . . . . . . . . . .	Number	 00000086h   
VK_F24 . . . . . . . . . . . . .	Number	 00000087h   
VK_F2  . . . . . . . . . . . . .	Number	 00000071h   
VK_F3  . . . . . . . . . . . . .	Number	 00000072h   
VK_F4  . . . . . . . . . . . . .	Number	 00000073h   
VK_F5  . . . . . . . . . . . . .	Number	 00000074h   
VK_F6  . . . . . . . . . . . . .	Number	 00000075h   
VK_F7  . . . . . . . . . . . . .	Number	 00000076h   
VK_F8  . . . . . . . . . . . . .	Number	 00000077h   
VK_F9  . . . . . . . . . . . . .	Number	 00000078h   
VK_HELP  . . . . . . . . . . . .	Number	 0000002Fh   
VK_HOME  . . . . . . . . . . . .	Number	 00000024h   
VK_INSERT  . . . . . . . . . . .	Number	 0000002Dh   
VK_LBUTTON . . . . . . . . . . .	Number	 00000001h   
VK_LCONTROL  . . . . . . . . . .	Number	 000000A2h   
VK_LEFT  . . . . . . . . . . . .	Number	 00000025h   
VK_LMENU . . . . . . . . . . . .	Number	 000000A4h   
VK_LSHIFT  . . . . . . . . . . .	Number	 000000A0h   
VK_MENU  . . . . . . . . . . . .	Number	 00000012h   
VK_MULTIPLY  . . . . . . . . . .	Number	 0000006Ah   
VK_NEXT  . . . . . . . . . . . .	Number	 00000022h   
VK_NUMLOCK . . . . . . . . . . .	Number	 00000090h   
VK_NUMPAD0 . . . . . . . . . . .	Number	 00000060h   
VK_NUMPAD1 . . . . . . . . . . .	Number	 00000061h   
VK_NUMPAD2 . . . . . . . . . . .	Number	 00000062h   
VK_NUMPAD3 . . . . . . . . . . .	Number	 00000063h   
VK_NUMPAD4 . . . . . . . . . . .	Number	 00000064h   
VK_NUMPAD5 . . . . . . . . . . .	Number	 00000065h   
VK_NUMPAD6 . . . . . . . . . . .	Number	 00000066h   
VK_NUMPAD7 . . . . . . . . . . .	Number	 00000067h   
VK_NUMPAD8 . . . . . . . . . . .	Number	 00000068h   
VK_NUMPAD9 . . . . . . . . . . .	Number	 00000069h   
VK_PAUSE . . . . . . . . . . . .	Number	 00000013h   
VK_PRINT . . . . . . . . . . . .	Number	 0000002Ah   
VK_PRIOR . . . . . . . . . . . .	Number	 00000021h   
VK_RBUTTON . . . . . . . . . . .	Number	 00000002h   
VK_RCONTROL  . . . . . . . . . .	Number	 000000A3h   
VK_RETURN  . . . . . . . . . . .	Number	 0000000Dh   
VK_RIGHT . . . . . . . . . . . .	Number	 00000027h   
VK_RMENU . . . . . . . . . . . .	Number	 000000A5h   
VK_RSHIFT  . . . . . . . . . . .	Number	 000000A1h   
VK_SCROLL  . . . . . . . . . . .	Number	 00000091h   
VK_SEPARATER . . . . . . . . . .	Number	 0000006Ch   
VK_SHIFT . . . . . . . . . . . .	Number	 00000010h   
VK_SNAPSHOT  . . . . . . . . . .	Number	 0000002Ch   
VK_SPACE . . . . . . . . . . . .	Number	 00000020h   
VK_SUBTRACT  . . . . . . . . . .	Number	 0000006Dh   
VK_TAB . . . . . . . . . . . . .	Number	 00000009h   
VK_UP  . . . . . . . . . . . . .	Number	 00000026h   
WINDOW_BUFFER_SIZE_EVENT . . . .	Number	 00000004h   
WriteConsoleOutputCharacter  . .	Text   	 WriteConsoleOutputCharacterA
WriteConsole . . . . . . . . . .	Text   	 WriteConsoleA
attributes_floor . . . . . . . .	Word	 00000357 _DATA	
black  . . . . . . . . . . . . .	Number	 00000000h   
blueColor  . . . . . . . . . . .	Word	 0000067F _DATA	
blue . . . . . . . . . . . . . .	Number	 00000001h   
boxBody  . . . . . . . . . . . .	Byte	 0000006C _DATA	
boxBottom  . . . . . . . . . . .	Byte	 0000006F _DATA	
boxTop . . . . . . . . . . . . .	Byte	 00000069 _DATA	
brownColor . . . . . . . . . . .	Word	 00000427 _DATA	
brown  . . . . . . . . . . . . .	Number	 00000006h   
bytesWritten . . . . . . . . . .	DWord	 00000323 _DATA	
cactusBottom . . . . . . . . . .	Byte	 0000007D _DATA	
cactusMiddle . . . . . . . . . .	Byte	 00000077 _DATA	
cactusTop  . . . . . . . . . . .	Byte	 00000072 _DATA	
cactus_height  . . . . . . . . .	DWord	 00000083 _DATA	
cactus_pos . . . . . . . . . . .	COORD	 0000007F _DATA	
cactus_speed . . . . . . . . . .	Word	 0000031D _DATA	
cellsWritten . . . . . . . . . .	DWord	 00000353 _DATA	
count  . . . . . . . . . . . . .	DWord	 00000327 _DATA	
cursorInfo . . . . . . . . . . .	CONSOLE_CURSOR_INFO  000008BA _DATA	
cyan . . . . . . . . . . . . . .	Number	 00000003h   
dino_pos . . . . . . . . . . . .	COORD	 000000BD _DATA	
dinosaurFifthLine  . . . . . . .	Byte	 000000B1 _DATA	
dinosaurFirstLeg . . . . . . . .	Byte	 000000B9 _DATA	
dinosaurFirstLine  . . . . . . .	Byte	 00000087 _DATA	
dinosaurFourthLine . . . . . . .	Byte	 000000A7 _DATA	
dinosaurSecondLeg  . . . . . . .	Byte	 000000BB _DATA	
dinosaurSecondLine . . . . . . .	Byte	 00000091 _DATA	
dinosaurSquatFirstHand . . . . .	Byte	 0000031B _DATA	
dinosaurSquatFirstLeg  . . . . .	Byte	 00000317 _DATA	
dinosaurSquatFirstLine . . . . .	Byte	 000002EC _DATA	
dinosaurSquatSecondLeg . . . . .	Byte	 00000319 _DATA	
dinosaurSquatSecondLine  . . . .	Byte	 000002FB _DATA	
dinosaurSquatThirdLine . . . . .	Byte	 0000030B _DATA	
dinosaurStep . . . . . . . . . .	Byte	 000002EA _DATA	
dinosaurThirdLine  . . . . . . .	Byte	 0000009D _DATA	
enterMessage . . . . . . . . . .	Byte	 0000088B _DATA	
escMessage . . . . . . . . . . .	Byte	 000008A3 _DATA	
exitMessage  . . . . . . . . . .	Byte	 00000891 _DATA	
exit_pos . . . . . . . . . . . .	COORD	 0000033F _DATA	
exit . . . . . . . . . . . . . .	Text   	 INVOKE ExitProcess,0
floorFix . . . . . . . . . . . .	Byte	 00000068 _DATA	
floorLength  . . . . . . . . . .	DWord	 00000000 _DATA	
floor_pos  . . . . . . . . . . .	COORD	 0000034B _DATA	
floor  . . . . . . . . . . . . .	Byte	 00000004 _DATA	
gameOverMessage  . . . . . . . .	Byte	 00000854 _DATA	
gameOver_pos . . . . . . . . . .	COORD	 00000337 _DATA	
gravity  . . . . . . . . . . . .	Word	 00000421 _DATA	
gray . . . . . . . . . . . . . .	Number	 00000008h   
greenColor . . . . . . . . . . .	Word	 000004EF _DATA	
green  . . . . . . . . . . . . .	Number	 00000002h   
hConsole . . . . . . . . . . . .	DWord	 000008B6 _DATA	
highscoreString  . . . . . . . .	Byte	 00000843 _DATA	
highscore_pos  . . . . . . . . .	COORD	 0000032F _DATA	
highscore  . . . . . . . . . . .	DWord	 00000813 _DATA	
introString  . . . . . . . . . .	Byte	 00000817 _DATA	
intro_pos  . . . . . . . . . . .	COORD	 0000033B _DATA	
keyState . . . . . . . . . . . .	DWord	 00000423 _DATA	
lightBlue  . . . . . . . . . . .	Number	 00000009h   
lightCyan  . . . . . . . . . . .	Number	 0000000Bh   
lightGray  . . . . . . . . . . .	Number	 00000007h   
lightGreen . . . . . . . . . . .	Number	 0000000Ah   
lightMagenta . . . . . . . . . .	Number	 0000000Dh   
lightRed . . . . . . . . . . . .	Number	 0000000Ch   
magenta  . . . . . . . . . . . .	Number	 00000005h   
main . . . . . . . . . . . . . .	Text   	 start@0
outputHandle . . . . . . . . . .	DWord	 0000031F _DATA	
purpleColor  . . . . . . . . . .	Word	 00000747 _DATA	
redColor . . . . . . . . . . . .	Word	 000005B7 _DATA	
red  . . . . . . . . . . . . . .	Number	 00000004h   
restartMessage . . . . . . . . .	Byte	 0000085F _DATA	
restart_pos  . . . . . . . . . .	COORD	 00000343 _DATA	
scoreString  . . . . . . . . . .	Byte	 00000837 _DATA	
score_pos  . . . . . . . . . . .	COORD	 00000333 _DATA	
score  . . . . . . . . . . . . .	DWord	 0000080F _DATA	
spaceMessage . . . . . . . . . .	Byte	 000008A7 _DATA	
startMessage . . . . . . . . . .	Byte	 00000876 _DATA	
start_pos  . . . . . . . . . . .	COORD	 00000347 _DATA	
title10  . . . . . . . . . . . .	Byte	 00000260 _DATA	
title11  . . . . . . . . . . . .	Byte	 0000028E _DATA	
title12  . . . . . . . . . . . .	Byte	 000002BC _DATA	
title1 . . . . . . . . . . . . .	Byte	 000000C1 _DATA	
title2 . . . . . . . . . . . . .	Byte	 000000EF _DATA	
title3 . . . . . . . . . . . . .	Byte	 0000011D _DATA	
title4 . . . . . . . . . . . . .	Byte	 0000014B _DATA	
title5 . . . . . . . . . . . . .	Byte	 00000179 _DATA	
title6 . . . . . . . . . . . . .	Byte	 000001A7 _DATA	
title7 . . . . . . . . . . . . .	Byte	 000001D5 _DATA	
title8 . . . . . . . . . . . . .	Byte	 00000203 _DATA	
title9 . . . . . . . . . . . . .	Byte	 00000232 _DATA	
title_pos  . . . . . . . . . . .	COORD	 0000032B _DATA	
upMessage  . . . . . . . . . . .	Byte	 000008AD _DATA	
velocity . . . . . . . . . . . .	Word	 0000041F _DATA	
white  . . . . . . . . . . . . .	Number	 0000000Fh   
wsprintf . . . . . . . . . . . .	Text   	 wsprintfA
xyBound  . . . . . . . . . . . .	COORD	 0000034F _DATA	
yellow . . . . . . . . . . . . .	Number	 0000000Eh   

	   0 Warnings
	   0 Errors
