 Asm_Final_Project

 Timestamp is 67722aa5 (Mon Dec 30 13:07:49 2024)

 Preferred load address is 00400000

 Start         Length     Name                   Class
 0001:00000000 00002800H .text                   CODE
 0001:00002800 00002dbbH .text$mn                CODE
 0002:00000000 00000144H .rdata                  DATA
 0002:00000143 00000000H .edata                  DATA
 0002:00000144 0000019eH .rdata$zzzdbg           DATA
 0003:00000000 000015f0H .data                   DATA
 0003:000015f0 000002f2H .bss                    DATA
 0004:00000000 000000e0H .idata$5                DATA
 0004:000000e0 00000028H .idata$2                DATA
 0004:00000108 00000014H .idata$3                DATA
 0004:0000011c 000000e0H .idata$4                DATA
 0004:000001fc 00000375H .idata$6                DATA
 0005:00000000 00000170H .rsrc$01                DATA
 0005:00000170 000002ccH .rsrc$02                DATA

  Address         Publics by Value              Rva+Base       Lib:Object

 0000:00000000       ___AbsoluteZero            00000000     <absolute>
 0000:00000000       ___arm64x_extra_rfe_table  00000000     <absolute>
 0000:00000000       ___arm64x_extra_rfe_table_size 00000000     <absolute>
 0000:00000000       ___arm64x_native_entrypoint 00000000     <absolute>
 0000:00000000       ___arm64x_redirection_metadata 00000000     <absolute>
 0000:00000000       ___arm64x_redirection_metadata_count 00000000     <absolute>
 0000:00000000       ___dynamic_value_reloc_table 00000000     <absolute>
 0000:00000000       ___enclave_config          00000000     <absolute>
 0000:00000000       ___guard_check_icall_a64n_fptr 00000000     <absolute>
 0000:00000000       ___guard_eh_cont_count     00000000     <absolute>
 0000:00000000       ___guard_eh_cont_table     00000000     <absolute>
 0000:00000000       ___guard_fids_count        00000000     <absolute>
 0000:00000000       ___guard_fids_table        00000000     <absolute>
 0000:00000000       ___guard_flags             00000000     <absolute>
 0000:00000000       ___guard_iat_count         00000000     <absolute>
 0000:00000000       ___guard_iat_table         00000000     <absolute>
 0000:00000000       ___guard_longjmp_count     00000000     <absolute>
 0000:00000000       ___guard_longjmp_table     00000000     <absolute>
 0000:00000000       ___hybrid_auxiliary_delayload_iat 00000000     <absolute>
 0000:00000000       ___hybrid_auxiliary_delayload_iat_copy 00000000     <absolute>
 0000:00000000       ___hybrid_auxiliary_iat    00000000     <absolute>
 0000:00000000       ___hybrid_auxiliary_iat_copy 00000000     <absolute>
 0000:00000000       ___hybrid_code_map         00000000     <absolute>
 0000:00000000       ___hybrid_code_map_count   00000000     <absolute>
 0000:00000000       ___hybrid_image_info_bitfield 00000000     <absolute>
 0000:00000000       ___safe_se_handler_count   00000000     <absolute>
 0000:00000000       ___safe_se_handler_table   00000000     <absolute>
 0000:00000000       ___volatile_metadata       00000000     <absolute>
 0000:00000000       ___x64_code_ranges_to_entry_points 00000000     <absolute>
 0000:00000000       ___x64_code_ranges_to_entry_points_count 00000000     <absolute>
 0001:00000360       _CloseFile@0               00401360 f   Irvine32:Irvine32.obj
 0001:00000367       _Clrscr@0                  00401367 f   Irvine32:Irvine32.obj
 0001:0000042c       _CreateOutputFile@0        0040142c f   Irvine32:Irvine32.obj
 0001:00000445       _Crlf@0                    00401445 f   Irvine32:Irvine32.obj
 0001:00000460       _Delay@0                   00401460 f   Irvine32:Irvine32.obj
 0001:00000469       _DumpMem@0                 00401469 f   Irvine32:Irvine32.obj
 0001:00000524       _DumpRegs@0                00401524 f   Irvine32:Irvine32.obj
 0001:0000071f       _GetCommandTail@0          0040171f f   Irvine32:Irvine32.obj
 0001:0000075c       _GetDateTime@4             0040175c f   Irvine32:Irvine32.obj
 0001:0000078e       _GetMaxXY@0                0040178e f   Irvine32:Irvine32.obj
 0001:000007bd       _GetMseconds@0             004017bd f   Irvine32:Irvine32.obj
 0001:0000081a       _GetTextColor@0            0040181a f   Irvine32:Irvine32.obj
 0001:00000845       _Gotoxy@0                  00401845 f   Irvine32:Irvine32.obj
 0001:0000089d       _IsDigit@0                 0040189d f   Irvine32:Irvine32.obj
 0001:000008aa       _MsgBox@0                  004018aa f   Irvine32:Irvine32.obj
 0001:000008c1       _MsgBoxAsk@0               004018c1 f   Irvine32:Irvine32.obj
 0001:000008e0       _OpenInputFile@0           004018e0 f   Irvine32:Irvine32.obj
 0001:000008f9       _ParseDecimal32@0          004018f9 f   Irvine32:Irvine32.obj
 0001:0000095b       _ParseInteger32@0          0040195b f   Irvine32:Irvine32.obj
 0001:00000a16       _Random32@0                00401a16 f   Irvine32:Irvine32.obj
 0001:00000a31       _RandomRange@0             00401a31 f   Irvine32:Irvine32.obj
 0001:00000a46       _Randomize@0               00401a46 f   Irvine32:Irvine32.obj
 0001:00000a5f       _ReadChar@0                00401a5f f   Irvine32:Irvine32.obj
 0001:00000a75       _ReadDec@0                 00401a75 f   Irvine32:Irvine32.obj
 0001:00000a90       _ReadFromFile@0            00401a90 f   Irvine32:Irvine32.obj
 0001:00000ab3       _ReadHex@0                 00401ab3 f   Irvine32:Irvine32.obj
 0001:00000b34       _ReadInt@0                 00401b34 f   Irvine32:Irvine32.obj
 0001:00000b4f       _ReadKey@0                 00401b4f f   Irvine32:Irvine32.obj
 0001:00000c6a       _ReadKeyFlush@0            00401c6a f   Irvine32:Irvine32.obj
 0001:00000d38       _ReadString@0              00401d38 f   Irvine32:Irvine32.obj
 0001:00000df1       _SetTextColor@0            00401df1 f   Irvine32:Irvine32.obj
 0001:00000e12       _StrLength@0               00401e12 f   Irvine32:Irvine32.obj
 0001:00000e23       _Str_compare@8             00401e23 f   Irvine32:Irvine32.obj
 0001:00000e4d       _Str_copy@8                00401e4d f   Irvine32:Irvine32.obj
 0001:00000e70       _Str_length@4              00401e70 f   Irvine32:Irvine32.obj
 0001:00000e8a       _Str_trim@8                00401e8a f   Irvine32:Irvine32.obj
 0001:00000eb8       _Str_ucase@4               00401eb8 f   Irvine32:Irvine32.obj
 0001:00000eda       _WaitMsg@0                 00401eda f   Irvine32:Irvine32.obj
 0001:00000eec       _WriteBin@0                00401eec f   Irvine32:Irvine32.obj
 0001:00000ef9       _WriteBinB@0               00401ef9 f   Irvine32:Irvine32.obj
 0001:00000f4c       _WriteChar@0               00401f4c f   Irvine32:Irvine32.obj
 0001:00000f7e       _WriteDec@0                00401f7e f   Irvine32:Irvine32.obj
 0001:00000fbf       _WriteHex@0                00401fbf f   Irvine32:Irvine32.obj
 0001:00000fcc       _WriteHexB@0               00401fcc f   Irvine32:Irvine32.obj
 0001:0000105e       _WriteInt@0                0040205e f   Irvine32:Irvine32.obj
 0001:000010bf       _WriteStackFrameName@16    004020bf f   Irvine32:Irvine32.obj
 0001:0000123f       _WriteStackFrame@12        0040223f f   Irvine32:Irvine32.obj
 0001:00001259       _WriteString@0             00402259 f   Irvine32:Irvine32.obj
 0001:00001285       _WriteToFile@0             00402285 f   Irvine32:Irvine32.obj
 0001:0000129a       _WriteWindowsMsg@0         0040229a f   Irvine32:Irvine32.obj
 0001:00002800       _start@0@0                 00403800 f   main.obj
 0001:0000288a       _CheckJumpKey@0            0040388a f   main.obj
 0001:000028c6       _Jump@0                    004038c6 f   main.obj
 0001:0000298b       _Squat@0                   0040398b f   main.obj
 0001:000029fb       _CheckCollision@0          004039fb f   main.obj
 0001:00002a9a       _abs@0                     00403a9a f   main.obj
 0001:00002aa2       _RestartGame@0             00403aa2 f   main.obj
 0001:00002b1f       _GameOverMsg@0             00403b1f f   main.obj
 0001:00002c67       _WaitForEnter@0            00403c67 f   main.obj
 0001:00002c89       _WaitForStart@0            00403c89 f   main.obj
 0001:00002c9d       _ExitGame@0                00403c9d f   main.obj
 0001:00002cde       _DrawTitle@0               00403cde f   main.obj
 0001:0000305c       _DrawFloor@0               0040405c f   main.obj
 0001:0000309f       _DrawDinosaur@0            0040409f f   main.obj
 0001:0000326e       _DrawDinosaurStandLeftStep@0 0040426e f   main.obj
 0001:0000343d       _DrawDinosaurStandRightStep@0 0040443d f   main.obj
 0001:0000360c       _DrawSquatFirstStep@0      0040460c f   main.obj
 0001:0000379b       _DrawSquatSecondStep@0     0040479b f   main.obj
 0001:0000392a       _DrawBirdFlyUp@0           0040492a f   main.obj
 0001:000039f5       _DrawBirdFlyDown@0         004049f5 f   main.obj
 0001:00003ac0       _DrawIntro@0               00404ac0 f   main.obj
 0001:00003b87       _DrawStartMessage@0        00404b87 f   main.obj
 0001:00003c0c       _DrawCactus@0              00404c0c f   main.obj
 0001:00003cd7       _DrawScore@0               00404cd7 f   main.obj
 0001:00003d12       _DrawHighScore@0           00404d12 f   main.obj
 0001:00003d4d       _DrawBackground@0          00404d4d f   main.obj
 0001:00003d76       _DrawStandLeftStepBackground@0 00404d76 f   main.obj
 0001:00003d9f       _DrawStandRightStepBackground@0 00404d9f f   main.obj
 0001:00003dc8       _DrawSquatFirstStepBackground@0 00404dc8 f   main.obj
 0001:00003df1       _DrawSquatSecondStepBackground@0 00404df1 f   main.obj
 0001:00003e1a       _MoveCactus@0              00404e1a f   main.obj
 0001:00003e59       _MoveBird@0                00404e59 f   main.obj
 0001:00003ec1       _WaitForRelease@0          00404ec1 f   main.obj
 0001:00003ecf       _FormatScore@0             00404ecf f   main.obj
 0001:00003ef5       _FormatHighScore@0         00404ef5 f   main.obj
 0001:000044e1       _ExitProcess@4             004054e1 f   kernel32:KERNEL32.dll
 0001:000044e7       _GetStdHandle@4            004054e7 f   kernel32:KERNEL32.dll
 0001:000044ed       _Sleep@4                   004054ed f   kernel32:KERNEL32.dll
 0001:000044f3       _WriteConsoleOutputCharacterA@20 004054f3 f   kernel32:KERNEL32.dll
 0001:000044f9       _WriteConsoleOutputAttribute@20 004054f9 f   kernel32:KERNEL32.dll
 0001:000044ff       _SetConsoleOutputCP@4      004054ff f   kernel32:KERNEL32.dll
 0001:00004505       _CloseHandle@4             00405505 f   kernel32:KERNEL32.dll
 0001:0000450b       _CreateFileA@28            0040550b f   kernel32:KERNEL32.dll
 0001:00004511       _FormatMessageA@28         00405511 f   kernel32:KERNEL32.dll
 0001:00004517       _FlushConsoleInputBuffer@4 00405517 f   kernel32:KERNEL32.dll
 0001:0000451d       _GetCommandLineA@0         0040551d f   kernel32:KERNEL32.dll
 0001:00004523       _GetConsoleMode@8          00405523 f   kernel32:KERNEL32.dll
 0001:00004529       _GetConsoleScreenBufferInfo@8 00405529 f   kernel32:KERNEL32.dll
 0001:0000452f       _GetLastError@0            0040552f f   kernel32:KERNEL32.dll
 0001:00004535       _GetLocalTime@4            00405535 f   kernel32:KERNEL32.dll
 0001:0000453b       _GetSystemTime@4           0040553b f   kernel32:KERNEL32.dll
 0001:00004541       _LocalFree@4               00405541 f   kernel32:KERNEL32.dll
 0001:00004547       _PeekConsoleInputA@16      00405547 f   kernel32:KERNEL32.dll
 0001:0000454d       _ReadConsoleA@20           0040554d f   kernel32:KERNEL32.dll
 0001:00004553       _ReadConsoleInputA@16      00405553 f   kernel32:KERNEL32.dll
 0001:00004559       _ReadFile@20               00405559 f   kernel32:KERNEL32.dll
 0001:0000455f       _SetConsoleCursorPosition@8 0040555f f   kernel32:KERNEL32.dll
 0001:00004565       _SetConsoleMode@8          00405565 f   kernel32:KERNEL32.dll
 0001:0000456b       _SetConsoleTextAttribute@8 0040556b f   kernel32:KERNEL32.dll
 0001:00004571       _SystemTimeToFileTime@8    00405571 f   kernel32:KERNEL32.dll
 0001:00004577       _WriteConsoleA@20          00405577 f   kernel32:KERNEL32.dll
 0001:0000457d       _WriteFile@20              0040557d f   kernel32:KERNEL32.dll
 0001:00004583       _GetAsyncKeyState@4        00405583 f   user32:USER32.dll
 0001:00004589       _MessageBoxA@16            00405589 f   user32:USER32.dll
 0004:00000000       __imp__ExitProcess@4       0040a000     kernel32:KERNEL32.dll
 0004:00000004       __imp__GetStdHandle@4      0040a004     kernel32:KERNEL32.dll
 0004:00000008       __imp__Sleep@4             0040a008     kernel32:KERNEL32.dll
 0004:0000000c       __imp__WriteConsoleOutputCharacterA@20 0040a00c     kernel32:KERNEL32.dll
 0004:00000010       __imp__WriteConsoleOutputAttribute@20 0040a010     kernel32:KERNEL32.dll
 0004:00000014       __imp__SetConsoleOutputCP@4 0040a014     kernel32:KERNEL32.dll
 0004:00000018       __imp__CloseHandle@4       0040a018     kernel32:KERNEL32.dll
 0004:0000001c       __imp__CreateFileA@28      0040a01c     kernel32:KERNEL32.dll
 0004:00000020       __imp__FormatMessageA@28   0040a020     kernel32:KERNEL32.dll
 0004:00000024       __imp__FlushConsoleInputBuffer@4 0040a024     kernel32:KERNEL32.dll
 0004:00000028       __imp__GetCommandLineA@0   0040a028     kernel32:KERNEL32.dll
 0004:0000002c       __imp__GetConsoleMode@8    0040a02c     kernel32:KERNEL32.dll
 0004:00000030       __imp__GetConsoleScreenBufferInfo@8 0040a030     kernel32:KERNEL32.dll
 0004:00000034       __imp__GetLastError@0      0040a034     kernel32:KERNEL32.dll
 0004:00000038       __imp__GetLocalTime@4      0040a038     kernel32:KERNEL32.dll
 0004:0000003c       __imp__GetSystemTime@4     0040a03c     kernel32:KERNEL32.dll
 0004:00000040       __imp__LocalFree@4         0040a040     kernel32:KERNEL32.dll
 0004:00000044       __imp__PeekConsoleInputA@16 0040a044     kernel32:KERNEL32.dll
 0004:00000048       __imp__ReadConsoleA@20     0040a048     kernel32:KERNEL32.dll
 0004:0000004c       __imp__ReadConsoleInputA@16 0040a04c     kernel32:KERNEL32.dll
 0004:00000050       __imp__ReadFile@20         0040a050     kernel32:KERNEL32.dll
 0004:00000054       __imp__SetConsoleCursorPosition@8 0040a054     kernel32:KERNEL32.dll
 0004:00000058       __imp__SetConsoleMode@8    0040a058     kernel32:KERNEL32.dll
 0004:0000005c       __imp__SetConsoleTextAttribute@8 0040a05c     kernel32:KERNEL32.dll
 0004:00000060       __imp__SystemTimeToFileTime@8 0040a060     kernel32:KERNEL32.dll
 0004:00000064       __imp__WriteConsoleA@20    0040a064     kernel32:KERNEL32.dll
 0004:00000068       __imp__WriteFile@20        0040a068     kernel32:KERNEL32.dll
 0004:0000006c       \177KERNEL32_NULL_THUNK_DATA 0040a06c     kernel32:KERNEL32.dll
 0004:000000ac       __imp__MessageBoxA@16      0040a0ac     user32:USER32.dll
 0004:000000b0       __imp__GetAsyncKeyState@4  0040a0b0     user32:USER32.dll
 0004:000000b4       \177USER32_NULL_THUNK_DATA 0040a0b4     user32:USER32.dll
 0004:000000e0       __IMPORT_DESCRIPTOR_KERNEL32 0040a0e0     kernel32:KERNEL32.dll
 0004:000000f4       __IMPORT_DESCRIPTOR_USER32 0040a0f4     user32:USER32.dll
 0004:00000108       __NULL_IMPORT_DESCRIPTOR   0040a108     kernel32:KERNEL32.dll

 entry point at        0001:000000eb

 Static symbols

 0000:ffff3000       .debug$S                   00400000     kernel32:KERNEL32.dll
 0000:ffff3000       .debug$S                   00400000     kernel32:KERNEL32.dll
 0000:ffff3000       .debug$S                   00400000     kernel32:KERNEL32.dll
 0000:ffff3000       .debug$S                   00400000     kernel32:KERNEL32.dll
 0000:ffff3000       .debug$S                   00400000     kernel32:KERNEL32.dll
 0000:ffff3000       .debug$S                   00400000     kernel32:KERNEL32.dll
 0000:ffff3000       .debug$S                   00400000     kernel32:KERNEL32.dll
 0000:ffff3000       .debug$S                   00400000     kernel32:KERNEL32.dll
 0000:ffff3000       .debug$S                   00400000     kernel32:KERNEL32.dll
 0000:ffff3000       .debug$S                   00400000     kernel32:KERNEL32.dll
 0000:ffff3000       .debug$S                   00400000     kernel32:KERNEL32.dll
 0000:ffff3000       .debug$S                   00400000     kernel32:KERNEL32.dll
 0000:ffff3000       .debug$S                   00400000     kernel32:KERNEL32.dll
 0000:ffff3000       .debug$S                   00400000     kernel32:KERNEL32.dll
 0000:ffff3000       .debug$S                   00400000     kernel32:KERNEL32.dll
 0000:ffff3000       .debug$S                   00400000     kernel32:KERNEL32.dll
 0000:ffff3000       .debug$S                   00400000     kernel32:KERNEL32.dll
 0000:ffff3000       .debug$S                   00400000     kernel32:KERNEL32.dll
 0000:ffff3000       .debug$S                   00400000     kernel32:KERNEL32.dll
 0000:ffff3000       .debug$S                   00400000     kernel32:KERNEL32.dll
 0000:ffff3000       .debug$S                   00400000     kernel32:KERNEL32.dll
 0000:ffff3000       .debug$S                   00400000     kernel32:KERNEL32.dll
 0000:ffff3000       .debug$S                   00400000     kernel32:KERNEL32.dll
 0000:ffff3000       .debug$S                   00400000     kernel32:KERNEL32.dll
 0000:ffff3000       .debug$S                   00400000     kernel32:KERNEL32.dll
 0000:ffff3000       .debug$S                   00400000     kernel32:KERNEL32.dll
 0000:ffff3000       .debug$S                   00400000     kernel32:KERNEL32.dll
 0000:ffff3000       .debug$S                   00400000     user32:USER32.dll
 0000:ffff3000       .debug$S                   00400000     user32:USER32.dll
 0001:00000754       _scan_for_quote@0          00401754 f   Irvine32:Irvine32.obj
 0001:0000087b       _Initialize@0              0040187b f   Irvine32:Irvine32.obj
 0001:00000c7f       _ReadKeyTranslate@0        00401c7f f   Irvine32:Irvine32.obj
 0001:000012f5       _AsciiDigit@0              004022f5 f   Irvine32:Irvine32.obj
 0001:000012fe       _HexByte@0                 004022fe f   Irvine32:Irvine32.obj
 0001:00002800       $$000000                   00403800     main.obj
 0003:00000000       floorLength                00408000     main.obj
 0003:00000004       floor                      00408004     main.obj
 0003:00000068       floorFix                   00408068     main.obj
 0003:00000069       cactusTop                  00408069     main.obj
 0003:0000006e       cactusMiddle               0040806e     main.obj
 0003:00000074       cactusBottom               00408074     main.obj
 0003:00000076       cactus_pos                 00408076     main.obj
 0003:0000007a       cactus_height              0040807a     main.obj
 0003:0000007e       dinosaurFirstLine          0040807e     main.obj
 0003:00000088       dinosaurSecondLine         00408088     main.obj
 0003:00000094       dinosaurThirdLine          00408094     main.obj
 0003:0000009e       dinosaurFourthLine         0040809e     main.obj
 0003:000000a8       dinosaurFifthLine          004080a8     main.obj
 0003:000000b0       dinosaurFirstLeg           004080b0     main.obj
 0003:000000b2       dinosaurSecondLeg          004080b2     main.obj
 0003:000000b4       dinosaurStep               004080b4     main.obj
 0003:000000b6       dino_pos                   004080b6     main.obj
 0003:000000ba       dinosaurSquatFirstLine     004080ba     main.obj
 0003:000000c9       dinosaurSquatSecondLine    004080c9     main.obj
 0003:000000d9       dinosaurSquatThirdLine     004080d9     main.obj
 0003:000000e5       dinosaurSquatFirstLeg      004080e5     main.obj
 0003:000000e7       dinosaurSquatSecondLeg     004080e7     main.obj
 0003:000000e9       dinosaurSquatFirstHand     004080e9     main.obj
 0003:000000eb       title1                     004080eb     main.obj
 0003:00000119       title2                     00408119     main.obj
 0003:00000147       title3                     00408147     main.obj
 0003:00000175       title4                     00408175     main.obj
 0003:000001a3       title5                     004081a3     main.obj
 0003:000001d1       title6                     004081d1     main.obj
 0003:000001ff       title7                     004081ff     main.obj
 0003:0000022d       title8                     0040822d     main.obj
 0003:0000025c       title9                     0040825c     main.obj
 0003:0000028a       title10                    0040828a     main.obj
 0003:000002b8       title11                    004082b8     main.obj
 0003:000002e6       title12                    004082e6     main.obj
 0003:00000314       birdFlyUpFirstLine         00408314     main.obj
 0003:0000031c       birdFlyUpSecondLine        0040831c     main.obj
 0003:00000326       birdFlyUpThirdLine         00408326     main.obj
 0003:0000032d       birdFlyDownFirstLine       0040832d     main.obj
 0003:00000335       birdFlyDownSecondLine      00408335     main.obj
 0003:0000033d       birdFlyDownThirdLine       0040833d     main.obj
 0003:00000342       bird_pos                   00408342     main.obj
 0003:00000346       bird_speed                 00408346     main.obj
 0003:00000348       cactus_speed               00408348     main.obj
 0003:0000034a       outputHandle               0040834a     main.obj
 0003:0000034e       bytesWritten               0040834e     main.obj
 0003:00000352       count                      00408352     main.obj
 0003:00000356       title_pos                  00408356     main.obj
 0003:0000035a       highscore_pos              0040835a     main.obj
 0003:0000035e       score_pos                  0040835e     main.obj
 0003:00000362       gameOver_pos               00408362     main.obj
 0003:00000366       intro_pos                  00408366     main.obj
 0003:0000036a       exit_pos                   0040836a     main.obj
 0003:0000036e       restart_pos                0040836e     main.obj
 0003:00000372       start_pos                  00408372     main.obj
 0003:00000376       floor_pos                  00408376     main.obj
 0003:0000037a       xyBound                    0040837a     main.obj
 0003:0000037e       cellsWritten               0040837e     main.obj
 0003:00000382       attributes_floor           00408382     main.obj
 0003:0000044a       velocity                   0040844a     main.obj
 0003:0000044c       gravity                    0040844c     main.obj
 0003:0000044e       keyState                   0040844e     main.obj
 0003:00000452       brownColor                 00408452     main.obj
 0003:0000051a       greenColor                 0040851a     main.obj
 0003:000005e2       redColor                   004085e2     main.obj
 0003:000006aa       blueColor                  004086aa     main.obj
 0003:00000772       purpleColor                00408772     main.obj
 0003:0000083a       score                      0040883a     main.obj
 0003:0000083e       highscore                  0040883e     main.obj
 0003:00000842       introString                00408842     main.obj
 0003:00000862       scoreString                00408862     main.obj
 0003:0000086e       highscoreString            0040886e     main.obj
 0003:0000087f       gameOverMessage            0040887f     main.obj
 0003:0000088a       restartMessage             0040888a     main.obj
 0003:000008a1       startMessage               004088a1     main.obj
 0003:000008b6       enterMessage               004088b6     main.obj
 0003:000008bc       exitMessage                004088bc     main.obj
 0003:000008ce       escMessage                 004088ce     main.obj
 0003:000008d2       spaceMessage               004088d2     main.obj
 0003:000008d8       upMessage                  004088d8     main.obj
 0003:000008e1       hConsole                   004088e1     main.obj
 0003:000008e5       cursorInfo                 004088e5     main.obj
 0003:00000ac0       InitFlag                   00408ac0     Irvine32:Irvine32.obj
 0003:00000ac1       xtable                     00408ac1     Irvine32:Irvine32.obj
 0003:00000ad1       blanks                     00408ad1     Irvine32:Irvine32.obj
 0003:00000cd1       attribs                    00408cd1     Irvine32:Irvine32.obj
 0003:000010d1       lineLength                 004090d1     Irvine32:Irvine32.obj
 0003:000010d5       cursorLoc                  004090d5     Irvine32:Irvine32.obj
 0003:000010d9       count                      004090d9     Irvine32:Irvine32.obj
 0003:000010dd       ??0002                     004090dd     Irvine32:Irvine32.obj
 0003:000010e2       dumpPrompt                 004090e2     Irvine32:Irvine32.obj
 0003:000010f4       dashLine                   004090f4     Irvine32:Irvine32.obj
 0003:00001116       ??0003                     00409116     Irvine32:Irvine32.obj
 0003:00001119       ??0004                     00409119     Irvine32:Irvine32.obj
 0003:0000111b       ??0005                     0040911b     Irvine32:Irvine32.obj
 0003:0000111d       saveIP                     0040911d     Irvine32:Irvine32.obj
 0003:00001121       saveESP                    00409121     Irvine32:Irvine32.obj
 0003:00001125       ??0006                     00409125     Irvine32:Irvine32.obj
 0003:0000112c       ??0007                     0040912c     Irvine32:Irvine32.obj
 0003:00001133       ??0008                     00409133     Irvine32:Irvine32.obj
 0003:0000113a       ??0009                     0040913a     Irvine32:Irvine32.obj
 0003:00001141       ??000A                     00409141     Irvine32:Irvine32.obj
 0003:00001148       ??000B                     00409148     Irvine32:Irvine32.obj
 0003:0000114f       ??000C                     0040914f     Irvine32:Irvine32.obj
 0003:00001156       ??000D                     00409156     Irvine32:Irvine32.obj
 0003:0000115d       ??000E                     0040915d     Irvine32:Irvine32.obj
 0003:00001164       ??000F                     00409164     Irvine32:Irvine32.obj
 0003:0000116b       ??0010                     0040916b     Irvine32:Irvine32.obj
 0003:00001170       ??0011                     00409170     Irvine32:Irvine32.obj
 0003:00001172       ??0013                     00409172     Irvine32:Irvine32.obj
 0003:00001177       ??0014                     00409177     Irvine32:Irvine32.obj
 0003:00001179       ??0016                     00409179     Irvine32:Irvine32.obj
 0003:0000117e       ??0017                     0040917e     Irvine32:Irvine32.obj
 0003:00001180       ??0019                     00409180     Irvine32:Irvine32.obj
 0003:00001185       ??001A                     00409185     Irvine32:Irvine32.obj
 0003:00001187       ??001C                     00409187     Irvine32:Irvine32.obj
 0003:0000118c       ??001D                     0040918c     Irvine32:Irvine32.obj
 0003:0000118e       ??001F                     0040918e     Irvine32:Irvine32.obj
 0003:00001193       ??0020                     00409193     Irvine32:Irvine32.obj
 0003:00001195       _cursorPosition            00409195     Irvine32:Irvine32.obj
 0003:00001199       @zx02abc_def_caption       00409199     Irvine32:Irvine32.obj
 0003:0000119b       @zq02abc_def_caption       0040919b     Irvine32:Irvine32.obj
 0003:0000119d       overflow_msgL              0040919d     Irvine32:Irvine32.obj
 0003:000011b8       invalid_msgL               004091b8     Irvine32:Irvine32.obj
 0003:000011cb       seed                       004091cb     Irvine32:Irvine32.obj
 0003:000011cf       xbtable                    004091cf     Irvine32:Irvine32.obj
 0003:000011e6       numVal                     004091e6     Irvine32:Irvine32.obj
 0003:000011ea       charVal                    004091ea     Irvine32:Irvine32.obj
 0003:000011eb       evBuffer                   004091eb     Irvine32:Irvine32.obj
 0003:000011ff       evRepeat                   004091ff     Irvine32:Irvine32.obj
 0003:00001201       SpecialCases               00409201     Irvine32:Irvine32.obj
 0003:00001242       _$$temp                    00409242     Irvine32:Irvine32.obj
 0003:00001246       waitmsgstr                 00409246     Irvine32:Irvine32.obj
 0003:00001263       bufferL                    00409263     Irvine32:Irvine32.obj
 0003:00001270       bufferLHB                  00409270     Irvine32:Irvine32.obj
 0003:00001279       buffer_B                   00409279     Irvine32:Irvine32.obj
 0003:00001286       neg_flag                   00409286     Irvine32:Irvine32.obj
 0003:00001287       LblStack                   00409287     Irvine32:Irvine32.obj
 0003:00001294       LblFor                     00409294     Irvine32:Irvine32.obj
 0003:00001299       LblEbp                     00409299     Irvine32:Irvine32.obj
 0003:0000129f       LblParam                   0040929f     Irvine32:Irvine32.obj
 0003:000012ac       LblEbpPtr                  004092ac     Irvine32:Irvine32.obj
 0003:000012c2       LblSaved                   004092c2     Irvine32:Irvine32.obj
 0003:000012d4       LblLocal                   004092d4     Irvine32:Irvine32.obj
 0003:000012e6       LblReturn                  004092e6     Irvine32:Irvine32.obj
 0003:000012f8       LblEsp                     004092f8     Irvine32:Irvine32.obj
 0003:00001304       BadStackFrameMsg           00409304     Irvine32:Irvine32.obj
 0003:0000131f       NoName                     0040931f     Irvine32:Irvine32.obj
 0003:00001320       WriteToFile_1              00409320     Irvine32:Irvine32.obj
 0003:00001324       WriteWindowsMsg_1          00409324     Irvine32:Irvine32.obj
 0003:0000132b       WriteWindowsMsg_2          0040932b     Irvine32:Irvine32.obj
 0003:0000132e       pErrorMsg                  0040932e     Irvine32:Irvine32.obj
 0003:00001332       messageId                  00409332     Irvine32:Irvine32.obj
 0003:000015f0       consoleInHandle            004095f0     Irvine32:Irvine32.obj
 0003:000015f4       consoleOutHandle           004095f4     Irvine32:Irvine32.obj
 0003:000015f8       bytesWritten               004095f8     Irvine32:Irvine32.obj
 0003:000015fc       eflags                     004095fc     Irvine32:Irvine32.obj
 0003:00001600       digitBuffer                00409600     Irvine32:Irvine32.obj
 0003:00001651       buffer                     00409651     Irvine32:Irvine32.obj
 0003:00001851       bytesRead                  00409851     Irvine32:Irvine32.obj
 0003:00001855       sysTime                    00409855     Irvine32:Irvine32.obj
 0004:000003fc       .idata$6                   0040a3fc     kernel32:KERNEL32.dll
 0004:0000042c       .idata$6                   0040a42c     user32:USER32.dll
 0005:00000170       $R000000                   0040b170     * linker generated manifest res *
