 Asm_Final_Project

 Timestamp is 675f9311 (Mon Dec 16 10:40:17 2024)

 Preferred load address is 00400000

 Start         Length     Name                   Class
 0001:00000000 00002730H .text                   CODE
 0001:00002730 00001a11H .text$mn                CODE
 0002:00000000 00000144H .rdata                  DATA
 0002:00000143 00000000H .edata                  DATA
 0002:00000144 00000199H .rdata$zzzdbg           DATA
 0003:00000000 000010b0H .data                   DATA
 0003:000010b0 000002f2H .bss                    DATA
 0004:00000000 000000e0H .idata$5                DATA
 0004:000000e0 00000028H .idata$2                DATA
 0004:00000108 00000014H .idata$3                DATA
 0004:0000011c 000000e0H .idata$4                DATA
 0004:000001fc 00000375H .idata$6                DATA
 0005:00000000 00000170H .rsrc$01                DATA
 0005:00000170 000002ccH .rsrc$02                DATA

  Address         Publics by Value              Rva+Base       Lib:Object

 0000:00000000       ___AbsoluteZero            00000000     <absolute>
 0000:00000000       ___arm64x_extra_rfe_table  00000000     <absolute>
 0000:00000000       ___arm64x_extra_rfe_table_size 00000000     <absolute>
 0000:00000000       ___arm64x_native_entrypoint 00000000     <absolute>
 0000:00000000       ___arm64x_redirection_metadata 00000000     <absolute>
 0000:00000000       ___arm64x_redirection_metadata_count 00000000     <absolute>
 0000:00000000       ___dynamic_value_reloc_table 00000000     <absolute>
 0000:00000000       ___enclave_config          00000000     <absolute>
 0000:00000000       ___guard_check_icall_a64n_fptr 00000000     <absolute>
 0000:00000000       ___guard_eh_cont_count     00000000     <absolute>
 0000:00000000       ___guard_eh_cont_table     00000000     <absolute>
 0000:00000000       ___guard_fids_count        00000000     <absolute>
 0000:00000000       ___guard_fids_table        00000000     <absolute>
 0000:00000000       ___guard_flags             00000000     <absolute>
 0000:00000000       ___guard_iat_count         00000000     <absolute>
 0000:00000000       ___guard_iat_table         00000000     <absolute>
 0000:00000000       ___guard_longjmp_count     00000000     <absolute>
 0000:00000000       ___guard_longjmp_table     00000000     <absolute>
 0000:00000000       ___hybrid_auxiliary_delayload_iat 00000000     <absolute>
 0000:00000000       ___hybrid_auxiliary_delayload_iat_copy 00000000     <absolute>
 0000:00000000       ___hybrid_auxiliary_iat    00000000     <absolute>
 0000:00000000       ___hybrid_auxiliary_iat_copy 00000000     <absolute>
 0000:00000000       ___hybrid_code_map         00000000     <absolute>
 0000:00000000       ___hybrid_code_map_count   00000000     <absolute>
 0000:00000000       ___hybrid_image_info_bitfield 00000000     <absolute>
 0000:00000000       ___safe_se_handler_count   00000000     <absolute>
 0000:00000000       ___safe_se_handler_table   00000000     <absolute>
 0000:00000000       ___volatile_metadata       00000000     <absolute>
 0000:00000000       ___x64_code_ranges_to_entry_points 00000000     <absolute>
 0000:00000000       ___x64_code_ranges_to_entry_points_count 00000000     <absolute>
 0001:000002b0       _CloseFile@0               004012b0 f   Irvine32:Irvine32.obj
 0001:000002b7       _Clrscr@0                  004012b7 f   Irvine32:Irvine32.obj
 0001:0000037c       _CreateOutputFile@0        0040137c f   Irvine32:Irvine32.obj
 0001:00000395       _Crlf@0                    00401395 f   Irvine32:Irvine32.obj
 0001:000003b0       _Delay@0                   004013b0 f   Irvine32:Irvine32.obj
 0001:000003b9       _DumpMem@0                 004013b9 f   Irvine32:Irvine32.obj
 0001:00000474       _DumpRegs@0                00401474 f   Irvine32:Irvine32.obj
 0001:0000066f       _GetCommandTail@0          0040166f f   Irvine32:Irvine32.obj
 0001:000006ac       _GetDateTime@4             004016ac f   Irvine32:Irvine32.obj
 0001:000006de       _GetMaxXY@0                004016de f   Irvine32:Irvine32.obj
 0001:0000070d       _GetMseconds@0             0040170d f   Irvine32:Irvine32.obj
 0001:0000076a       _GetTextColor@0            0040176a f   Irvine32:Irvine32.obj
 0001:00000795       _Gotoxy@0                  00401795 f   Irvine32:Irvine32.obj
 0001:000007ed       _IsDigit@0                 004017ed f   Irvine32:Irvine32.obj
 0001:000007fa       _MsgBox@0                  004017fa f   Irvine32:Irvine32.obj
 0001:00000811       _MsgBoxAsk@0               00401811 f   Irvine32:Irvine32.obj
 0001:00000830       _OpenInputFile@0           00401830 f   Irvine32:Irvine32.obj
 0001:00000849       _ParseDecimal32@0          00401849 f   Irvine32:Irvine32.obj
 0001:000008ab       _ParseInteger32@0          004018ab f   Irvine32:Irvine32.obj
 0001:00000966       _Random32@0                00401966 f   Irvine32:Irvine32.obj
 0001:00000981       _RandomRange@0             00401981 f   Irvine32:Irvine32.obj
 0001:00000996       _Randomize@0               00401996 f   Irvine32:Irvine32.obj
 0001:000009af       _ReadChar@0                004019af f   Irvine32:Irvine32.obj
 0001:000009c5       _ReadDec@0                 004019c5 f   Irvine32:Irvine32.obj
 0001:000009e0       _ReadFromFile@0            004019e0 f   Irvine32:Irvine32.obj
 0001:00000a03       _ReadHex@0                 00401a03 f   Irvine32:Irvine32.obj
 0001:00000a84       _ReadInt@0                 00401a84 f   Irvine32:Irvine32.obj
 0001:00000a9f       _ReadKey@0                 00401a9f f   Irvine32:Irvine32.obj
 0001:00000bba       _ReadKeyFlush@0            00401bba f   Irvine32:Irvine32.obj
 0001:00000c88       _ReadString@0              00401c88 f   Irvine32:Irvine32.obj
 0001:00000d41       _SetTextColor@0            00401d41 f   Irvine32:Irvine32.obj
 0001:00000d62       _StrLength@0               00401d62 f   Irvine32:Irvine32.obj
 0001:00000d73       _Str_compare@8             00401d73 f   Irvine32:Irvine32.obj
 0001:00000d9d       _Str_copy@8                00401d9d f   Irvine32:Irvine32.obj
 0001:00000dc0       _Str_length@4              00401dc0 f   Irvine32:Irvine32.obj
 0001:00000dda       _Str_trim@8                00401dda f   Irvine32:Irvine32.obj
 0001:00000e08       _Str_ucase@4               00401e08 f   Irvine32:Irvine32.obj
 0001:00000e2a       _WaitMsg@0                 00401e2a f   Irvine32:Irvine32.obj
 0001:00000e3c       _WriteBin@0                00401e3c f   Irvine32:Irvine32.obj
 0001:00000e49       _WriteBinB@0               00401e49 f   Irvine32:Irvine32.obj
 0001:00000e9c       _WriteChar@0               00401e9c f   Irvine32:Irvine32.obj
 0001:00000ece       _WriteDec@0                00401ece f   Irvine32:Irvine32.obj
 0001:00000f0f       _WriteHex@0                00401f0f f   Irvine32:Irvine32.obj
 0001:00000f1c       _WriteHexB@0               00401f1c f   Irvine32:Irvine32.obj
 0001:00000fae       _WriteInt@0                00401fae f   Irvine32:Irvine32.obj
 0001:0000100f       _WriteStackFrameName@16    0040200f f   Irvine32:Irvine32.obj
 0001:0000118f       _WriteStackFrame@12        0040218f f   Irvine32:Irvine32.obj
 0001:000011a9       _WriteString@0             004021a9 f   Irvine32:Irvine32.obj
 0001:000011d5       _WriteToFile@0             004021d5 f   Irvine32:Irvine32.obj
 0001:000011ea       _WriteWindowsMsg@0         004021ea f   Irvine32:Irvine32.obj
 0001:00002730       _start@0@0                 00403730 f   main.obj
 0001:000027cc       _CheckJumpKey@0            004037cc f   main.obj
 0001:000027f4       _Jump@0                    004037f4 f   main.obj
 0001:00002858       _CheckCollision@0          00403858 f   main.obj
 0001:000028b2       _RestartGame@0             004038b2 f   main.obj
 0001:0000291d       _GameOverMsg@0             0040391d f   main.obj
 0001:00002a65       _WaitForEnter@0            00403a65 f   main.obj
 0001:00002a87       _ExitGame@0                00403a87 f   main.obj
 0001:00002ac8       _DrawBox@0                 00403ac8 f   main.obj
 0001:00002bd0       _DrawIntro@0               00403bd0 f   main.obj
 0001:00002c97       _DrawCactus@0              00403c97 f   main.obj
 0001:00002d62       _DrawScore@0               00403d62 f   main.obj
 0001:00002d9d       _DrawHighScore@0           00403d9d f   main.obj
 0001:00002dd8       _DrawBackground@0          00403dd8 f   main.obj
 0001:00002df7       _MoveCactus@0              00403df7 f   main.obj
 0001:00002e36       _WaitForRelease@0          00403e36 f   main.obj
 0001:00002e44       _FormatScore@0             00403e44 f   main.obj
 0001:00002e6a       _FormatHighScore@0         00403e6a f   main.obj
 0001:00003068       _ExitProcess@4             00404068 f   kernel32:KERNEL32.dll
 0001:0000306e       _GetStdHandle@4            0040406e f   kernel32:KERNEL32.dll
 0001:00003074       _Sleep@4                   00404074 f   kernel32:KERNEL32.dll
 0001:0000307a       _WriteConsoleOutputCharacterA@20 0040407a f   kernel32:KERNEL32.dll
 0001:00003080       _WriteConsoleOutputAttribute@20 00404080 f   kernel32:KERNEL32.dll
 0001:00003086       _SetConsoleOutputCP@4      00404086 f   kernel32:KERNEL32.dll
 0001:0000308c       _CloseHandle@4             0040408c f   kernel32:KERNEL32.dll
 0001:00003092       _CreateFileA@28            00404092 f   kernel32:KERNEL32.dll
 0001:00003098       _FormatMessageA@28         00404098 f   kernel32:KERNEL32.dll
 0001:0000309e       _FlushConsoleInputBuffer@4 0040409e f   kernel32:KERNEL32.dll
 0001:000030a4       _GetCommandLineA@0         004040a4 f   kernel32:KERNEL32.dll
 0001:000030aa       _GetConsoleMode@8          004040aa f   kernel32:KERNEL32.dll
 0001:000030b0       _GetConsoleScreenBufferInfo@8 004040b0 f   kernel32:KERNEL32.dll
 0001:000030b6       _GetLastError@0            004040b6 f   kernel32:KERNEL32.dll
 0001:000030bc       _GetLocalTime@4            004040bc f   kernel32:KERNEL32.dll
 0001:000030c2       _GetSystemTime@4           004040c2 f   kernel32:KERNEL32.dll
 0001:000030c8       _LocalFree@4               004040c8 f   kernel32:KERNEL32.dll
 0001:000030ce       _PeekConsoleInputA@16      004040ce f   kernel32:KERNEL32.dll
 0001:000030d4       _ReadConsoleA@20           004040d4 f   kernel32:KERNEL32.dll
 0001:000030da       _ReadConsoleInputA@16      004040da f   kernel32:KERNEL32.dll
 0001:000030e0       _ReadFile@20               004040e0 f   kernel32:KERNEL32.dll
 0001:000030e6       _SetConsoleCursorPosition@8 004040e6 f   kernel32:KERNEL32.dll
 0001:000030ec       _SetConsoleMode@8          004040ec f   kernel32:KERNEL32.dll
 0001:000030f2       _SetConsoleTextAttribute@8 004040f2 f   kernel32:KERNEL32.dll
 0001:000030f8       _SystemTimeToFileTime@8    004040f8 f   kernel32:KERNEL32.dll
 0001:000030fe       _WriteConsoleA@20          004040fe f   kernel32:KERNEL32.dll
 0001:00003104       _WriteFile@20              00404104 f   kernel32:KERNEL32.dll
 0001:0000310a       _GetAsyncKeyState@4        0040410a f   user32:USER32.dll
 0001:00003110       _MessageBoxA@16            00404110 f   user32:USER32.dll
 0004:00000000       __imp__ExitProcess@4       00409000     kernel32:KERNEL32.dll
 0004:00000004       __imp__GetStdHandle@4      00409004     kernel32:KERNEL32.dll
 0004:00000008       __imp__Sleep@4             00409008     kernel32:KERNEL32.dll
 0004:0000000c       __imp__WriteConsoleOutputCharacterA@20 0040900c     kernel32:KERNEL32.dll
 0004:00000010       __imp__WriteConsoleOutputAttribute@20 00409010     kernel32:KERNEL32.dll
 0004:00000014       __imp__SetConsoleOutputCP@4 00409014     kernel32:KERNEL32.dll
 0004:00000018       __imp__CloseHandle@4       00409018     kernel32:KERNEL32.dll
 0004:0000001c       __imp__CreateFileA@28      0040901c     kernel32:KERNEL32.dll
 0004:00000020       __imp__FormatMessageA@28   00409020     kernel32:KERNEL32.dll
 0004:00000024       __imp__FlushConsoleInputBuffer@4 00409024     kernel32:KERNEL32.dll
 0004:00000028       __imp__GetCommandLineA@0   00409028     kernel32:KERNEL32.dll
 0004:0000002c       __imp__GetConsoleMode@8    0040902c     kernel32:KERNEL32.dll
 0004:00000030       __imp__GetConsoleScreenBufferInfo@8 00409030     kernel32:KERNEL32.dll
 0004:00000034       __imp__GetLastError@0      00409034     kernel32:KERNEL32.dll
 0004:00000038       __imp__GetLocalTime@4      00409038     kernel32:KERNEL32.dll
 0004:0000003c       __imp__GetSystemTime@4     0040903c     kernel32:KERNEL32.dll
 0004:00000040       __imp__LocalFree@4         00409040     kernel32:KERNEL32.dll
 0004:00000044       __imp__PeekConsoleInputA@16 00409044     kernel32:KERNEL32.dll
 0004:00000048       __imp__ReadConsoleA@20     00409048     kernel32:KERNEL32.dll
 0004:0000004c       __imp__ReadConsoleInputA@16 0040904c     kernel32:KERNEL32.dll
 0004:00000050       __imp__ReadFile@20         00409050     kernel32:KERNEL32.dll
 0004:00000054       __imp__SetConsoleCursorPosition@8 00409054     kernel32:KERNEL32.dll
 0004:00000058       __imp__SetConsoleMode@8    00409058     kernel32:KERNEL32.dll
 0004:0000005c       __imp__SetConsoleTextAttribute@8 0040905c     kernel32:KERNEL32.dll
 0004:00000060       __imp__SystemTimeToFileTime@8 00409060     kernel32:KERNEL32.dll
 0004:00000064       __imp__WriteConsoleA@20    00409064     kernel32:KERNEL32.dll
 0004:00000068       __imp__WriteFile@20        00409068     kernel32:KERNEL32.dll
 0004:0000006c       \177KERNEL32_NULL_THUNK_DATA 0040906c     kernel32:KERNEL32.dll
 0004:000000ac       __imp__MessageBoxA@16      004090ac     user32:USER32.dll
 0004:000000b0       __imp__GetAsyncKeyState@4  004090b0     user32:USER32.dll
 0004:000000b4       \177USER32_NULL_THUNK_DATA 004090b4     user32:USER32.dll
 0004:000000e0       __IMPORT_DESCRIPTOR_KERNEL32 004090e0     kernel32:KERNEL32.dll
 0004:000000f4       __IMPORT_DESCRIPTOR_USER32 004090f4     user32:USER32.dll
 0004:00000108       __NULL_IMPORT_DESCRIPTOR   00409108     kernel32:KERNEL32.dll

 entry point at        0001:000000b9

 Static symbols

 0000:ffff4000       .debug$S                   00400000     kernel32:KERNEL32.dll
 0000:ffff4000       .debug$S                   00400000     kernel32:KERNEL32.dll
 0000:ffff4000       .debug$S                   00400000     kernel32:KERNEL32.dll
 0000:ffff4000       .debug$S                   00400000     kernel32:KERNEL32.dll
 0000:ffff4000       .debug$S                   00400000     kernel32:KERNEL32.dll
 0000:ffff4000       .debug$S                   00400000     kernel32:KERNEL32.dll
 0000:ffff4000       .debug$S                   00400000     kernel32:KERNEL32.dll
 0000:ffff4000       .debug$S                   00400000     kernel32:KERNEL32.dll
 0000:ffff4000       .debug$S                   00400000     kernel32:KERNEL32.dll
 0000:ffff4000       .debug$S                   00400000     kernel32:KERNEL32.dll
 0000:ffff4000       .debug$S                   00400000     kernel32:KERNEL32.dll
 0000:ffff4000       .debug$S                   00400000     kernel32:KERNEL32.dll
 0000:ffff4000       .debug$S                   00400000     kernel32:KERNEL32.dll
 0000:ffff4000       .debug$S                   00400000     kernel32:KERNEL32.dll
 0000:ffff4000       .debug$S                   00400000     kernel32:KERNEL32.dll
 0000:ffff4000       .debug$S                   00400000     kernel32:KERNEL32.dll
 0000:ffff4000       .debug$S                   00400000     kernel32:KERNEL32.dll
 0000:ffff4000       .debug$S                   00400000     kernel32:KERNEL32.dll
 0000:ffff4000       .debug$S                   00400000     kernel32:KERNEL32.dll
 0000:ffff4000       .debug$S                   00400000     kernel32:KERNEL32.dll
 0000:ffff4000       .debug$S                   00400000     kernel32:KERNEL32.dll
 0000:ffff4000       .debug$S                   00400000     kernel32:KERNEL32.dll
 0000:ffff4000       .debug$S                   00400000     kernel32:KERNEL32.dll
 0000:ffff4000       .debug$S                   00400000     kernel32:KERNEL32.dll
 0000:ffff4000       .debug$S                   00400000     kernel32:KERNEL32.dll
 0000:ffff4000       .debug$S                   00400000     kernel32:KERNEL32.dll
 0000:ffff4000       .debug$S                   00400000     kernel32:KERNEL32.dll
 0000:ffff4000       .debug$S                   00400000     user32:USER32.dll
 0000:ffff4000       .debug$S                   00400000     user32:USER32.dll
 0001:000006a4       _scan_for_quote@0          004016a4 f   Irvine32:Irvine32.obj
 0001:000007cb       _Initialize@0              004017cb f   Irvine32:Irvine32.obj
 0001:00000bcf       _ReadKeyTranslate@0        00401bcf f   Irvine32:Irvine32.obj
 0001:00001245       _AsciiDigit@0              00402245 f   Irvine32:Irvine32.obj
 0001:0000124e       _HexByte@0                 0040224e f   Irvine32:Irvine32.obj
 0001:00002730       $$000000                   00403730     main.obj
 0003:00000000       floorLength                00407000     main.obj
 0003:00000004       floor                      00407004     main.obj
 0003:00000068       floorFix                   00407068     main.obj
 0003:00000069       boxTop                     00407069     main.obj
 0003:0000006c       boxBody                    0040706c     main.obj
 0003:0000006f       boxBottom                  0040706f     main.obj
 0003:00000072       cactusTop                  00407072     main.obj
 0003:00000077       cactusMiddle               00407077     main.obj
 0003:0000007d       cactusBottom               0040707d     main.obj
 0003:0000007f       cactus_pos                 0040707f     main.obj
 0003:00000083       cactus_height              00407083     main.obj
 0003:00000087       cactus_speed               00407087     main.obj
 0003:00000089       outputHandle               00407089     main.obj
 0003:0000008d       bytesWritten               0040708d     main.obj
 0003:00000091       count                      00407091     main.obj
 0003:00000095       highscore_pos              00407095     main.obj
 0003:00000099       score_pos                  00407099     main.obj
 0003:0000009d       gameOver_pos               0040709d     main.obj
 0003:000000a1       intro_pos                  004070a1     main.obj
 0003:000000a5       exit_pos                   004070a5     main.obj
 0003:000000a9       restart_pos                004070a9     main.obj
 0003:000000ad       floor_pos                  004070ad     main.obj
 0003:000000b1       xyPosition                 004070b1     main.obj
 0003:000000b5       xyBound                    004070b5     main.obj
 0003:000000b9       cellsWritten               004070b9     main.obj
 0003:000000bd       attributes_floor           004070bd     main.obj
 0003:00000185       attributes0                00407185     main.obj
 0003:0000018b       attributes1                0040718b     main.obj
 0003:00000191       attributes2                00407191     main.obj
 0003:00000197       velocity                   00407197     main.obj
 0003:00000199       gravity                    00407199     main.obj
 0003:0000019b       keyState                   0040719b     main.obj
 0003:0000019f       redColor                   0040719f     main.obj
 0003:00000267       blueColor                  00407267     main.obj
 0003:0000032f       purpleColor                0040732f     main.obj
 0003:000003f7       score                      004073f7     main.obj
 0003:000003fb       highscore                  004073fb     main.obj
 0003:000003ff       introString                004073ff     main.obj
 0003:0000041f       scoreString                0040741f     main.obj
 0003:0000042b       highscoreString            0040742b     main.obj
 0003:0000043c       gameOverMessage            0040743c     main.obj
 0003:00000447       restartMessage             00407447     main.obj
 0003:0000045e       enterMessage               0040745e     main.obj
 0003:00000464       exitMessage                00407464     main.obj
 0003:00000476       escMessage                 00407476     main.obj
 0003:0000047a       spaceMessage               0040747a     main.obj
 0003:00000480       upMessage                  00407480     main.obj
 0003:00000489       hConsole                   00407489     main.obj
 0003:0000048d       cursorInfo                 0040748d     main.obj
 0003:00000580       InitFlag                   00407580     Irvine32:Irvine32.obj
 0003:00000581       xtable                     00407581     Irvine32:Irvine32.obj
 0003:00000591       blanks                     00407591     Irvine32:Irvine32.obj
 0003:00000791       attribs                    00407791     Irvine32:Irvine32.obj
 0003:00000b91       lineLength                 00407b91     Irvine32:Irvine32.obj
 0003:00000b95       cursorLoc                  00407b95     Irvine32:Irvine32.obj
 0003:00000b99       count                      00407b99     Irvine32:Irvine32.obj
 0003:00000b9d       ??0002                     00407b9d     Irvine32:Irvine32.obj
 0003:00000ba2       dumpPrompt                 00407ba2     Irvine32:Irvine32.obj
 0003:00000bb4       dashLine                   00407bb4     Irvine32:Irvine32.obj
 0003:00000bd6       ??0003                     00407bd6     Irvine32:Irvine32.obj
 0003:00000bd9       ??0004                     00407bd9     Irvine32:Irvine32.obj
 0003:00000bdb       ??0005                     00407bdb     Irvine32:Irvine32.obj
 0003:00000bdd       saveIP                     00407bdd     Irvine32:Irvine32.obj
 0003:00000be1       saveESP                    00407be1     Irvine32:Irvine32.obj
 0003:00000be5       ??0006                     00407be5     Irvine32:Irvine32.obj
 0003:00000bec       ??0007                     00407bec     Irvine32:Irvine32.obj
 0003:00000bf3       ??0008                     00407bf3     Irvine32:Irvine32.obj
 0003:00000bfa       ??0009                     00407bfa     Irvine32:Irvine32.obj
 0003:00000c01       ??000A                     00407c01     Irvine32:Irvine32.obj
 0003:00000c08       ??000B                     00407c08     Irvine32:Irvine32.obj
 0003:00000c0f       ??000C                     00407c0f     Irvine32:Irvine32.obj
 0003:00000c16       ??000D                     00407c16     Irvine32:Irvine32.obj
 0003:00000c1d       ??000E                     00407c1d     Irvine32:Irvine32.obj
 0003:00000c24       ??000F                     00407c24     Irvine32:Irvine32.obj
 0003:00000c2b       ??0010                     00407c2b     Irvine32:Irvine32.obj
 0003:00000c30       ??0011                     00407c30     Irvine32:Irvine32.obj
 0003:00000c32       ??0013                     00407c32     Irvine32:Irvine32.obj
 0003:00000c37       ??0014                     00407c37     Irvine32:Irvine32.obj
 0003:00000c39       ??0016                     00407c39     Irvine32:Irvine32.obj
 0003:00000c3e       ??0017                     00407c3e     Irvine32:Irvine32.obj
 0003:00000c40       ??0019                     00407c40     Irvine32:Irvine32.obj
 0003:00000c45       ??001A                     00407c45     Irvine32:Irvine32.obj
 0003:00000c47       ??001C                     00407c47     Irvine32:Irvine32.obj
 0003:00000c4c       ??001D                     00407c4c     Irvine32:Irvine32.obj
 0003:00000c4e       ??001F                     00407c4e     Irvine32:Irvine32.obj
 0003:00000c53       ??0020                     00407c53     Irvine32:Irvine32.obj
 0003:00000c55       _cursorPosition            00407c55     Irvine32:Irvine32.obj
 0003:00000c59       @zx02abc_def_caption       00407c59     Irvine32:Irvine32.obj
 0003:00000c5b       @zq02abc_def_caption       00407c5b     Irvine32:Irvine32.obj
 0003:00000c5d       overflow_msgL              00407c5d     Irvine32:Irvine32.obj
 0003:00000c78       invalid_msgL               00407c78     Irvine32:Irvine32.obj
 0003:00000c8b       seed                       00407c8b     Irvine32:Irvine32.obj
 0003:00000c8f       xbtable                    00407c8f     Irvine32:Irvine32.obj
 0003:00000ca6       numVal                     00407ca6     Irvine32:Irvine32.obj
 0003:00000caa       charVal                    00407caa     Irvine32:Irvine32.obj
 0003:00000cab       evBuffer                   00407cab     Irvine32:Irvine32.obj
 0003:00000cbf       evRepeat                   00407cbf     Irvine32:Irvine32.obj
 0003:00000cc1       SpecialCases               00407cc1     Irvine32:Irvine32.obj
 0003:00000d02       _$$temp                    00407d02     Irvine32:Irvine32.obj
 0003:00000d06       waitmsgstr                 00407d06     Irvine32:Irvine32.obj
 0003:00000d23       bufferL                    00407d23     Irvine32:Irvine32.obj
 0003:00000d30       bufferLHB                  00407d30     Irvine32:Irvine32.obj
 0003:00000d39       buffer_B                   00407d39     Irvine32:Irvine32.obj
 0003:00000d46       neg_flag                   00407d46     Irvine32:Irvine32.obj
 0003:00000d47       LblStack                   00407d47     Irvine32:Irvine32.obj
 0003:00000d54       LblFor                     00407d54     Irvine32:Irvine32.obj
 0003:00000d59       LblEbp                     00407d59     Irvine32:Irvine32.obj
 0003:00000d5f       LblParam                   00407d5f     Irvine32:Irvine32.obj
 0003:00000d6c       LblEbpPtr                  00407d6c     Irvine32:Irvine32.obj
 0003:00000d82       LblSaved                   00407d82     Irvine32:Irvine32.obj
 0003:00000d94       LblLocal                   00407d94     Irvine32:Irvine32.obj
 0003:00000da6       LblReturn                  00407da6     Irvine32:Irvine32.obj
 0003:00000db8       LblEsp                     00407db8     Irvine32:Irvine32.obj
 0003:00000dc4       BadStackFrameMsg           00407dc4     Irvine32:Irvine32.obj
 0003:00000ddf       NoName                     00407ddf     Irvine32:Irvine32.obj
 0003:00000de0       WriteToFile_1              00407de0     Irvine32:Irvine32.obj
 0003:00000de4       WriteWindowsMsg_1          00407de4     Irvine32:Irvine32.obj
 0003:00000deb       WriteWindowsMsg_2          00407deb     Irvine32:Irvine32.obj
 0003:00000dee       pErrorMsg                  00407dee     Irvine32:Irvine32.obj
 0003:00000df2       messageId                  00407df2     Irvine32:Irvine32.obj
 0003:000010b0       consoleInHandle            004080b0     Irvine32:Irvine32.obj
 0003:000010b4       consoleOutHandle           004080b4     Irvine32:Irvine32.obj
 0003:000010b8       bytesWritten               004080b8     Irvine32:Irvine32.obj
 0003:000010bc       eflags                     004080bc     Irvine32:Irvine32.obj
 0003:000010c0       digitBuffer                004080c0     Irvine32:Irvine32.obj
 0003:00001111       buffer                     00408111     Irvine32:Irvine32.obj
 0003:00001311       bytesRead                  00408311     Irvine32:Irvine32.obj
 0003:00001315       sysTime                    00408315     Irvine32:Irvine32.obj
 0004:000003fc       .idata$6                   004093fc     kernel32:KERNEL32.dll
 0004:0000042c       .idata$6                   0040942c     user32:USER32.dll
 0005:00000170       $R000000                   0040a170     * linker generated manifest res *
