 Asm_Final_Project

 Timestamp is 6770f986 (Sun Dec 29 15:25:58 2024)

 Preferred load address is 00400000

 Start         Length     Name                   Class
 0001:00000000 000027b0H .text                   CODE
 0001:000027b0 0000256dH .text$mn                CODE
 0002:00000000 00000144H .rdata                  DATA
 0002:00000143 00000000H .edata                  DATA
 0002:00000144 00000199H .rdata$zzzdbg           DATA
 0003:00000000 00001300H .data                   DATA
 0003:00001300 000002f2H .bss                    DATA
 0004:00000000 000000e0H .idata$5                DATA
 0004:000000e0 00000028H .idata$2                DATA
 0004:00000108 00000014H .idata$3                DATA
 0004:0000011c 000000e0H .idata$4                DATA
 0004:000001fc 00000375H .idata$6                DATA
 0005:00000000 00000170H .rsrc$01                DATA
 0005:00000170 000002ccH .rsrc$02                DATA

  Address         Publics by Value              Rva+Base       Lib:Object

 0000:00000000       ___AbsoluteZero            00000000     <absolute>
 0000:00000000       ___arm64x_extra_rfe_table  00000000     <absolute>
 0000:00000000       ___arm64x_extra_rfe_table_size 00000000     <absolute>
 0000:00000000       ___arm64x_native_entrypoint 00000000     <absolute>
 0000:00000000       ___arm64x_redirection_metadata 00000000     <absolute>
 0000:00000000       ___arm64x_redirection_metadata_count 00000000     <absolute>
 0000:00000000       ___dynamic_value_reloc_table 00000000     <absolute>
 0000:00000000       ___enclave_config          00000000     <absolute>
 0000:00000000       ___guard_check_icall_a64n_fptr 00000000     <absolute>
 0000:00000000       ___guard_eh_cont_count     00000000     <absolute>
 0000:00000000       ___guard_eh_cont_table     00000000     <absolute>
 0000:00000000       ___guard_fids_count        00000000     <absolute>
 0000:00000000       ___guard_fids_table        00000000     <absolute>
 0000:00000000       ___guard_flags             00000000     <absolute>
 0000:00000000       ___guard_iat_count         00000000     <absolute>
 0000:00000000       ___guard_iat_table         00000000     <absolute>
 0000:00000000       ___guard_longjmp_count     00000000     <absolute>
 0000:00000000       ___guard_longjmp_table     00000000     <absolute>
 0000:00000000       ___hybrid_auxiliary_delayload_iat 00000000     <absolute>
 0000:00000000       ___hybrid_auxiliary_delayload_iat_copy 00000000     <absolute>
 0000:00000000       ___hybrid_auxiliary_iat    00000000     <absolute>
 0000:00000000       ___hybrid_auxiliary_iat_copy 00000000     <absolute>
 0000:00000000       ___hybrid_code_map         00000000     <absolute>
 0000:00000000       ___hybrid_code_map_count   00000000     <absolute>
 0000:00000000       ___hybrid_image_info_bitfield 00000000     <absolute>
 0000:00000000       ___safe_se_handler_count   00000000     <absolute>
 0000:00000000       ___safe_se_handler_table   00000000     <absolute>
 0000:00000000       ___volatile_metadata       00000000     <absolute>
 0000:00000000       ___x64_code_ranges_to_entry_points 00000000     <absolute>
 0000:00000000       ___x64_code_ranges_to_entry_points_count 00000000     <absolute>
 0001:00000320       _CloseFile@0               00401320 f   Irvine32:Irvine32.obj
 0001:00000327       _Clrscr@0                  00401327 f   Irvine32:Irvine32.obj
 0001:000003ec       _CreateOutputFile@0        004013ec f   Irvine32:Irvine32.obj
 0001:00000405       _Crlf@0                    00401405 f   Irvine32:Irvine32.obj
 0001:00000420       _Delay@0                   00401420 f   Irvine32:Irvine32.obj
 0001:00000429       _DumpMem@0                 00401429 f   Irvine32:Irvine32.obj
 0001:000004e4       _DumpRegs@0                004014e4 f   Irvine32:Irvine32.obj
 0001:000006df       _GetCommandTail@0          004016df f   Irvine32:Irvine32.obj
 0001:0000071c       _GetDateTime@4             0040171c f   Irvine32:Irvine32.obj
 0001:0000074e       _GetMaxXY@0                0040174e f   Irvine32:Irvine32.obj
 0001:0000077d       _GetMseconds@0             0040177d f   Irvine32:Irvine32.obj
 0001:000007da       _GetTextColor@0            004017da f   Irvine32:Irvine32.obj
 0001:00000805       _Gotoxy@0                  00401805 f   Irvine32:Irvine32.obj
 0001:0000085d       _IsDigit@0                 0040185d f   Irvine32:Irvine32.obj
 0001:0000086a       _MsgBox@0                  0040186a f   Irvine32:Irvine32.obj
 0001:00000881       _MsgBoxAsk@0               00401881 f   Irvine32:Irvine32.obj
 0001:000008a0       _OpenInputFile@0           004018a0 f   Irvine32:Irvine32.obj
 0001:000008b9       _ParseDecimal32@0          004018b9 f   Irvine32:Irvine32.obj
 0001:0000091b       _ParseInteger32@0          0040191b f   Irvine32:Irvine32.obj
 0001:000009d6       _Random32@0                004019d6 f   Irvine32:Irvine32.obj
 0001:000009f1       _RandomRange@0             004019f1 f   Irvine32:Irvine32.obj
 0001:00000a06       _Randomize@0               00401a06 f   Irvine32:Irvine32.obj
 0001:00000a1f       _ReadChar@0                00401a1f f   Irvine32:Irvine32.obj
 0001:00000a35       _ReadDec@0                 00401a35 f   Irvine32:Irvine32.obj
 0001:00000a50       _ReadFromFile@0            00401a50 f   Irvine32:Irvine32.obj
 0001:00000a73       _ReadHex@0                 00401a73 f   Irvine32:Irvine32.obj
 0001:00000af4       _ReadInt@0                 00401af4 f   Irvine32:Irvine32.obj
 0001:00000b0f       _ReadKey@0                 00401b0f f   Irvine32:Irvine32.obj
 0001:00000c2a       _ReadKeyFlush@0            00401c2a f   Irvine32:Irvine32.obj
 0001:00000cf8       _ReadString@0              00401cf8 f   Irvine32:Irvine32.obj
 0001:00000db1       _SetTextColor@0            00401db1 f   Irvine32:Irvine32.obj
 0001:00000dd2       _StrLength@0               00401dd2 f   Irvine32:Irvine32.obj
 0001:00000de3       _Str_compare@8             00401de3 f   Irvine32:Irvine32.obj
 0001:00000e0d       _Str_copy@8                00401e0d f   Irvine32:Irvine32.obj
 0001:00000e30       _Str_length@4              00401e30 f   Irvine32:Irvine32.obj
 0001:00000e4a       _Str_trim@8                00401e4a f   Irvine32:Irvine32.obj
 0001:00000e78       _Str_ucase@4               00401e78 f   Irvine32:Irvine32.obj
 0001:00000e9a       _WaitMsg@0                 00401e9a f   Irvine32:Irvine32.obj
 0001:00000eac       _WriteBin@0                00401eac f   Irvine32:Irvine32.obj
 0001:00000eb9       _WriteBinB@0               00401eb9 f   Irvine32:Irvine32.obj
 0001:00000f0c       _WriteChar@0               00401f0c f   Irvine32:Irvine32.obj
 0001:00000f3e       _WriteDec@0                00401f3e f   Irvine32:Irvine32.obj
 0001:00000f7f       _WriteHex@0                00401f7f f   Irvine32:Irvine32.obj
 0001:00000f8c       _WriteHexB@0               00401f8c f   Irvine32:Irvine32.obj
 0001:0000101e       _WriteInt@0                0040201e f   Irvine32:Irvine32.obj
 0001:0000107f       _WriteStackFrameName@16    0040207f f   Irvine32:Irvine32.obj
 0001:000011ff       _WriteStackFrame@12        004021ff f   Irvine32:Irvine32.obj
 0001:00001219       _WriteString@0             00402219 f   Irvine32:Irvine32.obj
 0001:00001245       _WriteToFile@0             00402245 f   Irvine32:Irvine32.obj
 0001:0000125a       _WriteWindowsMsg@0         0040225a f   Irvine32:Irvine32.obj
 0001:000027b0       _start@0@0                 004037b0 f   main.obj
 0001:00002830       _CheckJumpKey@0            00403830 f   main.obj
 0001:0000286c       _Jump@0                    0040386c f   main.obj
 0001:0000291c       _Squat@0                   0040391c f   main.obj
 0001:00002993       _CheckCollision@0          00403993 f   main.obj
 0001:000029ed       _RestartGame@0             004039ed f   main.obj
 0001:00002a58       _GameOverMsg@0             00403a58 f   main.obj
 0001:00002ba0       _WaitForEnter@0            00403ba0 f   main.obj
 0001:00002bc2       _ExitGame@0                00403bc2 f   main.obj
 0001:00002c03       _DrawFloor@0               00403c03 f   main.obj
 0001:00002c46       _DrawDinosaur@0            00403c46 f   main.obj
 0001:00002e15       _DrawDinosaurStandLeftStep@0 00403e15 f   main.obj
 0001:00002fe4       _DrawDinosaurStandRightStep@0 00403fe4 f   main.obj
 0001:000031b3       _DrawSquatFirstStep@0      004041b3 f   main.obj
 0001:00003342       _DrawSquatSecondStep@0     00404342 f   main.obj
 0001:000034d1       _DrawIntro@0               004044d1 f   main.obj
 0001:00003598       _DrawCactus@0              00404598 f   main.obj
 0001:00003663       _DrawScore@0               00404663 f   main.obj
 0001:0000369e       _DrawHighScore@0           0040469e f   main.obj
 0001:000036d9       _DrawBackground@0          004046d9 f   main.obj
 0001:000036fd       _DrawStandLeftStepBackground@0 004046fd f   main.obj
 0001:00003721       _DrawStandRightStepBackground@0 00404721 f   main.obj
 0001:00003745       _DrawSquatFirstStepBackground@0 00404745 f   main.obj
 0001:00003769       _DrawSquatSecondStepBackground@0 00404769 f   main.obj
 0001:0000378d       _MoveCactus@0              0040478d f   main.obj
 0001:000037cc       _WaitForRelease@0          004047cc f   main.obj
 0001:000037da       _FormatScore@0             004047da f   main.obj
 0001:00003800       _FormatHighScore@0         00404800 f   main.obj
 0001:00003c43       _ExitProcess@4             00404c43 f   kernel32:KERNEL32.dll
 0001:00003c49       _GetStdHandle@4            00404c49 f   kernel32:KERNEL32.dll
 0001:00003c4f       _Sleep@4                   00404c4f f   kernel32:KERNEL32.dll
 0001:00003c55       _WriteConsoleOutputCharacterA@20 00404c55 f   kernel32:KERNEL32.dll
 0001:00003c5b       _WriteConsoleOutputAttribute@20 00404c5b f   kernel32:KERNEL32.dll
 0001:00003c61       _SetConsoleOutputCP@4      00404c61 f   kernel32:KERNEL32.dll
 0001:00003c67       _CloseHandle@4             00404c67 f   kernel32:KERNEL32.dll
 0001:00003c6d       _CreateFileA@28            00404c6d f   kernel32:KERNEL32.dll
 0001:00003c73       _FormatMessageA@28         00404c73 f   kernel32:KERNEL32.dll
 0001:00003c79       _FlushConsoleInputBuffer@4 00404c79 f   kernel32:KERNEL32.dll
 0001:00003c7f       _GetCommandLineA@0         00404c7f f   kernel32:KERNEL32.dll
 0001:00003c85       _GetConsoleMode@8          00404c85 f   kernel32:KERNEL32.dll
 0001:00003c8b       _GetConsoleScreenBufferInfo@8 00404c8b f   kernel32:KERNEL32.dll
 0001:00003c91       _GetLastError@0            00404c91 f   kernel32:KERNEL32.dll
 0001:00003c97       _GetLocalTime@4            00404c97 f   kernel32:KERNEL32.dll
 0001:00003c9d       _GetSystemTime@4           00404c9d f   kernel32:KERNEL32.dll
 0001:00003ca3       _LocalFree@4               00404ca3 f   kernel32:KERNEL32.dll
 0001:00003ca9       _PeekConsoleInputA@16      00404ca9 f   kernel32:KERNEL32.dll
 0001:00003caf       _ReadConsoleA@20           00404caf f   kernel32:KERNEL32.dll
 0001:00003cb5       _ReadConsoleInputA@16      00404cb5 f   kernel32:KERNEL32.dll
 0001:00003cbb       _ReadFile@20               00404cbb f   kernel32:KERNEL32.dll
 0001:00003cc1       _SetConsoleCursorPosition@8 00404cc1 f   kernel32:KERNEL32.dll
 0001:00003cc7       _SetConsoleMode@8          00404cc7 f   kernel32:KERNEL32.dll
 0001:00003ccd       _SetConsoleTextAttribute@8 00404ccd f   kernel32:KERNEL32.dll
 0001:00003cd3       _SystemTimeToFileTime@8    00404cd3 f   kernel32:KERNEL32.dll
 0001:00003cd9       _WriteConsoleA@20          00404cd9 f   kernel32:KERNEL32.dll
 0001:00003cdf       _WriteFile@20              00404cdf f   kernel32:KERNEL32.dll
 0001:00003ce5       _GetAsyncKeyState@4        00404ce5 f   user32:USER32.dll
 0001:00003ceb       _MessageBoxA@16            00404ceb f   user32:USER32.dll
 0004:00000000       __imp__ExitProcess@4       00409000     kernel32:KERNEL32.dll
 0004:00000004       __imp__GetStdHandle@4      00409004     kernel32:KERNEL32.dll
 0004:00000008       __imp__Sleep@4             00409008     kernel32:KERNEL32.dll
 0004:0000000c       __imp__WriteConsoleOutputCharacterA@20 0040900c     kernel32:KERNEL32.dll
 0004:00000010       __imp__WriteConsoleOutputAttribute@20 00409010     kernel32:KERNEL32.dll
 0004:00000014       __imp__SetConsoleOutputCP@4 00409014     kernel32:KERNEL32.dll
 0004:00000018       __imp__CloseHandle@4       00409018     kernel32:KERNEL32.dll
 0004:0000001c       __imp__CreateFileA@28      0040901c     kernel32:KERNEL32.dll
 0004:00000020       __imp__FormatMessageA@28   00409020     kernel32:KERNEL32.dll
 0004:00000024       __imp__FlushConsoleInputBuffer@4 00409024     kernel32:KERNEL32.dll
 0004:00000028       __imp__GetCommandLineA@0   00409028     kernel32:KERNEL32.dll
 0004:0000002c       __imp__GetConsoleMode@8    0040902c     kernel32:KERNEL32.dll
 0004:00000030       __imp__GetConsoleScreenBufferInfo@8 00409030     kernel32:KERNEL32.dll
 0004:00000034       __imp__GetLastError@0      00409034     kernel32:KERNEL32.dll
 0004:00000038       __imp__GetLocalTime@4      00409038     kernel32:KERNEL32.dll
 0004:0000003c       __imp__GetSystemTime@4     0040903c     kernel32:KERNEL32.dll
 0004:00000040       __imp__LocalFree@4         00409040     kernel32:KERNEL32.dll
 0004:00000044       __imp__PeekConsoleInputA@16 00409044     kernel32:KERNEL32.dll
 0004:00000048       __imp__ReadConsoleA@20     00409048     kernel32:KERNEL32.dll
 0004:0000004c       __imp__ReadConsoleInputA@16 0040904c     kernel32:KERNEL32.dll
 0004:00000050       __imp__ReadFile@20         00409050     kernel32:KERNEL32.dll
 0004:00000054       __imp__SetConsoleCursorPosition@8 00409054     kernel32:KERNEL32.dll
 0004:00000058       __imp__SetConsoleMode@8    00409058     kernel32:KERNEL32.dll
 0004:0000005c       __imp__SetConsoleTextAttribute@8 0040905c     kernel32:KERNEL32.dll
 0004:00000060       __imp__SystemTimeToFileTime@8 00409060     kernel32:KERNEL32.dll
 0004:00000064       __imp__WriteConsoleA@20    00409064     kernel32:KERNEL32.dll
 0004:00000068       __imp__WriteFile@20        00409068     kernel32:KERNEL32.dll
 0004:0000006c       \177KERNEL32_NULL_THUNK_DATA 0040906c     kernel32:KERNEL32.dll
 0004:000000ac       __imp__MessageBoxA@16      004090ac     user32:USER32.dll
 0004:000000b0       __imp__GetAsyncKeyState@4  004090b0     user32:USER32.dll
 0004:000000b4       \177USER32_NULL_THUNK_DATA 004090b4     user32:USER32.dll
 0004:000000e0       __IMPORT_DESCRIPTOR_KERNEL32 004090e0     kernel32:KERNEL32.dll
 0004:000000f4       __IMPORT_DESCRIPTOR_USER32 004090f4     user32:USER32.dll
 0004:00000108       __NULL_IMPORT_DESCRIPTOR   00409108     kernel32:KERNEL32.dll

 entry point at        0001:000000d2

 Static symbols

 0000:ffff4000       .debug$S                   00400000     kernel32:KERNEL32.dll
 0000:ffff4000       .debug$S                   00400000     kernel32:KERNEL32.dll
 0000:ffff4000       .debug$S                   00400000     kernel32:KERNEL32.dll
 0000:ffff4000       .debug$S                   00400000     kernel32:KERNEL32.dll
 0000:ffff4000       .debug$S                   00400000     kernel32:KERNEL32.dll
 0000:ffff4000       .debug$S                   00400000     kernel32:KERNEL32.dll
 0000:ffff4000       .debug$S                   00400000     kernel32:KERNEL32.dll
 0000:ffff4000       .debug$S                   00400000     kernel32:KERNEL32.dll
 0000:ffff4000       .debug$S                   00400000     kernel32:KERNEL32.dll
 0000:ffff4000       .debug$S                   00400000     kernel32:KERNEL32.dll
 0000:ffff4000       .debug$S                   00400000     kernel32:KERNEL32.dll
 0000:ffff4000       .debug$S                   00400000     kernel32:KERNEL32.dll
 0000:ffff4000       .debug$S                   00400000     kernel32:KERNEL32.dll
 0000:ffff4000       .debug$S                   00400000     kernel32:KERNEL32.dll
 0000:ffff4000       .debug$S                   00400000     kernel32:KERNEL32.dll
 0000:ffff4000       .debug$S                   00400000     kernel32:KERNEL32.dll
 0000:ffff4000       .debug$S                   00400000     kernel32:KERNEL32.dll
 0000:ffff4000       .debug$S                   00400000     kernel32:KERNEL32.dll
 0000:ffff4000       .debug$S                   00400000     kernel32:KERNEL32.dll
 0000:ffff4000       .debug$S                   00400000     kernel32:KERNEL32.dll
 0000:ffff4000       .debug$S                   00400000     kernel32:KERNEL32.dll
 0000:ffff4000       .debug$S                   00400000     kernel32:KERNEL32.dll
 0000:ffff4000       .debug$S                   00400000     kernel32:KERNEL32.dll
 0000:ffff4000       .debug$S                   00400000     kernel32:KERNEL32.dll
 0000:ffff4000       .debug$S                   00400000     kernel32:KERNEL32.dll
 0000:ffff4000       .debug$S                   00400000     kernel32:KERNEL32.dll
 0000:ffff4000       .debug$S                   00400000     kernel32:KERNEL32.dll
 0000:ffff4000       .debug$S                   00400000     user32:USER32.dll
 0000:ffff4000       .debug$S                   00400000     user32:USER32.dll
 0001:00000714       _scan_for_quote@0          00401714 f   Irvine32:Irvine32.obj
 0001:0000083b       _Initialize@0              0040183b f   Irvine32:Irvine32.obj
 0001:00000c3f       _ReadKeyTranslate@0        00401c3f f   Irvine32:Irvine32.obj
 0001:000012b5       _AsciiDigit@0              004022b5 f   Irvine32:Irvine32.obj
 0001:000012be       _HexByte@0                 004022be f   Irvine32:Irvine32.obj
 0001:000027b0       $$000000                   004037b0     main.obj
 0003:00000000       floorLength                00407000     main.obj
 0003:00000004       floor                      00407004     main.obj
 0003:00000068       floorFix                   00407068     main.obj
 0003:00000069       boxTop                     00407069     main.obj
 0003:0000006c       boxBody                    0040706c     main.obj
 0003:0000006f       boxBottom                  0040706f     main.obj
 0003:00000072       cactusTop                  00407072     main.obj
 0003:00000077       cactusMiddle               00407077     main.obj
 0003:0000007d       cactusBottom               0040707d     main.obj
 0003:0000007f       cactus_pos                 0040707f     main.obj
 0003:00000083       cactus_height              00407083     main.obj
 0003:00000087       dinosaurFirstLine          00407087     main.obj
 0003:00000091       dinosaurSecondLine         00407091     main.obj
 0003:0000009d       dinosaurThirdLine          0040709d     main.obj
 0003:000000a7       dinosaurFourthLine         004070a7     main.obj
 0003:000000b1       dinosaurFifthLine          004070b1     main.obj
 0003:000000b9       dinosaurFirstLeg           004070b9     main.obj
 0003:000000bb       dinosaurSecondLeg          004070bb     main.obj
 0003:000000bd       dino_pos                   004070bd     main.obj
 0003:000000c1       dinosaurStep               004070c1     main.obj
 0003:000000c3       dinosaurSquatFirstLine     004070c3     main.obj
 0003:000000d2       dinosaurSquatSecondLine    004070d2     main.obj
 0003:000000e2       dinosaurSquatThirdLine     004070e2     main.obj
 0003:000000ee       dinosaurSquatFirstLeg      004070ee     main.obj
 0003:000000f0       dinosaurSquatSecondLeg     004070f0     main.obj
 0003:000000f2       dinosaurSquatFirstHand     004070f2     main.obj
 0003:000000f4       cactus_speed               004070f4     main.obj
 0003:000000f6       outputHandle               004070f6     main.obj
 0003:000000fa       bytesWritten               004070fa     main.obj
 0003:000000fe       count                      004070fe     main.obj
 0003:00000102       highscore_pos              00407102     main.obj
 0003:00000106       score_pos                  00407106     main.obj
 0003:0000010a       gameOver_pos               0040710a     main.obj
 0003:0000010e       intro_pos                  0040710e     main.obj
 0003:00000112       exit_pos                   00407112     main.obj
 0003:00000116       restart_pos                00407116     main.obj
 0003:0000011a       floor_pos                  0040711a     main.obj
 0003:0000011e       xyBound                    0040711e     main.obj
 0003:00000122       cellsWritten               00407122     main.obj
 0003:00000126       attributes_floor           00407126     main.obj
 0003:000001ee       velocity                   004071ee     main.obj
 0003:000001f0       gravity                    004071f0     main.obj
 0003:000001f2       keyState                   004071f2     main.obj
 0003:000001f6       brownColor                 004071f6     main.obj
 0003:000002be       greenColor                 004072be     main.obj
 0003:00000386       redColor                   00407386     main.obj
 0003:0000044e       blueColor                  0040744e     main.obj
 0003:00000516       purpleColor                00407516     main.obj
 0003:000005de       score                      004075de     main.obj
 0003:000005e2       highscore                  004075e2     main.obj
 0003:000005e6       introString                004075e6     main.obj
 0003:00000606       scoreString                00407606     main.obj
 0003:00000612       highscoreString            00407612     main.obj
 0003:00000623       gameOverMessage            00407623     main.obj
 0003:0000062e       restartMessage             0040762e     main.obj
 0003:00000645       enterMessage               00407645     main.obj
 0003:0000064b       exitMessage                0040764b     main.obj
 0003:0000065d       escMessage                 0040765d     main.obj
 0003:00000661       spaceMessage               00407661     main.obj
 0003:00000667       upMessage                  00407667     main.obj
 0003:00000670       hConsole                   00407670     main.obj
 0003:00000674       cursorInfo                 00407674     main.obj
 0003:000007d0       InitFlag                   004077d0     Irvine32:Irvine32.obj
 0003:000007d1       xtable                     004077d1     Irvine32:Irvine32.obj
 0003:000007e1       blanks                     004077e1     Irvine32:Irvine32.obj
 0003:000009e1       attribs                    004079e1     Irvine32:Irvine32.obj
 0003:00000de1       lineLength                 00407de1     Irvine32:Irvine32.obj
 0003:00000de5       cursorLoc                  00407de5     Irvine32:Irvine32.obj
 0003:00000de9       count                      00407de9     Irvine32:Irvine32.obj
 0003:00000ded       ??0002                     00407ded     Irvine32:Irvine32.obj
 0003:00000df2       dumpPrompt                 00407df2     Irvine32:Irvine32.obj
 0003:00000e04       dashLine                   00407e04     Irvine32:Irvine32.obj
 0003:00000e26       ??0003                     00407e26     Irvine32:Irvine32.obj
 0003:00000e29       ??0004                     00407e29     Irvine32:Irvine32.obj
 0003:00000e2b       ??0005                     00407e2b     Irvine32:Irvine32.obj
 0003:00000e2d       saveIP                     00407e2d     Irvine32:Irvine32.obj
 0003:00000e31       saveESP                    00407e31     Irvine32:Irvine32.obj
 0003:00000e35       ??0006                     00407e35     Irvine32:Irvine32.obj
 0003:00000e3c       ??0007                     00407e3c     Irvine32:Irvine32.obj
 0003:00000e43       ??0008                     00407e43     Irvine32:Irvine32.obj
 0003:00000e4a       ??0009                     00407e4a     Irvine32:Irvine32.obj
 0003:00000e51       ??000A                     00407e51     Irvine32:Irvine32.obj
 0003:00000e58       ??000B                     00407e58     Irvine32:Irvine32.obj
 0003:00000e5f       ??000C                     00407e5f     Irvine32:Irvine32.obj
 0003:00000e66       ??000D                     00407e66     Irvine32:Irvine32.obj
 0003:00000e6d       ??000E                     00407e6d     Irvine32:Irvine32.obj
 0003:00000e74       ??000F                     00407e74     Irvine32:Irvine32.obj
 0003:00000e7b       ??0010                     00407e7b     Irvine32:Irvine32.obj
 0003:00000e80       ??0011                     00407e80     Irvine32:Irvine32.obj
 0003:00000e82       ??0013                     00407e82     Irvine32:Irvine32.obj
 0003:00000e87       ??0014                     00407e87     Irvine32:Irvine32.obj
 0003:00000e89       ??0016                     00407e89     Irvine32:Irvine32.obj
 0003:00000e8e       ??0017                     00407e8e     Irvine32:Irvine32.obj
 0003:00000e90       ??0019                     00407e90     Irvine32:Irvine32.obj
 0003:00000e95       ??001A                     00407e95     Irvine32:Irvine32.obj
 0003:00000e97       ??001C                     00407e97     Irvine32:Irvine32.obj
 0003:00000e9c       ??001D                     00407e9c     Irvine32:Irvine32.obj
 0003:00000e9e       ??001F                     00407e9e     Irvine32:Irvine32.obj
 0003:00000ea3       ??0020                     00407ea3     Irvine32:Irvine32.obj
 0003:00000ea5       _cursorPosition            00407ea5     Irvine32:Irvine32.obj
 0003:00000ea9       @zx02abc_def_caption       00407ea9     Irvine32:Irvine32.obj
 0003:00000eab       @zq02abc_def_caption       00407eab     Irvine32:Irvine32.obj
 0003:00000ead       overflow_msgL              00407ead     Irvine32:Irvine32.obj
 0003:00000ec8       invalid_msgL               00407ec8     Irvine32:Irvine32.obj
 0003:00000edb       seed                       00407edb     Irvine32:Irvine32.obj
 0003:00000edf       xbtable                    00407edf     Irvine32:Irvine32.obj
 0003:00000ef6       numVal                     00407ef6     Irvine32:Irvine32.obj
 0003:00000efa       charVal                    00407efa     Irvine32:Irvine32.obj
 0003:00000efb       evBuffer                   00407efb     Irvine32:Irvine32.obj
 0003:00000f0f       evRepeat                   00407f0f     Irvine32:Irvine32.obj
 0003:00000f11       SpecialCases               00407f11     Irvine32:Irvine32.obj
 0003:00000f52       _$$temp                    00407f52     Irvine32:Irvine32.obj
 0003:00000f56       waitmsgstr                 00407f56     Irvine32:Irvine32.obj
 0003:00000f73       bufferL                    00407f73     Irvine32:Irvine32.obj
 0003:00000f80       bufferLHB                  00407f80     Irvine32:Irvine32.obj
 0003:00000f89       buffer_B                   00407f89     Irvine32:Irvine32.obj
 0003:00000f96       neg_flag                   00407f96     Irvine32:Irvine32.obj
 0003:00000f97       LblStack                   00407f97     Irvine32:Irvine32.obj
 0003:00000fa4       LblFor                     00407fa4     Irvine32:Irvine32.obj
 0003:00000fa9       LblEbp                     00407fa9     Irvine32:Irvine32.obj
 0003:00000faf       LblParam                   00407faf     Irvine32:Irvine32.obj
 0003:00000fbc       LblEbpPtr                  00407fbc     Irvine32:Irvine32.obj
 0003:00000fd2       LblSaved                   00407fd2     Irvine32:Irvine32.obj
 0003:00000fe4       LblLocal                   00407fe4     Irvine32:Irvine32.obj
 0003:00000ff6       LblReturn                  00407ff6     Irvine32:Irvine32.obj
 0003:00001008       LblEsp                     00408008     Irvine32:Irvine32.obj
 0003:00001014       BadStackFrameMsg           00408014     Irvine32:Irvine32.obj
 0003:0000102f       NoName                     0040802f     Irvine32:Irvine32.obj
 0003:00001030       WriteToFile_1              00408030     Irvine32:Irvine32.obj
 0003:00001034       WriteWindowsMsg_1          00408034     Irvine32:Irvine32.obj
 0003:0000103b       WriteWindowsMsg_2          0040803b     Irvine32:Irvine32.obj
 0003:0000103e       pErrorMsg                  0040803e     Irvine32:Irvine32.obj
 0003:00001042       messageId                  00408042     Irvine32:Irvine32.obj
 0003:00001300       consoleInHandle            00408300     Irvine32:Irvine32.obj
 0003:00001304       consoleOutHandle           00408304     Irvine32:Irvine32.obj
 0003:00001308       bytesWritten               00408308     Irvine32:Irvine32.obj
 0003:0000130c       eflags                     0040830c     Irvine32:Irvine32.obj
 0003:00001310       digitBuffer                00408310     Irvine32:Irvine32.obj
 0003:00001361       buffer                     00408361     Irvine32:Irvine32.obj
 0003:00001561       bytesRead                  00408561     Irvine32:Irvine32.obj
 0003:00001565       sysTime                    00408565     Irvine32:Irvine32.obj
 0004:000003fc       .idata$6                   004093fc     kernel32:KERNEL32.dll
 0004:0000042c       .idata$6                   0040942c     user32:USER32.dll
 0005:00000170       $R000000                   0040a170     * linker generated manifest res *
