 Asm_Final_Project

 Timestamp is 675e4946 (Sun Dec 15 11:13:10 2024)

 Preferred load address is 00400000

 Start         Length     Name                   Class
 0001:00000000 000026c0H .text                   CODE
 0001:000026c0 00001600H .text$mn                CODE
 0002:00000000 00000144H .rdata                  DATA
 0002:00000143 00000000H .edata                  DATA
 0002:00000144 00000199H .rdata$zzzdbg           DATA
 0003:00000000 00000c50H .data                   DATA
 0003:00000c50 000002f2H .bss                    DATA
 0004:00000000 000000e0H .idata$5                DATA
 0004:000000e0 00000028H .idata$2                DATA
 0004:00000108 00000014H .idata$3                DATA
 0004:0000011c 000000e0H .idata$4                DATA
 0004:000001fc 00000375H .idata$6                DATA
 0005:00000000 00000170H .rsrc$01                DATA
 0005:00000170 000002ccH .rsrc$02                DATA

  Address         Publics by Value              Rva+Base       Lib:Object

 0000:00000000       ___AbsoluteZero            00000000     <absolute>
 0000:00000000       ___arm64x_extra_rfe_table  00000000     <absolute>
 0000:00000000       ___arm64x_extra_rfe_table_size 00000000     <absolute>
 0000:00000000       ___arm64x_native_entrypoint 00000000     <absolute>
 0000:00000000       ___arm64x_redirection_metadata 00000000     <absolute>
 0000:00000000       ___arm64x_redirection_metadata_count 00000000     <absolute>
 0000:00000000       ___dynamic_value_reloc_table 00000000     <absolute>
 0000:00000000       ___enclave_config          00000000     <absolute>
 0000:00000000       ___guard_check_icall_a64n_fptr 00000000     <absolute>
 0000:00000000       ___guard_eh_cont_count     00000000     <absolute>
 0000:00000000       ___guard_eh_cont_table     00000000     <absolute>
 0000:00000000       ___guard_fids_count        00000000     <absolute>
 0000:00000000       ___guard_fids_table        00000000     <absolute>
 0000:00000000       ___guard_flags             00000000     <absolute>
 0000:00000000       ___guard_iat_count         00000000     <absolute>
 0000:00000000       ___guard_iat_table         00000000     <absolute>
 0000:00000000       ___guard_longjmp_count     00000000     <absolute>
 0000:00000000       ___guard_longjmp_table     00000000     <absolute>
 0000:00000000       ___hybrid_auxiliary_delayload_iat 00000000     <absolute>
 0000:00000000       ___hybrid_auxiliary_delayload_iat_copy 00000000     <absolute>
 0000:00000000       ___hybrid_auxiliary_iat    00000000     <absolute>
 0000:00000000       ___hybrid_auxiliary_iat_copy 00000000     <absolute>
 0000:00000000       ___hybrid_code_map         00000000     <absolute>
 0000:00000000       ___hybrid_code_map_count   00000000     <absolute>
 0000:00000000       ___hybrid_image_info_bitfield 00000000     <absolute>
 0000:00000000       ___safe_se_handler_count   00000000     <absolute>
 0000:00000000       ___safe_se_handler_table   00000000     <absolute>
 0000:00000000       ___volatile_metadata       00000000     <absolute>
 0000:00000000       ___x64_code_ranges_to_entry_points 00000000     <absolute>
 0000:00000000       ___x64_code_ranges_to_entry_points_count 00000000     <absolute>
 0001:00000260       _CloseFile@0               00401260 f   Irvine32:Irvine32.obj
 0001:00000267       _Clrscr@0                  00401267 f   Irvine32:Irvine32.obj
 0001:0000032c       _CreateOutputFile@0        0040132c f   Irvine32:Irvine32.obj
 0001:00000345       _Crlf@0                    00401345 f   Irvine32:Irvine32.obj
 0001:00000360       _Delay@0                   00401360 f   Irvine32:Irvine32.obj
 0001:00000369       _DumpMem@0                 00401369 f   Irvine32:Irvine32.obj
 0001:00000424       _DumpRegs@0                00401424 f   Irvine32:Irvine32.obj
 0001:0000061f       _GetCommandTail@0          0040161f f   Irvine32:Irvine32.obj
 0001:0000065c       _GetDateTime@4             0040165c f   Irvine32:Irvine32.obj
 0001:0000068e       _GetMaxXY@0                0040168e f   Irvine32:Irvine32.obj
 0001:000006bd       _GetMseconds@0             004016bd f   Irvine32:Irvine32.obj
 0001:0000071a       _GetTextColor@0            0040171a f   Irvine32:Irvine32.obj
 0001:00000745       _Gotoxy@0                  00401745 f   Irvine32:Irvine32.obj
 0001:0000079d       _IsDigit@0                 0040179d f   Irvine32:Irvine32.obj
 0001:000007aa       _MsgBox@0                  004017aa f   Irvine32:Irvine32.obj
 0001:000007c1       _MsgBoxAsk@0               004017c1 f   Irvine32:Irvine32.obj
 0001:000007e0       _OpenInputFile@0           004017e0 f   Irvine32:Irvine32.obj
 0001:000007f9       _ParseDecimal32@0          004017f9 f   Irvine32:Irvine32.obj
 0001:0000085b       _ParseInteger32@0          0040185b f   Irvine32:Irvine32.obj
 0001:00000916       _Random32@0                00401916 f   Irvine32:Irvine32.obj
 0001:00000931       _RandomRange@0             00401931 f   Irvine32:Irvine32.obj
 0001:00000946       _Randomize@0               00401946 f   Irvine32:Irvine32.obj
 0001:0000095f       _ReadChar@0                0040195f f   Irvine32:Irvine32.obj
 0001:00000975       _ReadDec@0                 00401975 f   Irvine32:Irvine32.obj
 0001:00000990       _ReadFromFile@0            00401990 f   Irvine32:Irvine32.obj
 0001:000009b3       _ReadHex@0                 004019b3 f   Irvine32:Irvine32.obj
 0001:00000a34       _ReadInt@0                 00401a34 f   Irvine32:Irvine32.obj
 0001:00000a4f       _ReadKey@0                 00401a4f f   Irvine32:Irvine32.obj
 0001:00000b6a       _ReadKeyFlush@0            00401b6a f   Irvine32:Irvine32.obj
 0001:00000c38       _ReadString@0              00401c38 f   Irvine32:Irvine32.obj
 0001:00000cf1       _SetTextColor@0            00401cf1 f   Irvine32:Irvine32.obj
 0001:00000d12       _StrLength@0               00401d12 f   Irvine32:Irvine32.obj
 0001:00000d23       _Str_compare@8             00401d23 f   Irvine32:Irvine32.obj
 0001:00000d4d       _Str_copy@8                00401d4d f   Irvine32:Irvine32.obj
 0001:00000d70       _Str_length@4              00401d70 f   Irvine32:Irvine32.obj
 0001:00000d8a       _Str_trim@8                00401d8a f   Irvine32:Irvine32.obj
 0001:00000db8       _Str_ucase@4               00401db8 f   Irvine32:Irvine32.obj
 0001:00000dda       _WaitMsg@0                 00401dda f   Irvine32:Irvine32.obj
 0001:00000dec       _WriteBin@0                00401dec f   Irvine32:Irvine32.obj
 0001:00000df9       _WriteBinB@0               00401df9 f   Irvine32:Irvine32.obj
 0001:00000e4c       _WriteChar@0               00401e4c f   Irvine32:Irvine32.obj
 0001:00000e7e       _WriteDec@0                00401e7e f   Irvine32:Irvine32.obj
 0001:00000ebf       _WriteHex@0                00401ebf f   Irvine32:Irvine32.obj
 0001:00000ecc       _WriteHexB@0               00401ecc f   Irvine32:Irvine32.obj
 0001:00000f5e       _WriteInt@0                00401f5e f   Irvine32:Irvine32.obj
 0001:00000fbf       _WriteStackFrameName@16    00401fbf f   Irvine32:Irvine32.obj
 0001:0000113f       _WriteStackFrame@12        0040213f f   Irvine32:Irvine32.obj
 0001:00001159       _WriteString@0             00402159 f   Irvine32:Irvine32.obj
 0001:00001185       _WriteToFile@0             00402185 f   Irvine32:Irvine32.obj
 0001:0000119a       _WriteWindowsMsg@0         0040219a f   Irvine32:Irvine32.obj
 0001:000026c0       _start@0@0                 004036c0 f   main.obj
 0001:000027ca       _CheckJumpKey@0            004037ca f   main.obj
 0001:000027f2       _Jump@0                    004037f2 f   main.obj
 0001:0000286a       _CheckCollision@0          0040386a f   main.obj
 0001:000028c5       _GameOver@0                004038c5 f   main.obj
 0001:00002910       _DrawBox@0                 00403910 f   main.obj
 0001:00002a4f       _WaitForRelease@0          00403a4f f   main.obj
 0001:00002a5d       _FormatScore@0             00403a5d f   main.obj
 0001:00002a88       _DrawScore@0               00403a88 f   main.obj
 0001:00002ac3       _MoveCactus@0              00403ac3 f   main.obj
 0001:00002be6       _ExitProcess@4             00403be6 f   kernel32:KERNEL32.dll
 0001:00002bec       _GetStdHandle@4            00403bec f   kernel32:KERNEL32.dll
 0001:00002bf2       _Sleep@4                   00403bf2 f   kernel32:KERNEL32.dll
 0001:00002bf8       _WriteConsoleOutputCharacterA@20 00403bf8 f   kernel32:KERNEL32.dll
 0001:00002bfe       _WriteConsoleOutputAttribute@20 00403bfe f   kernel32:KERNEL32.dll
 0001:00002c04       _SetConsoleOutputCP@4      00403c04 f   kernel32:KERNEL32.dll
 0001:00002c0a       _CloseHandle@4             00403c0a f   kernel32:KERNEL32.dll
 0001:00002c10       _CreateFileA@28            00403c10 f   kernel32:KERNEL32.dll
 0001:00002c16       _FormatMessageA@28         00403c16 f   kernel32:KERNEL32.dll
 0001:00002c1c       _FlushConsoleInputBuffer@4 00403c1c f   kernel32:KERNEL32.dll
 0001:00002c22       _GetCommandLineA@0         00403c22 f   kernel32:KERNEL32.dll
 0001:00002c28       _GetConsoleMode@8          00403c28 f   kernel32:KERNEL32.dll
 0001:00002c2e       _GetConsoleScreenBufferInfo@8 00403c2e f   kernel32:KERNEL32.dll
 0001:00002c34       _GetLastError@0            00403c34 f   kernel32:KERNEL32.dll
 0001:00002c3a       _GetLocalTime@4            00403c3a f   kernel32:KERNEL32.dll
 0001:00002c40       _GetSystemTime@4           00403c40 f   kernel32:KERNEL32.dll
 0001:00002c46       _LocalFree@4               00403c46 f   kernel32:KERNEL32.dll
 0001:00002c4c       _PeekConsoleInputA@16      00403c4c f   kernel32:KERNEL32.dll
 0001:00002c52       _ReadConsoleA@20           00403c52 f   kernel32:KERNEL32.dll
 0001:00002c58       _ReadConsoleInputA@16      00403c58 f   kernel32:KERNEL32.dll
 0001:00002c5e       _ReadFile@20               00403c5e f   kernel32:KERNEL32.dll
 0001:00002c64       _SetConsoleCursorPosition@8 00403c64 f   kernel32:KERNEL32.dll
 0001:00002c6a       _SetConsoleMode@8          00403c6a f   kernel32:KERNEL32.dll
 0001:00002c70       _SetConsoleTextAttribute@8 00403c70 f   kernel32:KERNEL32.dll
 0001:00002c76       _SystemTimeToFileTime@8    00403c76 f   kernel32:KERNEL32.dll
 0001:00002c7c       _WriteConsoleA@20          00403c7c f   kernel32:KERNEL32.dll
 0001:00002c82       _WriteFile@20              00403c82 f   kernel32:KERNEL32.dll
 0001:00002c88       _GetAsyncKeyState@4        00403c88 f   user32:USER32.dll
 0001:00002c8e       _MessageBoxA@16            00403c8e f   user32:USER32.dll
 0004:00000000       __imp__ExitProcess@4       00407000     kernel32:KERNEL32.dll
 0004:00000004       __imp__GetStdHandle@4      00407004     kernel32:KERNEL32.dll
 0004:00000008       __imp__Sleep@4             00407008     kernel32:KERNEL32.dll
 0004:0000000c       __imp__WriteConsoleOutputCharacterA@20 0040700c     kernel32:KERNEL32.dll
 0004:00000010       __imp__WriteConsoleOutputAttribute@20 00407010     kernel32:KERNEL32.dll
 0004:00000014       __imp__SetConsoleOutputCP@4 00407014     kernel32:KERNEL32.dll
 0004:00000018       __imp__CloseHandle@4       00407018     kernel32:KERNEL32.dll
 0004:0000001c       __imp__CreateFileA@28      0040701c     kernel32:KERNEL32.dll
 0004:00000020       __imp__FormatMessageA@28   00407020     kernel32:KERNEL32.dll
 0004:00000024       __imp__FlushConsoleInputBuffer@4 00407024     kernel32:KERNEL32.dll
 0004:00000028       __imp__GetCommandLineA@0   00407028     kernel32:KERNEL32.dll
 0004:0000002c       __imp__GetConsoleMode@8    0040702c     kernel32:KERNEL32.dll
 0004:00000030       __imp__GetConsoleScreenBufferInfo@8 00407030     kernel32:KERNEL32.dll
 0004:00000034       __imp__GetLastError@0      00407034     kernel32:KERNEL32.dll
 0004:00000038       __imp__GetLocalTime@4      00407038     kernel32:KERNEL32.dll
 0004:0000003c       __imp__GetSystemTime@4     0040703c     kernel32:KERNEL32.dll
 0004:00000040       __imp__LocalFree@4         00407040     kernel32:KERNEL32.dll
 0004:00000044       __imp__PeekConsoleInputA@16 00407044     kernel32:KERNEL32.dll
 0004:00000048       __imp__ReadConsoleA@20     00407048     kernel32:KERNEL32.dll
 0004:0000004c       __imp__ReadConsoleInputA@16 0040704c     kernel32:KERNEL32.dll
 0004:00000050       __imp__ReadFile@20         00407050     kernel32:KERNEL32.dll
 0004:00000054       __imp__SetConsoleCursorPosition@8 00407054     kernel32:KERNEL32.dll
 0004:00000058       __imp__SetConsoleMode@8    00407058     kernel32:KERNEL32.dll
 0004:0000005c       __imp__SetConsoleTextAttribute@8 0040705c     kernel32:KERNEL32.dll
 0004:00000060       __imp__SystemTimeToFileTime@8 00407060     kernel32:KERNEL32.dll
 0004:00000064       __imp__WriteConsoleA@20    00407064     kernel32:KERNEL32.dll
 0004:00000068       __imp__WriteFile@20        00407068     kernel32:KERNEL32.dll
 0004:0000006c       \177KERNEL32_NULL_THUNK_DATA 0040706c     kernel32:KERNEL32.dll
 0004:000000ac       __imp__MessageBoxA@16      004070ac     user32:USER32.dll
 0004:000000b0       __imp__GetAsyncKeyState@4  004070b0     user32:USER32.dll
 0004:000000b4       \177USER32_NULL_THUNK_DATA 004070b4     user32:USER32.dll
 0004:000000e0       __IMPORT_DESCRIPTOR_KERNEL32 004070e0     kernel32:KERNEL32.dll
 0004:000000f4       __IMPORT_DESCRIPTOR_USER32 004070f4     user32:USER32.dll
 0004:00000108       __NULL_IMPORT_DESCRIPTOR   00407108     kernel32:KERNEL32.dll

 entry point at        0001:00000091

 Static symbols

 0000:ffff6000       .debug$S                   00400000     kernel32:KERNEL32.dll
 0000:ffff6000       .debug$S                   00400000     kernel32:KERNEL32.dll
 0000:ffff6000       .debug$S                   00400000     kernel32:KERNEL32.dll
 0000:ffff6000       .debug$S                   00400000     kernel32:KERNEL32.dll
 0000:ffff6000       .debug$S                   00400000     kernel32:KERNEL32.dll
 0000:ffff6000       .debug$S                   00400000     kernel32:KERNEL32.dll
 0000:ffff6000       .debug$S                   00400000     kernel32:KERNEL32.dll
 0000:ffff6000       .debug$S                   00400000     kernel32:KERNEL32.dll
 0000:ffff6000       .debug$S                   00400000     kernel32:KERNEL32.dll
 0000:ffff6000       .debug$S                   00400000     kernel32:KERNEL32.dll
 0000:ffff6000       .debug$S                   00400000     kernel32:KERNEL32.dll
 0000:ffff6000       .debug$S                   00400000     kernel32:KERNEL32.dll
 0000:ffff6000       .debug$S                   00400000     kernel32:KERNEL32.dll
 0000:ffff6000       .debug$S                   00400000     kernel32:KERNEL32.dll
 0000:ffff6000       .debug$S                   00400000     kernel32:KERNEL32.dll
 0000:ffff6000       .debug$S                   00400000     kernel32:KERNEL32.dll
 0000:ffff6000       .debug$S                   00400000     kernel32:KERNEL32.dll
 0000:ffff6000       .debug$S                   00400000     kernel32:KERNEL32.dll
 0000:ffff6000       .debug$S                   00400000     kernel32:KERNEL32.dll
 0000:ffff6000       .debug$S                   00400000     kernel32:KERNEL32.dll
 0000:ffff6000       .debug$S                   00400000     kernel32:KERNEL32.dll
 0000:ffff6000       .debug$S                   00400000     kernel32:KERNEL32.dll
 0000:ffff6000       .debug$S                   00400000     kernel32:KERNEL32.dll
 0000:ffff6000       .debug$S                   00400000     kernel32:KERNEL32.dll
 0000:ffff6000       .debug$S                   00400000     kernel32:KERNEL32.dll
 0000:ffff6000       .debug$S                   00400000     kernel32:KERNEL32.dll
 0000:ffff6000       .debug$S                   00400000     kernel32:KERNEL32.dll
 0000:ffff6000       .debug$S                   00400000     user32:USER32.dll
 0000:ffff6000       .debug$S                   00400000     user32:USER32.dll
 0001:00000654       _scan_for_quote@0          00401654 f   Irvine32:Irvine32.obj
 0001:0000077b       _Initialize@0              0040177b f   Irvine32:Irvine32.obj
 0001:00000b7f       _ReadKeyTranslate@0        00401b7f f   Irvine32:Irvine32.obj
 0001:000011f5       _AsciiDigit@0              004021f5 f   Irvine32:Irvine32.obj
 0001:000011fe       _HexByte@0                 004021fe f   Irvine32:Irvine32.obj
 0001:000026c0       $$000000                   004036c0     main.obj
 0003:00000000       floor                      00406000     main.obj
 0003:0000002a       floorFix                   0040602a     main.obj
 0003:0000002b       boxTop                     0040602b     main.obj
 0003:0000002e       boxBody                    0040602e     main.obj
 0003:00000031       boxBottom                  00406031     main.obj
 0003:00000034       cactus                     00406034     main.obj
 0003:00000036       cactus_pos                 00406036     main.obj
 0003:0000003a       cactus_speed               0040603a     main.obj
 0003:0000003e       outputHandle               0040603e     main.obj
 0003:00000042       bytesWritten               00406042     main.obj
 0003:00000046       count                      00406046     main.obj
 0003:0000004a       score_pos                  0040604a     main.obj
 0003:0000004e       floor_pos                  0040604e     main.obj
 0003:00000052       xyPosition                 00406052     main.obj
 0003:00000056       xyBound                    00406056     main.obj
 0003:0000005a       cellsWritten               0040605a     main.obj
 0003:0000005e       attributes_floor           0040605e     main.obj
 0003:000000b2       attributes0                004060b2     main.obj
 0003:000000b8       attributes1                004060b8     main.obj
 0003:000000be       attributes2                004060be     main.obj
 0003:000000c4       velocity                   004060c4     main.obj
 0003:000000c6       gravity                    004060c6     main.obj
 0003:000000c8       keyState                   004060c8     main.obj
 0003:000000cc       score                      004060cc     main.obj
 0003:000000d0       scoreString                004060d0     main.obj
 0003:000000de       gameOverMessage            004060de     main.obj
 0003:00000120       InitFlag                   00406120     Irvine32:Irvine32.obj
 0003:00000121       xtable                     00406121     Irvine32:Irvine32.obj
 0003:00000131       blanks                     00406131     Irvine32:Irvine32.obj
 0003:00000331       attribs                    00406331     Irvine32:Irvine32.obj
 0003:00000731       lineLength                 00406731     Irvine32:Irvine32.obj
 0003:00000735       cursorLoc                  00406735     Irvine32:Irvine32.obj
 0003:00000739       count                      00406739     Irvine32:Irvine32.obj
 0003:0000073d       ??0002                     0040673d     Irvine32:Irvine32.obj
 0003:00000742       dumpPrompt                 00406742     Irvine32:Irvine32.obj
 0003:00000754       dashLine                   00406754     Irvine32:Irvine32.obj
 0003:00000776       ??0003                     00406776     Irvine32:Irvine32.obj
 0003:00000779       ??0004                     00406779     Irvine32:Irvine32.obj
 0003:0000077b       ??0005                     0040677b     Irvine32:Irvine32.obj
 0003:0000077d       saveIP                     0040677d     Irvine32:Irvine32.obj
 0003:00000781       saveESP                    00406781     Irvine32:Irvine32.obj
 0003:00000785       ??0006                     00406785     Irvine32:Irvine32.obj
 0003:0000078c       ??0007                     0040678c     Irvine32:Irvine32.obj
 0003:00000793       ??0008                     00406793     Irvine32:Irvine32.obj
 0003:0000079a       ??0009                     0040679a     Irvine32:Irvine32.obj
 0003:000007a1       ??000A                     004067a1     Irvine32:Irvine32.obj
 0003:000007a8       ??000B                     004067a8     Irvine32:Irvine32.obj
 0003:000007af       ??000C                     004067af     Irvine32:Irvine32.obj
 0003:000007b6       ??000D                     004067b6     Irvine32:Irvine32.obj
 0003:000007bd       ??000E                     004067bd     Irvine32:Irvine32.obj
 0003:000007c4       ??000F                     004067c4     Irvine32:Irvine32.obj
 0003:000007cb       ??0010                     004067cb     Irvine32:Irvine32.obj
 0003:000007d0       ??0011                     004067d0     Irvine32:Irvine32.obj
 0003:000007d2       ??0013                     004067d2     Irvine32:Irvine32.obj
 0003:000007d7       ??0014                     004067d7     Irvine32:Irvine32.obj
 0003:000007d9       ??0016                     004067d9     Irvine32:Irvine32.obj
 0003:000007de       ??0017                     004067de     Irvine32:Irvine32.obj
 0003:000007e0       ??0019                     004067e0     Irvine32:Irvine32.obj
 0003:000007e5       ??001A                     004067e5     Irvine32:Irvine32.obj
 0003:000007e7       ??001C                     004067e7     Irvine32:Irvine32.obj
 0003:000007ec       ??001D                     004067ec     Irvine32:Irvine32.obj
 0003:000007ee       ??001F                     004067ee     Irvine32:Irvine32.obj
 0003:000007f3       ??0020                     004067f3     Irvine32:Irvine32.obj
 0003:000007f5       _cursorPosition            004067f5     Irvine32:Irvine32.obj
 0003:000007f9       @zx02abc_def_caption       004067f9     Irvine32:Irvine32.obj
 0003:000007fb       @zq02abc_def_caption       004067fb     Irvine32:Irvine32.obj
 0003:000007fd       overflow_msgL              004067fd     Irvine32:Irvine32.obj
 0003:00000818       invalid_msgL               00406818     Irvine32:Irvine32.obj
 0003:0000082b       seed                       0040682b     Irvine32:Irvine32.obj
 0003:0000082f       xbtable                    0040682f     Irvine32:Irvine32.obj
 0003:00000846       numVal                     00406846     Irvine32:Irvine32.obj
 0003:0000084a       charVal                    0040684a     Irvine32:Irvine32.obj
 0003:0000084b       evBuffer                   0040684b     Irvine32:Irvine32.obj
 0003:0000085f       evRepeat                   0040685f     Irvine32:Irvine32.obj
 0003:00000861       SpecialCases               00406861     Irvine32:Irvine32.obj
 0003:000008a2       _$$temp                    004068a2     Irvine32:Irvine32.obj
 0003:000008a6       waitmsgstr                 004068a6     Irvine32:Irvine32.obj
 0003:000008c3       bufferL                    004068c3     Irvine32:Irvine32.obj
 0003:000008d0       bufferLHB                  004068d0     Irvine32:Irvine32.obj
 0003:000008d9       buffer_B                   004068d9     Irvine32:Irvine32.obj
 0003:000008e6       neg_flag                   004068e6     Irvine32:Irvine32.obj
 0003:000008e7       LblStack                   004068e7     Irvine32:Irvine32.obj
 0003:000008f4       LblFor                     004068f4     Irvine32:Irvine32.obj
 0003:000008f9       LblEbp                     004068f9     Irvine32:Irvine32.obj
 0003:000008ff       LblParam                   004068ff     Irvine32:Irvine32.obj
 0003:0000090c       LblEbpPtr                  0040690c     Irvine32:Irvine32.obj
 0003:00000922       LblSaved                   00406922     Irvine32:Irvine32.obj
 0003:00000934       LblLocal                   00406934     Irvine32:Irvine32.obj
 0003:00000946       LblReturn                  00406946     Irvine32:Irvine32.obj
 0003:00000958       LblEsp                     00406958     Irvine32:Irvine32.obj
 0003:00000964       BadStackFrameMsg           00406964     Irvine32:Irvine32.obj
 0003:0000097f       NoName                     0040697f     Irvine32:Irvine32.obj
 0003:00000980       WriteToFile_1              00406980     Irvine32:Irvine32.obj
 0003:00000984       WriteWindowsMsg_1          00406984     Irvine32:Irvine32.obj
 0003:0000098b       WriteWindowsMsg_2          0040698b     Irvine32:Irvine32.obj
 0003:0000098e       pErrorMsg                  0040698e     Irvine32:Irvine32.obj
 0003:00000992       messageId                  00406992     Irvine32:Irvine32.obj
 0003:00000c50       consoleInHandle            00406c50     Irvine32:Irvine32.obj
 0003:00000c54       consoleOutHandle           00406c54     Irvine32:Irvine32.obj
 0003:00000c58       bytesWritten               00406c58     Irvine32:Irvine32.obj
 0003:00000c5c       eflags                     00406c5c     Irvine32:Irvine32.obj
 0003:00000c60       digitBuffer                00406c60     Irvine32:Irvine32.obj
 0003:00000cb1       buffer                     00406cb1     Irvine32:Irvine32.obj
 0003:00000eb1       bytesRead                  00406eb1     Irvine32:Irvine32.obj
 0003:00000eb5       sysTime                    00406eb5     Irvine32:Irvine32.obj
 0004:000003fc       .idata$6                   004073fc     kernel32:KERNEL32.dll
 0004:0000042c       .idata$6                   0040742c     user32:USER32.dll
 0005:00000170       $R000000                   00408170     * linker generated manifest res *
