 Asm_Final_Project

 Timestamp is 6772344c (Mon Dec 30 13:49:00 2024)

 Preferred load address is 00400000

 Start         Length     Name                   Class
 0001:00000000 00002800H .text                   CODE
 0001:00002800 00002df7H .text$mn                CODE
 0002:00000000 00000144H .rdata                  DATA
 0002:00000143 00000000H .edata                  DATA
 0002:00000144 00000199H .rdata$zzzdbg           DATA
 0003:00000000 000016e0H .data                   DATA
 0003:000016e0 000002f2H .bss                    DATA
 0004:00000000 000000e0H .idata$5                DATA
 0004:000000e0 00000028H .idata$2                DATA
 0004:00000108 00000014H .idata$3                DATA
 0004:0000011c 000000e0H .idata$4                DATA
 0004:000001fc 00000375H .idata$6                DATA
 0005:00000000 00000170H .rsrc$01                DATA
 0005:00000170 000002ccH .rsrc$02                DATA

  Address         Publics by Value              Rva+Base       Lib:Object

 0000:00000000       ___AbsoluteZero            00000000     <absolute>
 0000:00000000       ___arm64x_extra_rfe_table  00000000     <absolute>
 0000:00000000       ___arm64x_extra_rfe_table_size 00000000     <absolute>
 0000:00000000       ___arm64x_native_entrypoint 00000000     <absolute>
 0000:00000000       ___arm64x_redirection_metadata 00000000     <absolute>
 0000:00000000       ___arm64x_redirection_metadata_count 00000000     <absolute>
 0000:00000000       ___dynamic_value_reloc_table 00000000     <absolute>
 0000:00000000       ___enclave_config          00000000     <absolute>
 0000:00000000       ___guard_check_icall_a64n_fptr 00000000     <absolute>
 0000:00000000       ___guard_eh_cont_count     00000000     <absolute>
 0000:00000000       ___guard_eh_cont_table     00000000     <absolute>
 0000:00000000       ___guard_fids_count        00000000     <absolute>
 0000:00000000       ___guard_fids_table        00000000     <absolute>
 0000:00000000       ___guard_flags             00000000     <absolute>
 0000:00000000       ___guard_iat_count         00000000     <absolute>
 0000:00000000       ___guard_iat_table         00000000     <absolute>
 0000:00000000       ___guard_longjmp_count     00000000     <absolute>
 0000:00000000       ___guard_longjmp_table     00000000     <absolute>
 0000:00000000       ___hybrid_auxiliary_delayload_iat 00000000     <absolute>
 0000:00000000       ___hybrid_auxiliary_delayload_iat_copy 00000000     <absolute>
 0000:00000000       ___hybrid_auxiliary_iat    00000000     <absolute>
 0000:00000000       ___hybrid_auxiliary_iat_copy 00000000     <absolute>
 0000:00000000       ___hybrid_code_map         00000000     <absolute>
 0000:00000000       ___hybrid_code_map_count   00000000     <absolute>
 0000:00000000       ___hybrid_image_info_bitfield 00000000     <absolute>
 0000:00000000       ___safe_se_handler_count   00000000     <absolute>
 0000:00000000       ___safe_se_handler_table   00000000     <absolute>
 0000:00000000       ___volatile_metadata       00000000     <absolute>
 0000:00000000       ___x64_code_ranges_to_entry_points 00000000     <absolute>
 0000:00000000       ___x64_code_ranges_to_entry_points_count 00000000     <absolute>
 0001:00000360       _CloseFile@0               00401360 f   Irvine32:Irvine32.obj
 0001:00000367       _Clrscr@0                  00401367 f   Irvine32:Irvine32.obj
 0001:0000042c       _CreateOutputFile@0        0040142c f   Irvine32:Irvine32.obj
 0001:00000445       _Crlf@0                    00401445 f   Irvine32:Irvine32.obj
 0001:00000460       _Delay@0                   00401460 f   Irvine32:Irvine32.obj
 0001:00000469       _DumpMem@0                 00401469 f   Irvine32:Irvine32.obj
 0001:00000524       _DumpRegs@0                00401524 f   Irvine32:Irvine32.obj
 0001:0000071f       _GetCommandTail@0          0040171f f   Irvine32:Irvine32.obj
 0001:0000075c       _GetDateTime@4             0040175c f   Irvine32:Irvine32.obj
 0001:0000078e       _GetMaxXY@0                0040178e f   Irvine32:Irvine32.obj
 0001:000007bd       _GetMseconds@0             004017bd f   Irvine32:Irvine32.obj
 0001:0000081a       _GetTextColor@0            0040181a f   Irvine32:Irvine32.obj
 0001:00000845       _Gotoxy@0                  00401845 f   Irvine32:Irvine32.obj
 0001:0000089d       _IsDigit@0                 0040189d f   Irvine32:Irvine32.obj
 0001:000008aa       _MsgBox@0                  004018aa f   Irvine32:Irvine32.obj
 0001:000008c1       _MsgBoxAsk@0               004018c1 f   Irvine32:Irvine32.obj
 0001:000008e0       _OpenInputFile@0           004018e0 f   Irvine32:Irvine32.obj
 0001:000008f9       _ParseDecimal32@0          004018f9 f   Irvine32:Irvine32.obj
 0001:0000095b       _ParseInteger32@0          0040195b f   Irvine32:Irvine32.obj
 0001:00000a16       _Random32@0                00401a16 f   Irvine32:Irvine32.obj
 0001:00000a31       _RandomRange@0             00401a31 f   Irvine32:Irvine32.obj
 0001:00000a46       _Randomize@0               00401a46 f   Irvine32:Irvine32.obj
 0001:00000a5f       _ReadChar@0                00401a5f f   Irvine32:Irvine32.obj
 0001:00000a75       _ReadDec@0                 00401a75 f   Irvine32:Irvine32.obj
 0001:00000a90       _ReadFromFile@0            00401a90 f   Irvine32:Irvine32.obj
 0001:00000ab3       _ReadHex@0                 00401ab3 f   Irvine32:Irvine32.obj
 0001:00000b34       _ReadInt@0                 00401b34 f   Irvine32:Irvine32.obj
 0001:00000b4f       _ReadKey@0                 00401b4f f   Irvine32:Irvine32.obj
 0001:00000c6a       _ReadKeyFlush@0            00401c6a f   Irvine32:Irvine32.obj
 0001:00000d38       _ReadString@0              00401d38 f   Irvine32:Irvine32.obj
 0001:00000df1       _SetTextColor@0            00401df1 f   Irvine32:Irvine32.obj
 0001:00000e12       _StrLength@0               00401e12 f   Irvine32:Irvine32.obj
 0001:00000e23       _Str_compare@8             00401e23 f   Irvine32:Irvine32.obj
 0001:00000e4d       _Str_copy@8                00401e4d f   Irvine32:Irvine32.obj
 0001:00000e70       _Str_length@4              00401e70 f   Irvine32:Irvine32.obj
 0001:00000e8a       _Str_trim@8                00401e8a f   Irvine32:Irvine32.obj
 0001:00000eb8       _Str_ucase@4               00401eb8 f   Irvine32:Irvine32.obj
 0001:00000eda       _WaitMsg@0                 00401eda f   Irvine32:Irvine32.obj
 0001:00000eec       _WriteBin@0                00401eec f   Irvine32:Irvine32.obj
 0001:00000ef9       _WriteBinB@0               00401ef9 f   Irvine32:Irvine32.obj
 0001:00000f4c       _WriteChar@0               00401f4c f   Irvine32:Irvine32.obj
 0001:00000f7e       _WriteDec@0                00401f7e f   Irvine32:Irvine32.obj
 0001:00000fbf       _WriteHex@0                00401fbf f   Irvine32:Irvine32.obj
 0001:00000fcc       _WriteHexB@0               00401fcc f   Irvine32:Irvine32.obj
 0001:0000105e       _WriteInt@0                0040205e f   Irvine32:Irvine32.obj
 0001:000010bf       _WriteStackFrameName@16    004020bf f   Irvine32:Irvine32.obj
 0001:0000123f       _WriteStackFrame@12        0040223f f   Irvine32:Irvine32.obj
 0001:00001259       _WriteString@0             00402259 f   Irvine32:Irvine32.obj
 0001:00001285       _WriteToFile@0             00402285 f   Irvine32:Irvine32.obj
 0001:0000129a       _WriteWindowsMsg@0         0040229a f   Irvine32:Irvine32.obj
 0001:00002800       _start@0@0                 00403800 f   main.obj
 0001:0000288a       _CheckJumpKey@0            0040388a f   main.obj
 0001:000028c6       _Jump@0                    004038c6 f   main.obj
 0001:0000298b       _Squat@0                   0040398b f   main.obj
 0001:000029fb       _CheckCollision@0          004039fb f   main.obj
 0001:00002a80       _abs@0                     00403a80 f   main.obj
 0001:00002a8a       _RestartGame@0             00403a8a f   main.obj
 0001:00002b07       _GameOverMsg@0             00403b07 f   main.obj
 0001:00002c4f       _WaitForEnter@0            00403c4f f   main.obj
 0001:00002c71       _WaitForStart@0            00403c71 f   main.obj
 0001:00002c85       _ExitGame@0                00403c85 f   main.obj
 0001:00002cc6       _DrawTitle@0               00403cc6 f   main.obj
 0001:00003044       _DrawFloor@0               00404044 f   main.obj
 0001:00003087       _DrawDinosaur@0            00404087 f   main.obj
 0001:00003256       _DrawDinosaurStandLeftStep@0 00404256 f   main.obj
 0001:00003425       _DrawDinosaurStandRightStep@0 00404425 f   main.obj
 0001:000035f4       _DrawSquatFirstStep@0      004045f4 f   main.obj
 0001:00003783       _DrawSquatSecondStep@0     00404783 f   main.obj
 0001:00003912       _DrawBirdFlyUp@0           00404912 f   main.obj
 0001:000039dd       _DrawBirdFlyDown@0         004049dd f   main.obj
 0001:00003af0       _DrawIntro@0               00404af0 f   main.obj
 0001:00003bb7       _DrawStartMessage@0        00404bb7 f   main.obj
 0001:00003c3c       _DrawCactus@0              00404c3c f   main.obj
 0001:00003d07       _DrawScore@0               00404d07 f   main.obj
 0001:00003d42       _DrawHighScore@0           00404d42 f   main.obj
 0001:00003d7d       _DrawBackground@0          00404d7d f   main.obj
 0001:00003da6       _DrawStandLeftStepBackground@0 00404da6 f   main.obj
 0001:00003dcf       _DrawStandRightStepBackground@0 00404dcf f   main.obj
 0001:00003df8       _DrawSquatFirstStepBackground@0 00404df8 f   main.obj
 0001:00003e21       _DrawSquatSecondStepBackground@0 00404e21 f   main.obj
 0001:00003e4a       _MoveCactus@0              00404e4a f   main.obj
 0001:00003e89       _MoveBird@0                00404e89 f   main.obj
 0001:00003ef1       _WaitForRelease@0          00404ef1 f   main.obj
 0001:00003eff       _FormatScore@0             00404eff f   main.obj
 0001:00003f25       _FormatHighScore@0         00404f25 f   main.obj
 0001:0000451d       _ExitProcess@4             0040551d f   kernel32:KERNEL32.dll
 0001:00004523       _GetStdHandle@4            00405523 f   kernel32:KERNEL32.dll
 0001:00004529       _Sleep@4                   00405529 f   kernel32:KERNEL32.dll
 0001:0000452f       _WriteConsoleOutputCharacterA@20 0040552f f   kernel32:KERNEL32.dll
 0001:00004535       _WriteConsoleOutputAttribute@20 00405535 f   kernel32:KERNEL32.dll
 0001:0000453b       _SetConsoleOutputCP@4      0040553b f   kernel32:KERNEL32.dll
 0001:00004541       _CloseHandle@4             00405541 f   kernel32:KERNEL32.dll
 0001:00004547       _CreateFileA@28            00405547 f   kernel32:KERNEL32.dll
 0001:0000454d       _FormatMessageA@28         0040554d f   kernel32:KERNEL32.dll
 0001:00004553       _FlushConsoleInputBuffer@4 00405553 f   kernel32:KERNEL32.dll
 0001:00004559       _GetCommandLineA@0         00405559 f   kernel32:KERNEL32.dll
 0001:0000455f       _GetConsoleMode@8          0040555f f   kernel32:KERNEL32.dll
 0001:00004565       _GetConsoleScreenBufferInfo@8 00405565 f   kernel32:KERNEL32.dll
 0001:0000456b       _GetLastError@0            0040556b f   kernel32:KERNEL32.dll
 0001:00004571       _GetLocalTime@4            00405571 f   kernel32:KERNEL32.dll
 0001:00004577       _GetSystemTime@4           00405577 f   kernel32:KERNEL32.dll
 0001:0000457d       _LocalFree@4               0040557d f   kernel32:KERNEL32.dll
 0001:00004583       _PeekConsoleInputA@16      00405583 f   kernel32:KERNEL32.dll
 0001:00004589       _ReadConsoleA@20           00405589 f   kernel32:KERNEL32.dll
 0001:0000458f       _ReadConsoleInputA@16      0040558f f   kernel32:KERNEL32.dll
 0001:00004595       _ReadFile@20               00405595 f   kernel32:KERNEL32.dll
 0001:0000459b       _SetConsoleCursorPosition@8 0040559b f   kernel32:KERNEL32.dll
 0001:000045a1       _SetConsoleMode@8          004055a1 f   kernel32:KERNEL32.dll
 0001:000045a7       _SetConsoleTextAttribute@8 004055a7 f   kernel32:KERNEL32.dll
 0001:000045ad       _SystemTimeToFileTime@8    004055ad f   kernel32:KERNEL32.dll
 0001:000045b3       _WriteConsoleA@20          004055b3 f   kernel32:KERNEL32.dll
 0001:000045b9       _WriteFile@20              004055b9 f   kernel32:KERNEL32.dll
 0001:000045bf       _GetAsyncKeyState@4        004055bf f   user32:USER32.dll
 0001:000045c5       _MessageBoxA@16            004055c5 f   user32:USER32.dll
 0004:00000000       __imp__ExitProcess@4       0040a000     kernel32:KERNEL32.dll
 0004:00000004       __imp__GetStdHandle@4      0040a004     kernel32:KERNEL32.dll
 0004:00000008       __imp__Sleep@4             0040a008     kernel32:KERNEL32.dll
 0004:0000000c       __imp__WriteConsoleOutputCharacterA@20 0040a00c     kernel32:KERNEL32.dll
 0004:00000010       __imp__WriteConsoleOutputAttribute@20 0040a010     kernel32:KERNEL32.dll
 0004:00000014       __imp__SetConsoleOutputCP@4 0040a014     kernel32:KERNEL32.dll
 0004:00000018       __imp__CloseHandle@4       0040a018     kernel32:KERNEL32.dll
 0004:0000001c       __imp__CreateFileA@28      0040a01c     kernel32:KERNEL32.dll
 0004:00000020       __imp__FormatMessageA@28   0040a020     kernel32:KERNEL32.dll
 0004:00000024       __imp__FlushConsoleInputBuffer@4 0040a024     kernel32:KERNEL32.dll
 0004:00000028       __imp__GetCommandLineA@0   0040a028     kernel32:KERNEL32.dll
 0004:0000002c       __imp__GetConsoleMode@8    0040a02c     kernel32:KERNEL32.dll
 0004:00000030       __imp__GetConsoleScreenBufferInfo@8 0040a030     kernel32:KERNEL32.dll
 0004:00000034       __imp__GetLastError@0      0040a034     kernel32:KERNEL32.dll
 0004:00000038       __imp__GetLocalTime@4      0040a038     kernel32:KERNEL32.dll
 0004:0000003c       __imp__GetSystemTime@4     0040a03c     kernel32:KERNEL32.dll
 0004:00000040       __imp__LocalFree@4         0040a040     kernel32:KERNEL32.dll
 0004:00000044       __imp__PeekConsoleInputA@16 0040a044     kernel32:KERNEL32.dll
 0004:00000048       __imp__ReadConsoleA@20     0040a048     kernel32:KERNEL32.dll
 0004:0000004c       __imp__ReadConsoleInputA@16 0040a04c     kernel32:KERNEL32.dll
 0004:00000050       __imp__ReadFile@20         0040a050     kernel32:KERNEL32.dll
 0004:00000054       __imp__SetConsoleCursorPosition@8 0040a054     kernel32:KERNEL32.dll
 0004:00000058       __imp__SetConsoleMode@8    0040a058     kernel32:KERNEL32.dll
 0004:0000005c       __imp__SetConsoleTextAttribute@8 0040a05c     kernel32:KERNEL32.dll
 0004:00000060       __imp__SystemTimeToFileTime@8 0040a060     kernel32:KERNEL32.dll
 0004:00000064       __imp__WriteConsoleA@20    0040a064     kernel32:KERNEL32.dll
 0004:00000068       __imp__WriteFile@20        0040a068     kernel32:KERNEL32.dll
 0004:0000006c       \177KERNEL32_NULL_THUNK_DATA 0040a06c     kernel32:KERNEL32.dll
 0004:000000ac       __imp__MessageBoxA@16      0040a0ac     user32:USER32.dll
 0004:000000b0       __imp__GetAsyncKeyState@4  0040a0b0     user32:USER32.dll
 0004:000000b4       \177USER32_NULL_THUNK_DATA 0040a0b4     user32:USER32.dll
 0004:000000e0       __IMPORT_DESCRIPTOR_KERNEL32 0040a0e0     kernel32:KERNEL32.dll
 0004:000000f4       __IMPORT_DESCRIPTOR_USER32 0040a0f4     user32:USER32.dll
 0004:00000108       __NULL_IMPORT_DESCRIPTOR   0040a108     kernel32:KERNEL32.dll

 entry point at        0001:000000eb

 Static symbols

 0000:ffff3000       .debug$S                   00400000     kernel32:KERNEL32.dll
 0000:ffff3000       .debug$S                   00400000     kernel32:KERNEL32.dll
 0000:ffff3000       .debug$S                   00400000     kernel32:KERNEL32.dll
 0000:ffff3000       .debug$S                   00400000     kernel32:KERNEL32.dll
 0000:ffff3000       .debug$S                   00400000     kernel32:KERNEL32.dll
 0000:ffff3000       .debug$S                   00400000     kernel32:KERNEL32.dll
 0000:ffff3000       .debug$S                   00400000     kernel32:KERNEL32.dll
 0000:ffff3000       .debug$S                   00400000     kernel32:KERNEL32.dll
 0000:ffff3000       .debug$S                   00400000     kernel32:KERNEL32.dll
 0000:ffff3000       .debug$S                   00400000     kernel32:KERNEL32.dll
 0000:ffff3000       .debug$S                   00400000     kernel32:KERNEL32.dll
 0000:ffff3000       .debug$S                   00400000     kernel32:KERNEL32.dll
 0000:ffff3000       .debug$S                   00400000     kernel32:KERNEL32.dll
 0000:ffff3000       .debug$S                   00400000     kernel32:KERNEL32.dll
 0000:ffff3000       .debug$S                   00400000     kernel32:KERNEL32.dll
 0000:ffff3000       .debug$S                   00400000     kernel32:KERNEL32.dll
 0000:ffff3000       .debug$S                   00400000     kernel32:KERNEL32.dll
 0000:ffff3000       .debug$S                   00400000     kernel32:KERNEL32.dll
 0000:ffff3000       .debug$S                   00400000     kernel32:KERNEL32.dll
 0000:ffff3000       .debug$S                   00400000     kernel32:KERNEL32.dll
 0000:ffff3000       .debug$S                   00400000     kernel32:KERNEL32.dll
 0000:ffff3000       .debug$S                   00400000     kernel32:KERNEL32.dll
 0000:ffff3000       .debug$S                   00400000     kernel32:KERNEL32.dll
 0000:ffff3000       .debug$S                   00400000     kernel32:KERNEL32.dll
 0000:ffff3000       .debug$S                   00400000     kernel32:KERNEL32.dll
 0000:ffff3000       .debug$S                   00400000     kernel32:KERNEL32.dll
 0000:ffff3000       .debug$S                   00400000     kernel32:KERNEL32.dll
 0000:ffff3000       .debug$S                   00400000     user32:USER32.dll
 0000:ffff3000       .debug$S                   00400000     user32:USER32.dll
 0001:00000754       _scan_for_quote@0          00401754 f   Irvine32:Irvine32.obj
 0001:0000087b       _Initialize@0              0040187b f   Irvine32:Irvine32.obj
 0001:00000c7f       _ReadKeyTranslate@0        00401c7f f   Irvine32:Irvine32.obj
 0001:000012f5       _AsciiDigit@0              004022f5 f   Irvine32:Irvine32.obj
 0001:000012fe       _HexByte@0                 004022fe f   Irvine32:Irvine32.obj
 0001:00002800       $$000000                   00403800     main.obj
 0003:00000000       floorLength                00408000     main.obj
 0003:00000004       floor                      00408004     main.obj
 0003:00000068       floorFix                   00408068     main.obj
 0003:00000069       cactusTop                  00408069     main.obj
 0003:0000006e       cactusMiddle               0040806e     main.obj
 0003:00000074       cactusBottom               00408074     main.obj
 0003:00000076       cactus_pos                 00408076     main.obj
 0003:0000007a       cactus_height              0040807a     main.obj
 0003:0000007e       dinosaurFirstLine          0040807e     main.obj
 0003:00000088       dinosaurSecondLine         00408088     main.obj
 0003:00000094       dinosaurThirdLine          00408094     main.obj
 0003:0000009e       dinosaurFourthLine         0040809e     main.obj
 0003:000000a8       dinosaurFifthLine          004080a8     main.obj
 0003:000000b0       dinosaurFirstLeg           004080b0     main.obj
 0003:000000b2       dinosaurSecondLeg          004080b2     main.obj
 0003:000000b4       dinosaurStep               004080b4     main.obj
 0003:000000b6       dino_pos                   004080b6     main.obj
 0003:000000ba       dinosaurSquatFirstLine     004080ba     main.obj
 0003:000000c9       dinosaurSquatSecondLine    004080c9     main.obj
 0003:000000d9       dinosaurSquatThirdLine     004080d9     main.obj
 0003:000000e5       dinosaurSquatFirstLeg      004080e5     main.obj
 0003:000000e7       dinosaurSquatSecondLeg     004080e7     main.obj
 0003:000000e9       dinosaurSquatFirstHand     004080e9     main.obj
 0003:000000eb       title1                     004080eb     main.obj
 0003:00000119       title2                     00408119     main.obj
 0003:00000147       title3                     00408147     main.obj
 0003:00000175       title4                     00408175     main.obj
 0003:000001a3       title5                     004081a3     main.obj
 0003:000001d1       title6                     004081d1     main.obj
 0003:000001ff       title7                     004081ff     main.obj
 0003:0000022d       title8                     0040822d     main.obj
 0003:0000025c       title9                     0040825c     main.obj
 0003:0000028a       title10                    0040828a     main.obj
 0003:000002b8       title11                    004082b8     main.obj
 0003:000002e6       title12                    004082e6     main.obj
 0003:00000314       birdFlyUpFirstLine         00408314     main.obj
 0003:0000031c       birdFlyUpSecondLine        0040831c     main.obj
 0003:00000326       birdFlyUpThirdLine         00408326     main.obj
 0003:0000032d       birdDeleteFirstLine        0040832d     main.obj
 0003:00000335       birdFlyDownFirstLine       00408335     main.obj
 0003:0000033d       birdFlyDownSecondLine      0040833d     main.obj
 0003:00000345       birdFlyDownThirdLine       00408345     main.obj
 0003:00000349       bird_pos                   00408349     main.obj
 0003:0000034d       bird_speed                 0040834d     main.obj
 0003:0000034f       cactus_speed               0040834f     main.obj
 0003:00000351       outputHandle               00408351     main.obj
 0003:00000355       bytesWritten               00408355     main.obj
 0003:00000359       count                      00408359     main.obj
 0003:0000035d       title_pos                  0040835d     main.obj
 0003:00000361       highscore_pos              00408361     main.obj
 0003:00000365       score_pos                  00408365     main.obj
 0003:00000369       gameOver_pos               00408369     main.obj
 0003:0000036d       intro_pos                  0040836d     main.obj
 0003:00000371       exit_pos                   00408371     main.obj
 0003:00000375       restart_pos                00408375     main.obj
 0003:00000379       start_pos                  00408379     main.obj
 0003:0000037d       floor_pos                  0040837d     main.obj
 0003:00000381       xyBound                    00408381     main.obj
 0003:00000385       cellsWritten               00408385     main.obj
 0003:00000389       attributes_floor           00408389     main.obj
 0003:00000451       velocity                   00408451     main.obj
 0003:00000453       gravity                    00408453     main.obj
 0003:00000455       keyState                   00408455     main.obj
 0003:00000459       brownColor                 00408459     main.obj
 0003:00000521       greenColor                 00408521     main.obj
 0003:000005e9       redColor                   004085e9     main.obj
 0003:000006b1       blueColor                  004086b1     main.obj
 0003:00000779       purpleColor                00408779     main.obj
 0003:00000841       darkBlueColor              00408841     main.obj
 0003:00000909       score                      00408909     main.obj
 0003:0000090d       highscore                  0040890d     main.obj
 0003:00000911       introString                00408911     main.obj
 0003:00000931       scoreString                00408931     main.obj
 0003:0000093d       highscoreString            0040893d     main.obj
 0003:0000094e       gameOverMessage            0040894e     main.obj
 0003:00000959       restartMessage             00408959     main.obj
 0003:00000970       startMessage               00408970     main.obj
 0003:00000985       enterMessage               00408985     main.obj
 0003:0000098b       exitMessage                0040898b     main.obj
 0003:0000099d       escMessage                 0040899d     main.obj
 0003:000009a1       spaceMessage               004089a1     main.obj
 0003:000009a7       upMessage                  004089a7     main.obj
 0003:000009b0       hConsole                   004089b0     main.obj
 0003:000009b4       cursorInfo                 004089b4     main.obj
 0003:00000bb0       InitFlag                   00408bb0     Irvine32:Irvine32.obj
 0003:00000bb1       xtable                     00408bb1     Irvine32:Irvine32.obj
 0003:00000bc1       blanks                     00408bc1     Irvine32:Irvine32.obj
 0003:00000dc1       attribs                    00408dc1     Irvine32:Irvine32.obj
 0003:000011c1       lineLength                 004091c1     Irvine32:Irvine32.obj
 0003:000011c5       cursorLoc                  004091c5     Irvine32:Irvine32.obj
 0003:000011c9       count                      004091c9     Irvine32:Irvine32.obj
 0003:000011cd       ??0002                     004091cd     Irvine32:Irvine32.obj
 0003:000011d2       dumpPrompt                 004091d2     Irvine32:Irvine32.obj
 0003:000011e4       dashLine                   004091e4     Irvine32:Irvine32.obj
 0003:00001206       ??0003                     00409206     Irvine32:Irvine32.obj
 0003:00001209       ??0004                     00409209     Irvine32:Irvine32.obj
 0003:0000120b       ??0005                     0040920b     Irvine32:Irvine32.obj
 0003:0000120d       saveIP                     0040920d     Irvine32:Irvine32.obj
 0003:00001211       saveESP                    00409211     Irvine32:Irvine32.obj
 0003:00001215       ??0006                     00409215     Irvine32:Irvine32.obj
 0003:0000121c       ??0007                     0040921c     Irvine32:Irvine32.obj
 0003:00001223       ??0008                     00409223     Irvine32:Irvine32.obj
 0003:0000122a       ??0009                     0040922a     Irvine32:Irvine32.obj
 0003:00001231       ??000A                     00409231     Irvine32:Irvine32.obj
 0003:00001238       ??000B                     00409238     Irvine32:Irvine32.obj
 0003:0000123f       ??000C                     0040923f     Irvine32:Irvine32.obj
 0003:00001246       ??000D                     00409246     Irvine32:Irvine32.obj
 0003:0000124d       ??000E                     0040924d     Irvine32:Irvine32.obj
 0003:00001254       ??000F                     00409254     Irvine32:Irvine32.obj
 0003:0000125b       ??0010                     0040925b     Irvine32:Irvine32.obj
 0003:00001260       ??0011                     00409260     Irvine32:Irvine32.obj
 0003:00001262       ??0013                     00409262     Irvine32:Irvine32.obj
 0003:00001267       ??0014                     00409267     Irvine32:Irvine32.obj
 0003:00001269       ??0016                     00409269     Irvine32:Irvine32.obj
 0003:0000126e       ??0017                     0040926e     Irvine32:Irvine32.obj
 0003:00001270       ??0019                     00409270     Irvine32:Irvine32.obj
 0003:00001275       ??001A                     00409275     Irvine32:Irvine32.obj
 0003:00001277       ??001C                     00409277     Irvine32:Irvine32.obj
 0003:0000127c       ??001D                     0040927c     Irvine32:Irvine32.obj
 0003:0000127e       ??001F                     0040927e     Irvine32:Irvine32.obj
 0003:00001283       ??0020                     00409283     Irvine32:Irvine32.obj
 0003:00001285       _cursorPosition            00409285     Irvine32:Irvine32.obj
 0003:00001289       @zx02abc_def_caption       00409289     Irvine32:Irvine32.obj
 0003:0000128b       @zq02abc_def_caption       0040928b     Irvine32:Irvine32.obj
 0003:0000128d       overflow_msgL              0040928d     Irvine32:Irvine32.obj
 0003:000012a8       invalid_msgL               004092a8     Irvine32:Irvine32.obj
 0003:000012bb       seed                       004092bb     Irvine32:Irvine32.obj
 0003:000012bf       xbtable                    004092bf     Irvine32:Irvine32.obj
 0003:000012d6       numVal                     004092d6     Irvine32:Irvine32.obj
 0003:000012da       charVal                    004092da     Irvine32:Irvine32.obj
 0003:000012db       evBuffer                   004092db     Irvine32:Irvine32.obj
 0003:000012ef       evRepeat                   004092ef     Irvine32:Irvine32.obj
 0003:000012f1       SpecialCases               004092f1     Irvine32:Irvine32.obj
 0003:00001332       _$$temp                    00409332     Irvine32:Irvine32.obj
 0003:00001336       waitmsgstr                 00409336     Irvine32:Irvine32.obj
 0003:00001353       bufferL                    00409353     Irvine32:Irvine32.obj
 0003:00001360       bufferLHB                  00409360     Irvine32:Irvine32.obj
 0003:00001369       buffer_B                   00409369     Irvine32:Irvine32.obj
 0003:00001376       neg_flag                   00409376     Irvine32:Irvine32.obj
 0003:00001377       LblStack                   00409377     Irvine32:Irvine32.obj
 0003:00001384       LblFor                     00409384     Irvine32:Irvine32.obj
 0003:00001389       LblEbp                     00409389     Irvine32:Irvine32.obj
 0003:0000138f       LblParam                   0040938f     Irvine32:Irvine32.obj
 0003:0000139c       LblEbpPtr                  0040939c     Irvine32:Irvine32.obj
 0003:000013b2       LblSaved                   004093b2     Irvine32:Irvine32.obj
 0003:000013c4       LblLocal                   004093c4     Irvine32:Irvine32.obj
 0003:000013d6       LblReturn                  004093d6     Irvine32:Irvine32.obj
 0003:000013e8       LblEsp                     004093e8     Irvine32:Irvine32.obj
 0003:000013f4       BadStackFrameMsg           004093f4     Irvine32:Irvine32.obj
 0003:0000140f       NoName                     0040940f     Irvine32:Irvine32.obj
 0003:00001410       WriteToFile_1              00409410     Irvine32:Irvine32.obj
 0003:00001414       WriteWindowsMsg_1          00409414     Irvine32:Irvine32.obj
 0003:0000141b       WriteWindowsMsg_2          0040941b     Irvine32:Irvine32.obj
 0003:0000141e       pErrorMsg                  0040941e     Irvine32:Irvine32.obj
 0003:00001422       messageId                  00409422     Irvine32:Irvine32.obj
 0003:000016e0       consoleInHandle            004096e0     Irvine32:Irvine32.obj
 0003:000016e4       consoleOutHandle           004096e4     Irvine32:Irvine32.obj
 0003:000016e8       bytesWritten               004096e8     Irvine32:Irvine32.obj
 0003:000016ec       eflags                     004096ec     Irvine32:Irvine32.obj
 0003:000016f0       digitBuffer                004096f0     Irvine32:Irvine32.obj
 0003:00001741       buffer                     00409741     Irvine32:Irvine32.obj
 0003:00001941       bytesRead                  00409941     Irvine32:Irvine32.obj
 0003:00001945       sysTime                    00409945     Irvine32:Irvine32.obj
 0004:000003fc       .idata$6                   0040a3fc     kernel32:KERNEL32.dll
 0004:0000042c       .idata$6                   0040a42c     user32:USER32.dll
 0005:00000170       $R000000                   0040b170     * linker generated manifest res *
