 Asm_Final_Project

 Timestamp is 675f22e6 (Mon Dec 16 02:41:42 2024)

 Preferred load address is 00400000

 Start         Length     Name                   Class
 0001:00000000 00002730H .text                   CODE
 0001:00002730 0000184eH .text$mn                CODE
 0002:00000000 00000144H .rdata                  DATA
 0002:00000143 00000000H .edata                  DATA
 0002:00000144 00000199H .rdata$zzzdbg           DATA
 0003:00000000 00000e80H .data                   DATA
 0003:00000e80 000002f2H .bss                    DATA
 0004:00000000 000000e0H .idata$5                DATA
 0004:000000e0 00000028H .idata$2                DATA
 0004:00000108 00000014H .idata$3                DATA
 0004:0000011c 000000e0H .idata$4                DATA
 0004:000001fc 00000375H .idata$6                DATA
 0005:00000000 00000170H .rsrc$01                DATA
 0005:00000170 000002ccH .rsrc$02                DATA

  Address         Publics by Value              Rva+Base       Lib:Object

 0000:00000000       ___AbsoluteZero            00000000     <absolute>
 0000:00000000       ___arm64x_extra_rfe_table  00000000     <absolute>
 0000:00000000       ___arm64x_extra_rfe_table_size 00000000     <absolute>
 0000:00000000       ___arm64x_native_entrypoint 00000000     <absolute>
 0000:00000000       ___arm64x_redirection_metadata 00000000     <absolute>
 0000:00000000       ___arm64x_redirection_metadata_count 00000000     <absolute>
 0000:00000000       ___dynamic_value_reloc_table 00000000     <absolute>
 0000:00000000       ___enclave_config          00000000     <absolute>
 0000:00000000       ___guard_check_icall_a64n_fptr 00000000     <absolute>
 0000:00000000       ___guard_eh_cont_count     00000000     <absolute>
 0000:00000000       ___guard_eh_cont_table     00000000     <absolute>
 0000:00000000       ___guard_fids_count        00000000     <absolute>
 0000:00000000       ___guard_fids_table        00000000     <absolute>
 0000:00000000       ___guard_flags             00000000     <absolute>
 0000:00000000       ___guard_iat_count         00000000     <absolute>
 0000:00000000       ___guard_iat_table         00000000     <absolute>
 0000:00000000       ___guard_longjmp_count     00000000     <absolute>
 0000:00000000       ___guard_longjmp_table     00000000     <absolute>
 0000:00000000       ___hybrid_auxiliary_delayload_iat 00000000     <absolute>
 0000:00000000       ___hybrid_auxiliary_delayload_iat_copy 00000000     <absolute>
 0000:00000000       ___hybrid_auxiliary_iat    00000000     <absolute>
 0000:00000000       ___hybrid_auxiliary_iat_copy 00000000     <absolute>
 0000:00000000       ___hybrid_code_map         00000000     <absolute>
 0000:00000000       ___hybrid_code_map_count   00000000     <absolute>
 0000:00000000       ___hybrid_image_info_bitfield 00000000     <absolute>
 0000:00000000       ___safe_se_handler_count   00000000     <absolute>
 0000:00000000       ___safe_se_handler_table   00000000     <absolute>
 0000:00000000       ___volatile_metadata       00000000     <absolute>
 0000:00000000       ___x64_code_ranges_to_entry_points 00000000     <absolute>
 0000:00000000       ___x64_code_ranges_to_entry_points_count 00000000     <absolute>
 0001:000002b0       _CloseFile@0               004012b0 f   Irvine32:Irvine32.obj
 0001:000002b7       _Clrscr@0                  004012b7 f   Irvine32:Irvine32.obj
 0001:0000037c       _CreateOutputFile@0        0040137c f   Irvine32:Irvine32.obj
 0001:00000395       _Crlf@0                    00401395 f   Irvine32:Irvine32.obj
 0001:000003b0       _Delay@0                   004013b0 f   Irvine32:Irvine32.obj
 0001:000003b9       _DumpMem@0                 004013b9 f   Irvine32:Irvine32.obj
 0001:00000474       _DumpRegs@0                00401474 f   Irvine32:Irvine32.obj
 0001:0000066f       _GetCommandTail@0          0040166f f   Irvine32:Irvine32.obj
 0001:000006ac       _GetDateTime@4             004016ac f   Irvine32:Irvine32.obj
 0001:000006de       _GetMaxXY@0                004016de f   Irvine32:Irvine32.obj
 0001:0000070d       _GetMseconds@0             0040170d f   Irvine32:Irvine32.obj
 0001:0000076a       _GetTextColor@0            0040176a f   Irvine32:Irvine32.obj
 0001:00000795       _Gotoxy@0                  00401795 f   Irvine32:Irvine32.obj
 0001:000007ed       _IsDigit@0                 004017ed f   Irvine32:Irvine32.obj
 0001:000007fa       _MsgBox@0                  004017fa f   Irvine32:Irvine32.obj
 0001:00000811       _MsgBoxAsk@0               00401811 f   Irvine32:Irvine32.obj
 0001:00000830       _OpenInputFile@0           00401830 f   Irvine32:Irvine32.obj
 0001:00000849       _ParseDecimal32@0          00401849 f   Irvine32:Irvine32.obj
 0001:000008ab       _ParseInteger32@0          004018ab f   Irvine32:Irvine32.obj
 0001:00000966       _Random32@0                00401966 f   Irvine32:Irvine32.obj
 0001:00000981       _RandomRange@0             00401981 f   Irvine32:Irvine32.obj
 0001:00000996       _Randomize@0               00401996 f   Irvine32:Irvine32.obj
 0001:000009af       _ReadChar@0                004019af f   Irvine32:Irvine32.obj
 0001:000009c5       _ReadDec@0                 004019c5 f   Irvine32:Irvine32.obj
 0001:000009e0       _ReadFromFile@0            004019e0 f   Irvine32:Irvine32.obj
 0001:00000a03       _ReadHex@0                 00401a03 f   Irvine32:Irvine32.obj
 0001:00000a84       _ReadInt@0                 00401a84 f   Irvine32:Irvine32.obj
 0001:00000a9f       _ReadKey@0                 00401a9f f   Irvine32:Irvine32.obj
 0001:00000bba       _ReadKeyFlush@0            00401bba f   Irvine32:Irvine32.obj
 0001:00000c88       _ReadString@0              00401c88 f   Irvine32:Irvine32.obj
 0001:00000d41       _SetTextColor@0            00401d41 f   Irvine32:Irvine32.obj
 0001:00000d62       _StrLength@0               00401d62 f   Irvine32:Irvine32.obj
 0001:00000d73       _Str_compare@8             00401d73 f   Irvine32:Irvine32.obj
 0001:00000d9d       _Str_copy@8                00401d9d f   Irvine32:Irvine32.obj
 0001:00000dc0       _Str_length@4              00401dc0 f   Irvine32:Irvine32.obj
 0001:00000dda       _Str_trim@8                00401dda f   Irvine32:Irvine32.obj
 0001:00000e08       _Str_ucase@4               00401e08 f   Irvine32:Irvine32.obj
 0001:00000e2a       _WaitMsg@0                 00401e2a f   Irvine32:Irvine32.obj
 0001:00000e3c       _WriteBin@0                00401e3c f   Irvine32:Irvine32.obj
 0001:00000e49       _WriteBinB@0               00401e49 f   Irvine32:Irvine32.obj
 0001:00000e9c       _WriteChar@0               00401e9c f   Irvine32:Irvine32.obj
 0001:00000ece       _WriteDec@0                00401ece f   Irvine32:Irvine32.obj
 0001:00000f0f       _WriteHex@0                00401f0f f   Irvine32:Irvine32.obj
 0001:00000f1c       _WriteHexB@0               00401f1c f   Irvine32:Irvine32.obj
 0001:00000fae       _WriteInt@0                00401fae f   Irvine32:Irvine32.obj
 0001:0000100f       _WriteStackFrameName@16    0040200f f   Irvine32:Irvine32.obj
 0001:0000118f       _WriteStackFrame@12        0040218f f   Irvine32:Irvine32.obj
 0001:000011a9       _WriteString@0             004021a9 f   Irvine32:Irvine32.obj
 0001:000011d5       _WriteToFile@0             004021d5 f   Irvine32:Irvine32.obj
 0001:000011ea       _WriteWindowsMsg@0         004021ea f   Irvine32:Irvine32.obj
 0001:00002730       _start@0@0                 00403730 f   main.obj
 0001:000027cc       _CheckJumpKey@0            004037cc f   main.obj
 0001:000027f4       _Jump@0                    004037f4 f   main.obj
 0001:00002858       _CheckCollision@0          00403858 f   main.obj
 0001:000028a9       _RestartGame@0             004038a9 f   main.obj
 0001:00002914       _GameOverMsg@0             00403914 f   main.obj
 0001:000029c8       _WaitForEnter@0            004039c8 f   main.obj
 0001:000029ea       _ExitGame@0                004039ea f   main.obj
 0001:00002a2b       _DrawBox@0                 00403a2b f   main.obj
 0001:00002b33       _DrawCactus@0              00403b33 f   main.obj
 0001:00002bfe       _DrawScore@0               00403bfe f   main.obj
 0001:00002c39       _DrawHighScore@0           00403c39 f   main.obj
 0001:00002c74       _DrawBackground@0          00403c74 f   main.obj
 0001:00002c8e       _MoveCactus@0              00403c8e f   main.obj
 0001:00002ccd       _WaitForRelease@0          00403ccd f   main.obj
 0001:00002cdb       _FormatScore@0             00403cdb f   main.obj
 0001:00002d01       _FormatHighScore@0         00403d01 f   main.obj
 0001:00002ea4       _ExitProcess@4             00403ea4 f   kernel32:KERNEL32.dll
 0001:00002eaa       _GetStdHandle@4            00403eaa f   kernel32:KERNEL32.dll
 0001:00002eb0       _Sleep@4                   00403eb0 f   kernel32:KERNEL32.dll
 0001:00002eb6       _WriteConsoleOutputCharacterA@20 00403eb6 f   kernel32:KERNEL32.dll
 0001:00002ebc       _WriteConsoleOutputAttribute@20 00403ebc f   kernel32:KERNEL32.dll
 0001:00002ec2       _SetConsoleOutputCP@4      00403ec2 f   kernel32:KERNEL32.dll
 0001:00002ec8       _CloseHandle@4             00403ec8 f   kernel32:KERNEL32.dll
 0001:00002ece       _CreateFileA@28            00403ece f   kernel32:KERNEL32.dll
 0001:00002ed4       _FormatMessageA@28         00403ed4 f   kernel32:KERNEL32.dll
 0001:00002eda       _FlushConsoleInputBuffer@4 00403eda f   kernel32:KERNEL32.dll
 0001:00002ee0       _GetCommandLineA@0         00403ee0 f   kernel32:KERNEL32.dll
 0001:00002ee6       _GetConsoleMode@8          00403ee6 f   kernel32:KERNEL32.dll
 0001:00002eec       _GetConsoleScreenBufferInfo@8 00403eec f   kernel32:KERNEL32.dll
 0001:00002ef2       _GetLastError@0            00403ef2 f   kernel32:KERNEL32.dll
 0001:00002ef8       _GetLocalTime@4            00403ef8 f   kernel32:KERNEL32.dll
 0001:00002efe       _GetSystemTime@4           00403efe f   kernel32:KERNEL32.dll
 0001:00002f04       _LocalFree@4               00403f04 f   kernel32:KERNEL32.dll
 0001:00002f0a       _PeekConsoleInputA@16      00403f0a f   kernel32:KERNEL32.dll
 0001:00002f10       _ReadConsoleA@20           00403f10 f   kernel32:KERNEL32.dll
 0001:00002f16       _ReadConsoleInputA@16      00403f16 f   kernel32:KERNEL32.dll
 0001:00002f1c       _ReadFile@20               00403f1c f   kernel32:KERNEL32.dll
 0001:00002f22       _SetConsoleCursorPosition@8 00403f22 f   kernel32:KERNEL32.dll
 0001:00002f28       _SetConsoleMode@8          00403f28 f   kernel32:KERNEL32.dll
 0001:00002f2e       _SetConsoleTextAttribute@8 00403f2e f   kernel32:KERNEL32.dll
 0001:00002f34       _SystemTimeToFileTime@8    00403f34 f   kernel32:KERNEL32.dll
 0001:00002f3a       _WriteConsoleA@20          00403f3a f   kernel32:KERNEL32.dll
 0001:00002f40       _WriteFile@20              00403f40 f   kernel32:KERNEL32.dll
 0001:00002f46       _GetAsyncKeyState@4        00403f46 f   user32:USER32.dll
 0001:00002f4c       _MessageBoxA@16            00403f4c f   user32:USER32.dll
 0004:00000000       __imp__ExitProcess@4       00408000     kernel32:KERNEL32.dll
 0004:00000004       __imp__GetStdHandle@4      00408004     kernel32:KERNEL32.dll
 0004:00000008       __imp__Sleep@4             00408008     kernel32:KERNEL32.dll
 0004:0000000c       __imp__WriteConsoleOutputCharacterA@20 0040800c     kernel32:KERNEL32.dll
 0004:00000010       __imp__WriteConsoleOutputAttribute@20 00408010     kernel32:KERNEL32.dll
 0004:00000014       __imp__SetConsoleOutputCP@4 00408014     kernel32:KERNEL32.dll
 0004:00000018       __imp__CloseHandle@4       00408018     kernel32:KERNEL32.dll
 0004:0000001c       __imp__CreateFileA@28      0040801c     kernel32:KERNEL32.dll
 0004:00000020       __imp__FormatMessageA@28   00408020     kernel32:KERNEL32.dll
 0004:00000024       __imp__FlushConsoleInputBuffer@4 00408024     kernel32:KERNEL32.dll
 0004:00000028       __imp__GetCommandLineA@0   00408028     kernel32:KERNEL32.dll
 0004:0000002c       __imp__GetConsoleMode@8    0040802c     kernel32:KERNEL32.dll
 0004:00000030       __imp__GetConsoleScreenBufferInfo@8 00408030     kernel32:KERNEL32.dll
 0004:00000034       __imp__GetLastError@0      00408034     kernel32:KERNEL32.dll
 0004:00000038       __imp__GetLocalTime@4      00408038     kernel32:KERNEL32.dll
 0004:0000003c       __imp__GetSystemTime@4     0040803c     kernel32:KERNEL32.dll
 0004:00000040       __imp__LocalFree@4         00408040     kernel32:KERNEL32.dll
 0004:00000044       __imp__PeekConsoleInputA@16 00408044     kernel32:KERNEL32.dll
 0004:00000048       __imp__ReadConsoleA@20     00408048     kernel32:KERNEL32.dll
 0004:0000004c       __imp__ReadConsoleInputA@16 0040804c     kernel32:KERNEL32.dll
 0004:00000050       __imp__ReadFile@20         00408050     kernel32:KERNEL32.dll
 0004:00000054       __imp__SetConsoleCursorPosition@8 00408054     kernel32:KERNEL32.dll
 0004:00000058       __imp__SetConsoleMode@8    00408058     kernel32:KERNEL32.dll
 0004:0000005c       __imp__SetConsoleTextAttribute@8 0040805c     kernel32:KERNEL32.dll
 0004:00000060       __imp__SystemTimeToFileTime@8 00408060     kernel32:KERNEL32.dll
 0004:00000064       __imp__WriteConsoleA@20    00408064     kernel32:KERNEL32.dll
 0004:00000068       __imp__WriteFile@20        00408068     kernel32:KERNEL32.dll
 0004:0000006c       \177KERNEL32_NULL_THUNK_DATA 0040806c     kernel32:KERNEL32.dll
 0004:000000ac       __imp__MessageBoxA@16      004080ac     user32:USER32.dll
 0004:000000b0       __imp__GetAsyncKeyState@4  004080b0     user32:USER32.dll
 0004:000000b4       \177USER32_NULL_THUNK_DATA 004080b4     user32:USER32.dll
 0004:000000e0       __IMPORT_DESCRIPTOR_KERNEL32 004080e0     kernel32:KERNEL32.dll
 0004:000000f4       __IMPORT_DESCRIPTOR_USER32 004080f4     user32:USER32.dll
 0004:00000108       __NULL_IMPORT_DESCRIPTOR   00408108     kernel32:KERNEL32.dll

 entry point at        0001:000000b9

 Static symbols

 0000:ffff5000       .debug$S                   00400000     kernel32:KERNEL32.dll
 0000:ffff5000       .debug$S                   00400000     kernel32:KERNEL32.dll
 0000:ffff5000       .debug$S                   00400000     kernel32:KERNEL32.dll
 0000:ffff5000       .debug$S                   00400000     kernel32:KERNEL32.dll
 0000:ffff5000       .debug$S                   00400000     kernel32:KERNEL32.dll
 0000:ffff5000       .debug$S                   00400000     kernel32:KERNEL32.dll
 0000:ffff5000       .debug$S                   00400000     kernel32:KERNEL32.dll
 0000:ffff5000       .debug$S                   00400000     kernel32:KERNEL32.dll
 0000:ffff5000       .debug$S                   00400000     kernel32:KERNEL32.dll
 0000:ffff5000       .debug$S                   00400000     kernel32:KERNEL32.dll
 0000:ffff5000       .debug$S                   00400000     kernel32:KERNEL32.dll
 0000:ffff5000       .debug$S                   00400000     kernel32:KERNEL32.dll
 0000:ffff5000       .debug$S                   00400000     kernel32:KERNEL32.dll
 0000:ffff5000       .debug$S                   00400000     kernel32:KERNEL32.dll
 0000:ffff5000       .debug$S                   00400000     kernel32:KERNEL32.dll
 0000:ffff5000       .debug$S                   00400000     kernel32:KERNEL32.dll
 0000:ffff5000       .debug$S                   00400000     kernel32:KERNEL32.dll
 0000:ffff5000       .debug$S                   00400000     kernel32:KERNEL32.dll
 0000:ffff5000       .debug$S                   00400000     kernel32:KERNEL32.dll
 0000:ffff5000       .debug$S                   00400000     kernel32:KERNEL32.dll
 0000:ffff5000       .debug$S                   00400000     kernel32:KERNEL32.dll
 0000:ffff5000       .debug$S                   00400000     kernel32:KERNEL32.dll
 0000:ffff5000       .debug$S                   00400000     kernel32:KERNEL32.dll
 0000:ffff5000       .debug$S                   00400000     kernel32:KERNEL32.dll
 0000:ffff5000       .debug$S                   00400000     kernel32:KERNEL32.dll
 0000:ffff5000       .debug$S                   00400000     kernel32:KERNEL32.dll
 0000:ffff5000       .debug$S                   00400000     kernel32:KERNEL32.dll
 0000:ffff5000       .debug$S                   00400000     user32:USER32.dll
 0000:ffff5000       .debug$S                   00400000     user32:USER32.dll
 0001:000006a4       _scan_for_quote@0          004016a4 f   Irvine32:Irvine32.obj
 0001:000007cb       _Initialize@0              004017cb f   Irvine32:Irvine32.obj
 0001:00000bcf       _ReadKeyTranslate@0        00401bcf f   Irvine32:Irvine32.obj
 0001:00001245       _AsciiDigit@0              00402245 f   Irvine32:Irvine32.obj
 0001:0000124e       _HexByte@0                 0040224e f   Irvine32:Irvine32.obj
 0001:00002730       $$000000                   00403730     main.obj
 0003:00000000       floorLength                00406000     main.obj
 0003:00000004       floor                      00406004     main.obj
 0003:00000068       floorFix                   00406068     main.obj
 0003:00000069       boxTop                     00406069     main.obj
 0003:0000006c       boxBody                    0040606c     main.obj
 0003:0000006f       boxBottom                  0040606f     main.obj
 0003:00000072       cactusTop                  00406072     main.obj
 0003:00000077       cactusMiddle               00406077     main.obj
 0003:0000007d       cactusBottom               0040607d     main.obj
 0003:0000007f       cactus_pos                 0040607f     main.obj
 0003:00000083       cactus_height              00406083     main.obj
 0003:00000087       cactus_speed               00406087     main.obj
 0003:00000089       outputHandle               00406089     main.obj
 0003:0000008d       bytesWritten               0040608d     main.obj
 0003:00000091       count                      00406091     main.obj
 0003:00000095       highscore_pos              00406095     main.obj
 0003:00000099       score_pos                  00406099     main.obj
 0003:0000009d       gameOver_pos               0040609d     main.obj
 0003:000000a1       exit_pos                   004060a1     main.obj
 0003:000000a5       restart_pos                004060a5     main.obj
 0003:000000a9       floor_pos                  004060a9     main.obj
 0003:000000ad       xyPosition                 004060ad     main.obj
 0003:000000b1       xyBound                    004060b1     main.obj
 0003:000000b5       cellsWritten               004060b5     main.obj
 0003:000000b9       attributes_floor           004060b9     main.obj
 0003:00000181       attributes0                00406181     main.obj
 0003:00000187       attributes1                00406187     main.obj
 0003:0000018d       attributes2                0040618d     main.obj
 0003:00000193       velocity                   00406193     main.obj
 0003:00000195       gravity                    00406195     main.obj
 0003:00000197       keyState                   00406197     main.obj
 0003:0000019b       redColor                   0040619b     main.obj
 0003:00000263       score                      00406263     main.obj
 0003:00000267       highscore                  00406267     main.obj
 0003:0000026b       scoreString                0040626b     main.obj
 0003:00000277       highscoreString            00406277     main.obj
 0003:00000288       gameOverMessage            00406288     main.obj
 0003:00000293       restartMessage             00406293     main.obj
 0003:000002aa       exitMessage                004062aa     main.obj
 0003:00000350       InitFlag                   00406350     Irvine32:Irvine32.obj
 0003:00000351       xtable                     00406351     Irvine32:Irvine32.obj
 0003:00000361       blanks                     00406361     Irvine32:Irvine32.obj
 0003:00000561       attribs                    00406561     Irvine32:Irvine32.obj
 0003:00000961       lineLength                 00406961     Irvine32:Irvine32.obj
 0003:00000965       cursorLoc                  00406965     Irvine32:Irvine32.obj
 0003:00000969       count                      00406969     Irvine32:Irvine32.obj
 0003:0000096d       ??0002                     0040696d     Irvine32:Irvine32.obj
 0003:00000972       dumpPrompt                 00406972     Irvine32:Irvine32.obj
 0003:00000984       dashLine                   00406984     Irvine32:Irvine32.obj
 0003:000009a6       ??0003                     004069a6     Irvine32:Irvine32.obj
 0003:000009a9       ??0004                     004069a9     Irvine32:Irvine32.obj
 0003:000009ab       ??0005                     004069ab     Irvine32:Irvine32.obj
 0003:000009ad       saveIP                     004069ad     Irvine32:Irvine32.obj
 0003:000009b1       saveESP                    004069b1     Irvine32:Irvine32.obj
 0003:000009b5       ??0006                     004069b5     Irvine32:Irvine32.obj
 0003:000009bc       ??0007                     004069bc     Irvine32:Irvine32.obj
 0003:000009c3       ??0008                     004069c3     Irvine32:Irvine32.obj
 0003:000009ca       ??0009                     004069ca     Irvine32:Irvine32.obj
 0003:000009d1       ??000A                     004069d1     Irvine32:Irvine32.obj
 0003:000009d8       ??000B                     004069d8     Irvine32:Irvine32.obj
 0003:000009df       ??000C                     004069df     Irvine32:Irvine32.obj
 0003:000009e6       ??000D                     004069e6     Irvine32:Irvine32.obj
 0003:000009ed       ??000E                     004069ed     Irvine32:Irvine32.obj
 0003:000009f4       ??000F                     004069f4     Irvine32:Irvine32.obj
 0003:000009fb       ??0010                     004069fb     Irvine32:Irvine32.obj
 0003:00000a00       ??0011                     00406a00     Irvine32:Irvine32.obj
 0003:00000a02       ??0013                     00406a02     Irvine32:Irvine32.obj
 0003:00000a07       ??0014                     00406a07     Irvine32:Irvine32.obj
 0003:00000a09       ??0016                     00406a09     Irvine32:Irvine32.obj
 0003:00000a0e       ??0017                     00406a0e     Irvine32:Irvine32.obj
 0003:00000a10       ??0019                     00406a10     Irvine32:Irvine32.obj
 0003:00000a15       ??001A                     00406a15     Irvine32:Irvine32.obj
 0003:00000a17       ??001C                     00406a17     Irvine32:Irvine32.obj
 0003:00000a1c       ??001D                     00406a1c     Irvine32:Irvine32.obj
 0003:00000a1e       ??001F                     00406a1e     Irvine32:Irvine32.obj
 0003:00000a23       ??0020                     00406a23     Irvine32:Irvine32.obj
 0003:00000a25       _cursorPosition            00406a25     Irvine32:Irvine32.obj
 0003:00000a29       @zx02abc_def_caption       00406a29     Irvine32:Irvine32.obj
 0003:00000a2b       @zq02abc_def_caption       00406a2b     Irvine32:Irvine32.obj
 0003:00000a2d       overflow_msgL              00406a2d     Irvine32:Irvine32.obj
 0003:00000a48       invalid_msgL               00406a48     Irvine32:Irvine32.obj
 0003:00000a5b       seed                       00406a5b     Irvine32:Irvine32.obj
 0003:00000a5f       xbtable                    00406a5f     Irvine32:Irvine32.obj
 0003:00000a76       numVal                     00406a76     Irvine32:Irvine32.obj
 0003:00000a7a       charVal                    00406a7a     Irvine32:Irvine32.obj
 0003:00000a7b       evBuffer                   00406a7b     Irvine32:Irvine32.obj
 0003:00000a8f       evRepeat                   00406a8f     Irvine32:Irvine32.obj
 0003:00000a91       SpecialCases               00406a91     Irvine32:Irvine32.obj
 0003:00000ad2       _$$temp                    00406ad2     Irvine32:Irvine32.obj
 0003:00000ad6       waitmsgstr                 00406ad6     Irvine32:Irvine32.obj
 0003:00000af3       bufferL                    00406af3     Irvine32:Irvine32.obj
 0003:00000b00       bufferLHB                  00406b00     Irvine32:Irvine32.obj
 0003:00000b09       buffer_B                   00406b09     Irvine32:Irvine32.obj
 0003:00000b16       neg_flag                   00406b16     Irvine32:Irvine32.obj
 0003:00000b17       LblStack                   00406b17     Irvine32:Irvine32.obj
 0003:00000b24       LblFor                     00406b24     Irvine32:Irvine32.obj
 0003:00000b29       LblEbp                     00406b29     Irvine32:Irvine32.obj
 0003:00000b2f       LblParam                   00406b2f     Irvine32:Irvine32.obj
 0003:00000b3c       LblEbpPtr                  00406b3c     Irvine32:Irvine32.obj
 0003:00000b52       LblSaved                   00406b52     Irvine32:Irvine32.obj
 0003:00000b64       LblLocal                   00406b64     Irvine32:Irvine32.obj
 0003:00000b76       LblReturn                  00406b76     Irvine32:Irvine32.obj
 0003:00000b88       LblEsp                     00406b88     Irvine32:Irvine32.obj
 0003:00000b94       BadStackFrameMsg           00406b94     Irvine32:Irvine32.obj
 0003:00000baf       NoName                     00406baf     Irvine32:Irvine32.obj
 0003:00000bb0       WriteToFile_1              00406bb0     Irvine32:Irvine32.obj
 0003:00000bb4       WriteWindowsMsg_1          00406bb4     Irvine32:Irvine32.obj
 0003:00000bbb       WriteWindowsMsg_2          00406bbb     Irvine32:Irvine32.obj
 0003:00000bbe       pErrorMsg                  00406bbe     Irvine32:Irvine32.obj
 0003:00000bc2       messageId                  00406bc2     Irvine32:Irvine32.obj
 0003:00000e80       consoleInHandle            00406e80     Irvine32:Irvine32.obj
 0003:00000e84       consoleOutHandle           00406e84     Irvine32:Irvine32.obj
 0003:00000e88       bytesWritten               00406e88     Irvine32:Irvine32.obj
 0003:00000e8c       eflags                     00406e8c     Irvine32:Irvine32.obj
 0003:00000e90       digitBuffer                00406e90     Irvine32:Irvine32.obj
 0003:00000ee1       buffer                     00406ee1     Irvine32:Irvine32.obj
 0003:000010e1       bytesRead                  004070e1     Irvine32:Irvine32.obj
 0003:000010e5       sysTime                    004070e5     Irvine32:Irvine32.obj
 0004:000003fc       .idata$6                   004083fc     kernel32:KERNEL32.dll
 0004:0000042c       .idata$6                   0040842c     user32:USER32.dll
 0005:00000170       $R000000                   00409170     * linker generated manifest res *
