 Asm_Final_Project

 Timestamp is 675d951a (Sat Dec 14 22:24:26 2024)

 Preferred load address is 00400000

 Start         Length     Name                   Class
 0001:00000000 00002670H .text                   CODE
 0001:00002670 00001363H .text$mn                CODE
 0002:00000000 00000144H .rdata                  DATA
 0002:00000143 00000000H .edata                  DATA
 0002:00000144 00000199H .rdata$zzzdbg           DATA
 0003:00000000 00000b80H .data                   DATA
 0003:00000b80 000002f2H .bss                    DATA
 0004:00000000 000000dcH .idata$5                DATA
 0004:000000dc 00000028H .idata$2                DATA
 0004:00000104 00000014H .idata$3                DATA
 0004:00000118 000000dcH .idata$4                DATA
 0004:000001f4 00000365H .idata$6                DATA
 0005:00000000 00000170H .rsrc$01                DATA
 0005:00000170 000002ccH .rsrc$02                DATA

  Address         Publics by Value              Rva+Base       Lib:Object

 0000:00000000       ___AbsoluteZero            00000000     <absolute>
 0000:00000000       ___arm64x_extra_rfe_table  00000000     <absolute>
 0000:00000000       ___arm64x_extra_rfe_table_size 00000000     <absolute>
 0000:00000000       ___arm64x_native_entrypoint 00000000     <absolute>
 0000:00000000       ___arm64x_redirection_metadata 00000000     <absolute>
 0000:00000000       ___arm64x_redirection_metadata_count 00000000     <absolute>
 0000:00000000       ___dynamic_value_reloc_table 00000000     <absolute>
 0000:00000000       ___enclave_config          00000000     <absolute>
 0000:00000000       ___guard_check_icall_a64n_fptr 00000000     <absolute>
 0000:00000000       ___guard_eh_cont_count     00000000     <absolute>
 0000:00000000       ___guard_eh_cont_table     00000000     <absolute>
 0000:00000000       ___guard_fids_count        00000000     <absolute>
 0000:00000000       ___guard_fids_table        00000000     <absolute>
 0000:00000000       ___guard_flags             00000000     <absolute>
 0000:00000000       ___guard_iat_count         00000000     <absolute>
 0000:00000000       ___guard_iat_table         00000000     <absolute>
 0000:00000000       ___guard_longjmp_count     00000000     <absolute>
 0000:00000000       ___guard_longjmp_table     00000000     <absolute>
 0000:00000000       ___hybrid_auxiliary_delayload_iat 00000000     <absolute>
 0000:00000000       ___hybrid_auxiliary_delayload_iat_copy 00000000     <absolute>
 0000:00000000       ___hybrid_auxiliary_iat    00000000     <absolute>
 0000:00000000       ___hybrid_auxiliary_iat_copy 00000000     <absolute>
 0000:00000000       ___hybrid_code_map         00000000     <absolute>
 0000:00000000       ___hybrid_code_map_count   00000000     <absolute>
 0000:00000000       ___hybrid_image_info_bitfield 00000000     <absolute>
 0000:00000000       ___safe_se_handler_count   00000000     <absolute>
 0000:00000000       ___safe_se_handler_table   00000000     <absolute>
 0000:00000000       ___volatile_metadata       00000000     <absolute>
 0000:00000000       ___x64_code_ranges_to_entry_points 00000000     <absolute>
 0000:00000000       ___x64_code_ranges_to_entry_points_count 00000000     <absolute>
 0001:00000220       _CloseFile@0               00401220 f   Irvine32:Irvine32.obj
 0001:00000227       _Clrscr@0                  00401227 f   Irvine32:Irvine32.obj
 0001:000002ec       _CreateOutputFile@0        004012ec f   Irvine32:Irvine32.obj
 0001:00000305       _Crlf@0                    00401305 f   Irvine32:Irvine32.obj
 0001:00000320       _Delay@0                   00401320 f   Irvine32:Irvine32.obj
 0001:00000329       _DumpMem@0                 00401329 f   Irvine32:Irvine32.obj
 0001:000003e4       _DumpRegs@0                004013e4 f   Irvine32:Irvine32.obj
 0001:000005df       _GetCommandTail@0          004015df f   Irvine32:Irvine32.obj
 0001:0000061c       _GetDateTime@4             0040161c f   Irvine32:Irvine32.obj
 0001:0000064e       _GetMaxXY@0                0040164e f   Irvine32:Irvine32.obj
 0001:0000067d       _GetMseconds@0             0040167d f   Irvine32:Irvine32.obj
 0001:000006da       _GetTextColor@0            004016da f   Irvine32:Irvine32.obj
 0001:00000705       _Gotoxy@0                  00401705 f   Irvine32:Irvine32.obj
 0001:0000075d       _IsDigit@0                 0040175d f   Irvine32:Irvine32.obj
 0001:0000076a       _MsgBox@0                  0040176a f   Irvine32:Irvine32.obj
 0001:00000781       _MsgBoxAsk@0               00401781 f   Irvine32:Irvine32.obj
 0001:000007a0       _OpenInputFile@0           004017a0 f   Irvine32:Irvine32.obj
 0001:000007b9       _ParseDecimal32@0          004017b9 f   Irvine32:Irvine32.obj
 0001:0000081b       _ParseInteger32@0          0040181b f   Irvine32:Irvine32.obj
 0001:000008d6       _Random32@0                004018d6 f   Irvine32:Irvine32.obj
 0001:000008f1       _RandomRange@0             004018f1 f   Irvine32:Irvine32.obj
 0001:00000906       _Randomize@0               00401906 f   Irvine32:Irvine32.obj
 0001:0000091f       _ReadChar@0                0040191f f   Irvine32:Irvine32.obj
 0001:00000935       _ReadDec@0                 00401935 f   Irvine32:Irvine32.obj
 0001:00000950       _ReadFromFile@0            00401950 f   Irvine32:Irvine32.obj
 0001:00000973       _ReadHex@0                 00401973 f   Irvine32:Irvine32.obj
 0001:000009f4       _ReadInt@0                 004019f4 f   Irvine32:Irvine32.obj
 0001:00000a0f       _ReadKey@0                 00401a0f f   Irvine32:Irvine32.obj
 0001:00000b2a       _ReadKeyFlush@0            00401b2a f   Irvine32:Irvine32.obj
 0001:00000bf8       _ReadString@0              00401bf8 f   Irvine32:Irvine32.obj
 0001:00000cb1       _SetTextColor@0            00401cb1 f   Irvine32:Irvine32.obj
 0001:00000cd2       _StrLength@0               00401cd2 f   Irvine32:Irvine32.obj
 0001:00000ce3       _Str_compare@8             00401ce3 f   Irvine32:Irvine32.obj
 0001:00000d0d       _Str_copy@8                00401d0d f   Irvine32:Irvine32.obj
 0001:00000d30       _Str_length@4              00401d30 f   Irvine32:Irvine32.obj
 0001:00000d4a       _Str_trim@8                00401d4a f   Irvine32:Irvine32.obj
 0001:00000d78       _Str_ucase@4               00401d78 f   Irvine32:Irvine32.obj
 0001:00000d9a       _WaitMsg@0                 00401d9a f   Irvine32:Irvine32.obj
 0001:00000dac       _WriteBin@0                00401dac f   Irvine32:Irvine32.obj
 0001:00000db9       _WriteBinB@0               00401db9 f   Irvine32:Irvine32.obj
 0001:00000e0c       _WriteChar@0               00401e0c f   Irvine32:Irvine32.obj
 0001:00000e3e       _WriteDec@0                00401e3e f   Irvine32:Irvine32.obj
 0001:00000e7f       _WriteHex@0                00401e7f f   Irvine32:Irvine32.obj
 0001:00000e8c       _WriteHexB@0               00401e8c f   Irvine32:Irvine32.obj
 0001:00000f1e       _WriteInt@0                00401f1e f   Irvine32:Irvine32.obj
 0001:00000f7f       _WriteStackFrameName@16    00401f7f f   Irvine32:Irvine32.obj
 0001:000010ff       _WriteStackFrame@12        004020ff f   Irvine32:Irvine32.obj
 0001:00001119       _WriteString@0             00402119 f   Irvine32:Irvine32.obj
 0001:00001145       _WriteToFile@0             00402145 f   Irvine32:Irvine32.obj
 0001:0000115a       _WriteWindowsMsg@0         0040215a f   Irvine32:Irvine32.obj
 0001:00002670       _start@0@0                 00403670 f   main.obj
 0001:000027aa       _DrawBox@0                 004037aa f   main.obj
 0001:00002870       _WaitForRelease@0          00403870 f   main.obj
 0001:00002901       _GetStdHandle@4            00403901 f   kernel32:KERNEL32.dll
 0001:00002907       _Sleep@4                   00403907 f   kernel32:KERNEL32.dll
 0001:0000290d       _WriteConsoleOutputCharacterA@20 0040390d f   kernel32:KERNEL32.dll
 0001:00002913       _WriteConsoleOutputAttribute@20 00403913 f   kernel32:KERNEL32.dll
 0001:00002919       _SetConsoleOutputCP@4      00403919 f   kernel32:KERNEL32.dll
 0001:0000291f       _CloseHandle@4             0040391f f   kernel32:KERNEL32.dll
 0001:00002925       _CreateFileA@28            00403925 f   kernel32:KERNEL32.dll
 0001:0000292b       _FormatMessageA@28         0040392b f   kernel32:KERNEL32.dll
 0001:00002931       _FlushConsoleInputBuffer@4 00403931 f   kernel32:KERNEL32.dll
 0001:00002937       _GetCommandLineA@0         00403937 f   kernel32:KERNEL32.dll
 0001:0000293d       _GetConsoleMode@8          0040393d f   kernel32:KERNEL32.dll
 0001:00002943       _GetConsoleScreenBufferInfo@8 00403943 f   kernel32:KERNEL32.dll
 0001:00002949       _GetLastError@0            00403949 f   kernel32:KERNEL32.dll
 0001:0000294f       _GetLocalTime@4            0040394f f   kernel32:KERNEL32.dll
 0001:00002955       _GetSystemTime@4           00403955 f   kernel32:KERNEL32.dll
 0001:0000295b       _LocalFree@4               0040395b f   kernel32:KERNEL32.dll
 0001:00002961       _PeekConsoleInputA@16      00403961 f   kernel32:KERNEL32.dll
 0001:00002967       _ReadConsoleA@20           00403967 f   kernel32:KERNEL32.dll
 0001:0000296d       _ReadConsoleInputA@16      0040396d f   kernel32:KERNEL32.dll
 0001:00002973       _ReadFile@20               00403973 f   kernel32:KERNEL32.dll
 0001:00002979       _SetConsoleCursorPosition@8 00403979 f   kernel32:KERNEL32.dll
 0001:0000297f       _SetConsoleMode@8          0040397f f   kernel32:KERNEL32.dll
 0001:00002985       _SetConsoleTextAttribute@8 00403985 f   kernel32:KERNEL32.dll
 0001:0000298b       _SystemTimeToFileTime@8    0040398b f   kernel32:KERNEL32.dll
 0001:00002991       _WriteConsoleA@20          00403991 f   kernel32:KERNEL32.dll
 0001:00002997       _WriteFile@20              00403997 f   kernel32:KERNEL32.dll
 0001:0000299d       _GetAsyncKeyState@4        0040399d f   user32:USER32.dll
 0001:000029a3       _MessageBoxA@16            004039a3 f   user32:USER32.dll
 0004:00000000       __imp__GetStdHandle@4      00407000     kernel32:KERNEL32.dll
 0004:00000004       __imp__Sleep@4             00407004     kernel32:KERNEL32.dll
 0004:00000008       __imp__WriteConsoleOutputCharacterA@20 00407008     kernel32:KERNEL32.dll
 0004:0000000c       __imp__WriteConsoleOutputAttribute@20 0040700c     kernel32:KERNEL32.dll
 0004:00000010       __imp__SetConsoleOutputCP@4 00407010     kernel32:KERNEL32.dll
 0004:00000014       __imp__CloseHandle@4       00407014     kernel32:KERNEL32.dll
 0004:00000018       __imp__CreateFileA@28      00407018     kernel32:KERNEL32.dll
 0004:0000001c       __imp__FormatMessageA@28   0040701c     kernel32:KERNEL32.dll
 0004:00000020       __imp__FlushConsoleInputBuffer@4 00407020     kernel32:KERNEL32.dll
 0004:00000024       __imp__GetCommandLineA@0   00407024     kernel32:KERNEL32.dll
 0004:00000028       __imp__GetConsoleMode@8    00407028     kernel32:KERNEL32.dll
 0004:0000002c       __imp__GetConsoleScreenBufferInfo@8 0040702c     kernel32:KERNEL32.dll
 0004:00000030       __imp__GetLastError@0      00407030     kernel32:KERNEL32.dll
 0004:00000034       __imp__GetLocalTime@4      00407034     kernel32:KERNEL32.dll
 0004:00000038       __imp__GetSystemTime@4     00407038     kernel32:KERNEL32.dll
 0004:0000003c       __imp__LocalFree@4         0040703c     kernel32:KERNEL32.dll
 0004:00000040       __imp__PeekConsoleInputA@16 00407040     kernel32:KERNEL32.dll
 0004:00000044       __imp__ReadConsoleA@20     00407044     kernel32:KERNEL32.dll
 0004:00000048       __imp__ReadConsoleInputA@16 00407048     kernel32:KERNEL32.dll
 0004:0000004c       __imp__ReadFile@20         0040704c     kernel32:KERNEL32.dll
 0004:00000050       __imp__SetConsoleCursorPosition@8 00407050     kernel32:KERNEL32.dll
 0004:00000054       __imp__SetConsoleMode@8    00407054     kernel32:KERNEL32.dll
 0004:00000058       __imp__SetConsoleTextAttribute@8 00407058     kernel32:KERNEL32.dll
 0004:0000005c       __imp__SystemTimeToFileTime@8 0040705c     kernel32:KERNEL32.dll
 0004:00000060       __imp__WriteConsoleA@20    00407060     kernel32:KERNEL32.dll
 0004:00000064       __imp__WriteFile@20        00407064     kernel32:KERNEL32.dll
 0004:00000068       \177KERNEL32_NULL_THUNK_DATA 00407068     kernel32:KERNEL32.dll
 0004:000000a8       __imp__MessageBoxA@16      004070a8     user32:USER32.dll
 0004:000000ac       __imp__GetAsyncKeyState@4  004070ac     user32:USER32.dll
 0004:000000b0       \177USER32_NULL_THUNK_DATA 004070b0     user32:USER32.dll
 0004:000000dc       __IMPORT_DESCRIPTOR_KERNEL32 004070dc     kernel32:KERNEL32.dll
 0004:000000f0       __IMPORT_DESCRIPTOR_USER32 004070f0     user32:USER32.dll
 0004:00000104       __NULL_IMPORT_DESCRIPTOR   00407104     kernel32:KERNEL32.dll

 entry point at        0001:00000087

 Static symbols

 0000:ffff6000       .debug$S                   00400000     kernel32:KERNEL32.dll
 0000:ffff6000       .debug$S                   00400000     kernel32:KERNEL32.dll
 0000:ffff6000       .debug$S                   00400000     kernel32:KERNEL32.dll
 0000:ffff6000       .debug$S                   00400000     kernel32:KERNEL32.dll
 0000:ffff6000       .debug$S                   00400000     kernel32:KERNEL32.dll
 0000:ffff6000       .debug$S                   00400000     kernel32:KERNEL32.dll
 0000:ffff6000       .debug$S                   00400000     kernel32:KERNEL32.dll
 0000:ffff6000       .debug$S                   00400000     kernel32:KERNEL32.dll
 0000:ffff6000       .debug$S                   00400000     kernel32:KERNEL32.dll
 0000:ffff6000       .debug$S                   00400000     kernel32:KERNEL32.dll
 0000:ffff6000       .debug$S                   00400000     kernel32:KERNEL32.dll
 0000:ffff6000       .debug$S                   00400000     kernel32:KERNEL32.dll
 0000:ffff6000       .debug$S                   00400000     kernel32:KERNEL32.dll
 0000:ffff6000       .debug$S                   00400000     kernel32:KERNEL32.dll
 0000:ffff6000       .debug$S                   00400000     kernel32:KERNEL32.dll
 0000:ffff6000       .debug$S                   00400000     kernel32:KERNEL32.dll
 0000:ffff6000       .debug$S                   00400000     kernel32:KERNEL32.dll
 0000:ffff6000       .debug$S                   00400000     kernel32:KERNEL32.dll
 0000:ffff6000       .debug$S                   00400000     kernel32:KERNEL32.dll
 0000:ffff6000       .debug$S                   00400000     kernel32:KERNEL32.dll
 0000:ffff6000       .debug$S                   00400000     kernel32:KERNEL32.dll
 0000:ffff6000       .debug$S                   00400000     kernel32:KERNEL32.dll
 0000:ffff6000       .debug$S                   00400000     kernel32:KERNEL32.dll
 0000:ffff6000       .debug$S                   00400000     kernel32:KERNEL32.dll
 0000:ffff6000       .debug$S                   00400000     kernel32:KERNEL32.dll
 0000:ffff6000       .debug$S                   00400000     kernel32:KERNEL32.dll
 0000:ffff6000       .debug$S                   00400000     user32:USER32.dll
 0000:ffff6000       .debug$S                   00400000     user32:USER32.dll
 0001:00000614       _scan_for_quote@0          00401614 f   Irvine32:Irvine32.obj
 0001:0000073b       _Initialize@0              0040173b f   Irvine32:Irvine32.obj
 0001:00000b3f       _ReadKeyTranslate@0        00401b3f f   Irvine32:Irvine32.obj
 0001:000011b5       _AsciiDigit@0              004021b5 f   Irvine32:Irvine32.obj
 0001:000011be       _HexByte@0                 004021be f   Irvine32:Irvine32.obj
 0001:00002670       $$000000                   00403670     main.obj
 0003:00000000       boxTop                     00406000     main.obj
 0003:00000003       boxBody                    00406003     main.obj
 0003:00000006       boxBottom                  00406006     main.obj
 0003:00000009       outputHandle               00406009     main.obj
 0003:0000000d       bytesWritten               0040600d     main.obj
 0003:00000011       count                      00406011     main.obj
 0003:00000015       xyPosition                 00406015     main.obj
 0003:00000019       xyBound                    00406019     main.obj
 0003:0000001d       cellsWritten               0040601d     main.obj
 0003:00000021       attributes0                00406021     main.obj
 0003:00000027       attributes1                00406027     main.obj
 0003:0000002d       attributes2                0040602d     main.obj
 0003:00000033       keyState                   00406033     main.obj
 0003:00000050       InitFlag                   00406050     Irvine32:Irvine32.obj
 0003:00000051       xtable                     00406051     Irvine32:Irvine32.obj
 0003:00000061       blanks                     00406061     Irvine32:Irvine32.obj
 0003:00000261       attribs                    00406261     Irvine32:Irvine32.obj
 0003:00000661       lineLength                 00406661     Irvine32:Irvine32.obj
 0003:00000665       cursorLoc                  00406665     Irvine32:Irvine32.obj
 0003:00000669       count                      00406669     Irvine32:Irvine32.obj
 0003:0000066d       ??0002                     0040666d     Irvine32:Irvine32.obj
 0003:00000672       dumpPrompt                 00406672     Irvine32:Irvine32.obj
 0003:00000684       dashLine                   00406684     Irvine32:Irvine32.obj
 0003:000006a6       ??0003                     004066a6     Irvine32:Irvine32.obj
 0003:000006a9       ??0004                     004066a9     Irvine32:Irvine32.obj
 0003:000006ab       ??0005                     004066ab     Irvine32:Irvine32.obj
 0003:000006ad       saveIP                     004066ad     Irvine32:Irvine32.obj
 0003:000006b1       saveESP                    004066b1     Irvine32:Irvine32.obj
 0003:000006b5       ??0006                     004066b5     Irvine32:Irvine32.obj
 0003:000006bc       ??0007                     004066bc     Irvine32:Irvine32.obj
 0003:000006c3       ??0008                     004066c3     Irvine32:Irvine32.obj
 0003:000006ca       ??0009                     004066ca     Irvine32:Irvine32.obj
 0003:000006d1       ??000A                     004066d1     Irvine32:Irvine32.obj
 0003:000006d8       ??000B                     004066d8     Irvine32:Irvine32.obj
 0003:000006df       ??000C                     004066df     Irvine32:Irvine32.obj
 0003:000006e6       ??000D                     004066e6     Irvine32:Irvine32.obj
 0003:000006ed       ??000E                     004066ed     Irvine32:Irvine32.obj
 0003:000006f4       ??000F                     004066f4     Irvine32:Irvine32.obj
 0003:000006fb       ??0010                     004066fb     Irvine32:Irvine32.obj
 0003:00000700       ??0011                     00406700     Irvine32:Irvine32.obj
 0003:00000702       ??0013                     00406702     Irvine32:Irvine32.obj
 0003:00000707       ??0014                     00406707     Irvine32:Irvine32.obj
 0003:00000709       ??0016                     00406709     Irvine32:Irvine32.obj
 0003:0000070e       ??0017                     0040670e     Irvine32:Irvine32.obj
 0003:00000710       ??0019                     00406710     Irvine32:Irvine32.obj
 0003:00000715       ??001A                     00406715     Irvine32:Irvine32.obj
 0003:00000717       ??001C                     00406717     Irvine32:Irvine32.obj
 0003:0000071c       ??001D                     0040671c     Irvine32:Irvine32.obj
 0003:0000071e       ??001F                     0040671e     Irvine32:Irvine32.obj
 0003:00000723       ??0020                     00406723     Irvine32:Irvine32.obj
 0003:00000725       _cursorPosition            00406725     Irvine32:Irvine32.obj
 0003:00000729       @zx02abc_def_caption       00406729     Irvine32:Irvine32.obj
 0003:0000072b       @zq02abc_def_caption       0040672b     Irvine32:Irvine32.obj
 0003:0000072d       overflow_msgL              0040672d     Irvine32:Irvine32.obj
 0003:00000748       invalid_msgL               00406748     Irvine32:Irvine32.obj
 0003:0000075b       seed                       0040675b     Irvine32:Irvine32.obj
 0003:0000075f       xbtable                    0040675f     Irvine32:Irvine32.obj
 0003:00000776       numVal                     00406776     Irvine32:Irvine32.obj
 0003:0000077a       charVal                    0040677a     Irvine32:Irvine32.obj
 0003:0000077b       evBuffer                   0040677b     Irvine32:Irvine32.obj
 0003:0000078f       evRepeat                   0040678f     Irvine32:Irvine32.obj
 0003:00000791       SpecialCases               00406791     Irvine32:Irvine32.obj
 0003:000007d2       _$$temp                    004067d2     Irvine32:Irvine32.obj
 0003:000007d6       waitmsgstr                 004067d6     Irvine32:Irvine32.obj
 0003:000007f3       bufferL                    004067f3     Irvine32:Irvine32.obj
 0003:00000800       bufferLHB                  00406800     Irvine32:Irvine32.obj
 0003:00000809       buffer_B                   00406809     Irvine32:Irvine32.obj
 0003:00000816       neg_flag                   00406816     Irvine32:Irvine32.obj
 0003:00000817       LblStack                   00406817     Irvine32:Irvine32.obj
 0003:00000824       LblFor                     00406824     Irvine32:Irvine32.obj
 0003:00000829       LblEbp                     00406829     Irvine32:Irvine32.obj
 0003:0000082f       LblParam                   0040682f     Irvine32:Irvine32.obj
 0003:0000083c       LblEbpPtr                  0040683c     Irvine32:Irvine32.obj
 0003:00000852       LblSaved                   00406852     Irvine32:Irvine32.obj
 0003:00000864       LblLocal                   00406864     Irvine32:Irvine32.obj
 0003:00000876       LblReturn                  00406876     Irvine32:Irvine32.obj
 0003:00000888       LblEsp                     00406888     Irvine32:Irvine32.obj
 0003:00000894       BadStackFrameMsg           00406894     Irvine32:Irvine32.obj
 0003:000008af       NoName                     004068af     Irvine32:Irvine32.obj
 0003:000008b0       WriteToFile_1              004068b0     Irvine32:Irvine32.obj
 0003:000008b4       WriteWindowsMsg_1          004068b4     Irvine32:Irvine32.obj
 0003:000008bb       WriteWindowsMsg_2          004068bb     Irvine32:Irvine32.obj
 0003:000008be       pErrorMsg                  004068be     Irvine32:Irvine32.obj
 0003:000008c2       messageId                  004068c2     Irvine32:Irvine32.obj
 0003:00000b80       consoleInHandle            00406b80     Irvine32:Irvine32.obj
 0003:00000b84       consoleOutHandle           00406b84     Irvine32:Irvine32.obj
 0003:00000b88       bytesWritten               00406b88     Irvine32:Irvine32.obj
 0003:00000b8c       eflags                     00406b8c     Irvine32:Irvine32.obj
 0003:00000b90       digitBuffer                00406b90     Irvine32:Irvine32.obj
 0003:00000be1       buffer                     00406be1     Irvine32:Irvine32.obj
 0003:00000de1       bytesRead                  00406de1     Irvine32:Irvine32.obj
 0003:00000de5       sysTime                    00406de5     Irvine32:Irvine32.obj
 0004:000003e6       .idata$6                   004073e6     kernel32:KERNEL32.dll
 0004:00000416       .idata$6                   00407416     user32:USER32.dll
 0005:00000170       $R000000                   00408170     * linker generated manifest res *
