 Asm_Final_Project

 Timestamp is 675f85cf (Mon Dec 16 09:43:43 2024)

 Preferred load address is 00400000

 Start         Length     Name                   Class
 0001:00000000 00002730H .text                   CODE
 0001:00002730 00001853H .text$mn                CODE
 0002:00000000 00000144H .rdata                  DATA
 0002:00000143 00000000H .edata                  DATA
 0002:00000144 0000019eH .rdata$zzzdbg           DATA
 0003:00000000 00000f80H .data                   DATA
 0003:00000f80 000002f2H .bss                    DATA
 0004:00000000 000000e0H .idata$5                DATA
 0004:000000e0 00000028H .idata$2                DATA
 0004:00000108 00000014H .idata$3                DATA
 0004:0000011c 000000e0H .idata$4                DATA
 0004:000001fc 00000375H .idata$6                DATA
 0005:00000000 00000170H .rsrc$01                DATA
 0005:00000170 000002ccH .rsrc$02                DATA

  Address         Publics by Value              Rva+Base       Lib:Object

 0000:00000000       ___AbsoluteZero            00000000     <absolute>
 0000:00000000       ___arm64x_extra_rfe_table  00000000     <absolute>
 0000:00000000       ___arm64x_extra_rfe_table_size 00000000     <absolute>
 0000:00000000       ___arm64x_native_entrypoint 00000000     <absolute>
 0000:00000000       ___arm64x_redirection_metadata 00000000     <absolute>
 0000:00000000       ___arm64x_redirection_metadata_count 00000000     <absolute>
 0000:00000000       ___dynamic_value_reloc_table 00000000     <absolute>
 0000:00000000       ___enclave_config          00000000     <absolute>
 0000:00000000       ___guard_check_icall_a64n_fptr 00000000     <absolute>
 0000:00000000       ___guard_eh_cont_count     00000000     <absolute>
 0000:00000000       ___guard_eh_cont_table     00000000     <absolute>
 0000:00000000       ___guard_fids_count        00000000     <absolute>
 0000:00000000       ___guard_fids_table        00000000     <absolute>
 0000:00000000       ___guard_flags             00000000     <absolute>
 0000:00000000       ___guard_iat_count         00000000     <absolute>
 0000:00000000       ___guard_iat_table         00000000     <absolute>
 0000:00000000       ___guard_longjmp_count     00000000     <absolute>
 0000:00000000       ___guard_longjmp_table     00000000     <absolute>
 0000:00000000       ___hybrid_auxiliary_delayload_iat 00000000     <absolute>
 0000:00000000       ___hybrid_auxiliary_delayload_iat_copy 00000000     <absolute>
 0000:00000000       ___hybrid_auxiliary_iat    00000000     <absolute>
 0000:00000000       ___hybrid_auxiliary_iat_copy 00000000     <absolute>
 0000:00000000       ___hybrid_code_map         00000000     <absolute>
 0000:00000000       ___hybrid_code_map_count   00000000     <absolute>
 0000:00000000       ___hybrid_image_info_bitfield 00000000     <absolute>
 0000:00000000       ___safe_se_handler_count   00000000     <absolute>
 0000:00000000       ___safe_se_handler_table   00000000     <absolute>
 0000:00000000       ___volatile_metadata       00000000     <absolute>
 0000:00000000       ___x64_code_ranges_to_entry_points 00000000     <absolute>
 0000:00000000       ___x64_code_ranges_to_entry_points_count 00000000     <absolute>
 0001:000002b0       _CloseFile@0               004012b0 f   Irvine32:Irvine32.obj
 0001:000002b7       _Clrscr@0                  004012b7 f   Irvine32:Irvine32.obj
 0001:0000037c       _CreateOutputFile@0        0040137c f   Irvine32:Irvine32.obj
 0001:00000395       _Crlf@0                    00401395 f   Irvine32:Irvine32.obj
 0001:000003b0       _Delay@0                   004013b0 f   Irvine32:Irvine32.obj
 0001:000003b9       _DumpMem@0                 004013b9 f   Irvine32:Irvine32.obj
 0001:00000474       _DumpRegs@0                00401474 f   Irvine32:Irvine32.obj
 0001:0000066f       _GetCommandTail@0          0040166f f   Irvine32:Irvine32.obj
 0001:000006ac       _GetDateTime@4             004016ac f   Irvine32:Irvine32.obj
 0001:000006de       _GetMaxXY@0                004016de f   Irvine32:Irvine32.obj
 0001:0000070d       _GetMseconds@0             0040170d f   Irvine32:Irvine32.obj
 0001:0000076a       _GetTextColor@0            0040176a f   Irvine32:Irvine32.obj
 0001:00000795       _Gotoxy@0                  00401795 f   Irvine32:Irvine32.obj
 0001:000007ed       _IsDigit@0                 004017ed f   Irvine32:Irvine32.obj
 0001:000007fa       _MsgBox@0                  004017fa f   Irvine32:Irvine32.obj
 0001:00000811       _MsgBoxAsk@0               00401811 f   Irvine32:Irvine32.obj
 0001:00000830       _OpenInputFile@0           00401830 f   Irvine32:Irvine32.obj
 0001:00000849       _ParseDecimal32@0          00401849 f   Irvine32:Irvine32.obj
 0001:000008ab       _ParseInteger32@0          004018ab f   Irvine32:Irvine32.obj
 0001:00000966       _Random32@0                00401966 f   Irvine32:Irvine32.obj
 0001:00000981       _RandomRange@0             00401981 f   Irvine32:Irvine32.obj
 0001:00000996       _Randomize@0               00401996 f   Irvine32:Irvine32.obj
 0001:000009af       _ReadChar@0                004019af f   Irvine32:Irvine32.obj
 0001:000009c5       _ReadDec@0                 004019c5 f   Irvine32:Irvine32.obj
 0001:000009e0       _ReadFromFile@0            004019e0 f   Irvine32:Irvine32.obj
 0001:00000a03       _ReadHex@0                 00401a03 f   Irvine32:Irvine32.obj
 0001:00000a84       _ReadInt@0                 00401a84 f   Irvine32:Irvine32.obj
 0001:00000a9f       _ReadKey@0                 00401a9f f   Irvine32:Irvine32.obj
 0001:00000bba       _ReadKeyFlush@0            00401bba f   Irvine32:Irvine32.obj
 0001:00000c88       _ReadString@0              00401c88 f   Irvine32:Irvine32.obj
 0001:00000d41       _SetTextColor@0            00401d41 f   Irvine32:Irvine32.obj
 0001:00000d62       _StrLength@0               00401d62 f   Irvine32:Irvine32.obj
 0001:00000d73       _Str_compare@8             00401d73 f   Irvine32:Irvine32.obj
 0001:00000d9d       _Str_copy@8                00401d9d f   Irvine32:Irvine32.obj
 0001:00000dc0       _Str_length@4              00401dc0 f   Irvine32:Irvine32.obj
 0001:00000dda       _Str_trim@8                00401dda f   Irvine32:Irvine32.obj
 0001:00000e08       _Str_ucase@4               00401e08 f   Irvine32:Irvine32.obj
 0001:00000e2a       _WaitMsg@0                 00401e2a f   Irvine32:Irvine32.obj
 0001:00000e3c       _WriteBin@0                00401e3c f   Irvine32:Irvine32.obj
 0001:00000e49       _WriteBinB@0               00401e49 f   Irvine32:Irvine32.obj
 0001:00000e9c       _WriteChar@0               00401e9c f   Irvine32:Irvine32.obj
 0001:00000ece       _WriteDec@0                00401ece f   Irvine32:Irvine32.obj
 0001:00000f0f       _WriteHex@0                00401f0f f   Irvine32:Irvine32.obj
 0001:00000f1c       _WriteHexB@0               00401f1c f   Irvine32:Irvine32.obj
 0001:00000fae       _WriteInt@0                00401fae f   Irvine32:Irvine32.obj
 0001:0000100f       _WriteStackFrameName@16    0040200f f   Irvine32:Irvine32.obj
 0001:0000118f       _WriteStackFrame@12        0040218f f   Irvine32:Irvine32.obj
 0001:000011a9       _WriteString@0             004021a9 f   Irvine32:Irvine32.obj
 0001:000011d5       _WriteToFile@0             004021d5 f   Irvine32:Irvine32.obj
 0001:000011ea       _WriteWindowsMsg@0         004021ea f   Irvine32:Irvine32.obj
 0001:00002730       _start@0@0                 00403730 f   main.obj
 0001:000027cc       _CheckJumpKey@0            004037cc f   main.obj
 0001:000027f4       _Jump@0                    004037f4 f   main.obj
 0001:00002858       _CheckCollision@0          00403858 f   main.obj
 0001:000028ad       _RestartGame@0             004038ad f   main.obj
 0001:00002918       _GameOverMsg@0             00403918 f   main.obj
 0001:000029cc       _WaitForEnter@0            004039cc f   main.obj
 0001:000029ee       _ExitGame@0                004039ee f   main.obj
 0001:00002a2f       _DrawBox@0                 00403a2f f   main.obj
 0001:00002b37       _DrawCactus@0              00403b37 f   main.obj
 0001:00002c02       _DrawScore@0               00403c02 f   main.obj
 0001:00002c3d       _DrawHighScore@0           00403c3d f   main.obj
 0001:00002c78       _DrawBackground@0          00403c78 f   main.obj
 0001:00002c92       _MoveCactus@0              00403c92 f   main.obj
 0001:00002cd1       _WaitForRelease@0          00403cd1 f   main.obj
 0001:00002cdf       _FormatScore@0             00403cdf f   main.obj
 0001:00002d05       _FormatHighScore@0         00403d05 f   main.obj
 0001:00002ea9       _ExitProcess@4             00403ea9 f   kernel32:KERNEL32.dll
 0001:00002eaf       _GetStdHandle@4            00403eaf f   kernel32:KERNEL32.dll
 0001:00002eb5       _Sleep@4                   00403eb5 f   kernel32:KERNEL32.dll
 0001:00002ebb       _WriteConsoleOutputCharacterA@20 00403ebb f   kernel32:KERNEL32.dll
 0001:00002ec1       _WriteConsoleOutputAttribute@20 00403ec1 f   kernel32:KERNEL32.dll
 0001:00002ec7       _SetConsoleOutputCP@4      00403ec7 f   kernel32:KERNEL32.dll
 0001:00002ecd       _CloseHandle@4             00403ecd f   kernel32:KERNEL32.dll
 0001:00002ed3       _CreateFileA@28            00403ed3 f   kernel32:KERNEL32.dll
 0001:00002ed9       _FormatMessageA@28         00403ed9 f   kernel32:KERNEL32.dll
 0001:00002edf       _FlushConsoleInputBuffer@4 00403edf f   kernel32:KERNEL32.dll
 0001:00002ee5       _GetCommandLineA@0         00403ee5 f   kernel32:KERNEL32.dll
 0001:00002eeb       _GetConsoleMode@8          00403eeb f   kernel32:KERNEL32.dll
 0001:00002ef1       _GetConsoleScreenBufferInfo@8 00403ef1 f   kernel32:KERNEL32.dll
 0001:00002ef7       _GetLastError@0            00403ef7 f   kernel32:KERNEL32.dll
 0001:00002efd       _GetLocalTime@4            00403efd f   kernel32:KERNEL32.dll
 0001:00002f03       _GetSystemTime@4           00403f03 f   kernel32:KERNEL32.dll
 0001:00002f09       _LocalFree@4               00403f09 f   kernel32:KERNEL32.dll
 0001:00002f0f       _PeekConsoleInputA@16      00403f0f f   kernel32:KERNEL32.dll
 0001:00002f15       _ReadConsoleA@20           00403f15 f   kernel32:KERNEL32.dll
 0001:00002f1b       _ReadConsoleInputA@16      00403f1b f   kernel32:KERNEL32.dll
 0001:00002f21       _ReadFile@20               00403f21 f   kernel32:KERNEL32.dll
 0001:00002f27       _SetConsoleCursorPosition@8 00403f27 f   kernel32:KERNEL32.dll
 0001:00002f2d       _SetConsoleMode@8          00403f2d f   kernel32:KERNEL32.dll
 0001:00002f33       _SetConsoleTextAttribute@8 00403f33 f   kernel32:KERNEL32.dll
 0001:00002f39       _SystemTimeToFileTime@8    00403f39 f   kernel32:KERNEL32.dll
 0001:00002f3f       _WriteConsoleA@20          00403f3f f   kernel32:KERNEL32.dll
 0001:00002f45       _WriteFile@20              00403f45 f   kernel32:KERNEL32.dll
 0001:00002f4b       _GetAsyncKeyState@4        00403f4b f   user32:USER32.dll
 0001:00002f51       _MessageBoxA@16            00403f51 f   user32:USER32.dll
 0004:00000000       __imp__ExitProcess@4       00408000     kernel32:KERNEL32.dll
 0004:00000004       __imp__GetStdHandle@4      00408004     kernel32:KERNEL32.dll
 0004:00000008       __imp__Sleep@4             00408008     kernel32:KERNEL32.dll
 0004:0000000c       __imp__WriteConsoleOutputCharacterA@20 0040800c     kernel32:KERNEL32.dll
 0004:00000010       __imp__WriteConsoleOutputAttribute@20 00408010     kernel32:KERNEL32.dll
 0004:00000014       __imp__SetConsoleOutputCP@4 00408014     kernel32:KERNEL32.dll
 0004:00000018       __imp__CloseHandle@4       00408018     kernel32:KERNEL32.dll
 0004:0000001c       __imp__CreateFileA@28      0040801c     kernel32:KERNEL32.dll
 0004:00000020       __imp__FormatMessageA@28   00408020     kernel32:KERNEL32.dll
 0004:00000024       __imp__FlushConsoleInputBuffer@4 00408024     kernel32:KERNEL32.dll
 0004:00000028       __imp__GetCommandLineA@0   00408028     kernel32:KERNEL32.dll
 0004:0000002c       __imp__GetConsoleMode@8    0040802c     kernel32:KERNEL32.dll
 0004:00000030       __imp__GetConsoleScreenBufferInfo@8 00408030     kernel32:KERNEL32.dll
 0004:00000034       __imp__GetLastError@0      00408034     kernel32:KERNEL32.dll
 0004:00000038       __imp__GetLocalTime@4      00408038     kernel32:KERNEL32.dll
 0004:0000003c       __imp__GetSystemTime@4     0040803c     kernel32:KERNEL32.dll
 0004:00000040       __imp__LocalFree@4         00408040     kernel32:KERNEL32.dll
 0004:00000044       __imp__PeekConsoleInputA@16 00408044     kernel32:KERNEL32.dll
 0004:00000048       __imp__ReadConsoleA@20     00408048     kernel32:KERNEL32.dll
 0004:0000004c       __imp__ReadConsoleInputA@16 0040804c     kernel32:KERNEL32.dll
 0004:00000050       __imp__ReadFile@20         00408050     kernel32:KERNEL32.dll
 0004:00000054       __imp__SetConsoleCursorPosition@8 00408054     kernel32:KERNEL32.dll
 0004:00000058       __imp__SetConsoleMode@8    00408058     kernel32:KERNEL32.dll
 0004:0000005c       __imp__SetConsoleTextAttribute@8 0040805c     kernel32:KERNEL32.dll
 0004:00000060       __imp__SystemTimeToFileTime@8 00408060     kernel32:KERNEL32.dll
 0004:00000064       __imp__WriteConsoleA@20    00408064     kernel32:KERNEL32.dll
 0004:00000068       __imp__WriteFile@20        00408068     kernel32:KERNEL32.dll
 0004:0000006c       \177KERNEL32_NULL_THUNK_DATA 0040806c     kernel32:KERNEL32.dll
 0004:000000ac       __imp__MessageBoxA@16      004080ac     user32:USER32.dll
 0004:000000b0       __imp__GetAsyncKeyState@4  004080b0     user32:USER32.dll
 0004:000000b4       \177USER32_NULL_THUNK_DATA 004080b4     user32:USER32.dll
 0004:000000e0       __IMPORT_DESCRIPTOR_KERNEL32 004080e0     kernel32:KERNEL32.dll
 0004:000000f4       __IMPORT_DESCRIPTOR_USER32 004080f4     user32:USER32.dll
 0004:00000108       __NULL_IMPORT_DESCRIPTOR   00408108     kernel32:KERNEL32.dll

 entry point at        0001:000000b9

 Static symbols

 0000:ffff5000       .debug$S                   00400000     kernel32:KERNEL32.dll
 0000:ffff5000       .debug$S                   00400000     kernel32:KERNEL32.dll
 0000:ffff5000       .debug$S                   00400000     kernel32:KERNEL32.dll
 0000:ffff5000       .debug$S                   00400000     kernel32:KERNEL32.dll
 0000:ffff5000       .debug$S                   00400000     kernel32:KERNEL32.dll
 0000:ffff5000       .debug$S                   00400000     kernel32:KERNEL32.dll
 0000:ffff5000       .debug$S                   00400000     kernel32:KERNEL32.dll
 0000:ffff5000       .debug$S                   00400000     kernel32:KERNEL32.dll
 0000:ffff5000       .debug$S                   00400000     kernel32:KERNEL32.dll
 0000:ffff5000       .debug$S                   00400000     kernel32:KERNEL32.dll
 0000:ffff5000       .debug$S                   00400000     kernel32:KERNEL32.dll
 0000:ffff5000       .debug$S                   00400000     kernel32:KERNEL32.dll
 0000:ffff5000       .debug$S                   00400000     kernel32:KERNEL32.dll
 0000:ffff5000       .debug$S                   00400000     kernel32:KERNEL32.dll
 0000:ffff5000       .debug$S                   00400000     kernel32:KERNEL32.dll
 0000:ffff5000       .debug$S                   00400000     kernel32:KERNEL32.dll
 0000:ffff5000       .debug$S                   00400000     kernel32:KERNEL32.dll
 0000:ffff5000       .debug$S                   00400000     kernel32:KERNEL32.dll
 0000:ffff5000       .debug$S                   00400000     kernel32:KERNEL32.dll
 0000:ffff5000       .debug$S                   00400000     kernel32:KERNEL32.dll
 0000:ffff5000       .debug$S                   00400000     kernel32:KERNEL32.dll
 0000:ffff5000       .debug$S                   00400000     kernel32:KERNEL32.dll
 0000:ffff5000       .debug$S                   00400000     kernel32:KERNEL32.dll
 0000:ffff5000       .debug$S                   00400000     kernel32:KERNEL32.dll
 0000:ffff5000       .debug$S                   00400000     kernel32:KERNEL32.dll
 0000:ffff5000       .debug$S                   00400000     kernel32:KERNEL32.dll
 0000:ffff5000       .debug$S                   00400000     kernel32:KERNEL32.dll
 0000:ffff5000       .debug$S                   00400000     user32:USER32.dll
 0000:ffff5000       .debug$S                   00400000     user32:USER32.dll
 0001:000006a4       _scan_for_quote@0          004016a4 f   Irvine32:Irvine32.obj
 0001:000007cb       _Initialize@0              004017cb f   Irvine32:Irvine32.obj
 0001:00000bcf       _ReadKeyTranslate@0        00401bcf f   Irvine32:Irvine32.obj
 0001:00001245       _AsciiDigit@0              00402245 f   Irvine32:Irvine32.obj
 0001:0000124e       _HexByte@0                 0040224e f   Irvine32:Irvine32.obj
 0001:00002730       $$000000                   00403730     main.obj
 0003:00000000       floorLength                00406000     main.obj
 0003:00000004       floor                      00406004     main.obj
 0003:00000068       floorFix                   00406068     main.obj
 0003:00000069       boxTop                     00406069     main.obj
 0003:0000006c       boxBody                    0040606c     main.obj
 0003:0000006f       boxBottom                  0040606f     main.obj
 0003:00000072       cactusTop                  00406072     main.obj
 0003:00000077       cactusMiddle               00406077     main.obj
 0003:0000007d       cactusBottom               0040607d     main.obj
 0003:0000007f       cactus_pos                 0040607f     main.obj
 0003:00000083       cactus_height              00406083     main.obj
 0003:00000087       cactus_speed               00406087     main.obj
 0003:00000089       outputHandle               00406089     main.obj
 0003:0000008d       bytesWritten               0040608d     main.obj
 0003:00000091       count                      00406091     main.obj
 0003:00000095       highscore_pos              00406095     main.obj
 0003:00000099       score_pos                  00406099     main.obj
 0003:0000009d       gameOver_pos               0040609d     main.obj
 0003:000000a1       exit_pos                   004060a1     main.obj
 0003:000000a5       restart_pos                004060a5     main.obj
 0003:000000a9       floor_pos                  004060a9     main.obj
 0003:000000ad       xyPosition                 004060ad     main.obj
 0003:000000b1       xyBound                    004060b1     main.obj
 0003:000000b5       cellsWritten               004060b5     main.obj
 0003:000000b9       attributes_floor           004060b9     main.obj
 0003:00000181       attributes0                00406181     main.obj
 0003:00000187       attributes1                00406187     main.obj
 0003:0000018d       attributes2                0040618d     main.obj
 0003:00000193       velocity                   00406193     main.obj
 0003:00000195       gravity                    00406195     main.obj
 0003:00000197       keyState                   00406197     main.obj
 0003:0000019b       redColor                   0040619b     main.obj
 0003:00000263       blueColor                  00406263     main.obj
 0003:0000032b       score                      0040632b     main.obj
 0003:0000032f       highscore                  0040632f     main.obj
 0003:00000333       scoreString                00406333     main.obj
 0003:0000033f       highscoreString            0040633f     main.obj
 0003:00000350       gameOverMessage            00406350     main.obj
 0003:0000035b       restartMessage             0040635b     main.obj
 0003:00000372       exitMessage                00406372     main.obj
 0003:00000384       hConsole                   00406384     main.obj
 0003:00000388       cursorInfo                 00406388     main.obj
 0003:00000450       InitFlag                   00406450     Irvine32:Irvine32.obj
 0003:00000451       xtable                     00406451     Irvine32:Irvine32.obj
 0003:00000461       blanks                     00406461     Irvine32:Irvine32.obj
 0003:00000661       attribs                    00406661     Irvine32:Irvine32.obj
 0003:00000a61       lineLength                 00406a61     Irvine32:Irvine32.obj
 0003:00000a65       cursorLoc                  00406a65     Irvine32:Irvine32.obj
 0003:00000a69       count                      00406a69     Irvine32:Irvine32.obj
 0003:00000a6d       ??0002                     00406a6d     Irvine32:Irvine32.obj
 0003:00000a72       dumpPrompt                 00406a72     Irvine32:Irvine32.obj
 0003:00000a84       dashLine                   00406a84     Irvine32:Irvine32.obj
 0003:00000aa6       ??0003                     00406aa6     Irvine32:Irvine32.obj
 0003:00000aa9       ??0004                     00406aa9     Irvine32:Irvine32.obj
 0003:00000aab       ??0005                     00406aab     Irvine32:Irvine32.obj
 0003:00000aad       saveIP                     00406aad     Irvine32:Irvine32.obj
 0003:00000ab1       saveESP                    00406ab1     Irvine32:Irvine32.obj
 0003:00000ab5       ??0006                     00406ab5     Irvine32:Irvine32.obj
 0003:00000abc       ??0007                     00406abc     Irvine32:Irvine32.obj
 0003:00000ac3       ??0008                     00406ac3     Irvine32:Irvine32.obj
 0003:00000aca       ??0009                     00406aca     Irvine32:Irvine32.obj
 0003:00000ad1       ??000A                     00406ad1     Irvine32:Irvine32.obj
 0003:00000ad8       ??000B                     00406ad8     Irvine32:Irvine32.obj
 0003:00000adf       ??000C                     00406adf     Irvine32:Irvine32.obj
 0003:00000ae6       ??000D                     00406ae6     Irvine32:Irvine32.obj
 0003:00000aed       ??000E                     00406aed     Irvine32:Irvine32.obj
 0003:00000af4       ??000F                     00406af4     Irvine32:Irvine32.obj
 0003:00000afb       ??0010                     00406afb     Irvine32:Irvine32.obj
 0003:00000b00       ??0011                     00406b00     Irvine32:Irvine32.obj
 0003:00000b02       ??0013                     00406b02     Irvine32:Irvine32.obj
 0003:00000b07       ??0014                     00406b07     Irvine32:Irvine32.obj
 0003:00000b09       ??0016                     00406b09     Irvine32:Irvine32.obj
 0003:00000b0e       ??0017                     00406b0e     Irvine32:Irvine32.obj
 0003:00000b10       ??0019                     00406b10     Irvine32:Irvine32.obj
 0003:00000b15       ??001A                     00406b15     Irvine32:Irvine32.obj
 0003:00000b17       ??001C                     00406b17     Irvine32:Irvine32.obj
 0003:00000b1c       ??001D                     00406b1c     Irvine32:Irvine32.obj
 0003:00000b1e       ??001F                     00406b1e     Irvine32:Irvine32.obj
 0003:00000b23       ??0020                     00406b23     Irvine32:Irvine32.obj
 0003:00000b25       _cursorPosition            00406b25     Irvine32:Irvine32.obj
 0003:00000b29       @zx02abc_def_caption       00406b29     Irvine32:Irvine32.obj
 0003:00000b2b       @zq02abc_def_caption       00406b2b     Irvine32:Irvine32.obj
 0003:00000b2d       overflow_msgL              00406b2d     Irvine32:Irvine32.obj
 0003:00000b48       invalid_msgL               00406b48     Irvine32:Irvine32.obj
 0003:00000b5b       seed                       00406b5b     Irvine32:Irvine32.obj
 0003:00000b5f       xbtable                    00406b5f     Irvine32:Irvine32.obj
 0003:00000b76       numVal                     00406b76     Irvine32:Irvine32.obj
 0003:00000b7a       charVal                    00406b7a     Irvine32:Irvine32.obj
 0003:00000b7b       evBuffer                   00406b7b     Irvine32:Irvine32.obj
 0003:00000b8f       evRepeat                   00406b8f     Irvine32:Irvine32.obj
 0003:00000b91       SpecialCases               00406b91     Irvine32:Irvine32.obj
 0003:00000bd2       _$$temp                    00406bd2     Irvine32:Irvine32.obj
 0003:00000bd6       waitmsgstr                 00406bd6     Irvine32:Irvine32.obj
 0003:00000bf3       bufferL                    00406bf3     Irvine32:Irvine32.obj
 0003:00000c00       bufferLHB                  00406c00     Irvine32:Irvine32.obj
 0003:00000c09       buffer_B                   00406c09     Irvine32:Irvine32.obj
 0003:00000c16       neg_flag                   00406c16     Irvine32:Irvine32.obj
 0003:00000c17       LblStack                   00406c17     Irvine32:Irvine32.obj
 0003:00000c24       LblFor                     00406c24     Irvine32:Irvine32.obj
 0003:00000c29       LblEbp                     00406c29     Irvine32:Irvine32.obj
 0003:00000c2f       LblParam                   00406c2f     Irvine32:Irvine32.obj
 0003:00000c3c       LblEbpPtr                  00406c3c     Irvine32:Irvine32.obj
 0003:00000c52       LblSaved                   00406c52     Irvine32:Irvine32.obj
 0003:00000c64       LblLocal                   00406c64     Irvine32:Irvine32.obj
 0003:00000c76       LblReturn                  00406c76     Irvine32:Irvine32.obj
 0003:00000c88       LblEsp                     00406c88     Irvine32:Irvine32.obj
 0003:00000c94       BadStackFrameMsg           00406c94     Irvine32:Irvine32.obj
 0003:00000caf       NoName                     00406caf     Irvine32:Irvine32.obj
 0003:00000cb0       WriteToFile_1              00406cb0     Irvine32:Irvine32.obj
 0003:00000cb4       WriteWindowsMsg_1          00406cb4     Irvine32:Irvine32.obj
 0003:00000cbb       WriteWindowsMsg_2          00406cbb     Irvine32:Irvine32.obj
 0003:00000cbe       pErrorMsg                  00406cbe     Irvine32:Irvine32.obj
 0003:00000cc2       messageId                  00406cc2     Irvine32:Irvine32.obj
 0003:00000f80       consoleInHandle            00406f80     Irvine32:Irvine32.obj
 0003:00000f84       consoleOutHandle           00406f84     Irvine32:Irvine32.obj
 0003:00000f88       bytesWritten               00406f88     Irvine32:Irvine32.obj
 0003:00000f8c       eflags                     00406f8c     Irvine32:Irvine32.obj
 0003:00000f90       digitBuffer                00406f90     Irvine32:Irvine32.obj
 0003:00000fe1       buffer                     00406fe1     Irvine32:Irvine32.obj
 0003:000011e1       bytesRead                  004071e1     Irvine32:Irvine32.obj
 0003:000011e5       sysTime                    004071e5     Irvine32:Irvine32.obj
 0004:000003fc       .idata$6                   004083fc     kernel32:KERNEL32.dll
 0004:0000042c       .idata$6                   0040842c     user32:USER32.dll
 0005:00000170       $R000000                   00409170     * linker generated manifest res *
