 Asm_Final_Project

 Timestamp is 675dc523 (Sun Dec 15 01:49:23 2024)

 Preferred load address is 00400000

 Start         Length     Name                   Class
 0001:00000000 000026a0H .text                   CODE
 0001:000026a0 00001728H .text$mn                CODE
 0002:00000000 00000144H .rdata                  DATA
 0002:00000143 00000000H .edata                  DATA
 0002:00000144 00000199H .rdata$zzzdbg           DATA
 0003:00000000 00000c30H .data                   DATA
 0003:00000c30 000002f2H .bss                    DATA
 0004:00000000 000000dcH .idata$5                DATA
 0004:000000dc 00000028H .idata$2                DATA
 0004:00000104 00000014H .idata$3                DATA
 0004:00000118 000000dcH .idata$4                DATA
 0004:000001f4 00000365H .idata$6                DATA
 0005:00000000 00000170H .rsrc$01                DATA
 0005:00000170 000002ccH .rsrc$02                DATA

  Address         Publics by Value              Rva+Base       Lib:Object

 0000:00000000       ___AbsoluteZero            00000000     <absolute>
 0000:00000000       ___arm64x_extra_rfe_table  00000000     <absolute>
 0000:00000000       ___arm64x_extra_rfe_table_size 00000000     <absolute>
 0000:00000000       ___arm64x_native_entrypoint 00000000     <absolute>
 0000:00000000       ___arm64x_redirection_metadata 00000000     <absolute>
 0000:00000000       ___arm64x_redirection_metadata_count 00000000     <absolute>
 0000:00000000       ___dynamic_value_reloc_table 00000000     <absolute>
 0000:00000000       ___enclave_config          00000000     <absolute>
 0000:00000000       ___guard_check_icall_a64n_fptr 00000000     <absolute>
 0000:00000000       ___guard_eh_cont_count     00000000     <absolute>
 0000:00000000       ___guard_eh_cont_table     00000000     <absolute>
 0000:00000000       ___guard_fids_count        00000000     <absolute>
 0000:00000000       ___guard_fids_table        00000000     <absolute>
 0000:00000000       ___guard_flags             00000000     <absolute>
 0000:00000000       ___guard_iat_count         00000000     <absolute>
 0000:00000000       ___guard_iat_table         00000000     <absolute>
 0000:00000000       ___guard_longjmp_count     00000000     <absolute>
 0000:00000000       ___guard_longjmp_table     00000000     <absolute>
 0000:00000000       ___hybrid_auxiliary_delayload_iat 00000000     <absolute>
 0000:00000000       ___hybrid_auxiliary_delayload_iat_copy 00000000     <absolute>
 0000:00000000       ___hybrid_auxiliary_iat    00000000     <absolute>
 0000:00000000       ___hybrid_auxiliary_iat_copy 00000000     <absolute>
 0000:00000000       ___hybrid_code_map         00000000     <absolute>
 0000:00000000       ___hybrid_code_map_count   00000000     <absolute>
 0000:00000000       ___hybrid_image_info_bitfield 00000000     <absolute>
 0000:00000000       ___safe_se_handler_count   00000000     <absolute>
 0000:00000000       ___safe_se_handler_table   00000000     <absolute>
 0000:00000000       ___volatile_metadata       00000000     <absolute>
 0000:00000000       ___x64_code_ranges_to_entry_points 00000000     <absolute>
 0000:00000000       ___x64_code_ranges_to_entry_points_count 00000000     <absolute>
 0001:00000240       _CloseFile@0               00401240 f   Irvine32:Irvine32.obj
 0001:00000247       _Clrscr@0                  00401247 f   Irvine32:Irvine32.obj
 0001:0000030c       _CreateOutputFile@0        0040130c f   Irvine32:Irvine32.obj
 0001:00000325       _Crlf@0                    00401325 f   Irvine32:Irvine32.obj
 0001:00000340       _Delay@0                   00401340 f   Irvine32:Irvine32.obj
 0001:00000349       _DumpMem@0                 00401349 f   Irvine32:Irvine32.obj
 0001:00000404       _DumpRegs@0                00401404 f   Irvine32:Irvine32.obj
 0001:000005ff       _GetCommandTail@0          004015ff f   Irvine32:Irvine32.obj
 0001:0000063c       _GetDateTime@4             0040163c f   Irvine32:Irvine32.obj
 0001:0000066e       _GetMaxXY@0                0040166e f   Irvine32:Irvine32.obj
 0001:0000069d       _GetMseconds@0             0040169d f   Irvine32:Irvine32.obj
 0001:000006fa       _GetTextColor@0            004016fa f   Irvine32:Irvine32.obj
 0001:00000725       _Gotoxy@0                  00401725 f   Irvine32:Irvine32.obj
 0001:0000077d       _IsDigit@0                 0040177d f   Irvine32:Irvine32.obj
 0001:0000078a       _MsgBox@0                  0040178a f   Irvine32:Irvine32.obj
 0001:000007a1       _MsgBoxAsk@0               004017a1 f   Irvine32:Irvine32.obj
 0001:000007c0       _OpenInputFile@0           004017c0 f   Irvine32:Irvine32.obj
 0001:000007d9       _ParseDecimal32@0          004017d9 f   Irvine32:Irvine32.obj
 0001:0000083b       _ParseInteger32@0          0040183b f   Irvine32:Irvine32.obj
 0001:000008f6       _Random32@0                004018f6 f   Irvine32:Irvine32.obj
 0001:00000911       _RandomRange@0             00401911 f   Irvine32:Irvine32.obj
 0001:00000926       _Randomize@0               00401926 f   Irvine32:Irvine32.obj
 0001:0000093f       _ReadChar@0                0040193f f   Irvine32:Irvine32.obj
 0001:00000955       _ReadDec@0                 00401955 f   Irvine32:Irvine32.obj
 0001:00000970       _ReadFromFile@0            00401970 f   Irvine32:Irvine32.obj
 0001:00000993       _ReadHex@0                 00401993 f   Irvine32:Irvine32.obj
 0001:00000a14       _ReadInt@0                 00401a14 f   Irvine32:Irvine32.obj
 0001:00000a2f       _ReadKey@0                 00401a2f f   Irvine32:Irvine32.obj
 0001:00000b4a       _ReadKeyFlush@0            00401b4a f   Irvine32:Irvine32.obj
 0001:00000c18       _ReadString@0              00401c18 f   Irvine32:Irvine32.obj
 0001:00000cd1       _SetTextColor@0            00401cd1 f   Irvine32:Irvine32.obj
 0001:00000cf2       _StrLength@0               00401cf2 f   Irvine32:Irvine32.obj
 0001:00000d03       _Str_compare@8             00401d03 f   Irvine32:Irvine32.obj
 0001:00000d2d       _Str_copy@8                00401d2d f   Irvine32:Irvine32.obj
 0001:00000d50       _Str_length@4              00401d50 f   Irvine32:Irvine32.obj
 0001:00000d6a       _Str_trim@8                00401d6a f   Irvine32:Irvine32.obj
 0001:00000d98       _Str_ucase@4               00401d98 f   Irvine32:Irvine32.obj
 0001:00000dba       _WaitMsg@0                 00401dba f   Irvine32:Irvine32.obj
 0001:00000dcc       _WriteBin@0                00401dcc f   Irvine32:Irvine32.obj
 0001:00000dd9       _WriteBinB@0               00401dd9 f   Irvine32:Irvine32.obj
 0001:00000e2c       _WriteChar@0               00401e2c f   Irvine32:Irvine32.obj
 0001:00000e5e       _WriteDec@0                00401e5e f   Irvine32:Irvine32.obj
 0001:00000e9f       _WriteHex@0                00401e9f f   Irvine32:Irvine32.obj
 0001:00000eac       _WriteHexB@0               00401eac f   Irvine32:Irvine32.obj
 0001:00000f3e       _WriteInt@0                00401f3e f   Irvine32:Irvine32.obj
 0001:00000f9f       _WriteStackFrameName@16    00401f9f f   Irvine32:Irvine32.obj
 0001:0000111f       _WriteStackFrame@12        0040211f f   Irvine32:Irvine32.obj
 0001:00001139       _WriteString@0             00402139 f   Irvine32:Irvine32.obj
 0001:00001165       _WriteToFile@0             00402165 f   Irvine32:Irvine32.obj
 0001:0000117a       _WriteWindowsMsg@0         0040217a f   Irvine32:Irvine32.obj
 0001:000026a0       _start@0@0                 004036a0 f   main.obj
 0001:000029e8       _DrawBox@0                 004039e8 f   main.obj
 0001:00002b22       _WaitForRelease@0          00403b22 f   main.obj
 0001:00002b30       _FormatScore@0             00403b30 f   main.obj
 0001:00002b5b       _DrawScore@0               00403b5b f   main.obj
 0001:00002b96       _MoveCactus@0              00403b96 f   main.obj
 0001:00002cf6       _GetStdHandle@4            00403cf6 f   kernel32:KERNEL32.dll
 0001:00002cfc       _Sleep@4                   00403cfc f   kernel32:KERNEL32.dll
 0001:00002d02       _WriteConsoleOutputCharacterA@20 00403d02 f   kernel32:KERNEL32.dll
 0001:00002d08       _WriteConsoleOutputAttribute@20 00403d08 f   kernel32:KERNEL32.dll
 0001:00002d0e       _SetConsoleOutputCP@4      00403d0e f   kernel32:KERNEL32.dll
 0001:00002d14       _CloseHandle@4             00403d14 f   kernel32:KERNEL32.dll
 0001:00002d1a       _CreateFileA@28            00403d1a f   kernel32:KERNEL32.dll
 0001:00002d20       _FormatMessageA@28         00403d20 f   kernel32:KERNEL32.dll
 0001:00002d26       _FlushConsoleInputBuffer@4 00403d26 f   kernel32:KERNEL32.dll
 0001:00002d2c       _GetCommandLineA@0         00403d2c f   kernel32:KERNEL32.dll
 0001:00002d32       _GetConsoleMode@8          00403d32 f   kernel32:KERNEL32.dll
 0001:00002d38       _GetConsoleScreenBufferInfo@8 00403d38 f   kernel32:KERNEL32.dll
 0001:00002d3e       _GetLastError@0            00403d3e f   kernel32:KERNEL32.dll
 0001:00002d44       _GetLocalTime@4            00403d44 f   kernel32:KERNEL32.dll
 0001:00002d4a       _GetSystemTime@4           00403d4a f   kernel32:KERNEL32.dll
 0001:00002d50       _LocalFree@4               00403d50 f   kernel32:KERNEL32.dll
 0001:00002d56       _PeekConsoleInputA@16      00403d56 f   kernel32:KERNEL32.dll
 0001:00002d5c       _ReadConsoleA@20           00403d5c f   kernel32:KERNEL32.dll
 0001:00002d62       _ReadConsoleInputA@16      00403d62 f   kernel32:KERNEL32.dll
 0001:00002d68       _ReadFile@20               00403d68 f   kernel32:KERNEL32.dll
 0001:00002d6e       _SetConsoleCursorPosition@8 00403d6e f   kernel32:KERNEL32.dll
 0001:00002d74       _SetConsoleMode@8          00403d74 f   kernel32:KERNEL32.dll
 0001:00002d7a       _SetConsoleTextAttribute@8 00403d7a f   kernel32:KERNEL32.dll
 0001:00002d80       _SystemTimeToFileTime@8    00403d80 f   kernel32:KERNEL32.dll
 0001:00002d86       _WriteConsoleA@20          00403d86 f   kernel32:KERNEL32.dll
 0001:00002d8c       _WriteFile@20              00403d8c f   kernel32:KERNEL32.dll
 0001:00002d92       _GetAsyncKeyState@4        00403d92 f   user32:USER32.dll
 0001:00002d98       _MessageBoxA@16            00403d98 f   user32:USER32.dll
 0004:00000000       __imp__GetStdHandle@4      00407000     kernel32:KERNEL32.dll
 0004:00000004       __imp__Sleep@4             00407004     kernel32:KERNEL32.dll
 0004:00000008       __imp__WriteConsoleOutputCharacterA@20 00407008     kernel32:KERNEL32.dll
 0004:0000000c       __imp__WriteConsoleOutputAttribute@20 0040700c     kernel32:KERNEL32.dll
 0004:00000010       __imp__SetConsoleOutputCP@4 00407010     kernel32:KERNEL32.dll
 0004:00000014       __imp__CloseHandle@4       00407014     kernel32:KERNEL32.dll
 0004:00000018       __imp__CreateFileA@28      00407018     kernel32:KERNEL32.dll
 0004:0000001c       __imp__FormatMessageA@28   0040701c     kernel32:KERNEL32.dll
 0004:00000020       __imp__FlushConsoleInputBuffer@4 00407020     kernel32:KERNEL32.dll
 0004:00000024       __imp__GetCommandLineA@0   00407024     kernel32:KERNEL32.dll
 0004:00000028       __imp__GetConsoleMode@8    00407028     kernel32:KERNEL32.dll
 0004:0000002c       __imp__GetConsoleScreenBufferInfo@8 0040702c     kernel32:KERNEL32.dll
 0004:00000030       __imp__GetLastError@0      00407030     kernel32:KERNEL32.dll
 0004:00000034       __imp__GetLocalTime@4      00407034     kernel32:KERNEL32.dll
 0004:00000038       __imp__GetSystemTime@4     00407038     kernel32:KERNEL32.dll
 0004:0000003c       __imp__LocalFree@4         0040703c     kernel32:KERNEL32.dll
 0004:00000040       __imp__PeekConsoleInputA@16 00407040     kernel32:KERNEL32.dll
 0004:00000044       __imp__ReadConsoleA@20     00407044     kernel32:KERNEL32.dll
 0004:00000048       __imp__ReadConsoleInputA@16 00407048     kernel32:KERNEL32.dll
 0004:0000004c       __imp__ReadFile@20         0040704c     kernel32:KERNEL32.dll
 0004:00000050       __imp__SetConsoleCursorPosition@8 00407050     kernel32:KERNEL32.dll
 0004:00000054       __imp__SetConsoleMode@8    00407054     kernel32:KERNEL32.dll
 0004:00000058       __imp__SetConsoleTextAttribute@8 00407058     kernel32:KERNEL32.dll
 0004:0000005c       __imp__SystemTimeToFileTime@8 0040705c     kernel32:KERNEL32.dll
 0004:00000060       __imp__WriteConsoleA@20    00407060     kernel32:KERNEL32.dll
 0004:00000064       __imp__WriteFile@20        00407064     kernel32:KERNEL32.dll
 0004:00000068       \177KERNEL32_NULL_THUNK_DATA 00407068     kernel32:KERNEL32.dll
 0004:000000a8       __imp__MessageBoxA@16      004070a8     user32:USER32.dll
 0004:000000ac       __imp__GetAsyncKeyState@4  004070ac     user32:USER32.dll
 0004:000000b0       \177USER32_NULL_THUNK_DATA 004070b0     user32:USER32.dll
 0004:000000dc       __IMPORT_DESCRIPTOR_KERNEL32 004070dc     kernel32:KERNEL32.dll
 0004:000000f0       __IMPORT_DESCRIPTOR_USER32 004070f0     user32:USER32.dll
 0004:00000104       __NULL_IMPORT_DESCRIPTOR   00407104     kernel32:KERNEL32.dll

 entry point at        0001:0000008c

 Static symbols

 0000:ffff6000       .debug$S                   00400000     kernel32:KERNEL32.dll
 0000:ffff6000       .debug$S                   00400000     kernel32:KERNEL32.dll
 0000:ffff6000       .debug$S                   00400000     kernel32:KERNEL32.dll
 0000:ffff6000       .debug$S                   00400000     kernel32:KERNEL32.dll
 0000:ffff6000       .debug$S                   00400000     kernel32:KERNEL32.dll
 0000:ffff6000       .debug$S                   00400000     kernel32:KERNEL32.dll
 0000:ffff6000       .debug$S                   00400000     kernel32:KERNEL32.dll
 0000:ffff6000       .debug$S                   00400000     kernel32:KERNEL32.dll
 0000:ffff6000       .debug$S                   00400000     kernel32:KERNEL32.dll
 0000:ffff6000       .debug$S                   00400000     kernel32:KERNEL32.dll
 0000:ffff6000       .debug$S                   00400000     kernel32:KERNEL32.dll
 0000:ffff6000       .debug$S                   00400000     kernel32:KERNEL32.dll
 0000:ffff6000       .debug$S                   00400000     kernel32:KERNEL32.dll
 0000:ffff6000       .debug$S                   00400000     kernel32:KERNEL32.dll
 0000:ffff6000       .debug$S                   00400000     kernel32:KERNEL32.dll
 0000:ffff6000       .debug$S                   00400000     kernel32:KERNEL32.dll
 0000:ffff6000       .debug$S                   00400000     kernel32:KERNEL32.dll
 0000:ffff6000       .debug$S                   00400000     kernel32:KERNEL32.dll
 0000:ffff6000       .debug$S                   00400000     kernel32:KERNEL32.dll
 0000:ffff6000       .debug$S                   00400000     kernel32:KERNEL32.dll
 0000:ffff6000       .debug$S                   00400000     kernel32:KERNEL32.dll
 0000:ffff6000       .debug$S                   00400000     kernel32:KERNEL32.dll
 0000:ffff6000       .debug$S                   00400000     kernel32:KERNEL32.dll
 0000:ffff6000       .debug$S                   00400000     kernel32:KERNEL32.dll
 0000:ffff6000       .debug$S                   00400000     kernel32:KERNEL32.dll
 0000:ffff6000       .debug$S                   00400000     kernel32:KERNEL32.dll
 0000:ffff6000       .debug$S                   00400000     user32:USER32.dll
 0000:ffff6000       .debug$S                   00400000     user32:USER32.dll
 0001:00000634       _scan_for_quote@0          00401634 f   Irvine32:Irvine32.obj
 0001:0000075b       _Initialize@0              0040175b f   Irvine32:Irvine32.obj
 0001:00000b5f       _ReadKeyTranslate@0        00401b5f f   Irvine32:Irvine32.obj
 0001:000011d5       _AsciiDigit@0              004021d5 f   Irvine32:Irvine32.obj
 0001:000011de       _HexByte@0                 004021de f   Irvine32:Irvine32.obj
 0001:000026a0       $$000000                   004036a0     main.obj
 0003:00000000       floor                      00406000     main.obj
 0003:00000028       floorFix                   00406028     main.obj
 0003:00000029       boxTop                     00406029     main.obj
 0003:0000002c       boxBody                    0040602c     main.obj
 0003:0000002f       boxBottom                  0040602f     main.obj
 0003:00000032       cactus                     00406032     main.obj
 0003:00000034       cactus_pos                 00406034     main.obj
 0003:00000038       cactus_speed               00406038     main.obj
 0003:0000003c       outputHandle               0040603c     main.obj
 0003:00000040       bytesWritten               00406040     main.obj
 0003:00000044       count                      00406044     main.obj
 0003:00000048       score_pos                  00406048     main.obj
 0003:0000004c       floor_pos                  0040604c     main.obj
 0003:00000050       xyPosition                 00406050     main.obj
 0003:00000054       xyBound                    00406054     main.obj
 0003:00000058       cellsWritten               00406058     main.obj
 0003:0000005c       attributes_floor           0040605c     main.obj
 0003:000000ac       attributes0                004060ac     main.obj
 0003:000000b2       attributes1                004060b2     main.obj
 0003:000000b8       attributes2                004060b8     main.obj
 0003:000000be       keyState                   004060be     main.obj
 0003:000000c2       score                      004060c2     main.obj
 0003:000000c6       scoreString                004060c6     main.obj
 0003:00000100       InitFlag                   00406100     Irvine32:Irvine32.obj
 0003:00000101       xtable                     00406101     Irvine32:Irvine32.obj
 0003:00000111       blanks                     00406111     Irvine32:Irvine32.obj
 0003:00000311       attribs                    00406311     Irvine32:Irvine32.obj
 0003:00000711       lineLength                 00406711     Irvine32:Irvine32.obj
 0003:00000715       cursorLoc                  00406715     Irvine32:Irvine32.obj
 0003:00000719       count                      00406719     Irvine32:Irvine32.obj
 0003:0000071d       ??0002                     0040671d     Irvine32:Irvine32.obj
 0003:00000722       dumpPrompt                 00406722     Irvine32:Irvine32.obj
 0003:00000734       dashLine                   00406734     Irvine32:Irvine32.obj
 0003:00000756       ??0003                     00406756     Irvine32:Irvine32.obj
 0003:00000759       ??0004                     00406759     Irvine32:Irvine32.obj
 0003:0000075b       ??0005                     0040675b     Irvine32:Irvine32.obj
 0003:0000075d       saveIP                     0040675d     Irvine32:Irvine32.obj
 0003:00000761       saveESP                    00406761     Irvine32:Irvine32.obj
 0003:00000765       ??0006                     00406765     Irvine32:Irvine32.obj
 0003:0000076c       ??0007                     0040676c     Irvine32:Irvine32.obj
 0003:00000773       ??0008                     00406773     Irvine32:Irvine32.obj
 0003:0000077a       ??0009                     0040677a     Irvine32:Irvine32.obj
 0003:00000781       ??000A                     00406781     Irvine32:Irvine32.obj
 0003:00000788       ??000B                     00406788     Irvine32:Irvine32.obj
 0003:0000078f       ??000C                     0040678f     Irvine32:Irvine32.obj
 0003:00000796       ??000D                     00406796     Irvine32:Irvine32.obj
 0003:0000079d       ??000E                     0040679d     Irvine32:Irvine32.obj
 0003:000007a4       ??000F                     004067a4     Irvine32:Irvine32.obj
 0003:000007ab       ??0010                     004067ab     Irvine32:Irvine32.obj
 0003:000007b0       ??0011                     004067b0     Irvine32:Irvine32.obj
 0003:000007b2       ??0013                     004067b2     Irvine32:Irvine32.obj
 0003:000007b7       ??0014                     004067b7     Irvine32:Irvine32.obj
 0003:000007b9       ??0016                     004067b9     Irvine32:Irvine32.obj
 0003:000007be       ??0017                     004067be     Irvine32:Irvine32.obj
 0003:000007c0       ??0019                     004067c0     Irvine32:Irvine32.obj
 0003:000007c5       ??001A                     004067c5     Irvine32:Irvine32.obj
 0003:000007c7       ??001C                     004067c7     Irvine32:Irvine32.obj
 0003:000007cc       ??001D                     004067cc     Irvine32:Irvine32.obj
 0003:000007ce       ??001F                     004067ce     Irvine32:Irvine32.obj
 0003:000007d3       ??0020                     004067d3     Irvine32:Irvine32.obj
 0003:000007d5       _cursorPosition            004067d5     Irvine32:Irvine32.obj
 0003:000007d9       @zx02abc_def_caption       004067d9     Irvine32:Irvine32.obj
 0003:000007db       @zq02abc_def_caption       004067db     Irvine32:Irvine32.obj
 0003:000007dd       overflow_msgL              004067dd     Irvine32:Irvine32.obj
 0003:000007f8       invalid_msgL               004067f8     Irvine32:Irvine32.obj
 0003:0000080b       seed                       0040680b     Irvine32:Irvine32.obj
 0003:0000080f       xbtable                    0040680f     Irvine32:Irvine32.obj
 0003:00000826       numVal                     00406826     Irvine32:Irvine32.obj
 0003:0000082a       charVal                    0040682a     Irvine32:Irvine32.obj
 0003:0000082b       evBuffer                   0040682b     Irvine32:Irvine32.obj
 0003:0000083f       evRepeat                   0040683f     Irvine32:Irvine32.obj
 0003:00000841       SpecialCases               00406841     Irvine32:Irvine32.obj
 0003:00000882       _$$temp                    00406882     Irvine32:Irvine32.obj
 0003:00000886       waitmsgstr                 00406886     Irvine32:Irvine32.obj
 0003:000008a3       bufferL                    004068a3     Irvine32:Irvine32.obj
 0003:000008b0       bufferLHB                  004068b0     Irvine32:Irvine32.obj
 0003:000008b9       buffer_B                   004068b9     Irvine32:Irvine32.obj
 0003:000008c6       neg_flag                   004068c6     Irvine32:Irvine32.obj
 0003:000008c7       LblStack                   004068c7     Irvine32:Irvine32.obj
 0003:000008d4       LblFor                     004068d4     Irvine32:Irvine32.obj
 0003:000008d9       LblEbp                     004068d9     Irvine32:Irvine32.obj
 0003:000008df       LblParam                   004068df     Irvine32:Irvine32.obj
 0003:000008ec       LblEbpPtr                  004068ec     Irvine32:Irvine32.obj
 0003:00000902       LblSaved                   00406902     Irvine32:Irvine32.obj
 0003:00000914       LblLocal                   00406914     Irvine32:Irvine32.obj
 0003:00000926       LblReturn                  00406926     Irvine32:Irvine32.obj
 0003:00000938       LblEsp                     00406938     Irvine32:Irvine32.obj
 0003:00000944       BadStackFrameMsg           00406944     Irvine32:Irvine32.obj
 0003:0000095f       NoName                     0040695f     Irvine32:Irvine32.obj
 0003:00000960       WriteToFile_1              00406960     Irvine32:Irvine32.obj
 0003:00000964       WriteWindowsMsg_1          00406964     Irvine32:Irvine32.obj
 0003:0000096b       WriteWindowsMsg_2          0040696b     Irvine32:Irvine32.obj
 0003:0000096e       pErrorMsg                  0040696e     Irvine32:Irvine32.obj
 0003:00000972       messageId                  00406972     Irvine32:Irvine32.obj
 0003:00000c30       consoleInHandle            00406c30     Irvine32:Irvine32.obj
 0003:00000c34       consoleOutHandle           00406c34     Irvine32:Irvine32.obj
 0003:00000c38       bytesWritten               00406c38     Irvine32:Irvine32.obj
 0003:00000c3c       eflags                     00406c3c     Irvine32:Irvine32.obj
 0003:00000c40       digitBuffer                00406c40     Irvine32:Irvine32.obj
 0003:00000c91       buffer                     00406c91     Irvine32:Irvine32.obj
 0003:00000e91       bytesRead                  00406e91     Irvine32:Irvine32.obj
 0003:00000e95       sysTime                    00406e95     Irvine32:Irvine32.obj
 0004:000003e6       .idata$6                   004073e6     kernel32:KERNEL32.dll
 0004:00000416       .idata$6                   00407416     user32:USER32.dll
 0005:00000170       $R000000                   00408170     * linker generated manifest res *
