 Asm_Final_Project

 Timestamp is 675ee119 (Sun Dec 15 22:00:57 2024)

 Preferred load address is 00400000

 Start         Length     Name                   Class
 0001:00000000 000026f0H .text                   CODE
 0001:000026f0 0000167dH .text$mn                CODE
 0002:00000000 00000144H .rdata                  DATA
 0002:00000143 00000000H .edata                  DATA
 0002:00000144 0000019eH .rdata$zzzdbg           DATA
 0003:00000000 00000d50H .data                   DATA
 0003:00000d50 000002f2H .bss                    DATA
 0004:00000000 000000e0H .idata$5                DATA
 0004:000000e0 00000028H .idata$2                DATA
 0004:00000108 00000014H .idata$3                DATA
 0004:0000011c 000000e0H .idata$4                DATA
 0004:000001fc 00000375H .idata$6                DATA
 0005:00000000 00000170H .rsrc$01                DATA
 0005:00000170 000002ccH .rsrc$02                DATA

  Address         Publics by Value              Rva+Base       Lib:Object

 0000:00000000       ___AbsoluteZero            00000000     <absolute>
 0000:00000000       ___arm64x_extra_rfe_table  00000000     <absolute>
 0000:00000000       ___arm64x_extra_rfe_table_size 00000000     <absolute>
 0000:00000000       ___arm64x_native_entrypoint 00000000     <absolute>
 0000:00000000       ___arm64x_redirection_metadata 00000000     <absolute>
 0000:00000000       ___arm64x_redirection_metadata_count 00000000     <absolute>
 0000:00000000       ___dynamic_value_reloc_table 00000000     <absolute>
 0000:00000000       ___enclave_config          00000000     <absolute>
 0000:00000000       ___guard_check_icall_a64n_fptr 00000000     <absolute>
 0000:00000000       ___guard_eh_cont_count     00000000     <absolute>
 0000:00000000       ___guard_eh_cont_table     00000000     <absolute>
 0000:00000000       ___guard_fids_count        00000000     <absolute>
 0000:00000000       ___guard_fids_table        00000000     <absolute>
 0000:00000000       ___guard_flags             00000000     <absolute>
 0000:00000000       ___guard_iat_count         00000000     <absolute>
 0000:00000000       ___guard_iat_table         00000000     <absolute>
 0000:00000000       ___guard_longjmp_count     00000000     <absolute>
 0000:00000000       ___guard_longjmp_table     00000000     <absolute>
 0000:00000000       ___hybrid_auxiliary_delayload_iat 00000000     <absolute>
 0000:00000000       ___hybrid_auxiliary_delayload_iat_copy 00000000     <absolute>
 0000:00000000       ___hybrid_auxiliary_iat    00000000     <absolute>
 0000:00000000       ___hybrid_auxiliary_iat_copy 00000000     <absolute>
 0000:00000000       ___hybrid_code_map         00000000     <absolute>
 0000:00000000       ___hybrid_code_map_count   00000000     <absolute>
 0000:00000000       ___hybrid_image_info_bitfield 00000000     <absolute>
 0000:00000000       ___safe_se_handler_count   00000000     <absolute>
 0000:00000000       ___safe_se_handler_table   00000000     <absolute>
 0000:00000000       ___volatile_metadata       00000000     <absolute>
 0000:00000000       ___x64_code_ranges_to_entry_points 00000000     <absolute>
 0000:00000000       ___x64_code_ranges_to_entry_points_count 00000000     <absolute>
 0001:00000280       _CloseFile@0               00401280 f   Irvine32:Irvine32.obj
 0001:00000287       _Clrscr@0                  00401287 f   Irvine32:Irvine32.obj
 0001:0000034c       _CreateOutputFile@0        0040134c f   Irvine32:Irvine32.obj
 0001:00000365       _Crlf@0                    00401365 f   Irvine32:Irvine32.obj
 0001:00000380       _Delay@0                   00401380 f   Irvine32:Irvine32.obj
 0001:00000389       _DumpMem@0                 00401389 f   Irvine32:Irvine32.obj
 0001:00000444       _DumpRegs@0                00401444 f   Irvine32:Irvine32.obj
 0001:0000063f       _GetCommandTail@0          0040163f f   Irvine32:Irvine32.obj
 0001:0000067c       _GetDateTime@4             0040167c f   Irvine32:Irvine32.obj
 0001:000006ae       _GetMaxXY@0                004016ae f   Irvine32:Irvine32.obj
 0001:000006dd       _GetMseconds@0             004016dd f   Irvine32:Irvine32.obj
 0001:0000073a       _GetTextColor@0            0040173a f   Irvine32:Irvine32.obj
 0001:00000765       _Gotoxy@0                  00401765 f   Irvine32:Irvine32.obj
 0001:000007bd       _IsDigit@0                 004017bd f   Irvine32:Irvine32.obj
 0001:000007ca       _MsgBox@0                  004017ca f   Irvine32:Irvine32.obj
 0001:000007e1       _MsgBoxAsk@0               004017e1 f   Irvine32:Irvine32.obj
 0001:00000800       _OpenInputFile@0           00401800 f   Irvine32:Irvine32.obj
 0001:00000819       _ParseDecimal32@0          00401819 f   Irvine32:Irvine32.obj
 0001:0000087b       _ParseInteger32@0          0040187b f   Irvine32:Irvine32.obj
 0001:00000936       _Random32@0                00401936 f   Irvine32:Irvine32.obj
 0001:00000951       _RandomRange@0             00401951 f   Irvine32:Irvine32.obj
 0001:00000966       _Randomize@0               00401966 f   Irvine32:Irvine32.obj
 0001:0000097f       _ReadChar@0                0040197f f   Irvine32:Irvine32.obj
 0001:00000995       _ReadDec@0                 00401995 f   Irvine32:Irvine32.obj
 0001:000009b0       _ReadFromFile@0            004019b0 f   Irvine32:Irvine32.obj
 0001:000009d3       _ReadHex@0                 004019d3 f   Irvine32:Irvine32.obj
 0001:00000a54       _ReadInt@0                 00401a54 f   Irvine32:Irvine32.obj
 0001:00000a6f       _ReadKey@0                 00401a6f f   Irvine32:Irvine32.obj
 0001:00000b8a       _ReadKeyFlush@0            00401b8a f   Irvine32:Irvine32.obj
 0001:00000c58       _ReadString@0              00401c58 f   Irvine32:Irvine32.obj
 0001:00000d11       _SetTextColor@0            00401d11 f   Irvine32:Irvine32.obj
 0001:00000d32       _StrLength@0               00401d32 f   Irvine32:Irvine32.obj
 0001:00000d43       _Str_compare@8             00401d43 f   Irvine32:Irvine32.obj
 0001:00000d6d       _Str_copy@8                00401d6d f   Irvine32:Irvine32.obj
 0001:00000d90       _Str_length@4              00401d90 f   Irvine32:Irvine32.obj
 0001:00000daa       _Str_trim@8                00401daa f   Irvine32:Irvine32.obj
 0001:00000dd8       _Str_ucase@4               00401dd8 f   Irvine32:Irvine32.obj
 0001:00000dfa       _WaitMsg@0                 00401dfa f   Irvine32:Irvine32.obj
 0001:00000e0c       _WriteBin@0                00401e0c f   Irvine32:Irvine32.obj
 0001:00000e19       _WriteBinB@0               00401e19 f   Irvine32:Irvine32.obj
 0001:00000e6c       _WriteChar@0               00401e6c f   Irvine32:Irvine32.obj
 0001:00000e9e       _WriteDec@0                00401e9e f   Irvine32:Irvine32.obj
 0001:00000edf       _WriteHex@0                00401edf f   Irvine32:Irvine32.obj
 0001:00000eec       _WriteHexB@0               00401eec f   Irvine32:Irvine32.obj
 0001:00000f7e       _WriteInt@0                00401f7e f   Irvine32:Irvine32.obj
 0001:00000fdf       _WriteStackFrameName@16    00401fdf f   Irvine32:Irvine32.obj
 0001:0000115f       _WriteStackFrame@12        0040215f f   Irvine32:Irvine32.obj
 0001:00001179       _WriteString@0             00402179 f   Irvine32:Irvine32.obj
 0001:000011a5       _WriteToFile@0             004021a5 f   Irvine32:Irvine32.obj
 0001:000011ba       _WriteWindowsMsg@0         004021ba f   Irvine32:Irvine32.obj
 0001:000026f0       _start@0@0                 004036f0 f   main.obj
 0001:00002789       _CheckJumpKey@0            00403789 f   main.obj
 0001:000027b1       _Jump@0                    004037b1 f   main.obj
 0001:00002815       _CheckCollision@0          00403815 f   main.obj
 0001:0000284d       _GameOver@0                0040384d f   main.obj
 0001:00002898       _DrawBox@0                 00403898 f   main.obj
 0001:000029a0       _DrawCactus@0              004039a0 f   main.obj
 0001:00002a6b       _DrawScore@0               00403a6b f   main.obj
 0001:00002aa6       _DrawHighScore@0           00403aa6 f   main.obj
 0001:00002ae1       _DrawBackground@0          00403ae1 f   main.obj
 0001:00002afb       _MoveCactus@0              00403afb f   main.obj
 0001:00002b3a       _WaitForRelease@0          00403b3a f   main.obj
 0001:00002b48       _FormatScore@0             00403b48 f   main.obj
 0001:00002c93       _ExitProcess@4             00403c93 f   kernel32:KERNEL32.dll
 0001:00002c99       _GetStdHandle@4            00403c99 f   kernel32:KERNEL32.dll
 0001:00002c9f       _Sleep@4                   00403c9f f   kernel32:KERNEL32.dll
 0001:00002ca5       _WriteConsoleOutputCharacterA@20 00403ca5 f   kernel32:KERNEL32.dll
 0001:00002cab       _WriteConsoleOutputAttribute@20 00403cab f   kernel32:KERNEL32.dll
 0001:00002cb1       _SetConsoleOutputCP@4      00403cb1 f   kernel32:KERNEL32.dll
 0001:00002cb7       _CloseHandle@4             00403cb7 f   kernel32:KERNEL32.dll
 0001:00002cbd       _CreateFileA@28            00403cbd f   kernel32:KERNEL32.dll
 0001:00002cc3       _FormatMessageA@28         00403cc3 f   kernel32:KERNEL32.dll
 0001:00002cc9       _FlushConsoleInputBuffer@4 00403cc9 f   kernel32:KERNEL32.dll
 0001:00002ccf       _GetCommandLineA@0         00403ccf f   kernel32:KERNEL32.dll
 0001:00002cd5       _GetConsoleMode@8          00403cd5 f   kernel32:KERNEL32.dll
 0001:00002cdb       _GetConsoleScreenBufferInfo@8 00403cdb f   kernel32:KERNEL32.dll
 0001:00002ce1       _GetLastError@0            00403ce1 f   kernel32:KERNEL32.dll
 0001:00002ce7       _GetLocalTime@4            00403ce7 f   kernel32:KERNEL32.dll
 0001:00002ced       _GetSystemTime@4           00403ced f   kernel32:KERNEL32.dll
 0001:00002cf3       _LocalFree@4               00403cf3 f   kernel32:KERNEL32.dll
 0001:00002cf9       _PeekConsoleInputA@16      00403cf9 f   kernel32:KERNEL32.dll
 0001:00002cff       _ReadConsoleA@20           00403cff f   kernel32:KERNEL32.dll
 0001:00002d05       _ReadConsoleInputA@16      00403d05 f   kernel32:KERNEL32.dll
 0001:00002d0b       _ReadFile@20               00403d0b f   kernel32:KERNEL32.dll
 0001:00002d11       _SetConsoleCursorPosition@8 00403d11 f   kernel32:KERNEL32.dll
 0001:00002d17       _SetConsoleMode@8          00403d17 f   kernel32:KERNEL32.dll
 0001:00002d1d       _SetConsoleTextAttribute@8 00403d1d f   kernel32:KERNEL32.dll
 0001:00002d23       _SystemTimeToFileTime@8    00403d23 f   kernel32:KERNEL32.dll
 0001:00002d29       _WriteConsoleA@20          00403d29 f   kernel32:KERNEL32.dll
 0001:00002d2f       _WriteFile@20              00403d2f f   kernel32:KERNEL32.dll
 0001:00002d35       _GetAsyncKeyState@4        00403d35 f   user32:USER32.dll
 0001:00002d3b       _MessageBoxA@16            00403d3b f   user32:USER32.dll
 0004:00000000       __imp__ExitProcess@4       00408000     kernel32:KERNEL32.dll
 0004:00000004       __imp__GetStdHandle@4      00408004     kernel32:KERNEL32.dll
 0004:00000008       __imp__Sleep@4             00408008     kernel32:KERNEL32.dll
 0004:0000000c       __imp__WriteConsoleOutputCharacterA@20 0040800c     kernel32:KERNEL32.dll
 0004:00000010       __imp__WriteConsoleOutputAttribute@20 00408010     kernel32:KERNEL32.dll
 0004:00000014       __imp__SetConsoleOutputCP@4 00408014     kernel32:KERNEL32.dll
 0004:00000018       __imp__CloseHandle@4       00408018     kernel32:KERNEL32.dll
 0004:0000001c       __imp__CreateFileA@28      0040801c     kernel32:KERNEL32.dll
 0004:00000020       __imp__FormatMessageA@28   00408020     kernel32:KERNEL32.dll
 0004:00000024       __imp__FlushConsoleInputBuffer@4 00408024     kernel32:KERNEL32.dll
 0004:00000028       __imp__GetCommandLineA@0   00408028     kernel32:KERNEL32.dll
 0004:0000002c       __imp__GetConsoleMode@8    0040802c     kernel32:KERNEL32.dll
 0004:00000030       __imp__GetConsoleScreenBufferInfo@8 00408030     kernel32:KERNEL32.dll
 0004:00000034       __imp__GetLastError@0      00408034     kernel32:KERNEL32.dll
 0004:00000038       __imp__GetLocalTime@4      00408038     kernel32:KERNEL32.dll
 0004:0000003c       __imp__GetSystemTime@4     0040803c     kernel32:KERNEL32.dll
 0004:00000040       __imp__LocalFree@4         00408040     kernel32:KERNEL32.dll
 0004:00000044       __imp__PeekConsoleInputA@16 00408044     kernel32:KERNEL32.dll
 0004:00000048       __imp__ReadConsoleA@20     00408048     kernel32:KERNEL32.dll
 0004:0000004c       __imp__ReadConsoleInputA@16 0040804c     kernel32:KERNEL32.dll
 0004:00000050       __imp__ReadFile@20         00408050     kernel32:KERNEL32.dll
 0004:00000054       __imp__SetConsoleCursorPosition@8 00408054     kernel32:KERNEL32.dll
 0004:00000058       __imp__SetConsoleMode@8    00408058     kernel32:KERNEL32.dll
 0004:0000005c       __imp__SetConsoleTextAttribute@8 0040805c     kernel32:KERNEL32.dll
 0004:00000060       __imp__SystemTimeToFileTime@8 00408060     kernel32:KERNEL32.dll
 0004:00000064       __imp__WriteConsoleA@20    00408064     kernel32:KERNEL32.dll
 0004:00000068       __imp__WriteFile@20        00408068     kernel32:KERNEL32.dll
 0004:0000006c       \177KERNEL32_NULL_THUNK_DATA 0040806c     kernel32:KERNEL32.dll
 0004:000000ac       __imp__MessageBoxA@16      004080ac     user32:USER32.dll
 0004:000000b0       __imp__GetAsyncKeyState@4  004080b0     user32:USER32.dll
 0004:000000b4       \177USER32_NULL_THUNK_DATA 004080b4     user32:USER32.dll
 0004:000000e0       __IMPORT_DESCRIPTOR_KERNEL32 004080e0     kernel32:KERNEL32.dll
 0004:000000f4       __IMPORT_DESCRIPTOR_USER32 004080f4     user32:USER32.dll
 0004:00000108       __NULL_IMPORT_DESCRIPTOR   00408108     kernel32:KERNEL32.dll

 entry point at        0001:000000a0

 Static symbols

 0000:ffff5000       .debug$S                   00400000     kernel32:KERNEL32.dll
 0000:ffff5000       .debug$S                   00400000     kernel32:KERNEL32.dll
 0000:ffff5000       .debug$S                   00400000     kernel32:KERNEL32.dll
 0000:ffff5000       .debug$S                   00400000     kernel32:KERNEL32.dll
 0000:ffff5000       .debug$S                   00400000     kernel32:KERNEL32.dll
 0000:ffff5000       .debug$S                   00400000     kernel32:KERNEL32.dll
 0000:ffff5000       .debug$S                   00400000     kernel32:KERNEL32.dll
 0000:ffff5000       .debug$S                   00400000     kernel32:KERNEL32.dll
 0000:ffff5000       .debug$S                   00400000     kernel32:KERNEL32.dll
 0000:ffff5000       .debug$S                   00400000     kernel32:KERNEL32.dll
 0000:ffff5000       .debug$S                   00400000     kernel32:KERNEL32.dll
 0000:ffff5000       .debug$S                   00400000     kernel32:KERNEL32.dll
 0000:ffff5000       .debug$S                   00400000     kernel32:KERNEL32.dll
 0000:ffff5000       .debug$S                   00400000     kernel32:KERNEL32.dll
 0000:ffff5000       .debug$S                   00400000     kernel32:KERNEL32.dll
 0000:ffff5000       .debug$S                   00400000     kernel32:KERNEL32.dll
 0000:ffff5000       .debug$S                   00400000     kernel32:KERNEL32.dll
 0000:ffff5000       .debug$S                   00400000     kernel32:KERNEL32.dll
 0000:ffff5000       .debug$S                   00400000     kernel32:KERNEL32.dll
 0000:ffff5000       .debug$S                   00400000     kernel32:KERNEL32.dll
 0000:ffff5000       .debug$S                   00400000     kernel32:KERNEL32.dll
 0000:ffff5000       .debug$S                   00400000     kernel32:KERNEL32.dll
 0000:ffff5000       .debug$S                   00400000     kernel32:KERNEL32.dll
 0000:ffff5000       .debug$S                   00400000     kernel32:KERNEL32.dll
 0000:ffff5000       .debug$S                   00400000     kernel32:KERNEL32.dll
 0000:ffff5000       .debug$S                   00400000     kernel32:KERNEL32.dll
 0000:ffff5000       .debug$S                   00400000     kernel32:KERNEL32.dll
 0000:ffff5000       .debug$S                   00400000     user32:USER32.dll
 0000:ffff5000       .debug$S                   00400000     user32:USER32.dll
 0001:00000674       _scan_for_quote@0          00401674 f   Irvine32:Irvine32.obj
 0001:0000079b       _Initialize@0              0040179b f   Irvine32:Irvine32.obj
 0001:00000b9f       _ReadKeyTranslate@0        00401b9f f   Irvine32:Irvine32.obj
 0001:00001215       _AsciiDigit@0              00402215 f   Irvine32:Irvine32.obj
 0001:0000121e       _HexByte@0                 0040221e f   Irvine32:Irvine32.obj
 0001:000026f0       $$000000                   004036f0     main.obj
 0003:00000000       floorLength                00406000     main.obj
 0003:00000004       floor                      00406004     main.obj
 0003:00000068       floorFix                   00406068     main.obj
 0003:00000069       boxTop                     00406069     main.obj
 0003:0000006c       boxBody                    0040606c     main.obj
 0003:0000006f       boxBottom                  0040606f     main.obj
 0003:00000072       cactusTop                  00406072     main.obj
 0003:00000077       cactusMiddle               00406077     main.obj
 0003:0000007d       cactusBottom               0040607d     main.obj
 0003:0000007f       cactus_pos                 0040607f     main.obj
 0003:00000083       cactus_height              00406083     main.obj
 0003:00000087       cactus                     00406087     main.obj
 0003:00000089       cactus_speed               00406089     main.obj
 0003:0000008b       outputHandle               0040608b     main.obj
 0003:0000008f       bytesWritten               0040608f     main.obj
 0003:00000093       count                      00406093     main.obj
 0003:00000097       highscore_pos              00406097     main.obj
 0003:0000009b       score_pos                  0040609b     main.obj
 0003:0000009f       floor_pos                  0040609f     main.obj
 0003:000000a3       xyPosition                 004060a3     main.obj
 0003:000000a7       xyBound                    004060a7     main.obj
 0003:000000ab       cellsWritten               004060ab     main.obj
 0003:000000af       attributes_floor           004060af     main.obj
 0003:00000177       attributes0                00406177     main.obj
 0003:0000017d       attributes1                0040617d     main.obj
 0003:00000183       attributes2                00406183     main.obj
 0003:00000189       velocity                   00406189     main.obj
 0003:0000018b       gravity                    0040618b     main.obj
 0003:0000018d       keyState                   0040618d     main.obj
 0003:00000191       score                      00406191     main.obj
 0003:00000195       highscore                  00406195     main.obj
 0003:00000199       scoreString                00406199     main.obj
 0003:000001a5       highscoreString            004061a5     main.obj
 0003:000001b7       gameOverMessage            004061b7     main.obj
 0003:00000220       InitFlag                   00406220     Irvine32:Irvine32.obj
 0003:00000221       xtable                     00406221     Irvine32:Irvine32.obj
 0003:00000231       blanks                     00406231     Irvine32:Irvine32.obj
 0003:00000431       attribs                    00406431     Irvine32:Irvine32.obj
 0003:00000831       lineLength                 00406831     Irvine32:Irvine32.obj
 0003:00000835       cursorLoc                  00406835     Irvine32:Irvine32.obj
 0003:00000839       count                      00406839     Irvine32:Irvine32.obj
 0003:0000083d       ??0002                     0040683d     Irvine32:Irvine32.obj
 0003:00000842       dumpPrompt                 00406842     Irvine32:Irvine32.obj
 0003:00000854       dashLine                   00406854     Irvine32:Irvine32.obj
 0003:00000876       ??0003                     00406876     Irvine32:Irvine32.obj
 0003:00000879       ??0004                     00406879     Irvine32:Irvine32.obj
 0003:0000087b       ??0005                     0040687b     Irvine32:Irvine32.obj
 0003:0000087d       saveIP                     0040687d     Irvine32:Irvine32.obj
 0003:00000881       saveESP                    00406881     Irvine32:Irvine32.obj
 0003:00000885       ??0006                     00406885     Irvine32:Irvine32.obj
 0003:0000088c       ??0007                     0040688c     Irvine32:Irvine32.obj
 0003:00000893       ??0008                     00406893     Irvine32:Irvine32.obj
 0003:0000089a       ??0009                     0040689a     Irvine32:Irvine32.obj
 0003:000008a1       ??000A                     004068a1     Irvine32:Irvine32.obj
 0003:000008a8       ??000B                     004068a8     Irvine32:Irvine32.obj
 0003:000008af       ??000C                     004068af     Irvine32:Irvine32.obj
 0003:000008b6       ??000D                     004068b6     Irvine32:Irvine32.obj
 0003:000008bd       ??000E                     004068bd     Irvine32:Irvine32.obj
 0003:000008c4       ??000F                     004068c4     Irvine32:Irvine32.obj
 0003:000008cb       ??0010                     004068cb     Irvine32:Irvine32.obj
 0003:000008d0       ??0011                     004068d0     Irvine32:Irvine32.obj
 0003:000008d2       ??0013                     004068d2     Irvine32:Irvine32.obj
 0003:000008d7       ??0014                     004068d7     Irvine32:Irvine32.obj
 0003:000008d9       ??0016                     004068d9     Irvine32:Irvine32.obj
 0003:000008de       ??0017                     004068de     Irvine32:Irvine32.obj
 0003:000008e0       ??0019                     004068e0     Irvine32:Irvine32.obj
 0003:000008e5       ??001A                     004068e5     Irvine32:Irvine32.obj
 0003:000008e7       ??001C                     004068e7     Irvine32:Irvine32.obj
 0003:000008ec       ??001D                     004068ec     Irvine32:Irvine32.obj
 0003:000008ee       ??001F                     004068ee     Irvine32:Irvine32.obj
 0003:000008f3       ??0020                     004068f3     Irvine32:Irvine32.obj
 0003:000008f5       _cursorPosition            004068f5     Irvine32:Irvine32.obj
 0003:000008f9       @zx02abc_def_caption       004068f9     Irvine32:Irvine32.obj
 0003:000008fb       @zq02abc_def_caption       004068fb     Irvine32:Irvine32.obj
 0003:000008fd       overflow_msgL              004068fd     Irvine32:Irvine32.obj
 0003:00000918       invalid_msgL               00406918     Irvine32:Irvine32.obj
 0003:0000092b       seed                       0040692b     Irvine32:Irvine32.obj
 0003:0000092f       xbtable                    0040692f     Irvine32:Irvine32.obj
 0003:00000946       numVal                     00406946     Irvine32:Irvine32.obj
 0003:0000094a       charVal                    0040694a     Irvine32:Irvine32.obj
 0003:0000094b       evBuffer                   0040694b     Irvine32:Irvine32.obj
 0003:0000095f       evRepeat                   0040695f     Irvine32:Irvine32.obj
 0003:00000961       SpecialCases               00406961     Irvine32:Irvine32.obj
 0003:000009a2       _$$temp                    004069a2     Irvine32:Irvine32.obj
 0003:000009a6       waitmsgstr                 004069a6     Irvine32:Irvine32.obj
 0003:000009c3       bufferL                    004069c3     Irvine32:Irvine32.obj
 0003:000009d0       bufferLHB                  004069d0     Irvine32:Irvine32.obj
 0003:000009d9       buffer_B                   004069d9     Irvine32:Irvine32.obj
 0003:000009e6       neg_flag                   004069e6     Irvine32:Irvine32.obj
 0003:000009e7       LblStack                   004069e7     Irvine32:Irvine32.obj
 0003:000009f4       LblFor                     004069f4     Irvine32:Irvine32.obj
 0003:000009f9       LblEbp                     004069f9     Irvine32:Irvine32.obj
 0003:000009ff       LblParam                   004069ff     Irvine32:Irvine32.obj
 0003:00000a0c       LblEbpPtr                  00406a0c     Irvine32:Irvine32.obj
 0003:00000a22       LblSaved                   00406a22     Irvine32:Irvine32.obj
 0003:00000a34       LblLocal                   00406a34     Irvine32:Irvine32.obj
 0003:00000a46       LblReturn                  00406a46     Irvine32:Irvine32.obj
 0003:00000a58       LblEsp                     00406a58     Irvine32:Irvine32.obj
 0003:00000a64       BadStackFrameMsg           00406a64     Irvine32:Irvine32.obj
 0003:00000a7f       NoName                     00406a7f     Irvine32:Irvine32.obj
 0003:00000a80       WriteToFile_1              00406a80     Irvine32:Irvine32.obj
 0003:00000a84       WriteWindowsMsg_1          00406a84     Irvine32:Irvine32.obj
 0003:00000a8b       WriteWindowsMsg_2          00406a8b     Irvine32:Irvine32.obj
 0003:00000a8e       pErrorMsg                  00406a8e     Irvine32:Irvine32.obj
 0003:00000a92       messageId                  00406a92     Irvine32:Irvine32.obj
 0003:00000d50       consoleInHandle            00406d50     Irvine32:Irvine32.obj
 0003:00000d54       consoleOutHandle           00406d54     Irvine32:Irvine32.obj
 0003:00000d58       bytesWritten               00406d58     Irvine32:Irvine32.obj
 0003:00000d5c       eflags                     00406d5c     Irvine32:Irvine32.obj
 0003:00000d60       digitBuffer                00406d60     Irvine32:Irvine32.obj
 0003:00000db1       buffer                     00406db1     Irvine32:Irvine32.obj
 0003:00000fb1       bytesRead                  00406fb1     Irvine32:Irvine32.obj
 0003:00000fb5       sysTime                    00406fb5     Irvine32:Irvine32.obj
 0004:000003fc       .idata$6                   004083fc     kernel32:KERNEL32.dll
 0004:0000042c       .idata$6                   0040842c     user32:USER32.dll
 0005:00000170       $R000000                   00409170     * linker generated manifest res *
