 Asm_Final_Project

 Timestamp is 677243c1 (Mon Dec 30 14:54:57 2024)

 Preferred load address is 00400000

 Start         Length     Name                   Class
 0001:00000000 00002800H .text                   CODE
 0001:00002800 00002e4bH .text$mn                CODE
 0002:00000000 00000144H .rdata                  DATA
 0002:00000143 00000000H .edata                  DATA
 0002:00000144 00000199H .rdata$zzzdbg           DATA
 0003:00000000 000016d0H .data                   DATA
 0003:000016d0 000002f2H .bss                    DATA
 0004:00000000 000000e0H .idata$5                DATA
 0004:000000e0 00000028H .idata$2                DATA
 0004:00000108 00000014H .idata$3                DATA
 0004:0000011c 000000e0H .idata$4                DATA
 0004:000001fc 00000375H .idata$6                DATA
 0005:00000000 00000170H .rsrc$01                DATA
 0005:00000170 000002ccH .rsrc$02                DATA

  Address         Publics by Value              Rva+Base       Lib:Object

 0000:00000000       ___AbsoluteZero            00000000     <absolute>
 0000:00000000       ___arm64x_extra_rfe_table  00000000     <absolute>
 0000:00000000       ___arm64x_extra_rfe_table_size 00000000     <absolute>
 0000:00000000       ___arm64x_native_entrypoint 00000000     <absolute>
 0000:00000000       ___arm64x_redirection_metadata 00000000     <absolute>
 0000:00000000       ___arm64x_redirection_metadata_count 00000000     <absolute>
 0000:00000000       ___dynamic_value_reloc_table 00000000     <absolute>
 0000:00000000       ___enclave_config          00000000     <absolute>
 0000:00000000       ___guard_check_icall_a64n_fptr 00000000     <absolute>
 0000:00000000       ___guard_eh_cont_count     00000000     <absolute>
 0000:00000000       ___guard_eh_cont_table     00000000     <absolute>
 0000:00000000       ___guard_fids_count        00000000     <absolute>
 0000:00000000       ___guard_fids_table        00000000     <absolute>
 0000:00000000       ___guard_flags             00000000     <absolute>
 0000:00000000       ___guard_iat_count         00000000     <absolute>
 0000:00000000       ___guard_iat_table         00000000     <absolute>
 0000:00000000       ___guard_longjmp_count     00000000     <absolute>
 0000:00000000       ___guard_longjmp_table     00000000     <absolute>
 0000:00000000       ___hybrid_auxiliary_delayload_iat 00000000     <absolute>
 0000:00000000       ___hybrid_auxiliary_delayload_iat_copy 00000000     <absolute>
 0000:00000000       ___hybrid_auxiliary_iat    00000000     <absolute>
 0000:00000000       ___hybrid_auxiliary_iat_copy 00000000     <absolute>
 0000:00000000       ___hybrid_code_map         00000000     <absolute>
 0000:00000000       ___hybrid_code_map_count   00000000     <absolute>
 0000:00000000       ___hybrid_image_info_bitfield 00000000     <absolute>
 0000:00000000       ___safe_se_handler_count   00000000     <absolute>
 0000:00000000       ___safe_se_handler_table   00000000     <absolute>
 0000:00000000       ___volatile_metadata       00000000     <absolute>
 0000:00000000       ___x64_code_ranges_to_entry_points 00000000     <absolute>
 0000:00000000       ___x64_code_ranges_to_entry_points_count 00000000     <absolute>
 0001:00000360       _CloseFile@0               00401360 f   Irvine32:Irvine32.obj
 0001:00000367       _Clrscr@0                  00401367 f   Irvine32:Irvine32.obj
 0001:0000042c       _CreateOutputFile@0        0040142c f   Irvine32:Irvine32.obj
 0001:00000445       _Crlf@0                    00401445 f   Irvine32:Irvine32.obj
 0001:00000460       _Delay@0                   00401460 f   Irvine32:Irvine32.obj
 0001:00000469       _DumpMem@0                 00401469 f   Irvine32:Irvine32.obj
 0001:00000524       _DumpRegs@0                00401524 f   Irvine32:Irvine32.obj
 0001:0000071f       _GetCommandTail@0          0040171f f   Irvine32:Irvine32.obj
 0001:0000075c       _GetDateTime@4             0040175c f   Irvine32:Irvine32.obj
 0001:0000078e       _GetMaxXY@0                0040178e f   Irvine32:Irvine32.obj
 0001:000007bd       _GetMseconds@0             004017bd f   Irvine32:Irvine32.obj
 0001:0000081a       _GetTextColor@0            0040181a f   Irvine32:Irvine32.obj
 0001:00000845       _Gotoxy@0                  00401845 f   Irvine32:Irvine32.obj
 0001:0000089d       _IsDigit@0                 0040189d f   Irvine32:Irvine32.obj
 0001:000008aa       _MsgBox@0                  004018aa f   Irvine32:Irvine32.obj
 0001:000008c1       _MsgBoxAsk@0               004018c1 f   Irvine32:Irvine32.obj
 0001:000008e0       _OpenInputFile@0           004018e0 f   Irvine32:Irvine32.obj
 0001:000008f9       _ParseDecimal32@0          004018f9 f   Irvine32:Irvine32.obj
 0001:0000095b       _ParseInteger32@0          0040195b f   Irvine32:Irvine32.obj
 0001:00000a16       _Random32@0                00401a16 f   Irvine32:Irvine32.obj
 0001:00000a31       _RandomRange@0             00401a31 f   Irvine32:Irvine32.obj
 0001:00000a46       _Randomize@0               00401a46 f   Irvine32:Irvine32.obj
 0001:00000a5f       _ReadChar@0                00401a5f f   Irvine32:Irvine32.obj
 0001:00000a75       _ReadDec@0                 00401a75 f   Irvine32:Irvine32.obj
 0001:00000a90       _ReadFromFile@0            00401a90 f   Irvine32:Irvine32.obj
 0001:00000ab3       _ReadHex@0                 00401ab3 f   Irvine32:Irvine32.obj
 0001:00000b34       _ReadInt@0                 00401b34 f   Irvine32:Irvine32.obj
 0001:00000b4f       _ReadKey@0                 00401b4f f   Irvine32:Irvine32.obj
 0001:00000c6a       _ReadKeyFlush@0            00401c6a f   Irvine32:Irvine32.obj
 0001:00000d38       _ReadString@0              00401d38 f   Irvine32:Irvine32.obj
 0001:00000df1       _SetTextColor@0            00401df1 f   Irvine32:Irvine32.obj
 0001:00000e12       _StrLength@0               00401e12 f   Irvine32:Irvine32.obj
 0001:00000e23       _Str_compare@8             00401e23 f   Irvine32:Irvine32.obj
 0001:00000e4d       _Str_copy@8                00401e4d f   Irvine32:Irvine32.obj
 0001:00000e70       _Str_length@4              00401e70 f   Irvine32:Irvine32.obj
 0001:00000e8a       _Str_trim@8                00401e8a f   Irvine32:Irvine32.obj
 0001:00000eb8       _Str_ucase@4               00401eb8 f   Irvine32:Irvine32.obj
 0001:00000eda       _WaitMsg@0                 00401eda f   Irvine32:Irvine32.obj
 0001:00000eec       _WriteBin@0                00401eec f   Irvine32:Irvine32.obj
 0001:00000ef9       _WriteBinB@0               00401ef9 f   Irvine32:Irvine32.obj
 0001:00000f4c       _WriteChar@0               00401f4c f   Irvine32:Irvine32.obj
 0001:00000f7e       _WriteDec@0                00401f7e f   Irvine32:Irvine32.obj
 0001:00000fbf       _WriteHex@0                00401fbf f   Irvine32:Irvine32.obj
 0001:00000fcc       _WriteHexB@0               00401fcc f   Irvine32:Irvine32.obj
 0001:0000105e       _WriteInt@0                0040205e f   Irvine32:Irvine32.obj
 0001:000010bf       _WriteStackFrameName@16    004020bf f   Irvine32:Irvine32.obj
 0001:0000123f       _WriteStackFrame@12        0040223f f   Irvine32:Irvine32.obj
 0001:00001259       _WriteString@0             00402259 f   Irvine32:Irvine32.obj
 0001:00001285       _WriteToFile@0             00402285 f   Irvine32:Irvine32.obj
 0001:0000129a       _WriteWindowsMsg@0         0040229a f   Irvine32:Irvine32.obj
 0001:00002800       _start@0@0                 00403800 f   main.obj
 0001:0000288a       _CheckJumpKey@0            0040388a f   main.obj
 0001:000028c6       _Jump@0                    004038c6 f   main.obj
 0001:0000298b       _Squat@0                   0040398b f   main.obj
 0001:000029fb       _CheckCollision@0          004039fb f   main.obj
 0001:00002a82       _abs@0                     00403a82 f   main.obj
 0001:00002a8c       _RestartGame@0             00403a8c f   main.obj
 0001:00002b09       _GameOverMsg@0             00403b09 f   main.obj
 0001:00002c51       _WaitForEnter@0            00403c51 f   main.obj
 0001:00002c73       _WaitForStart@0            00403c73 f   main.obj
 0001:00002c87       _ExitGame@0                00403c87 f   main.obj
 0001:00002cc8       _DrawTitle@0               00403cc8 f   main.obj
 0001:00003046       _DrawFloor@0               00404046 f   main.obj
 0001:00003089       _DrawDinosaur@0            00404089 f   main.obj
 0001:00003258       _DrawDinosaurStandLeftStep@0 00404258 f   main.obj
 0001:00003427       _DrawDinosaurStandRightStep@0 00404427 f   main.obj
 0001:000035f6       _DrawSquatFirstStep@0      004045f6 f   main.obj
 0001:00003785       _DrawSquatSecondStep@0     00404785 f   main.obj
 0001:00003914       _DrawBirdFlyUp@0           00404914 f   main.obj
 0001:000039ff       _DrawBirdFlyDown@0         004049ff f   main.obj
 0001:00003b23       _DrawIntro@0               00404b23 f   main.obj
 0001:00003bea       _DrawStartMessage@0        00404bea f   main.obj
 0001:00003c6f       _DrawCactus@0              00404c6f f   main.obj
 0001:00003d4a       _DrawScore@0               00404d4a f   main.obj
 0001:00003d85       _DrawHighScore@0           00404d85 f   main.obj
 0001:00003dc0       _DrawBackground@0          00404dc0 f   main.obj
 0001:00003de9       _DrawStandLeftStepBackground@0 00404de9 f   main.obj
 0001:00003e12       _DrawStandRightStepBackground@0 00404e12 f   main.obj
 0001:00003e3b       _DrawSquatFirstStepBackground@0 00404e3b f   main.obj
 0001:00003e64       _DrawSquatSecondStepBackground@0 00404e64 f   main.obj
 0001:00003e8d       _MoveCactus@0              00404e8d f   main.obj
 0001:00003ecc       _MoveBird@0                00404ecc f   main.obj
 0001:00003f34       _WaitForRelease@0          00404f34 f   main.obj
 0001:00003f42       _FormatScore@0             00404f42 f   main.obj
 0001:00003f68       _FormatHighScore@0         00404f68 f   main.obj
 0001:00004571       _ExitProcess@4             00405571 f   kernel32:KERNEL32.dll
 0001:00004577       _GetStdHandle@4            00405577 f   kernel32:KERNEL32.dll
 0001:0000457d       _Sleep@4                   0040557d f   kernel32:KERNEL32.dll
 0001:00004583       _WriteConsoleOutputCharacterA@20 00405583 f   kernel32:KERNEL32.dll
 0001:00004589       _WriteConsoleOutputAttribute@20 00405589 f   kernel32:KERNEL32.dll
 0001:0000458f       _SetConsoleOutputCP@4      0040558f f   kernel32:KERNEL32.dll
 0001:00004595       _CloseHandle@4             00405595 f   kernel32:KERNEL32.dll
 0001:0000459b       _CreateFileA@28            0040559b f   kernel32:KERNEL32.dll
 0001:000045a1       _FormatMessageA@28         004055a1 f   kernel32:KERNEL32.dll
 0001:000045a7       _FlushConsoleInputBuffer@4 004055a7 f   kernel32:KERNEL32.dll
 0001:000045ad       _GetCommandLineA@0         004055ad f   kernel32:KERNEL32.dll
 0001:000045b3       _GetConsoleMode@8          004055b3 f   kernel32:KERNEL32.dll
 0001:000045b9       _GetConsoleScreenBufferInfo@8 004055b9 f   kernel32:KERNEL32.dll
 0001:000045bf       _GetLastError@0            004055bf f   kernel32:KERNEL32.dll
 0001:000045c5       _GetLocalTime@4            004055c5 f   kernel32:KERNEL32.dll
 0001:000045cb       _GetSystemTime@4           004055cb f   kernel32:KERNEL32.dll
 0001:000045d1       _LocalFree@4               004055d1 f   kernel32:KERNEL32.dll
 0001:000045d7       _PeekConsoleInputA@16      004055d7 f   kernel32:KERNEL32.dll
 0001:000045dd       _ReadConsoleA@20           004055dd f   kernel32:KERNEL32.dll
 0001:000045e3       _ReadConsoleInputA@16      004055e3 f   kernel32:KERNEL32.dll
 0001:000045e9       _ReadFile@20               004055e9 f   kernel32:KERNEL32.dll
 0001:000045ef       _SetConsoleCursorPosition@8 004055ef f   kernel32:KERNEL32.dll
 0001:000045f5       _SetConsoleMode@8          004055f5 f   kernel32:KERNEL32.dll
 0001:000045fb       _SetConsoleTextAttribute@8 004055fb f   kernel32:KERNEL32.dll
 0001:00004601       _SystemTimeToFileTime@8    00405601 f   kernel32:KERNEL32.dll
 0001:00004607       _WriteConsoleA@20          00405607 f   kernel32:KERNEL32.dll
 0001:0000460d       _WriteFile@20              0040560d f   kernel32:KERNEL32.dll
 0001:00004613       _GetAsyncKeyState@4        00405613 f   user32:USER32.dll
 0001:00004619       _MessageBoxA@16            00405619 f   user32:USER32.dll
 0004:00000000       __imp__ExitProcess@4       0040a000     kernel32:KERNEL32.dll
 0004:00000004       __imp__GetStdHandle@4      0040a004     kernel32:KERNEL32.dll
 0004:00000008       __imp__Sleep@4             0040a008     kernel32:KERNEL32.dll
 0004:0000000c       __imp__WriteConsoleOutputCharacterA@20 0040a00c     kernel32:KERNEL32.dll
 0004:00000010       __imp__WriteConsoleOutputAttribute@20 0040a010     kernel32:KERNEL32.dll
 0004:00000014       __imp__SetConsoleOutputCP@4 0040a014     kernel32:KERNEL32.dll
 0004:00000018       __imp__CloseHandle@4       0040a018     kernel32:KERNEL32.dll
 0004:0000001c       __imp__CreateFileA@28      0040a01c     kernel32:KERNEL32.dll
 0004:00000020       __imp__FormatMessageA@28   0040a020     kernel32:KERNEL32.dll
 0004:00000024       __imp__FlushConsoleInputBuffer@4 0040a024     kernel32:KERNEL32.dll
 0004:00000028       __imp__GetCommandLineA@0   0040a028     kernel32:KERNEL32.dll
 0004:0000002c       __imp__GetConsoleMode@8    0040a02c     kernel32:KERNEL32.dll
 0004:00000030       __imp__GetConsoleScreenBufferInfo@8 0040a030     kernel32:KERNEL32.dll
 0004:00000034       __imp__GetLastError@0      0040a034     kernel32:KERNEL32.dll
 0004:00000038       __imp__GetLocalTime@4      0040a038     kernel32:KERNEL32.dll
 0004:0000003c       __imp__GetSystemTime@4     0040a03c     kernel32:KERNEL32.dll
 0004:00000040       __imp__LocalFree@4         0040a040     kernel32:KERNEL32.dll
 0004:00000044       __imp__PeekConsoleInputA@16 0040a044     kernel32:KERNEL32.dll
 0004:00000048       __imp__ReadConsoleA@20     0040a048     kernel32:KERNEL32.dll
 0004:0000004c       __imp__ReadConsoleInputA@16 0040a04c     kernel32:KERNEL32.dll
 0004:00000050       __imp__ReadFile@20         0040a050     kernel32:KERNEL32.dll
 0004:00000054       __imp__SetConsoleCursorPosition@8 0040a054     kernel32:KERNEL32.dll
 0004:00000058       __imp__SetConsoleMode@8    0040a058     kernel32:KERNEL32.dll
 0004:0000005c       __imp__SetConsoleTextAttribute@8 0040a05c     kernel32:KERNEL32.dll
 0004:00000060       __imp__SystemTimeToFileTime@8 0040a060     kernel32:KERNEL32.dll
 0004:00000064       __imp__WriteConsoleA@20    0040a064     kernel32:KERNEL32.dll
 0004:00000068       __imp__WriteFile@20        0040a068     kernel32:KERNEL32.dll
 0004:0000006c       \177KERNEL32_NULL_THUNK_DATA 0040a06c     kernel32:KERNEL32.dll
 0004:000000ac       __imp__MessageBoxA@16      0040a0ac     user32:USER32.dll
 0004:000000b0       __imp__GetAsyncKeyState@4  0040a0b0     user32:USER32.dll
 0004:000000b4       \177USER32_NULL_THUNK_DATA 0040a0b4     user32:USER32.dll
 0004:000000e0       __IMPORT_DESCRIPTOR_KERNEL32 0040a0e0     kernel32:KERNEL32.dll
 0004:000000f4       __IMPORT_DESCRIPTOR_USER32 0040a0f4     user32:USER32.dll
 0004:00000108       __NULL_IMPORT_DESCRIPTOR   0040a108     kernel32:KERNEL32.dll

 entry point at        0001:000000eb

 Static symbols

 0000:ffff3000       .debug$S                   00400000     kernel32:KERNEL32.dll
 0000:ffff3000       .debug$S                   00400000     kernel32:KERNEL32.dll
 0000:ffff3000       .debug$S                   00400000     kernel32:KERNEL32.dll
 0000:ffff3000       .debug$S                   00400000     kernel32:KERNEL32.dll
 0000:ffff3000       .debug$S                   00400000     kernel32:KERNEL32.dll
 0000:ffff3000       .debug$S                   00400000     kernel32:KERNEL32.dll
 0000:ffff3000       .debug$S                   00400000     kernel32:KERNEL32.dll
 0000:ffff3000       .debug$S                   00400000     kernel32:KERNEL32.dll
 0000:ffff3000       .debug$S                   00400000     kernel32:KERNEL32.dll
 0000:ffff3000       .debug$S                   00400000     kernel32:KERNEL32.dll
 0000:ffff3000       .debug$S                   00400000     kernel32:KERNEL32.dll
 0000:ffff3000       .debug$S                   00400000     kernel32:KERNEL32.dll
 0000:ffff3000       .debug$S                   00400000     kernel32:KERNEL32.dll
 0000:ffff3000       .debug$S                   00400000     kernel32:KERNEL32.dll
 0000:ffff3000       .debug$S                   00400000     kernel32:KERNEL32.dll
 0000:ffff3000       .debug$S                   00400000     kernel32:KERNEL32.dll
 0000:ffff3000       .debug$S                   00400000     kernel32:KERNEL32.dll
 0000:ffff3000       .debug$S                   00400000     kernel32:KERNEL32.dll
 0000:ffff3000       .debug$S                   00400000     kernel32:KERNEL32.dll
 0000:ffff3000       .debug$S                   00400000     kernel32:KERNEL32.dll
 0000:ffff3000       .debug$S                   00400000     kernel32:KERNEL32.dll
 0000:ffff3000       .debug$S                   00400000     kernel32:KERNEL32.dll
 0000:ffff3000       .debug$S                   00400000     kernel32:KERNEL32.dll
 0000:ffff3000       .debug$S                   00400000     kernel32:KERNEL32.dll
 0000:ffff3000       .debug$S                   00400000     kernel32:KERNEL32.dll
 0000:ffff3000       .debug$S                   00400000     kernel32:KERNEL32.dll
 0000:ffff3000       .debug$S                   00400000     kernel32:KERNEL32.dll
 0000:ffff3000       .debug$S                   00400000     user32:USER32.dll
 0000:ffff3000       .debug$S                   00400000     user32:USER32.dll
 0001:00000754       _scan_for_quote@0          00401754 f   Irvine32:Irvine32.obj
 0001:0000087b       _Initialize@0              0040187b f   Irvine32:Irvine32.obj
 0001:00000c7f       _ReadKeyTranslate@0        00401c7f f   Irvine32:Irvine32.obj
 0001:000012f5       _AsciiDigit@0              004022f5 f   Irvine32:Irvine32.obj
 0001:000012fe       _HexByte@0                 004022fe f   Irvine32:Irvine32.obj
 0001:00002800       $$000000                   00403800     main.obj
 0003:00000000       floorLength                00408000     main.obj
 0003:00000004       floor                      00408004     main.obj
 0003:00000068       floorFix                   00408068     main.obj
 0003:00000069       cactusTop                  00408069     main.obj
 0003:0000006b       cactusMiddle               0040806b     main.obj
 0003:00000071       cactusBottom               00408071     main.obj
 0003:00000073       cactus_pos                 00408073     main.obj
 0003:00000077       cactus_height              00408077     main.obj
 0003:0000007b       dinosaurFirstLine          0040807b     main.obj
 0003:00000085       dinosaurSecondLine         00408085     main.obj
 0003:00000091       dinosaurThirdLine          00408091     main.obj
 0003:0000009b       dinosaurFourthLine         0040809b     main.obj
 0003:000000a5       dinosaurFifthLine          004080a5     main.obj
 0003:000000ad       dinosaurFirstLeg           004080ad     main.obj
 0003:000000af       dinosaurSecondLeg          004080af     main.obj
 0003:000000b1       dinosaurStep               004080b1     main.obj
 0003:000000b3       dino_pos                   004080b3     main.obj
 0003:000000b7       dinosaurSquatFirstLine     004080b7     main.obj
 0003:000000c6       dinosaurSquatSecondLine    004080c6     main.obj
 0003:000000d6       dinosaurSquatThirdLine     004080d6     main.obj
 0003:000000e2       dinosaurSquatFirstLeg      004080e2     main.obj
 0003:000000e4       dinosaurSquatSecondLeg     004080e4     main.obj
 0003:000000e6       dinosaurSquatFirstHand     004080e6     main.obj
 0003:000000e8       title1                     004080e8     main.obj
 0003:00000116       title2                     00408116     main.obj
 0003:00000144       title3                     00408144     main.obj
 0003:00000172       title4                     00408172     main.obj
 0003:000001a0       title5                     004081a0     main.obj
 0003:000001ce       title6                     004081ce     main.obj
 0003:000001fc       title7                     004081fc     main.obj
 0003:0000022a       title8                     0040822a     main.obj
 0003:00000259       title9                     00408259     main.obj
 0003:00000287       title10                    00408287     main.obj
 0003:000002b5       title11                    004082b5     main.obj
 0003:000002e3       title12                    004082e3     main.obj
 0003:00000311       birdFlyUpFirstLine         00408311     main.obj
 0003:00000314       birdFlyUpSecondLine        00408314     main.obj
 0003:0000031d       birdFlyUpThirdLine         0040831d     main.obj
 0003:00000322       birdDeleteFirstLine        00408322     main.obj
 0003:00000325       birdFlyDownFirstLine       00408325     main.obj
 0003:0000032d       birdFlyDownSecondLine      0040832d     main.obj
 0003:00000333       birdFlyDownThirdLine       00408333     main.obj
 0003:00000336       bird_pos                   00408336     main.obj
 0003:0000033a       bird_speed                 0040833a     main.obj
 0003:0000033c       cactus_speed               0040833c     main.obj
 0003:0000033e       outputHandle               0040833e     main.obj
 0003:00000342       bytesWritten               00408342     main.obj
 0003:00000346       count                      00408346     main.obj
 0003:0000034a       title_pos                  0040834a     main.obj
 0003:0000034e       highscore_pos              0040834e     main.obj
 0003:00000352       score_pos                  00408352     main.obj
 0003:00000356       gameOver_pos               00408356     main.obj
 0003:0000035a       intro_pos                  0040835a     main.obj
 0003:0000035e       exit_pos                   0040835e     main.obj
 0003:00000362       restart_pos                00408362     main.obj
 0003:00000366       start_pos                  00408366     main.obj
 0003:0000036a       floor_pos                  0040836a     main.obj
 0003:0000036e       xyBound                    0040836e     main.obj
 0003:00000372       cellsWritten               00408372     main.obj
 0003:00000376       attributes_floor           00408376     main.obj
 0003:0000043e       velocity                   0040843e     main.obj
 0003:00000440       gravity                    00408440     main.obj
 0003:00000442       keyState                   00408442     main.obj
 0003:00000446       brownColor                 00408446     main.obj
 0003:0000050e       greenColor                 0040850e     main.obj
 0003:000005d6       redColor                   004085d6     main.obj
 0003:0000069e       blueColor                  0040869e     main.obj
 0003:00000766       purpleColor                00408766     main.obj
 0003:0000082e       darkBlueColor              0040882e     main.obj
 0003:000008f6       score                      004088f6     main.obj
 0003:000008fa       highscore                  004088fa     main.obj
 0003:000008fe       introString                004088fe     main.obj
 0003:0000091e       scoreString                0040891e     main.obj
 0003:0000092a       highscoreString            0040892a     main.obj
 0003:0000093b       gameOverMessage            0040893b     main.obj
 0003:00000946       restartMessage             00408946     main.obj
 0003:0000095d       startMessage               0040895d     main.obj
 0003:00000972       enterMessage               00408972     main.obj
 0003:00000978       exitMessage                00408978     main.obj
 0003:0000098a       escMessage                 0040898a     main.obj
 0003:0000098e       spaceMessage               0040898e     main.obj
 0003:00000994       upMessage                  00408994     main.obj
 0003:0000099d       hConsole                   0040899d     main.obj
 0003:000009a1       cursorInfo                 004089a1     main.obj
 0003:00000ba0       InitFlag                   00408ba0     Irvine32:Irvine32.obj
 0003:00000ba1       xtable                     00408ba1     Irvine32:Irvine32.obj
 0003:00000bb1       blanks                     00408bb1     Irvine32:Irvine32.obj
 0003:00000db1       attribs                    00408db1     Irvine32:Irvine32.obj
 0003:000011b1       lineLength                 004091b1     Irvine32:Irvine32.obj
 0003:000011b5       cursorLoc                  004091b5     Irvine32:Irvine32.obj
 0003:000011b9       count                      004091b9     Irvine32:Irvine32.obj
 0003:000011bd       ??0002                     004091bd     Irvine32:Irvine32.obj
 0003:000011c2       dumpPrompt                 004091c2     Irvine32:Irvine32.obj
 0003:000011d4       dashLine                   004091d4     Irvine32:Irvine32.obj
 0003:000011f6       ??0003                     004091f6     Irvine32:Irvine32.obj
 0003:000011f9       ??0004                     004091f9     Irvine32:Irvine32.obj
 0003:000011fb       ??0005                     004091fb     Irvine32:Irvine32.obj
 0003:000011fd       saveIP                     004091fd     Irvine32:Irvine32.obj
 0003:00001201       saveESP                    00409201     Irvine32:Irvine32.obj
 0003:00001205       ??0006                     00409205     Irvine32:Irvine32.obj
 0003:0000120c       ??0007                     0040920c     Irvine32:Irvine32.obj
 0003:00001213       ??0008                     00409213     Irvine32:Irvine32.obj
 0003:0000121a       ??0009                     0040921a     Irvine32:Irvine32.obj
 0003:00001221       ??000A                     00409221     Irvine32:Irvine32.obj
 0003:00001228       ??000B                     00409228     Irvine32:Irvine32.obj
 0003:0000122f       ??000C                     0040922f     Irvine32:Irvine32.obj
 0003:00001236       ??000D                     00409236     Irvine32:Irvine32.obj
 0003:0000123d       ??000E                     0040923d     Irvine32:Irvine32.obj
 0003:00001244       ??000F                     00409244     Irvine32:Irvine32.obj
 0003:0000124b       ??0010                     0040924b     Irvine32:Irvine32.obj
 0003:00001250       ??0011                     00409250     Irvine32:Irvine32.obj
 0003:00001252       ??0013                     00409252     Irvine32:Irvine32.obj
 0003:00001257       ??0014                     00409257     Irvine32:Irvine32.obj
 0003:00001259       ??0016                     00409259     Irvine32:Irvine32.obj
 0003:0000125e       ??0017                     0040925e     Irvine32:Irvine32.obj
 0003:00001260       ??0019                     00409260     Irvine32:Irvine32.obj
 0003:00001265       ??001A                     00409265     Irvine32:Irvine32.obj
 0003:00001267       ??001C                     00409267     Irvine32:Irvine32.obj
 0003:0000126c       ??001D                     0040926c     Irvine32:Irvine32.obj
 0003:0000126e       ??001F                     0040926e     Irvine32:Irvine32.obj
 0003:00001273       ??0020                     00409273     Irvine32:Irvine32.obj
 0003:00001275       _cursorPosition            00409275     Irvine32:Irvine32.obj
 0003:00001279       @zx02abc_def_caption       00409279     Irvine32:Irvine32.obj
 0003:0000127b       @zq02abc_def_caption       0040927b     Irvine32:Irvine32.obj
 0003:0000127d       overflow_msgL              0040927d     Irvine32:Irvine32.obj
 0003:00001298       invalid_msgL               00409298     Irvine32:Irvine32.obj
 0003:000012ab       seed                       004092ab     Irvine32:Irvine32.obj
 0003:000012af       xbtable                    004092af     Irvine32:Irvine32.obj
 0003:000012c6       numVal                     004092c6     Irvine32:Irvine32.obj
 0003:000012ca       charVal                    004092ca     Irvine32:Irvine32.obj
 0003:000012cb       evBuffer                   004092cb     Irvine32:Irvine32.obj
 0003:000012df       evRepeat                   004092df     Irvine32:Irvine32.obj
 0003:000012e1       SpecialCases               004092e1     Irvine32:Irvine32.obj
 0003:00001322       _$$temp                    00409322     Irvine32:Irvine32.obj
 0003:00001326       waitmsgstr                 00409326     Irvine32:Irvine32.obj
 0003:00001343       bufferL                    00409343     Irvine32:Irvine32.obj
 0003:00001350       bufferLHB                  00409350     Irvine32:Irvine32.obj
 0003:00001359       buffer_B                   00409359     Irvine32:Irvine32.obj
 0003:00001366       neg_flag                   00409366     Irvine32:Irvine32.obj
 0003:00001367       LblStack                   00409367     Irvine32:Irvine32.obj
 0003:00001374       LblFor                     00409374     Irvine32:Irvine32.obj
 0003:00001379       LblEbp                     00409379     Irvine32:Irvine32.obj
 0003:0000137f       LblParam                   0040937f     Irvine32:Irvine32.obj
 0003:0000138c       LblEbpPtr                  0040938c     Irvine32:Irvine32.obj
 0003:000013a2       LblSaved                   004093a2     Irvine32:Irvine32.obj
 0003:000013b4       LblLocal                   004093b4     Irvine32:Irvine32.obj
 0003:000013c6       LblReturn                  004093c6     Irvine32:Irvine32.obj
 0003:000013d8       LblEsp                     004093d8     Irvine32:Irvine32.obj
 0003:000013e4       BadStackFrameMsg           004093e4     Irvine32:Irvine32.obj
 0003:000013ff       NoName                     004093ff     Irvine32:Irvine32.obj
 0003:00001400       WriteToFile_1              00409400     Irvine32:Irvine32.obj
 0003:00001404       WriteWindowsMsg_1          00409404     Irvine32:Irvine32.obj
 0003:0000140b       WriteWindowsMsg_2          0040940b     Irvine32:Irvine32.obj
 0003:0000140e       pErrorMsg                  0040940e     Irvine32:Irvine32.obj
 0003:00001412       messageId                  00409412     Irvine32:Irvine32.obj
 0003:000016d0       consoleInHandle            004096d0     Irvine32:Irvine32.obj
 0003:000016d4       consoleOutHandle           004096d4     Irvine32:Irvine32.obj
 0003:000016d8       bytesWritten               004096d8     Irvine32:Irvine32.obj
 0003:000016dc       eflags                     004096dc     Irvine32:Irvine32.obj
 0003:000016e0       digitBuffer                004096e0     Irvine32:Irvine32.obj
 0003:00001731       buffer                     00409731     Irvine32:Irvine32.obj
 0003:00001931       bytesRead                  00409931     Irvine32:Irvine32.obj
 0003:00001935       sysTime                    00409935     Irvine32:Irvine32.obj
 0004:000003fc       .idata$6                   0040a3fc     kernel32:KERNEL32.dll
 0004:0000042c       .idata$6                   0040a42c     user32:USER32.dll
 0005:00000170       $R000000                   0040b170     * linker generated manifest res *
