 Asm_Final_Project

 Timestamp is 6771793d (Mon Dec 30 00:30:53 2024)

 Preferred load address is 00400000

 Start         Length     Name                   Class
 0001:00000000 000027d0H .text                   CODE
 0001:000027d0 00002a96H .text$mn                CODE
 0002:00000000 00000144H .rdata                  DATA
 0002:00000143 00000000H .edata                  DATA
 0002:00000144 00000199H .rdata$zzzdbg           DATA
 0003:00000000 000015c0H .data                   DATA
 0003:000015c0 000002f2H .bss                    DATA
 0004:00000000 000000e0H .idata$5                DATA
 0004:000000e0 00000028H .idata$2                DATA
 0004:00000108 00000014H .idata$3                DATA
 0004:0000011c 000000e0H .idata$4                DATA
 0004:000001fc 00000375H .idata$6                DATA
 0005:00000000 00000170H .rsrc$01                DATA
 0005:00000170 000002ccH .rsrc$02                DATA

  Address         Publics by Value              Rva+Base       Lib:Object

 0000:00000000       ___AbsoluteZero            00000000     <absolute>
 0000:00000000       ___arm64x_extra_rfe_table  00000000     <absolute>
 0000:00000000       ___arm64x_extra_rfe_table_size 00000000     <absolute>
 0000:00000000       ___arm64x_native_entrypoint 00000000     <absolute>
 0000:00000000       ___arm64x_redirection_metadata 00000000     <absolute>
 0000:00000000       ___arm64x_redirection_metadata_count 00000000     <absolute>
 0000:00000000       ___dynamic_value_reloc_table 00000000     <absolute>
 0000:00000000       ___enclave_config          00000000     <absolute>
 0000:00000000       ___guard_check_icall_a64n_fptr 00000000     <absolute>
 0000:00000000       ___guard_eh_cont_count     00000000     <absolute>
 0000:00000000       ___guard_eh_cont_table     00000000     <absolute>
 0000:00000000       ___guard_fids_count        00000000     <absolute>
 0000:00000000       ___guard_fids_table        00000000     <absolute>
 0000:00000000       ___guard_flags             00000000     <absolute>
 0000:00000000       ___guard_iat_count         00000000     <absolute>
 0000:00000000       ___guard_iat_table         00000000     <absolute>
 0000:00000000       ___guard_longjmp_count     00000000     <absolute>
 0000:00000000       ___guard_longjmp_table     00000000     <absolute>
 0000:00000000       ___hybrid_auxiliary_delayload_iat 00000000     <absolute>
 0000:00000000       ___hybrid_auxiliary_delayload_iat_copy 00000000     <absolute>
 0000:00000000       ___hybrid_auxiliary_iat    00000000     <absolute>
 0000:00000000       ___hybrid_auxiliary_iat_copy 00000000     <absolute>
 0000:00000000       ___hybrid_code_map         00000000     <absolute>
 0000:00000000       ___hybrid_code_map_count   00000000     <absolute>
 0000:00000000       ___hybrid_image_info_bitfield 00000000     <absolute>
 0000:00000000       ___safe_se_handler_count   00000000     <absolute>
 0000:00000000       ___safe_se_handler_table   00000000     <absolute>
 0000:00000000       ___volatile_metadata       00000000     <absolute>
 0000:00000000       ___x64_code_ranges_to_entry_points 00000000     <absolute>
 0000:00000000       ___x64_code_ranges_to_entry_points_count 00000000     <absolute>
 0001:00000330       _CloseFile@0               00401330 f   Irvine32:Irvine32.obj
 0001:00000337       _Clrscr@0                  00401337 f   Irvine32:Irvine32.obj
 0001:000003fc       _CreateOutputFile@0        004013fc f   Irvine32:Irvine32.obj
 0001:00000415       _Crlf@0                    00401415 f   Irvine32:Irvine32.obj
 0001:00000430       _Delay@0                   00401430 f   Irvine32:Irvine32.obj
 0001:00000439       _DumpMem@0                 00401439 f   Irvine32:Irvine32.obj
 0001:000004f4       _DumpRegs@0                004014f4 f   Irvine32:Irvine32.obj
 0001:000006ef       _GetCommandTail@0          004016ef f   Irvine32:Irvine32.obj
 0001:0000072c       _GetDateTime@4             0040172c f   Irvine32:Irvine32.obj
 0001:0000075e       _GetMaxXY@0                0040175e f   Irvine32:Irvine32.obj
 0001:0000078d       _GetMseconds@0             0040178d f   Irvine32:Irvine32.obj
 0001:000007ea       _GetTextColor@0            004017ea f   Irvine32:Irvine32.obj
 0001:00000815       _Gotoxy@0                  00401815 f   Irvine32:Irvine32.obj
 0001:0000086d       _IsDigit@0                 0040186d f   Irvine32:Irvine32.obj
 0001:0000087a       _MsgBox@0                  0040187a f   Irvine32:Irvine32.obj
 0001:00000891       _MsgBoxAsk@0               00401891 f   Irvine32:Irvine32.obj
 0001:000008b0       _OpenInputFile@0           004018b0 f   Irvine32:Irvine32.obj
 0001:000008c9       _ParseDecimal32@0          004018c9 f   Irvine32:Irvine32.obj
 0001:0000092b       _ParseInteger32@0          0040192b f   Irvine32:Irvine32.obj
 0001:000009e6       _Random32@0                004019e6 f   Irvine32:Irvine32.obj
 0001:00000a01       _RandomRange@0             00401a01 f   Irvine32:Irvine32.obj
 0001:00000a16       _Randomize@0               00401a16 f   Irvine32:Irvine32.obj
 0001:00000a2f       _ReadChar@0                00401a2f f   Irvine32:Irvine32.obj
 0001:00000a45       _ReadDec@0                 00401a45 f   Irvine32:Irvine32.obj
 0001:00000a60       _ReadFromFile@0            00401a60 f   Irvine32:Irvine32.obj
 0001:00000a83       _ReadHex@0                 00401a83 f   Irvine32:Irvine32.obj
 0001:00000b04       _ReadInt@0                 00401b04 f   Irvine32:Irvine32.obj
 0001:00000b1f       _ReadKey@0                 00401b1f f   Irvine32:Irvine32.obj
 0001:00000c3a       _ReadKeyFlush@0            00401c3a f   Irvine32:Irvine32.obj
 0001:00000d08       _ReadString@0              00401d08 f   Irvine32:Irvine32.obj
 0001:00000dc1       _SetTextColor@0            00401dc1 f   Irvine32:Irvine32.obj
 0001:00000de2       _StrLength@0               00401de2 f   Irvine32:Irvine32.obj
 0001:00000df3       _Str_compare@8             00401df3 f   Irvine32:Irvine32.obj
 0001:00000e1d       _Str_copy@8                00401e1d f   Irvine32:Irvine32.obj
 0001:00000e40       _Str_length@4              00401e40 f   Irvine32:Irvine32.obj
 0001:00000e5a       _Str_trim@8                00401e5a f   Irvine32:Irvine32.obj
 0001:00000e88       _Str_ucase@4               00401e88 f   Irvine32:Irvine32.obj
 0001:00000eaa       _WaitMsg@0                 00401eaa f   Irvine32:Irvine32.obj
 0001:00000ebc       _WriteBin@0                00401ebc f   Irvine32:Irvine32.obj
 0001:00000ec9       _WriteBinB@0               00401ec9 f   Irvine32:Irvine32.obj
 0001:00000f1c       _WriteChar@0               00401f1c f   Irvine32:Irvine32.obj
 0001:00000f4e       _WriteDec@0                00401f4e f   Irvine32:Irvine32.obj
 0001:00000f8f       _WriteHex@0                00401f8f f   Irvine32:Irvine32.obj
 0001:00000f9c       _WriteHexB@0               00401f9c f   Irvine32:Irvine32.obj
 0001:0000102e       _WriteInt@0                0040202e f   Irvine32:Irvine32.obj
 0001:0000108f       _WriteStackFrameName@16    0040208f f   Irvine32:Irvine32.obj
 0001:0000120f       _WriteStackFrame@12        0040220f f   Irvine32:Irvine32.obj
 0001:00001229       _WriteString@0             00402229 f   Irvine32:Irvine32.obj
 0001:00001255       _WriteToFile@0             00402255 f   Irvine32:Irvine32.obj
 0001:0000126a       _WriteWindowsMsg@0         0040226a f   Irvine32:Irvine32.obj
 0001:000027d0       _start@0@0                 004037d0 f   main.obj
 0001:0000285a       _CheckJumpKey@0            0040385a f   main.obj
 0001:00002896       _Jump@0                    00403896 f   main.obj
 0001:00002946       _Squat@0                   00403946 f   main.obj
 0001:000029bd       _CheckCollision@0          004039bd f   main.obj
 0001:00002a17       _RestartGame@0             00403a17 f   main.obj
 0001:00002a82       _GameOverMsg@0             00403a82 f   main.obj
 0001:00002bca       _WaitForEnter@0            00403bca f   main.obj
 0001:00002bec       _WaitForStart@0            00403bec f   main.obj
 0001:00002c00       _ExitGame@0                00403c00 f   main.obj
 0001:00002c41       _DrawFloor@0               00403c41 f   main.obj
 0001:00002c84       _DrawDinosaur@0            00403c84 f   main.obj
 0001:00002e53       _DrawDinosaurStandLeftStep@0 00403e53 f   main.obj
 0001:00003022       _DrawDinosaurStandRightStep@0 00404022 f   main.obj
 0001:000031f1       _DrawSquatFirstStep@0      004041f1 f   main.obj
 0001:00003380       _DrawSquatSecondStep@0     00404380 f   main.obj
 0001:0000350f       _DrawIntro@0               0040450f f   main.obj
 0001:000035d6       _DrawStartMessage@0        004045d6 f   main.obj
 0001:0000365b       _DrawCactus@0              0040465b f   main.obj
 0001:00003726       _DrawScore@0               00404726 f   main.obj
 0001:00003761       _DrawHighScore@0           00404761 f   main.obj
 0001:0000379c       _DrawBackground@0          0040479c f   main.obj
 0001:000037c0       _DrawStandLeftStepBackground@0 004047c0 f   main.obj
 0001:000037e4       _DrawStandRightStepBackground@0 004047e4 f   main.obj
 0001:00003808       _DrawSquatFirstStepBackground@0 00404808 f   main.obj
 0001:0000382c       _DrawSquatSecondStepBackground@0 0040482c f   main.obj
 0001:00003850       _MoveCactus@0              00404850 f   main.obj
 0001:0000388f       _WaitForRelease@0          0040488f f   main.obj
 0001:0000389d       _FormatScore@0             0040489d f   main.obj
 0001:000038c3       _FormatHighScore@0         004048c3 f   main.obj
 0001:000038e9       _DrawTitle@0               004048e9 f   main.obj
 0001:0000418c       _ExitProcess@4             0040518c f   kernel32:KERNEL32.dll
 0001:00004192       _GetStdHandle@4            00405192 f   kernel32:KERNEL32.dll
 0001:00004198       _Sleep@4                   00405198 f   kernel32:KERNEL32.dll
 0001:0000419e       _WriteConsoleOutputCharacterA@20 0040519e f   kernel32:KERNEL32.dll
 0001:000041a4       _WriteConsoleOutputAttribute@20 004051a4 f   kernel32:KERNEL32.dll
 0001:000041aa       _SetConsoleOutputCP@4      004051aa f   kernel32:KERNEL32.dll
 0001:000041b0       _CloseHandle@4             004051b0 f   kernel32:KERNEL32.dll
 0001:000041b6       _CreateFileA@28            004051b6 f   kernel32:KERNEL32.dll
 0001:000041bc       _FormatMessageA@28         004051bc f   kernel32:KERNEL32.dll
 0001:000041c2       _FlushConsoleInputBuffer@4 004051c2 f   kernel32:KERNEL32.dll
 0001:000041c8       _GetCommandLineA@0         004051c8 f   kernel32:KERNEL32.dll
 0001:000041ce       _GetConsoleMode@8          004051ce f   kernel32:KERNEL32.dll
 0001:000041d4       _GetConsoleScreenBufferInfo@8 004051d4 f   kernel32:KERNEL32.dll
 0001:000041da       _GetLastError@0            004051da f   kernel32:KERNEL32.dll
 0001:000041e0       _GetLocalTime@4            004051e0 f   kernel32:KERNEL32.dll
 0001:000041e6       _GetSystemTime@4           004051e6 f   kernel32:KERNEL32.dll
 0001:000041ec       _LocalFree@4               004051ec f   kernel32:KERNEL32.dll
 0001:000041f2       _PeekConsoleInputA@16      004051f2 f   kernel32:KERNEL32.dll
 0001:000041f8       _ReadConsoleA@20           004051f8 f   kernel32:KERNEL32.dll
 0001:000041fe       _ReadConsoleInputA@16      004051fe f   kernel32:KERNEL32.dll
 0001:00004204       _ReadFile@20               00405204 f   kernel32:KERNEL32.dll
 0001:0000420a       _SetConsoleCursorPosition@8 0040520a f   kernel32:KERNEL32.dll
 0001:00004210       _SetConsoleMode@8          00405210 f   kernel32:KERNEL32.dll
 0001:00004216       _SetConsoleTextAttribute@8 00405216 f   kernel32:KERNEL32.dll
 0001:0000421c       _SystemTimeToFileTime@8    0040521c f   kernel32:KERNEL32.dll
 0001:00004222       _WriteConsoleA@20          00405222 f   kernel32:KERNEL32.dll
 0001:00004228       _WriteFile@20              00405228 f   kernel32:KERNEL32.dll
 0001:0000422e       _GetAsyncKeyState@4        0040522e f   user32:USER32.dll
 0001:00004234       _MessageBoxA@16            00405234 f   user32:USER32.dll
 0004:00000000       __imp__ExitProcess@4       0040a000     kernel32:KERNEL32.dll
 0004:00000004       __imp__GetStdHandle@4      0040a004     kernel32:KERNEL32.dll
 0004:00000008       __imp__Sleep@4             0040a008     kernel32:KERNEL32.dll
 0004:0000000c       __imp__WriteConsoleOutputCharacterA@20 0040a00c     kernel32:KERNEL32.dll
 0004:00000010       __imp__WriteConsoleOutputAttribute@20 0040a010     kernel32:KERNEL32.dll
 0004:00000014       __imp__SetConsoleOutputCP@4 0040a014     kernel32:KERNEL32.dll
 0004:00000018       __imp__CloseHandle@4       0040a018     kernel32:KERNEL32.dll
 0004:0000001c       __imp__CreateFileA@28      0040a01c     kernel32:KERNEL32.dll
 0004:00000020       __imp__FormatMessageA@28   0040a020     kernel32:KERNEL32.dll
 0004:00000024       __imp__FlushConsoleInputBuffer@4 0040a024     kernel32:KERNEL32.dll
 0004:00000028       __imp__GetCommandLineA@0   0040a028     kernel32:KERNEL32.dll
 0004:0000002c       __imp__GetConsoleMode@8    0040a02c     kernel32:KERNEL32.dll
 0004:00000030       __imp__GetConsoleScreenBufferInfo@8 0040a030     kernel32:KERNEL32.dll
 0004:00000034       __imp__GetLastError@0      0040a034     kernel32:KERNEL32.dll
 0004:00000038       __imp__GetLocalTime@4      0040a038     kernel32:KERNEL32.dll
 0004:0000003c       __imp__GetSystemTime@4     0040a03c     kernel32:KERNEL32.dll
 0004:00000040       __imp__LocalFree@4         0040a040     kernel32:KERNEL32.dll
 0004:00000044       __imp__PeekConsoleInputA@16 0040a044     kernel32:KERNEL32.dll
 0004:00000048       __imp__ReadConsoleA@20     0040a048     kernel32:KERNEL32.dll
 0004:0000004c       __imp__ReadConsoleInputA@16 0040a04c     kernel32:KERNEL32.dll
 0004:00000050       __imp__ReadFile@20         0040a050     kernel32:KERNEL32.dll
 0004:00000054       __imp__SetConsoleCursorPosition@8 0040a054     kernel32:KERNEL32.dll
 0004:00000058       __imp__SetConsoleMode@8    0040a058     kernel32:KERNEL32.dll
 0004:0000005c       __imp__SetConsoleTextAttribute@8 0040a05c     kernel32:KERNEL32.dll
 0004:00000060       __imp__SystemTimeToFileTime@8 0040a060     kernel32:KERNEL32.dll
 0004:00000064       __imp__WriteConsoleA@20    0040a064     kernel32:KERNEL32.dll
 0004:00000068       __imp__WriteFile@20        0040a068     kernel32:KERNEL32.dll
 0004:0000006c       \177KERNEL32_NULL_THUNK_DATA 0040a06c     kernel32:KERNEL32.dll
 0004:000000ac       __imp__MessageBoxA@16      0040a0ac     user32:USER32.dll
 0004:000000b0       __imp__GetAsyncKeyState@4  0040a0b0     user32:USER32.dll
 0004:000000b4       \177USER32_NULL_THUNK_DATA 0040a0b4     user32:USER32.dll
 0004:000000e0       __IMPORT_DESCRIPTOR_KERNEL32 0040a0e0     kernel32:KERNEL32.dll
 0004:000000f4       __IMPORT_DESCRIPTOR_USER32 0040a0f4     user32:USER32.dll
 0004:00000108       __NULL_IMPORT_DESCRIPTOR   0040a108     kernel32:KERNEL32.dll

 entry point at        0001:000000dc

 Static symbols

 0000:ffff3000       .debug$S                   00400000     kernel32:KERNEL32.dll
 0000:ffff3000       .debug$S                   00400000     kernel32:KERNEL32.dll
 0000:ffff3000       .debug$S                   00400000     kernel32:KERNEL32.dll
 0000:ffff3000       .debug$S                   00400000     kernel32:KERNEL32.dll
 0000:ffff3000       .debug$S                   00400000     kernel32:KERNEL32.dll
 0000:ffff3000       .debug$S                   00400000     kernel32:KERNEL32.dll
 0000:ffff3000       .debug$S                   00400000     kernel32:KERNEL32.dll
 0000:ffff3000       .debug$S                   00400000     kernel32:KERNEL32.dll
 0000:ffff3000       .debug$S                   00400000     kernel32:KERNEL32.dll
 0000:ffff3000       .debug$S                   00400000     kernel32:KERNEL32.dll
 0000:ffff3000       .debug$S                   00400000     kernel32:KERNEL32.dll
 0000:ffff3000       .debug$S                   00400000     kernel32:KERNEL32.dll
 0000:ffff3000       .debug$S                   00400000     kernel32:KERNEL32.dll
 0000:ffff3000       .debug$S                   00400000     kernel32:KERNEL32.dll
 0000:ffff3000       .debug$S                   00400000     kernel32:KERNEL32.dll
 0000:ffff3000       .debug$S                   00400000     kernel32:KERNEL32.dll
 0000:ffff3000       .debug$S                   00400000     kernel32:KERNEL32.dll
 0000:ffff3000       .debug$S                   00400000     kernel32:KERNEL32.dll
 0000:ffff3000       .debug$S                   00400000     kernel32:KERNEL32.dll
 0000:ffff3000       .debug$S                   00400000     kernel32:KERNEL32.dll
 0000:ffff3000       .debug$S                   00400000     kernel32:KERNEL32.dll
 0000:ffff3000       .debug$S                   00400000     kernel32:KERNEL32.dll
 0000:ffff3000       .debug$S                   00400000     kernel32:KERNEL32.dll
 0000:ffff3000       .debug$S                   00400000     kernel32:KERNEL32.dll
 0000:ffff3000       .debug$S                   00400000     kernel32:KERNEL32.dll
 0000:ffff3000       .debug$S                   00400000     kernel32:KERNEL32.dll
 0000:ffff3000       .debug$S                   00400000     kernel32:KERNEL32.dll
 0000:ffff3000       .debug$S                   00400000     user32:USER32.dll
 0000:ffff3000       .debug$S                   00400000     user32:USER32.dll
 0001:00000724       _scan_for_quote@0          00401724 f   Irvine32:Irvine32.obj
 0001:0000084b       _Initialize@0              0040184b f   Irvine32:Irvine32.obj
 0001:00000c4f       _ReadKeyTranslate@0        00401c4f f   Irvine32:Irvine32.obj
 0001:000012c5       _AsciiDigit@0              004022c5 f   Irvine32:Irvine32.obj
 0001:000012ce       _HexByte@0                 004022ce f   Irvine32:Irvine32.obj
 0001:000027d0       $$000000                   004037d0     main.obj
 0003:00000000       floorLength                00408000     main.obj
 0003:00000004       floor                      00408004     main.obj
 0003:00000068       floorFix                   00408068     main.obj
 0003:00000069       boxTop                     00408069     main.obj
 0003:0000006c       boxBody                    0040806c     main.obj
 0003:0000006f       boxBottom                  0040806f     main.obj
 0003:00000072       cactusTop                  00408072     main.obj
 0003:00000077       cactusMiddle               00408077     main.obj
 0003:0000007d       cactusBottom               0040807d     main.obj
 0003:0000007f       cactus_pos                 0040807f     main.obj
 0003:00000083       cactus_height              00408083     main.obj
 0003:00000087       dinosaurFirstLine          00408087     main.obj
 0003:00000091       dinosaurSecondLine         00408091     main.obj
 0003:0000009d       dinosaurThirdLine          0040809d     main.obj
 0003:000000a7       dinosaurFourthLine         004080a7     main.obj
 0003:000000b1       dinosaurFifthLine          004080b1     main.obj
 0003:000000b9       dinosaurFirstLeg           004080b9     main.obj
 0003:000000bb       dinosaurSecondLeg          004080bb     main.obj
 0003:000000bd       dino_pos                   004080bd     main.obj
 0003:000000c1       title1                     004080c1     main.obj
 0003:000000ef       title2                     004080ef     main.obj
 0003:0000011d       title3                     0040811d     main.obj
 0003:0000014b       title4                     0040814b     main.obj
 0003:00000179       title5                     00408179     main.obj
 0003:000001a7       title6                     004081a7     main.obj
 0003:000001d5       title7                     004081d5     main.obj
 0003:00000203       title8                     00408203     main.obj
 0003:00000232       title9                     00408232     main.obj
 0003:00000260       title10                    00408260     main.obj
 0003:0000028e       title11                    0040828e     main.obj
 0003:000002bc       title12                    004082bc     main.obj
 0003:000002ea       dinosaurStep               004082ea     main.obj
 0003:000002ec       dinosaurSquatFirstLine     004082ec     main.obj
 0003:000002fb       dinosaurSquatSecondLine    004082fb     main.obj
 0003:0000030b       dinosaurSquatThirdLine     0040830b     main.obj
 0003:00000317       dinosaurSquatFirstLeg      00408317     main.obj
 0003:00000319       dinosaurSquatSecondLeg     00408319     main.obj
 0003:0000031b       dinosaurSquatFirstHand     0040831b     main.obj
 0003:0000031d       cactus_speed               0040831d     main.obj
 0003:0000031f       outputHandle               0040831f     main.obj
 0003:00000323       bytesWritten               00408323     main.obj
 0003:00000327       count                      00408327     main.obj
 0003:0000032b       title_pos                  0040832b     main.obj
 0003:0000032f       highscore_pos              0040832f     main.obj
 0003:00000333       score_pos                  00408333     main.obj
 0003:00000337       gameOver_pos               00408337     main.obj
 0003:0000033b       intro_pos                  0040833b     main.obj
 0003:0000033f       exit_pos                   0040833f     main.obj
 0003:00000343       restart_pos                00408343     main.obj
 0003:00000347       start_pos                  00408347     main.obj
 0003:0000034b       floor_pos                  0040834b     main.obj
 0003:0000034f       xyBound                    0040834f     main.obj
 0003:00000353       cellsWritten               00408353     main.obj
 0003:00000357       attributes_floor           00408357     main.obj
 0003:0000041f       velocity                   0040841f     main.obj
 0003:00000421       gravity                    00408421     main.obj
 0003:00000423       keyState                   00408423     main.obj
 0003:00000427       brownColor                 00408427     main.obj
 0003:000004ef       greenColor                 004084ef     main.obj
 0003:000005b7       redColor                   004085b7     main.obj
 0003:0000067f       blueColor                  0040867f     main.obj
 0003:00000747       purpleColor                00408747     main.obj
 0003:0000080f       score                      0040880f     main.obj
 0003:00000813       highscore                  00408813     main.obj
 0003:00000817       introString                00408817     main.obj
 0003:00000837       scoreString                00408837     main.obj
 0003:00000843       highscoreString            00408843     main.obj
 0003:00000854       gameOverMessage            00408854     main.obj
 0003:0000085f       restartMessage             0040885f     main.obj
 0003:00000876       startMessage               00408876     main.obj
 0003:0000088b       enterMessage               0040888b     main.obj
 0003:00000891       exitMessage                00408891     main.obj
 0003:000008a3       escMessage                 004088a3     main.obj
 0003:000008a7       spaceMessage               004088a7     main.obj
 0003:000008ad       upMessage                  004088ad     main.obj
 0003:000008b6       hConsole                   004088b6     main.obj
 0003:000008ba       cursorInfo                 004088ba     main.obj
 0003:00000a90       InitFlag                   00408a90     Irvine32:Irvine32.obj
 0003:00000a91       xtable                     00408a91     Irvine32:Irvine32.obj
 0003:00000aa1       blanks                     00408aa1     Irvine32:Irvine32.obj
 0003:00000ca1       attribs                    00408ca1     Irvine32:Irvine32.obj
 0003:000010a1       lineLength                 004090a1     Irvine32:Irvine32.obj
 0003:000010a5       cursorLoc                  004090a5     Irvine32:Irvine32.obj
 0003:000010a9       count                      004090a9     Irvine32:Irvine32.obj
 0003:000010ad       ??0002                     004090ad     Irvine32:Irvine32.obj
 0003:000010b2       dumpPrompt                 004090b2     Irvine32:Irvine32.obj
 0003:000010c4       dashLine                   004090c4     Irvine32:Irvine32.obj
 0003:000010e6       ??0003                     004090e6     Irvine32:Irvine32.obj
 0003:000010e9       ??0004                     004090e9     Irvine32:Irvine32.obj
 0003:000010eb       ??0005                     004090eb     Irvine32:Irvine32.obj
 0003:000010ed       saveIP                     004090ed     Irvine32:Irvine32.obj
 0003:000010f1       saveESP                    004090f1     Irvine32:Irvine32.obj
 0003:000010f5       ??0006                     004090f5     Irvine32:Irvine32.obj
 0003:000010fc       ??0007                     004090fc     Irvine32:Irvine32.obj
 0003:00001103       ??0008                     00409103     Irvine32:Irvine32.obj
 0003:0000110a       ??0009                     0040910a     Irvine32:Irvine32.obj
 0003:00001111       ??000A                     00409111     Irvine32:Irvine32.obj
 0003:00001118       ??000B                     00409118     Irvine32:Irvine32.obj
 0003:0000111f       ??000C                     0040911f     Irvine32:Irvine32.obj
 0003:00001126       ??000D                     00409126     Irvine32:Irvine32.obj
 0003:0000112d       ??000E                     0040912d     Irvine32:Irvine32.obj
 0003:00001134       ??000F                     00409134     Irvine32:Irvine32.obj
 0003:0000113b       ??0010                     0040913b     Irvine32:Irvine32.obj
 0003:00001140       ??0011                     00409140     Irvine32:Irvine32.obj
 0003:00001142       ??0013                     00409142     Irvine32:Irvine32.obj
 0003:00001147       ??0014                     00409147     Irvine32:Irvine32.obj
 0003:00001149       ??0016                     00409149     Irvine32:Irvine32.obj
 0003:0000114e       ??0017                     0040914e     Irvine32:Irvine32.obj
 0003:00001150       ??0019                     00409150     Irvine32:Irvine32.obj
 0003:00001155       ??001A                     00409155     Irvine32:Irvine32.obj
 0003:00001157       ??001C                     00409157     Irvine32:Irvine32.obj
 0003:0000115c       ??001D                     0040915c     Irvine32:Irvine32.obj
 0003:0000115e       ??001F                     0040915e     Irvine32:Irvine32.obj
 0003:00001163       ??0020                     00409163     Irvine32:Irvine32.obj
 0003:00001165       _cursorPosition            00409165     Irvine32:Irvine32.obj
 0003:00001169       @zx02abc_def_caption       00409169     Irvine32:Irvine32.obj
 0003:0000116b       @zq02abc_def_caption       0040916b     Irvine32:Irvine32.obj
 0003:0000116d       overflow_msgL              0040916d     Irvine32:Irvine32.obj
 0003:00001188       invalid_msgL               00409188     Irvine32:Irvine32.obj
 0003:0000119b       seed                       0040919b     Irvine32:Irvine32.obj
 0003:0000119f       xbtable                    0040919f     Irvine32:Irvine32.obj
 0003:000011b6       numVal                     004091b6     Irvine32:Irvine32.obj
 0003:000011ba       charVal                    004091ba     Irvine32:Irvine32.obj
 0003:000011bb       evBuffer                   004091bb     Irvine32:Irvine32.obj
 0003:000011cf       evRepeat                   004091cf     Irvine32:Irvine32.obj
 0003:000011d1       SpecialCases               004091d1     Irvine32:Irvine32.obj
 0003:00001212       _$$temp                    00409212     Irvine32:Irvine32.obj
 0003:00001216       waitmsgstr                 00409216     Irvine32:Irvine32.obj
 0003:00001233       bufferL                    00409233     Irvine32:Irvine32.obj
 0003:00001240       bufferLHB                  00409240     Irvine32:Irvine32.obj
 0003:00001249       buffer_B                   00409249     Irvine32:Irvine32.obj
 0003:00001256       neg_flag                   00409256     Irvine32:Irvine32.obj
 0003:00001257       LblStack                   00409257     Irvine32:Irvine32.obj
 0003:00001264       LblFor                     00409264     Irvine32:Irvine32.obj
 0003:00001269       LblEbp                     00409269     Irvine32:Irvine32.obj
 0003:0000126f       LblParam                   0040926f     Irvine32:Irvine32.obj
 0003:0000127c       LblEbpPtr                  0040927c     Irvine32:Irvine32.obj
 0003:00001292       LblSaved                   00409292     Irvine32:Irvine32.obj
 0003:000012a4       LblLocal                   004092a4     Irvine32:Irvine32.obj
 0003:000012b6       LblReturn                  004092b6     Irvine32:Irvine32.obj
 0003:000012c8       LblEsp                     004092c8     Irvine32:Irvine32.obj
 0003:000012d4       BadStackFrameMsg           004092d4     Irvine32:Irvine32.obj
 0003:000012ef       NoName                     004092ef     Irvine32:Irvine32.obj
 0003:000012f0       WriteToFile_1              004092f0     Irvine32:Irvine32.obj
 0003:000012f4       WriteWindowsMsg_1          004092f4     Irvine32:Irvine32.obj
 0003:000012fb       WriteWindowsMsg_2          004092fb     Irvine32:Irvine32.obj
 0003:000012fe       pErrorMsg                  004092fe     Irvine32:Irvine32.obj
 0003:00001302       messageId                  00409302     Irvine32:Irvine32.obj
 0003:000015c0       consoleInHandle            004095c0     Irvine32:Irvine32.obj
 0003:000015c4       consoleOutHandle           004095c4     Irvine32:Irvine32.obj
 0003:000015c8       bytesWritten               004095c8     Irvine32:Irvine32.obj
 0003:000015cc       eflags                     004095cc     Irvine32:Irvine32.obj
 0003:000015d0       digitBuffer                004095d0     Irvine32:Irvine32.obj
 0003:00001621       buffer                     00409621     Irvine32:Irvine32.obj
 0003:00001821       bytesRead                  00409821     Irvine32:Irvine32.obj
 0003:00001825       sysTime                    00409825     Irvine32:Irvine32.obj
 0004:000003fc       .idata$6                   0040a3fc     kernel32:KERNEL32.dll
 0004:0000042c       .idata$6                   0040a42c     user32:USER32.dll
 0005:00000170       $R000000                   0040b170     * linker generated manifest res *
